12-02 21:41:37.957: D/wpa_supplicant(8885): CTRL_IFACE monitor send - hexdump(len=40): 2f 64 61 74 61 2f 6d 69 73 63 2f 77 69 66 69 2f 73 6f 63 6b 65 74 73 2f 77 70 61 5f 63 74 72 6c ...
12-02 21:41:37.957: D/wpa_supplicant(8885): wlan0: BSS: Remove id 88 BSSID dc:38:e1:82:19:83 SSID '' due to no match in scan
12-02 21:41:37.957: D/wpa_supplicant(8885): CTRL_IFACE monitor send - hexdump(len=40): 2f 64 61 74 61 2f 6d 69 73 63 2f 77 69 66 69 2f 73 6f 63 6b 65 74 73 2f 77 70 61 5f 63 74 72 6c ...
12-02 21:41:37.957: D/wpa_supplicant(8885): wlan0: BSS: Remove id 92 BSSID dc:38:e1:83:13:43 SSID '' due to no match in scan
12-02 21:41:37.957: I/Gecko(8643): -*- WifiWorker component: Event coming in: CTRL-EVENT-BSS-ADDED 108 dc:38:e1:83:29:83
12-02 21:41:37.957: D/wpa_supplicant(8885): CTRL_IFACE monitor send - hexdump(len=40): 2f 64 61 74 61 2f 6d 69 73 63 2f 77 69 66 69 2f 73 6f 63 6b 65 74 73 2f 77 70 61 5f 63 74 72 6c ...
12-02 21:41:37.957: D/wpa_supplicant(8885): wlan0: BSS: Remove id 93 BSSID 00:d0:41:ce:d1:0d SSID 'plusdrinks' due to no match in scan
12-02 21:41:37.957: D/wpa_supplicant(8885): CTRL_IFACE monitor send - hexdump(len=40): 2f 64 61 74 61 2f 6d 69 73 63 2f 77 69 66 69 2f 73 6f 63 6b 65 74 73 2f 77 70 61 5f 63 74 72 6c ...
12-02 21:41:37.957: D/wpa_supplicant(8885): wlan0: BSS: Remove id 94 BSSID 3c:94:d5:78:77:02 SSID '' due to no match in scan
12-02 21:41:37.957: D/wpa_supplicant(8885): CTRL_IFACE monitor send - hexdump(len=40): 2f 64 61 74 61 2f 6d 69 73 63 2f 77 69 66 69 2f 73 6f 63 6b 65 74 73 2f 77 70 61 5f 63 74 72 6c ...
12-02 21:41:37.957: D/wpa_supplicant(8885): wlan0: BSS: Remove id 89 BSSID dc:38:e1:82:a1:c3 SSID '' due to no match in scan
12-02 21:41:37.957: D/wpa_supplicant(8885): CTRL_IFACE monitor send - hexdump(len=40): 2f 64 61 74 61 2f 6d 69 73 63 2f 77 69 66 69 2f 73 6f 63 6b 65 74 73 2f 77 70 61 5f 63 74 72 6c ...
12-02 21:41:37.957: D/wpa_supplicant(8885): wlan0: BSS: Remove id 96 BSSID 78:8d:f7:b9:86:68 SSID '92H1F' due to no match in scan
12-02 21:41:37.957: D/wpa_supplicant(8885): CTRL_IFACE monitor send - hexdump(len=40): 2f 64 61 74 61 2f 6d 69 73 63 2f 77 69 66 69 2f 73 6f 63 6b 65 74 73 2f 77 70 61 5f 63 74 72 6c ...
12-02 21:41:37.957: D/wpa_supplicant(8885): wlan0: BSS: Remove id 77 BSSID 3c:94:d5:78:77:05 SSID 'openwireless.org' due to no match in scan
12-02 21:41:37.957: D/wpa_supplicant(8885): CTRL_IFACE monitor send - hexdump(len=40): 2f 64 61 74 61 2f 6d 69 73 63 2f 77 69 66 69 2f 73 6f 63 6b 65 74 73 2f 77 70 61 5f 63 74 72 6c ...
12-02 21:41:37.957: D/wpa_supplicant(8885): BSS: last_scan_res_used=60/128 last_scan_full=0
12-02 21:41:37.957: D/wpa_supplicant(8885): wlan0: New scan results available
12-02 21:41:37.957: D/wpa_supplicant(8885): CTRL_IFACE monitor send - hexdump(len=40): 2f 64 61 74 61 2f 6d 69 73 63 2f 77 69 66 69 2f 73 6f 63 6b 65 74 73 2f 77 70 61 5f 63 74 72 6c ...
12-02 21:41:37.957: D/wpa_supplicant(8885): CTRL_IFACE monitor send - hexdump(len=40): 2f 64 61 74 61 2f 6d 69 73 63 2f 77 69 66 69 2f 73 6f 63 6b 65 74 73 2f 77 70 61 5f 63 74 72 6c ...
12-02 21:41:37.957: D/wpa_supplicant(8885): WPS: AP[0] 3c:1e:04:0a:2f:0e type=0 tries=0 last_attempt=-1 sec ago blacklist=0
12-02 21:41:37.957: D/wpa_supplicant(8885): WPS: AP[1] 00:d0:41:ce:d1:0d type=0 tries=0 last_attempt=-1 sec ago blacklist=0
12-02 21:41:37.957: D/wpa_supplicant(8885): WPS: AP[2] 64:09:80:4d:87:51 type=0 tries=0 last_attempt=-1 sec ago blacklist=0
12-02 21:41:37.957: D/wpa_supplicant(8885): WPS: AP[3] 78:8d:f7:b9:86:68 type=0 tries=0 last_attempt=-1 sec ago blacklist=0
12-02 21:41:37.957: D/wpa_supplicant(8885): wlan0: No suitable network found
12-02 21:41:37.957: D/wpa_supplicant(8885): wlan0: Short-circuit new scan request since there are no enabled networks
12-02 21:41:37.957: D/wpa_supplicant(8885): wlan0: State: SCANNING -> INACTIVE
12-02 21:41:37.957: D/wpa_supplicant(8885): CTRL_IFACE monitor send - hexdump(len=40): 2f 64 61 74 61 2f 6d 69 73 63 2f 77 69 66 69 2f 73 6f 63 6b 65 74 73 2f 77 70 61 5f 63 74 72 6c ...
12-02 21:41:37.957: D/wpa_supplicant(8885): wlan0: Checking for other virtual interfaces sharing same radio (phy0) in event_scan_results
12-02 21:41:37.957: D/wpa_supplicant(8885): wlan0: P2P: Station mode scan operation not pending anymore (sta_scan_pending=0 p2p_cb_on_scan_complete=0)
12-02 21:41:37.957: D/wpa_supplicant(8885): RTM_NEWLINK: operstate=0 ifi_flags=0x11003 ([UP][LOWER_UP])
12-02 21:41:37.957: D/wpa_supplicant(8885): RTM_NEWLINK, IFLA_IFNAME: Interface 'wlan0' added
12-02 21:41:37.957: D/wpa_supplicant(8885): nl80211: if_removed already cleared - ignore event
12-02 21:41:37.967: I/Gecko(8643): -*- WifiWorker component: Event coming in: CTRL-EVENT-BSS-ADDED 109 dc:38:e1:83:13:42
12-02 21:41:37.967: I/Gecko(8643): -*- WifiWorker component: Event coming in: CTRL-EVENT-BSS-ADDED 110 dc:38:e1:82:19:84
12-02 21:41:37.967: I/Gecko(8643): -*- WifiWorker component: Event coming in: CTRL-EVENT-BSS-REMOVED 87 dc:38:e1:82:f6:82
12-02 21:41:37.967: I/Gecko(8643): -*- WifiWorker component: Event coming in: CTRL-EVENT-BSS-REMOVED 88 dc:38:e1:82:19:83
12-02 21:41:37.967: I/Gecko(8643): -*- WifiWorker component: Event coming in: CTRL-EVENT-BSS-REMOVED 92 dc:38:e1:83:13:43
12-02 21:41:37.967: I/Gecko(8643): -*- WifiWorker component: Event coming in: CTRL-EVENT-BSS-REMOVED 93 00:d0:41:ce:d1:0d
12-02 21:41:37.967: I/Gecko(8643): -*- WifiWorker component: Event coming in: CTRL-EVENT-BSS-REMOVED 94 3c:94:d5:78:77:02
12-02 21:41:37.967: I/Gecko(8643): -*- WifiWorker component: Event coming in: CTRL-EVENT-BSS-REMOVED 89 dc:38:e1:82:a1:c3
12-02 21:41:37.967: I/Gecko(8643): -*- WifiWorker component: Event coming in: CTRL-EVENT-BSS-REMOVED 96 78:8d:f7:b9:86:68
12-02 21:41:37.967: I/Gecko(8643): -*- WifiWorker component: Event coming in: CTRL-EVENT-BSS-REMOVED 77 3c:94:d5:78:77:05
12-02 21:41:37.967: I/Gecko(8643): -*- WifiWorker component: Event coming in: CTRL-EVENT-SCAN-RESULTS 
12-02 21:41:37.967: I/Gecko(8643): -*- WifiWorker component: Notifying of scan results available
12-02 21:41:37.967: I/Gecko(8643): -*- WifiWorker component: Scan results are available! Asking for them.
12-02 21:41:37.967: D/wpa_supplicant(8885): RX ctrl_iface - hexdump(len=12): 53 43 41 4e 5f 52 45 53 55 4c 54 53
12-02 21:41:37.967: D/wpa_supplicant(8885): wlan0: Control interface command 'SCAN_RESULTS'
12-02 21:41:37.967: D/wpa_supplicant(8885): RX ctrl_iface - hexdump(len=19): 44 52 49 56 45 52 20 53 43 41 4e 2d 50 41 53 53 49 56 45
12-02 21:41:37.967: D/wpa_supplicant(8885): wlan0: Control interface command 'DRIVER SCAN-PASSIVE'
12-02 21:41:37.967: D/wpa_supplicant(8885): wpa_driver_nl80211_driver_cmd  len = 0, 0
12-02 21:41:37.997: I/Gecko(8643): -*- WifiWorker component: Event coming in: WPS-AP-AVAILABLE 
12-02 21:41:38.147: I/Gecko(8643): -*- WifiWorker component: Event coming in: CTRL-EVENT-STATE-CHANGE id=-1 state=2 BSSID=00:00:00:00:00:00 SSID=
12-02 21:41:38.147: I/Gecko(8643): -*- WifiWorker component: State change: SCANNING -> INACTIVE
12-02 21:41:41.167: V/EventHub(8643): /dev/input/event1 got: time=6211.031452, type=3, code=57, value=93
12-02 21:41:41.167: V/EventHub(8643): event time 6211031452000, now 6211034556373
12-02 21:41:41.167: V/EventHub(8643): /dev/input/event1 got: time=6211.031452, type=3, code=53, value=556
12-02 21:41:41.167: V/EventHub(8643): event time 6211031452000, now 6211034556373
12-02 21:41:41.167: V/EventHub(8643): /dev/input/event1 got: time=6211.031452, type=3, code=54, value=1690
12-02 21:41:41.167: V/EventHub(8643): event time 6211031452000, now 6211034556373
12-02 21:41:41.167: V/EventHub(8643): /dev/input/event1 got: time=6211.031452, type=3, code=58, value=49
12-02 21:41:41.167: V/EventHub(8643): event time 6211031452000, now 6211034556373
12-02 21:41:41.167: V/EventHub(8643): /dev/input/event1 got: time=6211.031452, type=0, code=0, value=0
12-02 21:41:41.167: V/EventHub(8643): event time 6211031452000, now 6211034556373
12-02 21:41:41.257: V/EventHub(8643): /dev/input/event1 got: time=6211.122029, type=3, code=57, value=-1
12-02 21:41:41.257: V/EventHub(8643): event time 6211122029000, now 6211124614724
12-02 21:41:41.257: V/EventHub(8643): /dev/input/event1 got: time=6211.122029, type=0, code=0, value=0
12-02 21:41:41.257: V/EventHub(8643): event time 6211122029000, now 6211124614724
12-02 21:41:41.357: I/Gecko(8643): [Parent 8643] WARNING: No Document in SetRequestContext; can not query loadgroup; sending reports may fail.: file /home/fischer/Projects/gecko-dev/dom/security/nsCSPContext.cpp, line 603
12-02 21:41:41.457: I/Gecko(8643): [Parent 8643] WARNING: No Document in SetRequestContext; can not query loadgroup; sending reports may fail.: file /home/fischer/Projects/gecko-dev/dom/security/nsCSPContext.cpp, line 603
12-02 21:41:41.507: D/wpa_supplicant(8885): RX ctrl_iface - hexdump(len=18): 44 52 49 56 45 52 20 53 43 41 4e 2d 41 43 54 49 56 45
12-02 21:41:41.507: D/wpa_supplicant(8885): wlan0: Control interface command 'DRIVER SCAN-ACTIVE'
12-02 21:41:41.507: D/wpa_supplicant(8885): wpa_driver_nl80211_driver_cmd  len = 0, 0
12-02 21:41:41.507: D/wpa_supplicant(8885): RX ctrl_iface - hexdump(len=4): 53 43 41 4e
12-02 21:41:41.507: D/wpa_supplicant(8885): wlan0: Control interface command 'SCAN'
12-02 21:41:41.507: D/wpa_supplicant(8885): wlan0: Setting scan request: 0 sec 0 usec
12-02 21:41:41.507: D/wpa_supplicant(8885): wlan0: State: INACTIVE -> SCANNING
12-02 21:41:41.507: D/wpa_supplicant(8885): CTRL_IFACE monitor send - hexdump(len=40): 2f 64 61 74 61 2f 6d 69 73 63 2f 77 69 66 69 2f 73 6f 63 6b 65 74 73 2f 77 70 61 5f 63 74 72 6c ...
12-02 21:41:41.507: D/wpa_supplicant(8885): wlan0: Starting AP scan for wildcard SSID
12-02 21:41:41.507: D/wpa_supplicant(8885): wlan0: nl80211: scan request
12-02 21:41:41.507: I/Gecko(8643): -*- WifiWorker component: Event coming in: CTRL-EVENT-STATE-CHANGE id=-1 state=3 BSSID=00:00:00:00:00:00 SSID=
12-02 21:41:41.507: I/Gecko(8643): -*- WifiWorker component: State change: INACTIVE -> SCANNING
12-02 21:41:41.557: D/wpa_supplicant(8885): Scan requested (ret=0) - scan timeout 30 seconds
12-02 21:41:41.557: D/wpa_supplicant(8885): RX ctrl_iface - hexdump(len=19): 44 52 49 56 45 52 20 53 43 41 4e 2d 50 41 53 53 49 56 45
12-02 21:41:41.557: D/wpa_supplicant(8885): wlan0: Control interface command 'DRIVER SCAN-PASSIVE'
12-02 21:41:41.557: D/wpa_supplicant(8885): wpa_driver_nl80211_driver_cmd  len = 0, 0
12-02 21:41:41.557: D/wpa_supplicant(8885): nl80211: Drv Event 33 (NL80211_CMD_TRIGGER_SCAN) received for wlan0
12-02 21:41:41.557: D/wpa_supplicant(8885): wlan0: nl80211: Scan trigger
12-02 21:41:42.707: D/wpa_supplicant(8885): nl80211: Drv Event 34 (NL80211_CMD_NEW_SCAN_RESULTS) received for wlan0
12-02 21:41:42.707: D/wpa_supplicant(8885): wlan0: nl80211: New scan results available
12-02 21:41:42.707: D/wpa_supplicant(8885): wlan0: Event SCAN_RESULTS (3) received
12-02 21:41:42.707: D/wpa_supplicant(8885): nl80211: Received scan results (64 BSSes)
12-02 21:41:42.707: D/wpa_supplicant(8885): nl80211: Survey data missing
12-02 21:41:42.707: D/wpa_supplicant(8885): wlan0: BSS: Start scan result update 9
12-02 21:41:42.707: D/wpa_supplicant(8885): wlan0: BSS: Add new id 111 BSSID dc:38:e1:83:1b:48 SSID 'ateam'
12-02 21:41:42.707: D/wpa_supplicant(8885): CTRL_IFACE monitor send - hexdump(len=40): 2f 64 61 74 61 2f 6d 69 73 63 2f 77 69 66 69 2f 73 6f 63 6b 65 74 73 2f 77 70 61 5f 63 74 72 6c ...
12-02 21:41:42.707: I/Gecko(8643): -*- WifiWorker component: Event coming in: CTRL-EVENT-BSS-ADDED 111 dc:38:e1:83:1b:48
12-02 21:41:42.727: D/wpa_supplicant(8885): wlan0: BSS: Add new id 112 BSSID dc:38:e1:83:1b:42 SSID ''
12-02 21:41:42.727: D/wpa_supplicant(8885): CTRL_IFACE monitor send - hexdump(len=40): 2f 64 61 74 61 2f 6d 69 73 63 2f 77 69 66 69 2f 73 6f 63 6b 65 74 73 2f 77 70 61 5f 63 74 72 6c ...
12-02 21:41:42.727: D/wpa_supplicant(8885): wlan0: BSS: Add new id 113 BSSID dc:38:e1:83:13:43 SSID ''
12-02 21:41:42.727: D/wpa_supplicant(8885): CTRL_IFACE monitor send - hexdump(len=40): 2f 64 61 74 61 2f 6d 69 73 63 2f 77 69 66 69 2f 73 6f 63 6b 65 74 73 2f 77 70 61 5f 63 74 72 6c ...
12-02 21:41:42.727: D/wpa_supplicant(8885): wlan0: BSS: Add new id 114 BSSID 00:d0:41:ce:d1:0d SSID 'plusdrinks'
12-02 21:41:42.727: D/wpa_supplicant(8885): CTRL_IFACE monitor send - hexdump(len=40): 2f 64 61 74 61 2f 6d 69 73 63 2f 77 69 66 69 2f 73 6f 63 6b 65 74 73 2f 77 70 61 5f 63 74 72 6c ...
12-02 21:41:42.727: D/wpa_supplicant(8885): wlan0: BSS: Remove id 100 BSSID dc:38:e1:83:29:82 SSID '' due to no match in scan
12-02 21:41:42.727: D/wpa_supplicant(8885): CTRL_IFACE monitor send - hexdump(len=40): 2f 64 61 74 61 2f 6d 69 73 63 2f 77 69 66 69 2f 73 6f 63 6b 65 74 73 2f 77 70 61 5f 63 74 72 6c ...
12-02 21:41:42.727: D/wpa_supplicant(8885): wlan0: BSS: Remove id 104 BSSID 3c:94:d5:7b:fb:02 SSID '' due to no match in scan
12-02 21:41:42.727: D/wpa_supplicant(8885): CTRL_IFACE monitor send - hexdump(len=40): 2f 64 61 74 61 2f 6d 69 73 63 2f 77 69 66 69 2f 73 6f 63 6b 65 74 73 2f 77 70 61 5f 63 74 72 6c ...
12-02 21:41:42.727: D/wpa_supplicant(8885): wlan0: BSS: Remove id 107 BSSID 00:18:25:17:59:d1 SSID 'TPE-Free' due to no match in scan
12-02 21:41:42.727: D/wpa_supplicant(8885): CTRL_IFACE monitor send - hexdump(len=40): 2f 64 61 74 61 2f 6d 69 73 63 2f 77 69 66 69 2f 73 6f 63 6b 65 74 73 2f 77 70 61 5f 63 74 72 6c ...
12-02 21:41:42.727: D/wpa_supplicant(8885): BSS: last_scan_res_used=64/128 last_scan_full=0
12-02 21:41:42.727: D/wpa_supplicant(8885): wlan0: New scan results available
12-02 21:41:42.727: D/wpa_supplicant(8885): CTRL_IFACE monitor send - hexdump(len=40): 2f 64 61 74 61 2f 6d 69 73 63 2f 77 69 66 69 2f 73 6f 63 6b 65 74 73 2f 77 70 61 5f 63 74 72 6c ...
12-02 21:41:42.727: D/wpa_supplicant(8885): CTRL_IFACE monitor send - hexdump(len=40): 2f 64 61 74 61 2f 6d 69 73 63 2f 77 69 66 69 2f 73 6f 63 6b 65 74 73 2f 77 70 61 5f 63 74 72 6c ...
12-02 21:41:42.727: D/wpa_supplicant(8885): WPS: AP[0] 3c:1e:04:0a:2f:0e type=0 tries=0 last_attempt=-1 sec ago blacklist=0
12-02 21:41:42.727: D/wpa_supplicant(8885): WPS: AP[1] 00:d0:41:ce:d1:0d type=0 tries=0 last_attempt=-1 sec ago blacklist=0
12-02 21:41:42.727: D/wpa_supplicant(8885): WPS: AP[2] 64:09:80:4d:87:51 type=0 tries=0 last_attempt=-1 sec ago blacklist=0
12-02 21:41:42.727: D/wpa_supplicant(8885): WPS: AP[3] 78:8d:f7:b9:86:68 type=0 tries=0 last_attempt=-1 sec ago blacklist=0
12-02 21:41:42.727: D/wpa_supplicant(8885): wlan0: No suitable network found
12-02 21:41:42.727: D/wpa_supplicant(8885): wlan0: Short-circuit new scan request since there are no enabled networks
12-02 21:41:42.727: D/wpa_supplicant(8885): wlan0: State: SCANNING -> INACTIVE
12-02 21:41:42.727: D/wpa_supplicant(8885): CTRL_IFACE monitor send - hexdump(len=40): 2f 64 61 74 61 2f 6d 69 73 63 2f 77 69 66 69 2f 73 6f 63 6b 65 74 73 2f 77 70 61 5f 63 74 72 6c ...
12-02 21:41:42.727: D/wpa_supplicant(8885): wlan0: Checking for other virtual interfaces sharing same radio (phy0) in event_scan_results
12-02 21:41:42.727: D/wpa_supplicant(8885): wlan0: P2P: Station mode scan operation not pending anymore (sta_scan_pending=0 p2p_cb_on_scan_complete=0)
12-02 21:41:42.727: D/wpa_supplicant(8885): RTM_NEWLINK: operstate=0 ifi_flags=0x11003 ([UP][LOWER_UP])
12-02 21:41:42.727: D/wpa_supplicant(8885): RTM_NEWLINK, IFLA_IFNAME: Interface 'wlan0' added
12-02 21:41:42.727: D/wpa_supplicant(8885): nl80211: if_removed already cleared - ignore event
12-02 21:41:42.727: I/Gecko(8643): -*- WifiWorker component: Event coming in: CTRL-EVENT-BSS-ADDED 112 dc:38:e1:83:1b:42
12-02 21:41:42.737: I/Gecko(8643): -*- WifiWorker component: Event coming in: CTRL-EVENT-BSS-ADDED 113 dc:38:e1:83:13:43
12-02 21:41:42.737: I/Gecko(8643): -*- WifiWorker component: Event coming in: CTRL-EVENT-BSS-ADDED 114 00:d0:41:ce:d1:0d
12-02 21:41:42.737: I/Gecko(8643): -*- WifiWorker component: Event coming in: CTRL-EVENT-BSS-REMOVED 100 dc:38:e1:83:29:82
12-02 21:41:42.737: I/Gecko(8643): -*- WifiWorker component: Event coming in: CTRL-EVENT-BSS-REMOVED 104 3c:94:d5:7b:fb:02
12-02 21:41:42.737: I/Gecko(8643): -*- WifiWorker component: Event coming in: CTRL-EVENT-BSS-REMOVED 107 00:18:25:17:59:d1
12-02 21:41:42.737: I/Gecko(8643): -*- WifiWorker component: Event coming in: CTRL-EVENT-SCAN-RESULTS 
12-02 21:41:42.737: I/Gecko(8643): -*- WifiWorker component: Notifying of scan results available
12-02 21:41:42.737: I/Gecko(8643): -*- WifiWorker component: Scan results are available! Asking for them.
12-02 21:41:42.747: D/wpa_supplicant(8885): RX ctrl_iface - hexdump(len=12): 53 43 41 4e 5f 52 45 53 55 4c 54 53
12-02 21:41:42.747: D/wpa_supplicant(8885): wlan0: Control interface command 'SCAN_RESULTS'
12-02 21:41:42.747: D/wpa_supplicant(8885): RX ctrl_iface - hexdump(len=19): 44 52 49 56 45 52 20 53 43 41 4e 2d 50 41 53 53 49 56 45
12-02 21:41:42.747: D/wpa_supplicant(8885): wlan0: Control interface command 'DRIVER SCAN-PASSIVE'
12-02 21:41:42.747: D/wpa_supplicant(8885): wpa_driver_nl80211_driver_cmd  len = 0, 0
12-02 21:41:42.787: I/Gecko(8643): -*- WifiWorker component: Event coming in: WPS-AP-AVAILABLE 
12-02 21:41:42.787: I/Gecko(8643): -*- WifiWorker component: Event coming in: CTRL-EVENT-STATE-CHANGE id=-1 state=2 BSSID=00:00:00:00:00:00 SSID=
12-02 21:41:42.787: I/Gecko(8643): -*- WifiWorker component: State change: SCANNING -> INACTIVE
12-02 21:41:42.987: I/Gecko(8643): [Parent 8643] WARNING: No Document in SetRequestContext; can not query loadgroup; sending reports may fail.: file /home/fischer/Projects/gecko-dev/dom/security/nsCSPContext.cpp, line 603
12-02 21:41:42.987: I/Gecko(8643): [Parent 8643] WARNING: No Document in SetRequestContext; can not query loadgroup; sending reports may fail.: file /home/fischer/Projects/gecko-dev/dom/security/nsCSPContext.cpp, line 603
12-02 21:41:43.007: I/Gecko(8643): [Parent 8643] WARNING: No Document in SetRequestContext; can not query loadgroup; sending reports may fail.: file /home/fischer/Projects/gecko-dev/dom/security/nsCSPContext.cpp, line 603
12-02 21:41:43.037: I/Gecko(8643): [Parent 8643] WARNING: No Document in SetRequestContext; can not query loadgroup; sending reports may fail.: file /home/fischer/Projects/gecko-dev/dom/security/nsCSPContext.cpp, line 603
12-02 21:41:43.037: I/Gecko(8643): [Parent 8643] WARNING: No Document in SetRequestContext; can not query loadgroup; sending reports may fail.: file /home/fischer/Projects/gecko-dev/dom/security/nsCSPContext.cpp, line 603
12-02 21:41:43.047: I/Gecko(8643): [Parent 8643] WARNING: No Document in SetRequestContext; can not query loadgroup; sending reports may fail.: file /home/fischer/Projects/gecko-dev/dom/security/nsCSPContext.cpp, line 603
12-02 21:41:43.047: I/Gecko(8643): [Parent 8643] WARNING: No Document in SetRequestContext; can not query loadgroup; sending reports may fail.: file /home/fischer/Projects/gecko-dev/dom/security/nsCSPContext.cpp, line 603
12-02 21:41:43.077: I/Gecko(8643): [Parent 8643] WARNING: No Document in SetRequestContext; can not query loadgroup; sending reports may fail.: file /home/fischer/Projects/gecko-dev/dom/security/nsCSPContext.cpp, line 603
12-02 21:41:43.167: I/Gecko(8643): [Parent 8643] WARNING: No Document in SetRequestContext; can not query loadgroup; sending reports may fail.: file /home/fischer/Projects/gecko-dev/dom/security/nsCSPContext.cpp, line 603
12-02 21:41:43.167: I/Gecko(8643): [Parent 8643] WARNING: No Document in SetRequestContext; can not query loadgroup; sending reports may fail.: file /home/fischer/Projects/gecko-dev/dom/security/nsCSPContext.cpp, line 603
12-02 21:41:43.207: I/Gecko(8643): [Parent 8643] WARNING: No Document in SetRequestContext; can not query loadgroup; sending reports may fail.: file /home/fischer/Projects/gecko-dev/dom/security/nsCSPContext.cpp, line 603
12-02 21:41:43.337: I/Gecko(8643): [Parent 8643] WARNING: No Document in SetRequestContext; can not query loadgroup; sending reports may fail.: file /home/fischer/Projects/gecko-dev/dom/security/nsCSPContext.cpp, line 603
12-02 21:41:43.377: I/Gecko(8643): AlarmService: _onTimezoneChanged()
12-02 21:41:43.377: I/Gecko(8643): AlarmService: _restoreAlarmsFromDb()
12-02 21:41:43.407: I/Gecko(8643): AlarmService: Callback after getting alarms from database: []
12-02 21:41:43.407: I/Gecko(8643): AlarmService: Current alarm: null
12-02 21:41:43.407: I/Gecko(8643): AlarmService: Alarm queue: []
12-02 21:41:51.587: V/EventHub(8643): /dev/input/event1 got: time=6221.453187, type=3, code=57, value=94
12-02 21:41:51.587: V/EventHub(8643): event time 6221453187000, now 6221455813989
12-02 21:41:51.587: V/EventHub(8643): /dev/input/event1 got: time=6221.453187, type=3, code=53, value=793
12-02 21:41:51.587: V/EventHub(8643): event time 6221453187000, now 6221455813989
12-02 21:41:51.587: V/EventHub(8643): /dev/input/event1 got: time=6221.453187, type=3, code=54, value=1703
12-02 21:41:51.587: V/EventHub(8643): event time 6221453187000, now 6221455813989
12-02 21:41:51.587: V/EventHub(8643): /dev/input/event1 got: time=6221.453187, type=0, code=0, value=0
12-02 21:41:51.587: V/EventHub(8643): event time 6221453187000, now 6221455813989
12-02 21:41:51.667: V/EventHub(8643): /dev/input/event1 got: time=6221.527413, type=3, code=57, value=-1
12-02 21:41:51.667: V/EventHub(8643): event time 6221527413000, now 6221530138052
12-02 21:41:51.667: V/EventHub(8643): /dev/input/event1 got: time=6221.527413, type=0, code=0, value=0
12-02 21:41:51.667: V/EventHub(8643): event time 6221527413000, now 6221530138052
12-02 21:41:53.067: V/EventHub(8643): /dev/input/event1 got: time=6222.935396, type=3, code=57, value=95
12-02 21:41:53.067: V/EventHub(8643): event time 6222935396000, now 6222937895967
12-02 21:41:53.067: V/EventHub(8643): /dev/input/event1 got: time=6222.935396, type=3, code=53, value=820
12-02 21:41:53.067: V/EventHub(8643): event time 6222935396000, now 6222937895967
12-02 21:41:53.067: V/EventHub(8643): /dev/input/event1 got: time=6222.935396, type=3, code=54, value=1694
12-02 21:41:53.067: V/EventHub(8643): event time 6222935396000, now 6222937895967
12-02 21:41:53.067: V/EventHub(8643): /dev/input/event1 got: time=6222.935396, type=0, code=0, value=0
12-02 21:41:53.067: V/EventHub(8643): event time 6222935396000, now 6222937895967
12-02 21:41:53.117: I/Gecko(8643): [Parent 8643] WARNING: No Document in SetRequestContext; can not query loadgroup; sending reports may fail.: file /home/fischer/Projects/gecko-dev/dom/security/nsCSPContext.cpp, line 603
12-02 21:41:53.157: V/EventHub(8643): /dev/input/event1 got: time=6223.026371, type=3, code=57, value=-1
12-02 21:41:53.157: V/EventHub(8643): event time 6223026371000, now 6223028878206
12-02 21:41:53.157: V/EventHub(8643): /dev/input/event1 got: time=6223.026371, type=0, code=0, value=0
12-02 21:41:53.157: V/EventHub(8643): event time 6223026371000, now 6223028878206
12-02 21:41:54.577: I/Gecko(8643): [Parent 8643] ###!!! ASSERTION: Double-freezing?: '!IsFrozen()', file ../../../../gecko-dev/dom/base/nsGlobalWindow.h, line 1534
12-02 21:41:54.577: I/Gecko(8643): [Parent 8643] ###!!! ASSERTION: Double-freezing?: '!IsFrozen()', file ../../../../gecko-dev/dom/base/nsGlobalWindow.h, line 1534
12-02 21:41:54.577: I/GeckoDump(8643): DevToolsUtils.dbg_assert is deprecated! Use DevToolsUtils.assert instead!
12-02 21:41:54.577: I/GeckoDump(8643): dbg_assert@resource://gre/modules/commonjs/toolkit/loader.js -> resource://devtools/shared/DevToolsUtils.js:454:13
12-02 21:41:54.577: I/GeckoDump(8643): EventLoop.prototype.enter@resource://gre/modules/commonjs/toolkit/loader.js -> resource://devtools/server/actors/script.js:357:5
12-02 21:41:54.577: I/GeckoDump(8643): ThreadActor.prototype.unsafeSynchronize@resource://gre/modules/commonjs/toolkit/loader.js -> resource://devtools/server/actors/script.js:1075:7
12-02 21:41:54.577: I/GeckoDump(8643): ThreadActor.prototype._addSource@resource://gre/modules/commonjs/toolkit/loader.js -> resource://devtools/server/actors/script.js:1935:1
12-02 21:41:54.577: I/GeckoDump(8643): ThreadActor.prototype.onNewScript@resource://gre/modules/commonjs/toolkit/loader.js -> resource://devtools/server/actors/script.js:1882:5
12-02 21:41:54.577: I/GeckoDump(8643): EventLoop.prototype.enter@resource://gre/modules/commonjs/toolkit/loader.js -> resource://devtools/server/actors/script.js:347:5
12-02 21:41:54.577: I/GeckoDump(8643): ThreadActor.prototype._pushThreadPause@resource://gre/modules/commonjs/toolkit/loader.js -> resource://devtools/server/actors/script.js:543:5
12-02 21:41:54.577: I/GeckoDump(8643): ThreadActor.prototype.onAttach@resource://gre/modules/commonjs/toolkit/loader.js -> resource://devtools/server/actors/script.js:657:7
12-02 21:41:54.577: I/GeckoDump(8643): DSC_onPacket@resource://gre/modules/commonjs/toolkit/loader.js -> resource://devtools/server/main.js:1643:15
12-02 21:41:54.577: I/GeckoDump(8643): DebuggerTransport.prototype._onJSONObjectReady/<@resource://gre/modules/commonjs/toolkit/loader.js -> resource://devtools/shared/transport/transport.js:479:9
12-02 21:41:54.577: I/GeckoDump(8643): makeInfallible/<@resource://gre/modules/commonjs/toolkit/loader.js -> resource://devtools/shared/DevToolsUtils.js:87:14
12-02 21:41:54.577: I/GeckoDump(8643): makeInfallible/<@resource://gre/modules/commonjs/toolkit/loader.js -> resource://devtools/shared/DevToolsUtils.js:87:14
12-02 21:41:54.587: W/GeckoConsole(8643): Content JS WARN: DevToolsUtils.dbg_assert is deprecated! Use DevToolsUtils.assert instead!
12-02 21:41:54.587: W/GeckoConsole(8643): dbg_assert@resource://gre/modules/commonjs/toolkit/loader.js -> resource://devtools/shared/DevToolsUtils.js:454:13
12-02 21:41:54.587: W/GeckoConsole(8643): EventLoop.prototype.enter@resource://gre/modules/commonjs/toolkit/loader.js -> resource://devtools/server/actors/script.js:357:5
12-02 21:41:54.587: W/GeckoConsole(8643): ThreadActor.prototype.unsafeSynchronize@resource://gre/modules/commonjs/toolkit/loader.js -> resource://devtools/server/actors/script.js:1075:7
12-02 21:41:54.587: W/GeckoConsole(8643): ThreadActor.prototype._addSource@resource://gre/modules/commonjs/toolkit/loader.js -> resource://devtools/server/actors/script.js:1935:1
12-02 21:41:54.587: W/GeckoConsole(8643): ThreadActor.prototype.onNewScript@resource://gre/modules/commonjs/toolkit/loader.js -> resource://devtools/server/actors/script.js:1882:5
12-02 21:41:54.587: W/GeckoConsole(8643): EventLoop.prototype.enter@resource://gre/modules/commonjs/toolkit/loader.js -> resource://devtools/server/actors/script.js:347:5
12-02 21:41:54.587: W/GeckoConsole(8643): ThreadActor.prototype._pushThreadPause@resource://gre/modules/commonjs/toolkit/loader.js -> resource://devtools/server/actors/script.js:543:
12-02 21:41:54.597: I/Gecko(8643): console.warn: DevToolsUtils.dbg_assert is deprecated! Use DevToolsUtils.assert instead!
12-02 21:41:54.597: I/Gecko(8643): dbg_assert@resource://gre/modules/commonjs/toolkit/loader.js -> resource://devtools/shared/DevToolsUtils.js:454:13
12-02 21:41:54.597: I/Gecko(8643): EventLoop.prototype.enter@resource://gre/modules/commonjs/toolkit/loader.js -> resource://devtools/server/actors/script.js:357:5
12-02 21:41:54.597: I/Gecko(8643): ThreadActor.prototype.unsafeSynchronize@resource://gre/modules/commonjs/toolkit/loader.js -> resource://devtools/server/actors/script.js:1075:7
12-02 21:41:54.597: I/Gecko(8643): ThreadActor.prototype._addSource@resource://gre/modules/commonjs/toolkit/loader.js -> resource://devtools/server/actors/script.js:1935:1
12-02 21:41:54.597: I/Gecko(8643): ThreadActor.prototype.onNewScript@resource://gre/modules/commonjs/toolkit/loader.js -> resource://devtools/server/actors/script.js:1882:5
12-02 21:41:54.597: I/Gecko(8643): EventLoop.prototype.enter@resource://gre/modules/commonjs/toolkit/loader.js -> resource://devtools/server/actors/script.js:347:5
12-02 21:41:54.597: I/Gecko(8643): ThreadActor.prototype._pushThreadPause@resource://gre/modules/commonjs/toolkit/loader.js -> resource://devtools/server/actors/script.js:543:5
12-02 21:41:54.597: I/Gecko(8643): T
12-02 21:41:54.687: I/Gecko(8643): [Parent 8643] WARNING: No Document in SetRequestContext; can not query loadgroup; sending reports may fail.: file /home/fischer/Projects/gecko-dev/dom/security/nsCSPContext.cpp, line 603
12-02 21:41:54.997: I/Gecko(8643): [Parent 8643] ###!!! ASSERTION: Double-freezing?: '!IsFrozen()', file ../../../../gecko-dev/dom/base/nsGlobalWindow.h, line 1534
12-02 21:41:54.997: I/Gecko(8643): [Parent 8643] ###!!! ASSERTION: Double-freezing?: '!IsFrozen()', file ../../../../gecko-dev/dom/base/nsGlobalWindow.h, line 1534
12-02 21:41:55.417: V/EventHub(8643): /dev/input/event1 got: time=6225.284135, type=3, code=57, value=96
12-02 21:41:55.417: V/EventHub(8643): event time 6225284135000, now 6225286639247
12-02 21:41:55.417: V/EventHub(8643): /dev/input/event1 got: time=6225.284135, type=3, code=53, value=944
12-02 21:41:55.417: V/EventHub(8643): event time 6225284135000, now 6225286639247
12-02 21:41:55.417: V/EventHub(8643): /dev/input/event1 got: time=6225.284135, type=3, code=54, value=378
12-02 21:41:55.417: V/EventHub(8643): event time 6225284135000, now 6225286639247
12-02 21:41:55.417: V/EventHub(8643): /dev/input/event1 got: time=6225.284135, type=3, code=58, value=50
12-02 21:41:55.417: V/EventHub(8643): event time 6225284135000, now 6225286639247
12-02 21:41:55.417: V/EventHub(8643): /dev/input/event1 got: time=6225.284135, type=0, code=0, value=0
12-02 21:41:55.417: V/EventHub(8643): event time 6225284135000, now 6225286639247
12-02 21:41:55.467: V/EventHub(8643): /dev/input/event1 got: time=6225.333470, type=3, code=57, value=-1
12-02 21:41:55.467: V/EventHub(8643): event time 6225333470000, now 6225335942008
12-02 21:41:55.467: V/EventHub(8643): /dev/input/event1 got: time=6225.333470, type=0, code=0, value=0
12-02 21:41:55.467: V/EventHub(8643): event time 6225333470000, now 6225335942008
12-02 21:41:56.727: V/EventHub(8643): /dev/input/event1 got: time=6226.591700, type=3, code=57, value=97
12-02 21:41:56.727: V/EventHub(8643): event time 6226591700000, now 6226594200081
12-02 21:41:56.727: V/EventHub(8643): /dev/input/event1 got: time=6226.591700, type=3, code=53, value=802
12-02 21:41:56.727: V/EventHub(8643): event time 6226591700000, now 6226594200081
12-02 21:41:56.727: V/EventHub(8643): /dev/input/event1 got: time=6226.591700, type=3, code=54, value=1702
12-02 21:41:56.727: V/EventHub(8643): event time 6226591700000, now 6226594200081
12-02 21:41:56.727: V/EventHub(8643): /dev/input/event1 got: time=6226.591700, type=0, code=0, value=0
12-02 21:41:56.727: V/EventHub(8643): event time 6226591700000, now 6226594200081
12-02 21:41:56.827: V/EventHub(8643): /dev/input/event1 got: time=6226.690956, type=3, code=57, value=-1
12-02 21:41:56.827: V/EventHub(8643): event time 6226690956000, now 6226693510029
12-02 21:41:56.827: V/EventHub(8643): /dev/input/event1 got: time=6226.690956, type=0, code=0, value=0
12-02 21:41:56.827: V/EventHub(8643): event time 6226690956000, now 6226693510029
12-02 21:41:58.067: V/EventHub(8643): /dev/input/event1 got: time=6227.932648, type=3, code=57, value=98
12-02 21:41:58.067: V/EventHub(8643): event time 6227932648000, now 6227935146538
12-02 21:41:58.067: V/EventHub(8643): /dev/input/event1 got: time=6227.932648, type=3, code=53, value=983
12-02 21:41:58.067: V/EventHub(8643): event time 6227932648000, now 6227935146538
12-02 21:41:58.067: V/EventHub(8643): /dev/input/event1 got: time=6227.932648, type=3, code=54, value=365
12-02 21:41:58.067: V/EventHub(8643): event time 6227932648000, now 6227935146538
12-02 21:41:58.067: V/EventHub(8643): /dev/input/event1 got: time=6227.932648, type=3, code=58, value=49
12-02 21:41:58.067: V/EventHub(8643): event time 6227932648000, now 6227935146538
12-02 21:41:58.067: V/EventHub(8643): /dev/input/event1 got: time=6227.932648, type=0, code=0, value=0
12-02 21:41:58.067: V/EventHub(8643): event time 6227932648000, now 6227935146538
12-02 21:41:58.107: V/EventHub(8643): /dev/input/event1 got: time=6227.973652, type=3, code=57, value=-1
12-02 21:41:58.107: V/EventHub(8643): event time 6227973652000, now 6227976135757
12-02 21:41:58.107: V/EventHub(8643): /dev/input/event1 got: time=6227.973652, type=0, code=0, value=0
12-02 21:41:58.107: V/EventHub(8643): event time 6227973652000, now 6227976135757
12-02 21:42:01.687: V/EventHub(8643): /dev/input/event1 got: time=6231.555725, type=3, code=57, value=99
12-02 21:42:01.687: V/EventHub(8643): event time 6231555725000, now 6231558315599
12-02 21:42:01.687: V/EventHub(8643): /dev/input/event1 got: time=6231.555725, type=3, code=53, value=805
12-02 21:42:01.687: V/EventHub(8643): event time 6231555725000, now 6231558315599
12-02 21:42:01.687: V/EventHub(8643): /dev/input/event1 got: time=6231.555725, type=3, code=54, value=1702
12-02 21:42:01.687: V/EventHub(8643): event time 6231555725000, now 6231558315599
12-02 21:42:01.687: V/EventHub(8643): /dev/input/event1 got: time=6231.555725, type=3, code=58, value=34
12-02 21:42:01.687: V/EventHub(8643): event time 6231555725000, now 6231558315599
12-02 21:42:01.687: V/EventHub(8643): /dev/input/event1 got: time=6231.555725, type=3, code=48, value=4
12-02 21:42:01.687: V/EventHub(8643): event time 6231555725000, now 6231558315599
12-02 21:42:01.687: V/EventHub(8643): /dev/input/event1 got: time=6231.555725, type=0, code=0, value=0
12-02 21:42:01.687: V/EventHub(8643): event time 6231555725000, now 6231558315599
12-02 21:42:01.817: V/EventHub(8643): /dev/input/event1 got: time=6231.680129, type=3, code=57, value=-1
12-02 21:42:01.817: V/EventHub(8643): event time 6231680129000, now 6231682680808
12-02 21:42:01.817: V/EventHub(8643): /dev/input/event1 got: time=6231.680129, type=0, code=0, value=0
12-02 21:42:01.817: V/EventHub(8643): event time 6231680129000, now 6231682680808
12-02 21:42:02.557: V/EventHub(8643): /dev/input/event1 got: time=6232.422126, type=3, code=57, value=100
12-02 21:42:02.557: V/EventHub(8643): event time 6232422126000, now 6232424618412
12-02 21:42:02.557: V/EventHub(8643): /dev/input/event1 got: time=6232.422126, type=3, code=53, value=815
12-02 21:42:02.557: V/EventHub(8643): event time 6232422126000, now 6232424618412
12-02 21:42:02.557: V/EventHub(8643): /dev/input/event1 got: time=6232.422126, type=3, code=54, value=1688
12-02 21:42:02.557: V/EventHub(8643): event time 6232422126000, now 6232424618412
12-02 21:42:02.557: V/EventHub(8643): /dev/input/event1 got: time=6232.422126, type=3, code=58, value=47
12-02 21:42:02.557: V/EventHub(8643): event time 6232422126000, now 6232424618412
12-02 21:42:02.557: V/EventHub(8643): /dev/input/event1 got: time=6232.422126, type=0, code=0, value=0
12-02 21:42:02.557: V/EventHub(8643): event time 6232422126000, now 6232424618412
12-02 21:42:02.667: V/EventHub(8643): /dev/input/event1 got: time=6232.529725, type=3, code=57, value=-1
12-02 21:42:02.667: V/EventHub(8643): event time 6232529725000, now 6232532232475
12-02 21:42:02.667: V/EventHub(8643): /dev/input/event1 got: time=6232.529725, type=0, code=0, value=0
12-02 21:42:02.667: V/EventHub(8643): event time 6232529725000, now 6232532232475
12-02 21:42:02.917: V/EventHub(8643): /dev/input/event1 got: time=6232.780249, type=3, code=57, value=101
12-02 21:42:02.917: V/EventHub(8643): event time 6232780249000, now 6232782816693
12-02 21:42:02.917: V/EventHub(8643): /dev/input/event1 got: time=6232.780249, type=3, code=53, value=807
12-02 21:42:02.917: V/EventHub(8643): event time 6232780249000, now 6232782816693
12-02 21:42:02.917: V/EventHub(8643): /dev/input/event1 got: time=6232.780249, type=3, code=54, value=1693
12-02 21:42:02.917: V/EventHub(8643): event time 6232780249000, now 6232782816693
12-02 21:42:02.917: V/EventHub(8643): /dev/input/event1 got: time=6232.780249, type=0, code=0, value=0
12-02 21:42:02.917: V/EventHub(8643): event time 6232780249000, now 6232782816693
12-02 21:42:03.017: V/EventHub(8643): /dev/input/event1 got: time=6232.879529, type=3, code=57, value=-1
12-02 21:42:03.017: V/EventHub(8643): event time 6232879529000, now 6232882023099
12-02 21:42:03.017: V/EventHub(8643): /dev/input/event1 got: time=6232.879529, type=0, code=0, value=0
12-02 21:42:03.017: V/EventHub(8643): event time 6232879529000, now 6232882023099
12-02 21:42:03.207: I/Gecko(8643): [Parent 8643] WARNING: No Document in SetRequestContext; can not query loadgroup; sending reports may fail.: file /home/fischer/Projects/gecko-dev/dom/security/nsCSPContext.cpp, line 603
12-02 21:42:03.217: I/Gecko(8643): [Parent 8643] WARNING: No Document in SetRequestContext; can not query loadgroup; sending reports may fail.: file /home/fischer/Projects/gecko-dev/dom/security/nsCSPContext.cpp, line 603
12-02 21:42:03.217: I/Gecko(8643): [Parent 8643] WARNING: No Document in SetRequestContext; can not query loadgroup; sending reports may fail.: file /home/fischer/Projects/gecko-dev/dom/security/nsCSPContext.cpp, line 603
12-02 21:42:03.227: I/Gecko(8643): [Parent 8643] WARNING: No Document in SetRequestContext; can not query loadgroup; sending reports may fail.: file /home/fischer/Projects/gecko-dev/dom/security/nsCSPContext.cpp, line 603
12-02 21:42:03.247: I/Gecko(8643): [Parent 8643] WARNING: No Document in SetRequestContext; can not query loadgroup; sending reports may fail.: file /home/fischer/Projects/gecko-dev/dom/security/nsCSPContext.cpp, line 603
12-02 21:42:03.357: I/Gecko(8643): [Parent 8643] WARNING: No Document in SetRequestContext; can not query loadgroup; sending reports may fail.: file /home/fischer/Projects/gecko-dev/dom/security/nsCSPContext.cpp, line 603
12-02 21:42:03.377: I/Gecko(8643): [Parent 8643] WARNING: No Document in SetRequestContext; can not query loadgroup; sending reports may fail.: file /home/fischer/Projects/gecko-dev/dom/security/nsCSPContext.cpp, line 603
12-02 21:42:03.397: I/Gecko(8643): [Parent 8643] WARNING: No Document in SetRequestContext; can not query loadgroup; sending reports may fail.: file /home/fischer/Projects/gecko-dev/dom/security/nsCSPContext.cpp, line 603
12-02 21:42:03.397: I/Gecko(8643): [Parent 8643] WARNING: No Document in SetRequestContext; can not query loadgroup; sending reports may fail.: file /home/fischer/Projects/gecko-dev/dom/security/nsCSPContext.cpp, line 603
12-02 21:42:03.407: I/Gecko(8643): [Parent 8643] WARNING: No Document in SetRequestContext; can not query loadgroup; sending reports may fail.: file /home/fischer/Projects/gecko-dev/dom/security/nsCSPContext.cpp, line 603
12-02 21:42:03.407: I/Gecko(8643): [Parent 8643] WARNING: No Document in SetRequestContext; can not query loadgroup; sending reports may fail.: file /home/fischer/Projects/gecko-dev/dom/security/nsCSPContext.cpp, line 603
12-02 21:42:03.437: I/Gecko(8643): [Parent 8643] WARNING: No Document in SetRequestContext; can not query loadgroup; sending reports may fail.: file /home/fischer/Projects/gecko-dev/dom/security/nsCSPContext.cpp, line 603
12-02 21:42:03.447: I/Gecko(8643): [Parent 8643] WARNING: No Document in SetRequestContext; can not query loadgroup; sending reports may fail.: file /home/fischer/Projects/gecko-dev/dom/security/nsCSPContext.cpp, line 603
12-02 21:42:03.447: I/Gecko(8643): [Parent 8643] WARNING: No Document in SetRequestContext; can not query loadgroup; sending reports may fail.: file /home/fischer/Projects/gecko-dev/dom/security/nsCSPContext.cpp, line 603
12-02 21:42:03.447: I/Gecko(8643): [Parent 8643] WARNING: No Document in SetRequestContext; can not query loadgroup; sending reports may fail.: file /home/fischer/Projects/gecko-dev/dom/security/nsCSPContext.cpp, line 603
12-02 21:42:03.467: I/Gecko(8643): [Parent 8643] WARNING: No Document in SetRequestContext; can not query loadgroup; sending reports may fail.: file /home/fischer/Projects/gecko-dev/dom/security/nsCSPContext.cpp, line 603
12-02 21:42:03.487: I/Gecko(8643): [Parent 8643] WARNING: No Document in SetRequestContext; can not query loadgroup; sending reports may fail.: file /home/fischer/Projects/gecko-dev/dom/security/nsCSPContext.cpp, line 603
12-02 21:42:03.497: I/Gecko(8643): [Parent 8643] WARNING: No Document in SetRequestContext; can not query loadgroup; sending reports may fail.: file /home/fischer/Projects/gecko-dev/dom/security/nsCSPContext.cpp, line 603
12-02 21:42:03.537: I/Gecko(8643): [Parent 8643] WARNING: No Document in SetRequestContext; can not query loadgroup; sending reports may fail.: file /home/fischer/Projects/gecko-dev/dom/security/nsCSPContext.cpp, line 603
12-02 21:42:03.537: I/Gecko(8643): [Parent 8643] WARNING: No Document in SetRequestContext; can not query loadgroup; sending reports may fail.: file /home/fischer/Projects/gecko-dev/dom/security/nsCSPContext.cpp, line 603
12-02 21:42:03.707: I/Gecko(8643): [Parent 8643] WARNING: No Document in SetRequestContext; can not query loadgroup; sending reports may fail.: file /home/fischer/Projects/gecko-dev/dom/security/nsCSPContext.cpp, line 603
12-02 21:42:03.987: I/Gecko(8643): XXX FIXME : Dispatch a mozIACChromeEvent: inter-app-comm-permission
12-02 21:42:03.997: I/Gecko(8643): XXX FIXME : Dispatch a mozIACContentEvent: inter-app-comm-permission
12-02 21:42:04.057: I/Gecko(8643): XXX FIXME : Dispatch a open-app: undefined
12-02 21:42:04.107: I/Gecko(9523): ######################## extensions.js loaded
12-02 21:42:04.127: W/Find My Device(9523): [JavaScript Warning: "Use of nsIFile in content process is deprecated." {file: "jar:file:///system/b2g/omni.ja!/components/DirectoryProvider.js" line: 81}]
12-02 21:42:04.157: I/Gecko(9523): ++DOMWINDOW == 3 (0xaf75f800) [pid = 9523] [serial = 3] [outer = 0xb0a9b800]
12-02 21:42:04.187: I/Gecko(8643): [Parent 8643] WARNING: No Document in SetRequestContext; can not query loadgroup; sending reports may fail.: file /home/fischer/Projects/gecko-dev/dom/security/nsCSPContext.cpp, line 603
12-02 21:42:04.327: I/Gecko(8643): [Parent 8643] WARNING: No Document in SetRequestContext; can not query loadgroup; sending reports may fail.: file /home/fischer/Projects/gecko-dev/dom/security/nsCSPContext.cpp, line 603
12-02 21:42:04.367: I/Gecko(8643): [Parent 8643] WARNING: No Document in SetRequestContext; can not query loadgroup; sending reports may fail.: file /home/fischer/Projects/gecko-dev/dom/security/nsCSPContext.cpp, line 603
12-02 21:42:04.367: I/Gecko(8643): [Parent 8643] WARNING: No Document in SetRequestContext; can not query loadgroup; sending reports may fail.: file /home/fischer/Projects/gecko-dev/dom/security/nsCSPContext.cpp, line 603
12-02 21:42:04.367: I/Gecko(8643): [Parent 8643] WARNING: No Document in SetRequestContext; can not query loadgroup; sending reports may fail.: file /home/fischer/Projects/gecko-dev/dom/security/nsCSPContext.cpp, line 603
12-02 21:42:04.377: I/Gecko(8643): [Parent 8643] WARNING: No Document in SetRequestContext; can not query loadgroup; sending reports may fail.: file /home/fischer/Projects/gecko-dev/dom/security/nsCSPContext.cpp, line 603
12-02 21:42:04.387: I/Gecko(8643): [Parent 8643] WARNING: No Document in SetRequestContext; can not query loadgroup; sending reports may fail.: file /home/fischer/Projects/gecko-dev/dom/security/nsCSPContext.cpp, line 603
12-02 21:42:04.387: I/Gecko(8643): [Parent 8643] WARNING: No Document in SetRequestContext; can not query loadgroup; sending reports may fail.: file /home/fischer/Projects/gecko-dev/dom/security/nsCSPContext.cpp, line 603
12-02 21:42:04.387: I/Gecko(8643): [Parent 8643] WARNING: No Document in SetRequestContext; can not query loadgroup; sending reports may fail.: file /home/fischer/Projects/gecko-dev/dom/security/nsCSPContext.cpp, line 603
12-02 21:42:04.407: I/Gecko(8643): [Parent 8643] WARNING: No Document in SetRequestContext; can not query loadgroup; sending reports may fail.: file /home/fischer/Projects/gecko-dev/dom/security/nsCSPContext.cpp, line 603
12-02 21:42:04.407: I/Gecko(8643): [Parent 8643] WARNING: No Document in SetRequestContext; can not query loadgroup; sending reports may fail.: file /home/fischer/Projects/gecko-dev/dom/security/nsCSPContext.cpp, line 603
12-02 21:42:04.427: V/EventHub(8643): /dev/input/event1 got: time=6234.296394, type=3, code=57, value=102
12-02 21:42:04.427: V/EventHub(8643): event time 6234296394000, now 6234298942109
12-02 21:42:04.427: V/EventHub(8643): /dev/input/event1 got: time=6234.296394, type=3, code=53, value=309
12-02 21:42:04.427: V/EventHub(8643): event time 6234296394000, now 6234298942109
12-02 21:42:04.427: V/EventHub(8643): /dev/input/event1 got: time=6234.296394, type=3, code=54, value=1696
12-02 21:42:04.427: V/EventHub(8643): event time 6234296394000, now 6234298942109
12-02 21:42:04.427: V/EventHub(8643): /dev/input/event1 got: time=6234.296394, type=3, code=58, value=45
12-02 21:42:04.427: V/EventHub(8643): event time 6234296394000, now 6234298942109
12-02 21:42:04.427: V/EventHub(8643): /dev/input/event1 got: time=6234.296394, type=0, code=0, value=0
12-02 21:42:04.427: V/EventHub(8643): event time 6234296394000, now 6234298942109
12-02 21:42:04.517: I/Gecko(8643): [Parent 8643] WARNING: No Document in SetRequestContext; can not query loadgroup; sending reports may fail.: file /home/fischer/Projects/gecko-dev/dom/security/nsCSPContext.cpp, line 603
12-02 21:42:04.527: I/Gecko(8643): [Parent 8643] WARNING: No Document in SetRequestContext; can not query loadgroup; sending reports may fail.: file /home/fischer/Projects/gecko-dev/dom/security/nsCSPContext.cpp, line 603
12-02 21:42:04.537: V/EventHub(8643): /dev/input/event1 got: time=6234.404074, type=3, code=57, value=-1
12-02 21:42:04.537: V/EventHub(8643): event time 6234404074000, now 6234406590494
12-02 21:42:04.537: V/EventHub(8643): /dev/input/event1 got: time=6234.404074, type=0, code=0, value=0
12-02 21:42:04.537: V/EventHub(8643): event time 6234404074000, now 6234406590494
12-02 21:42:04.607: I/Gecko(8643): [Parent 8643] WARNING: A control runnable was posted to a worker that is already shutting down!: file /home/fischer/Projects/gecko-dev/dom/workers/WorkerPrivate.cpp, line 2337
12-02 21:42:04.607: I/Gecko(8643): [Parent 8643] WARNING: A control runnable was posted to a worker that is already shutting down!: file /home/fischer/Projects/gecko-dev/dom/workers/WorkerPrivate.cpp, line 2337
12-02 21:42:04.647: I/Gecko(8643): [Parent 8643] WARNING: No Document in SetRequestContext; can not query loadgroup; sending reports may fail.: file /home/fischer/Projects/gecko-dev/dom/security/nsCSPContext.cpp, line 603
12-02 21:42:04.647: I/Gecko(8643): [Parent 8643] WARNING: No Document in SetRequestContext; can not query loadgroup; sending reports may fail.: file /home/fischer/Projects/gecko-dev/dom/security/nsCSPContext.cpp, line 603
12-02 21:42:04.747: I/Gecko(8643): [Parent 8643] WARNING: No Document in SetRequestContext; can not query loadgroup; sending reports may fail.: file /home/fischer/Projects/gecko-dev/dom/security/nsCSPContext.cpp, line 603
12-02 21:42:04.747: I/Gecko(8643): [Parent 8643] WARNING: No Document in SetRequestContext; can not query loadgroup; sending reports may fail.: file /home/fischer/Projects/gecko-dev/dom/security/nsCSPContext.cpp, line 603
12-02 21:42:04.757: I/Gecko(8643): [Parent 8643] WARNING: No Document in SetRequestContext; can not query loadgroup; sending reports may fail.: file /home/fischer/Projects/gecko-dev/dom/security/nsCSPContext.cpp, line 603
12-02 21:42:04.757: I/Gecko(8643): [Parent 8643] WARNING: No Document in SetRequestContext; can not query loadgroup; sending reports may fail.: file /home/fischer/Projects/gecko-dev/dom/security/nsCSPContext.cpp, line 603
12-02 21:42:04.817: I/Gecko(8643): [Parent 8643] ###!!! ASSERTION: Double-freezing?: '!IsFrozen()', file ../../../../gecko-dev/dom/base/nsGlobalWindow.h, line 1534
12-02 21:42:04.817: I/Gecko(8643): [Parent 8643] ###!!! ASSERTION: Double-freezing?: '!IsFrozen()', file ../../../../gecko-dev/dom/base/nsGlobalWindow.h, line 1534
12-02 21:42:04.857: I/Gecko(8643): [Parent 8643] ###!!! ASSERTION: Double-freezing?: '!IsFrozen()', file ../../../../gecko-dev/dom/base/nsGlobalWindow.h, line 1534
12-02 21:42:04.857: I/Gecko(8643): [Parent 8643] ###!!! ASSERTION: Double-freezing?: '!IsFrozen()', file ../../../../gecko-dev/dom/base/nsGlobalWindow.h, line 1534
12-02 21:42:05.007: I/Gecko(8643): [Parent 8643] ###!!! ASSERTION: Double-freezing?: '!IsFrozen()', file ../../../../gecko-dev/dom/base/nsGlobalWindow.h, line 1534
12-02 21:42:05.007: I/Gecko(8643): [Parent 8643] ###!!! ASSERTION: Double-freezing?: '!IsFrozen()', file ../../../../gecko-dev/dom/base/nsGlobalWindow.h, line 1534
12-02 21:42:05.127: I/Gecko(8643): [Parent 8643] WARNING: No Document in SetRequestContext; can not query loadgroup; sending reports may fail.: file /home/fischer/Projects/gecko-dev/dom/security/nsCSPContext.cpp, line 603
12-02 21:42:05.127: I/Gecko(8643): [Parent 8643] WARNING: No Document in SetRequestContext; can not query loadgroup; sending reports may fail.: file /home/fischer/Projects/gecko-dev/dom/security/nsCSPContext.cpp, line 603
12-02 21:42:05.127: I/Gecko(8643): [Parent 8643] WARNING: No Document in SetRequestContext; can not query loadgroup; sending reports may fail.: file /home/fischer/Projects/gecko-dev/dom/security/nsCSPContext.cpp, line 603
12-02 21:42:05.137: I/Gecko(8643): [Parent 8643] WARNING: No Document in SetRequestContext; can not query loadgroup; sending reports may fail.: file /home/fischer/Projects/gecko-dev/dom/security/nsCSPContext.cpp, line 603
12-02 21:42:05.137: I/Gecko(8643): [Parent 8643] WARNING: No Document in SetRequestContext; can not query loadgroup; sending reports may fail.: file /home/fischer/Projects/gecko-dev/dom/security/nsCSPContext.cpp, line 603
12-02 21:42:05.137: I/Gecko(8643): [Parent 8643] WARNING: No Document in SetRequestContext; can not query loadgroup; sending reports may fail.: file /home/fischer/Projects/gecko-dev/dom/security/nsCSPContext.cpp, line 603
