12-03 02:59:09.366: I/GeckoDump(14848): WCA_prepareConsoleMessageForRemote/result.arguments<@resource://gre/modules/commonjs/toolkit/loader.js -> resource://devtools/server/actors/webconsole.js:1564:14
12-03 02:59:09.366: I/GeckoDump(14848): WCA_prepareConsoleMessageForRemote@resource://gre/modules/commonjs/toolkit/loader.js -> resource://devtools/server/actors/webconsole.js:1562:24
12-03 02:59:09.366: I/GeckoDump(14848): WCA_onConsoleAPICall@resource://gre/modules/commonjs/toolkit/loader.js -> resource://devtools/server/actors/webconsole.js:1370:16
12-03 02:59:09.366: I/GeckoDump(14848): CAL_observe@resource://gre/modules/commonjs/toolkit/loader.js -> resource://devtools/shared/webconsole/utils.js:959:5
12-03 02:59:09.366: I/GeckoDump(14848): CS_recordEvent@jar:file:///system/b2g/omni.ja!/components/ConsoleAPIStorage.js:137:5
12-03 02:59:09.366: I/GeckoDump(14848): exports.Service.registerState@app://system.gaiamobile.org/js/service.js:166:1
12-03 02:59:09.366: I/GeckoDump(14848): da_start@app://system.gaiamobile.org/js/dialer_agent.js:120:5
12-03 02:59:09.366: I/GeckoDump(14848): attwm_start/<@app://system.gaiamobile.org/js/attention_window_manager.js:127:11
12-03 02:59:09.366: I/GeckoDump(14848): Line: 306, column: 5
12-03 02:59:09.366: E/GeckoConsole(14848): [JavaScript Error: "ObjectActor.prototype.grip previewer function threw an exception: TypeError: this.parentActor.threadActor is undefined
12-03 02:59:09.366: E/GeckoConsole(14848): Stack: WebConsoleActor.prototype.globalDebugObject@resource://gre/modules/commonjs/toolkit/loader.js -> resource://devtools/server/actors/webconsole.js:306:5
12-03 02:59:09.366: E/GeckoConsole(14848): WCA_objectGrip/actor<.getGlobalDebugObject@resource://gre/modules/commonjs/toolkit/loader.js -> resource://devtools/server/actors/webconsole.js:465:35
12-03 02:59:09.366: E/GeckoConsole(14848): DebuggerServer.ObjectActorPreviewers.Function<@resource://gre/modules/commonjs/toolkit/loader.js -> resource://devtools/server/actors/object.js:956:21
12-03 02:59:09.366: E/GeckoConsole(14848): ObjectActor.prototype.grip@resource://gre/modules/commonjs/toolkit/loader.js -> resource://devtools/server/actors/object.js:123:15
12-03 02:59:09.366: E/GeckoConsole(14848): WCA_objectGrip@resource://gre/modules/commonjs/toolkit/loader.js -> resource://devtools/server/actors/webconsole.js:468:12
12-03 02:59:09.366: E/GeckoConsole(14848): createValueGrip@resource://gre/modules/commonjs/toolkit/loader.js -> resource://devtools/server/actors/object.js:1991:1
12-03 02:59:09.366: E/GeckoConsole(14848): WCA_createValueGrip@resource://gre/modules/commonj
12-03 02:59:09.386: W/GeckoConsole(14848): Content JS WARN: Service.registerState: Provider should have a name. [object Object] 
12-03 02:59:09.386: W/GeckoConsole(14848):     at exports.Service.registerState (app://system.gaiamobile.org/js/service.js:166:1)
12-03 02:59:09.506: I/Gecko(14848): -*-*- Webapps.jsm : _readManifests of {b0bc9f53-2954-8549-8dcf-ef2b59e8f961}
12-03 02:59:09.516: I/Gecko(14848): -*-*- Webapps.jsm : _readManifests of costcontrol.gaiamobile.org
12-03 02:59:09.526: I/Gecko(14848): -*-*- Webapps.jsm : _readManifests of default_theme.gaiamobile.org
12-03 02:59:09.546: I/Gecko(14848): -*-*- Webapps.jsm : _readManifests of findmydevice.gaiamobile.org
12-03 02:59:09.556: I/Gecko(14848): -*-*- Webapps.jsm : _readManifests of ftu.gaiamobile.org
12-03 02:59:09.556: I/Gecko(14848): -*-*- Webapps.jsm : _readManifests of keyboard.gaiamobile.org
12-03 02:59:09.566: I/Gecko(14848): -*-*- Webapps.jsm : _readManifests of operatorvariant.gaiamobile.org
12-03 02:59:09.916: I/Gecko(14848): -*-*- Webapps.jsm : _readManifests of ringtones.gaiamobile.org
12-03 02:59:10.206: I/Gecko(14848): -*-*- Webapps.jsm : _readManifests of settings.gaiamobile.org
12-03 02:59:10.376: I/Gecko(14848): -*-*- Webapps.jsm : _readManifests of bluetooth.gaiamobile.org
12-03 02:59:10.396: I/Gecko(14848): -*-*- Webapps.jsm : _readManifests of {9c78a561-86d4-ee41-ad55-e1831f5c1c14}
12-03 02:59:10.516: I/Gecko(14848): -*-*- Webapps.jsm : _readManifests of {bbabd02f-ea0c-1245-a72d-e6c4cb44d704}
12-03 02:59:10.586: I/Gecko(14848): -*-*- Webapps.jsm : _readManifests of {f68f84f5-9056-da42-943f-2eb97060cd74}
12-03 02:59:10.596: I/Gecko(14848): -*-*- Webapps.jsm : _readManifests of emergency-call.gaiamobile.org
12-03 02:59:10.596: I/Gecko(14848): -*-*- Webapps.jsm : _readManifests of homescreen.gaiamobile.org
12-03 02:59:10.606: I/Gecko(14848): -*-*- Webapps.jsm : _readManifests of pdfjs.gaiamobile.org
12-03 02:59:10.616: I/Gecko(14848): -*-*- Webapps.jsm : _readManifests of sync.gaiamobile.org
12-03 02:59:10.626: I/Gecko(14848): -*-*- Webapps.jsm : _readManifests of verticalhome.gaiamobile.org
12-03 02:59:10.636: I/Gecko(14848): -*-*- Webapps.jsm : _readManifests of wappush.gaiamobile.org
12-03 02:59:10.646: I/Gecko(14848): -*-*- Webapps.jsm : _readManifests of in_app_pay_test.gaiamobile.org
12-03 02:59:10.696: I/Gecko(14848): -*-*- Webapps.jsm : _readManifests of fm.gaiamobile.org
12-03 02:59:10.706: I/Gecko(14848): -*-*- Webapps.jsm : _readManifests of {239148df-4bc9-6f42-9d5e-6bb4b808fed2}
12-03 02:59:10.716: I/Gecko(14848): -*-*- Webapps.jsm : _readManifests of {9bd0ca0c-1343-3745-8fd0-9fb1db1b1af4}
12-03 02:59:10.716: I/Gecko(14848): -*-*- Webapps.jsm : _readManifests of bluetooth.gaiamobile.org
12-03 02:59:10.726: I/Gecko(14848): -*-*- Webapps.jsm : _readManifests of callscreen.gaiamobile.org
12-03 02:59:10.736: I/Gecko(14848): -*-*- Webapps.jsm : _readManifests of download.gaiamobile.org
12-03 02:59:10.836: I/Gecko(14848): ++DOMWINDOW == 7 (0xa6b7a000) [pid = 14848] [serial = 8] [outer = 0xa4774800]
12-03 02:59:10.846: I/Gecko(15092): [Child 15092] WARNING: NS_ENSURE_TRUE(XRE_IsParentProcess()) failed: file ../../../../gecko-dev/dom/base/nsFrameMessageManager.cpp, line 1600
12-03 02:59:10.876: I/Gecko(14848): -*-*- Webapps.jsm : _readManifests of bookmark.gaiamobile.org
12-03 02:59:10.886: I/Gecko(14848): -*-*- Webapps.jsm : _readManifests of network-alerts.gaiamobile.org
12-03 02:59:10.896: I/Gecko(14848): -*-*- Webapps.jsm : _readManifests of system.gaiamobile.org
12-03 02:59:10.906: I/Gecko(14848): -*-*- Webapps.jsm : _readManifests of marketplace-dev.allizom.org
12-03 02:59:10.916: I/Gecko(14848): -*-*- Webapps.jsm : _readManifests of {4770ee75-75be-0d4f-aaab-38e9b9f3f245}
12-03 02:59:10.916: I/Gecko(14848): -*-*- Webapps.jsm : _readManifests of geoloc.gaiamobile.org
12-03 02:59:10.926: I/Gecko(14848): -*-*- Webapps.jsm : _readManifests of membuster.gaiamobile.org
12-03 02:59:10.936: I/Gecko(14848): -*-*- Webapps.jsm : _readManifests of share-receiver.gaiamobile.org
12-03 02:59:10.946: I/Gecko(14848): -*-*- Webapps.jsm : _readManifests of test-agent.gaiamobile.org
12-03 02:59:10.966: I/Gecko(14848): -*-*- Webapps.jsm : _readManifests of fl.gaiamobile.org
12-03 02:59:10.976: I/Gecko(14848): -*-*- Webapps.jsm : _readManifests of wallpaper.gaiamobile.org
12-03 02:59:10.986: I/Gecko(14848): -*-*- Webapps.jsm : _readManifests of ds-test.gaiamobile.org
12-03 02:59:10.996: I/Gecko(14848): -*-*- Webapps.jsm : _readManifests of test-ime.gaiamobile.org
12-03 02:59:10.996: I/Gecko(14848): -*-*- Webapps.jsm : _readManifests of test-container.gaiamobile.org
12-03 02:59:11.006: I/Gecko(14848): -*-*- Webapps.jsm : _readManifests of test-iac-subscriber.gaiamobile.org
12-03 02:59:11.016: I/Gecko(14848): -*-*- Webapps.jsm : _readManifests of test-receiver-1.gaiamobile.org
12-03 02:59:11.026: I/Gecko(14848): -*-*- Webapps.jsm : _readManifests of test-receiver-inline.gaiamobile.org
12-03 02:59:11.036: I/Gecko(14848): -*-*- Webapps.jsm : _readManifests of test-wappush.gaiamobile.org
12-03 02:59:11.076: I/Gecko(14848): -*-*- Webapps.jsm : _readManifests of {b0bc9f53-2954-8549-8dcf-ef2b59e8f961}
12-03 02:59:11.076: I/Gecko(14848): -*-*- Webapps.jsm : _readManifests of costcontrol.gaiamobile.org
12-03 02:59:11.086: I/Gecko(14848): -*-*- Webapps.jsm : _readManifests of default_theme.gaiamobile.org
12-03 02:59:11.096: I/Gecko(14848): -*-*- Webapps.jsm : _readManifests of findmydevice.gaiamobile.org
12-03 02:59:11.096: I/Gecko(14848): -*-*- Webapps.jsm : _readManifests of ftu.gaiamobile.org
12-03 02:59:11.106: I/Gecko(14848): -*-*- Webapps.jsm : _readManifests of keyboard.gaiamobile.org
12-03 02:59:11.116: I/Gecko(14848): -*-*- Webapps.jsm : _readManifests of operatorvariant.gaiamobile.org
12-03 02:59:11.256: I/Gecko(14848): -*-*- Webapps.jsm : _readManifests of ringtones.gaiamobile.org
12-03 02:59:11.476: I/Gecko(14848): -*-*- Webapps.jsm : _readManifests of sharedtest.gaiamobile.org
12-03 02:59:11.486: I/Gecko(14848): -*-*- Webapps.jsm : _readManifests of l20n-app.gaiamobile.org
12-03 02:59:11.496: I/Gecko(14848): -*-*- Webapps.jsm : _readManifests of test-iac-publisher.gaiamobile.org
12-03 02:59:11.496: I/Gecko(14848): -*-*- Webapps.jsm : _readManifests of test-receiver-2.gaiamobile.org
12-03 02:59:11.516: I/Gecko(14848): -*-*- Webapps.jsm : _readManifests of uitest.gaiamobile.org
12-03 02:59:11.526: I/Gecko(14848): -*-*- Webapps.jsm : _readManifests of contacts-manager.gaiamobile.org
12-03 02:59:11.536: I/Gecko(14848): -*-*- Webapps.jsm : _readManifests of contacts-ds-provider2.gaiamobile.org
12-03 02:59:11.546: I/Gecko(15006): --DOMWINDOW == 2 (0xafa65800) [pid = 15006] [serial = 2] [outer = 0x0] [url = about:blank]
12-03 02:59:11.556: I/Gecko(14848): -*-*- Webapps.jsm : _readManifests of theme-test-1.gaiamobile.org
12-03 02:59:11.586: I/Gecko(14848): -*-*- Webapps.jsm : _readManifests of theme-test-3.gaiamobile.org
12-03 02:59:11.666: I/Gecko(14848): -*-*- Webapps.jsm : _readManifests of {f68f84f5-9056-da42-943f-2eb97060cd74}
12-03 02:59:11.686: I/Gecko(14848): -*-*- Webapps.jsm : _readManifests of emergency-call.gaiamobile.org
12-03 02:59:11.716: I/Gecko(14848): -*-*- Webapps.jsm : _readManifests of homescreen.gaiamobile.org
12-03 02:59:11.726: I/Gecko(14848): -*-*- Webapps.jsm : _readManifests of pdfjs.gaiamobile.org
12-03 02:59:11.906: I/Gecko(14848): -*-*- Webapps.jsm : _readManifests of sync.gaiamobile.org
12-03 02:59:12.086: I/Gecko(14848): -*-*- Webapps.jsm : _readManifests of verticalhome.gaiamobile.org
12-03 02:59:12.086: I/Gecko(14848): -*-*- Webapps.jsm : _readManifests of wappush.gaiamobile.org
12-03 02:59:12.096: I/Gecko(14848): -*-*- Webapps.jsm : _readManifests of in_app_pay_test.gaiamobile.org
12-03 02:59:12.166: I/GeckoDump(14848): DeveloperHUD: [app://system.gaiamobile.org/manifest.webapp] Warning (console)
12-03 02:59:12.176: I/Gecko(14848): XXX FIXME : Dispatch a developer-hud-update: undefined
12-03 02:59:12.176: I/Gecko(14848): [Parent 14848] WARNING: 'NS_FAILED(rv)', file /home/fischer/Projects/gecko-dev/dom/base/nsXMLHttpRequest.cpp, line 2929
12-03 02:59:12.196: I/Gecko(14848): -*-*- Webapps.jsm : _readManifests of bookmark.gaiamobile.org
12-03 02:59:12.206: I/Gecko(14848): -*-*- Webapps.jsm : _readManifests of network-alerts.gaiamobile.org
12-03 02:59:12.216: I/Gecko(14848): -*-*- Webapps.jsm : _readManifests of system.gaiamobile.org
12-03 02:59:12.226: I/Gecko(14848): -*-*- Webapps.jsm : _readManifests of marketplace-dev.allizom.org
12-03 02:59:12.276: I/Gecko(14848): -*-*- Webapps.jsm : _readManifests of {4770ee75-75be-0d4f-aaab-38e9b9f3f245}
12-03 02:59:12.336: I/Gecko(15092): ++DOMWINDOW == 2 (0xafa59800) [pid = 15092] [serial = 2] [outer = 0xb0a98800]
12-03 02:59:12.386: I/Gecko(15092): [Child 15092] WARNING: NS_ENSURE_TRUE(startupCache) failed: file /home/fischer/Projects/gecko-dev/dom/xbl/nsXBLDocumentInfo.cpp, line 199
12-03 02:59:12.396: I/Gecko(15092): [Child 15092] WARNING: NS_ENSURE_TRUE(startupCache) failed: file /home/fischer/Projects/gecko-dev/dom/xbl/nsXBLDocumentInfo.cpp, line 267
12-03 02:59:12.396: I/Gecko(14848): -*-*- Webapps.jsm : _readManifests of geoloc.gaiamobile.org
12-03 02:59:12.406: I/Gecko(14848): -*-*- Webapps.jsm : _readManifests of membuster.gaiamobile.org
12-03 02:59:12.426: I/Gecko(14848): -*-*- Webapps.jsm : _readManifests of share-receiver.gaiamobile.org
12-03 02:59:12.516: I/Gecko(14848): -*-*- Webapps.jsm : _readManifests of test-agent.gaiamobile.org
12-03 02:59:12.576: I/Gecko(14848): -*-*- Webapps.jsm : _readManifests of fl.gaiamobile.org
12-03 02:59:12.586: I/Gecko(14848): -*-*- Webapps.jsm : _readManifests of wallpaper.gaiamobile.org
12-03 02:59:12.606: I/Gecko(14848): -*-*- Webapps.jsm : _readManifests of ds-test.gaiamobile.org
12-03 02:59:12.606: I/Gecko(14848): -*-*- Webapps.jsm : _readManifests of test-ime.gaiamobile.org
12-03 02:59:12.666: I/Gecko(14848): -*-*- Webapps.jsm : _readManifests of test-container.gaiamobile.org
12-03 02:59:12.676: I/Gecko(14848): -*-*- Webapps.jsm : _readManifests of test-iac-subscriber.gaiamobile.org
12-03 02:59:12.686: I/Gecko(14848): -*-*- Webapps.jsm : _readManifests of test-receiver-1.gaiamobile.org
12-03 02:59:12.696: I/Gecko(14848): -*-*- Webapps.jsm : _readManifests of test-receiver-inline.gaiamobile.org
12-03 02:59:12.706: I/Gecko(14848): -*-*- Webapps.jsm : _readManifests of test-wappush.gaiamobile.org
12-03 02:59:12.896: I/Gecko(14848): -*-*- Webapps.jsm : _readManifests of sharedtest.gaiamobile.org
12-03 02:59:12.906: I/Gecko(14848): -*-*- Webapps.jsm : _readManifests of l20n-app.gaiamobile.org
12-03 02:59:12.916: I/Gecko(14848): -*-*- Webapps.jsm : _readManifests of test-iac-publisher.gaiamobile.org
12-03 02:59:12.916: I/Gecko(14848): -*-*- Webapps.jsm : _readManifests of test-receiver-2.gaiamobile.org
12-03 02:59:12.926: I/Gecko(14848): -*-*- Webapps.jsm : _readManifests of uitest.gaiamobile.org
12-03 02:59:12.936: I/Gecko(14848): -*-*- Webapps.jsm : _readManifests of contacts-manager.gaiamobile.org
12-03 02:59:12.946: I/Gecko(14848): -*-*- Webapps.jsm : _readManifests of contacts-ds-provider2.gaiamobile.org
12-03 02:59:12.956: I/Gecko(14848): -*-*- Webapps.jsm : _readManifests of theme-test-1.gaiamobile.org
12-03 02:59:12.966: I/Gecko(14848): -*-*- Webapps.jsm : _readManifests of theme-test-3.gaiamobile.org
12-03 02:59:13.426: I/Gecko(14848): -*-*- Webapps.jsm : _readManifests of marketplace.allizom.org
12-03 02:59:13.446: I/Gecko(14848): -*-*- Webapps.jsm : _readManifests of template.gaiamobile.org
12-03 02:59:13.506: I/Gecko(14848): -*-*- Webapps.jsm : _readManifests of test-otasp.gaiamobile.org
12-03 02:59:13.526: I/Gecko(14848): -*-*- Webapps.jsm : _readManifests of test-startup-limit.gaiamobile.org
12-03 02:59:13.546: I/Gecko(14848): -*-*- Webapps.jsm : _readManifests of uitest-privileged.gaiamobile.org
12-03 02:59:13.596: I/Gecko(14848): -*-*- Webapps.jsm : _readManifests of contacts-ds-provider1.gaiamobile.org
12-03 02:59:13.606: I/Gecko(14848): -*-*- Webapps.jsm : _readManifests of mobile-wallet.gaiamobile.org
12-03 02:59:13.616: I/Gecko(14848): -*-*- Webapps.jsm : _readManifests of theme-test-2.gaiamobile.org
12-03 02:59:13.716: I/Gecko(14848): -*-*- Webapps.jsm : _readManifests of nfc-api-test.gaiamobile.org
12-03 02:59:13.756: I/GeckoConsole(14848): Content JS LOG: defaultAdapter changed. address: 00:00:00:00:00:00 
12-03 02:59:13.756: I/GeckoConsole(14848):     at onManagerAttributeChanged (app://callscreen.gaiamobile.org/shared/js/bluetooth_helper.js:69:1)
12-03 02:59:13.756: I/Gecko(14848): -*-*- Webapps.jsm : _readManifests of music-oga.gaiamobile.org
12-03 02:59:13.786: I/Gecko(14848): -*-*- Webapps.jsm : _readManifests of addon1.gaiamobile.org
12-03 02:59:13.786: I/Gecko(14848): [Parent 14848] ###!!! ASSERTION: QueryInterface needed: 'query_result.get() == mRawPtr', file ../../dist/include/nsCOMPtr.h, line 415
12-03 02:59:13.866: I/Gecko(14848): -*-*- Webapps.jsm : _readManifests of addon2.gaiamobile.org
12-03 02:59:13.886: I/Gecko(14848): -*-*- Webapps.jsm : _readManifests of addon3.gaiamobile.org
12-03 02:59:13.926: D/skia(14848): Running dynamic CPU feature detection
12-03 02:59:13.926: D/skia(14848): START /proc/cpuinfo:
12-03 02:59:13.926: D/skia(14848): Processor	: ARMv7 Processor rev 0 (v7l)
12-03 02:59:13.926: D/skia(14848): processor	: 0
12-03 02:59:13.926: D/skia(14848): BogoMIPS	: 38.40
12-03 02:59:13.926: D/skia(14848): processor	: 1
12-03 02:59:13.926: D/skia(14848): BogoMIPS	: 38.40
12-03 02:59:13.926: D/skia(14848): processor	: 2
12-03 02:59:13.926: D/skia(14848): BogoMIPS	: 38.40
12-03 02:59:13.926: D/skia(14848): processor	: 3
12-03 02:59:13.926: D/skia(14848): BogoMIPS	: 38.40
12-03 02:59:13.926: D/skia(14848): Features	: swp half thumb fastmult vfp edsp neon vfpv3 tls vfpv4 idiva idivt 
12-03 02:59:13.926: D/skia(14848): CPU implementer	: 0x51
12-03 02:59:13.926: D/skia(14848): CPU architecture: 7
12-03 02:59:13.926: D/skia(14848): CPU variant	: 0x2
12-03 02:59:13.926: D/skia(14848): CPU part	: 0x06f
12-03 02:59:13.926: D/skia(14848): CPU revision	: 0
12-03 02:59:13.926: D/skia(14848): Hardware	: Qualcomm MSM 8974 HAMMERHEAD (Flattened Device Tree)
12-03 02:59:13.926: D/skia(14848): Revision	: 000b
12-03 02:59:13.926: D/skia(14848): Serial		: 0000000000000000
12-03 02:59:13.926: D/skia(14848): END /proc/cpuinfo
12-03 02:59:13.926: D/skia(14848): Device supports ARM NEON instructions!
12-03 02:59:13.946: I/Gecko(14848): [Parent 14848] ###!!! ASSERTION: why should we have flushed style again?: 'mPresShell && currentGeneration == mPresShell->GetPresContext()->GetRestyleGeneration()', file /home/fischer/Projects/gecko-dev/layout/style/nsComputedDOMStyle.cpp, line 722
12-03 02:59:13.976: I/Gecko(14848): -*-*- Webapps.jsm : _readManifests of {cdfe3c28-da45-5449-b5ce-df0ca27292bb}
12-03 02:59:13.986: I/Gecko(14848): -*-*- Webapps.jsm : _readManifests of communications.gaiamobile.org
12-03 02:59:13.986: I/Gecko(14848): -*-*- Webapps.jsm : _readManifests of communications.gaiamobile.org
12-03 02:59:14.006: I/Gecko(14848): -*-*- Webapps.jsm : _readManifests of sms.gaiamobile.org
12-03 02:59:14.026: I/Gecko(14848): -*-*- Webapps.jsm : _readManifests of sms.gaiamobile.org
12-03 02:59:14.036: I/Gecko(14848): -*-*- Webapps.jsm : _readManifests of communications.gaiamobile.org
12-03 02:59:14.046: I/Gecko(14848): -*-*- Webapps.jsm : _readManifests of communications.gaiamobile.org
12-03 02:59:14.056: I/Gecko(14848): -*-*- Webapps.jsm : _readManifests of email.gaiamobile.org
12-03 02:59:14.066: I/Gecko(14848): -*-*- Webapps.jsm : _readManifests of email.gaiamobile.org
12-03 02:59:14.076: I/Gecko(14848): -*-*- Webapps.jsm : _readManifests of search.gaiamobile.org
12-03 02:59:14.086: I/Gecko(14848): -*-*- Webapps.jsm : _readManifests of search.gaiamobile.org
12-03 02:59:14.096: I/Gecko(14848): -*-*- Webapps.jsm : _readManifests of camera.gaiamobile.org
12-03 02:59:14.106: I/Gecko(14848): -*-*- Webapps.jsm : _readManifests of camera.gaiamobile.org
12-03 02:59:14.116: I/(Preallocated app)(15092): PAC file installed from data: URI
12-03 02:59:14.126: I/Gecko(14848): -*-*- Webapps.jsm : _readManifests of gallery.gaiamobile.org
12-03 02:59:14.126: I/Gecko(14848): -*-*- Webapps.jsm : _readManifests of gallery.gaiamobile.org
12-03 02:59:14.136: I/Gecko(14848): -*-*- Webapps.jsm : _readManifests of music.gaiamobile.org
12-03 02:59:14.146: I/Gecko(14848): -*-*- Webapps.jsm : _readManifests of music.gaiamobile.org
12-03 02:59:14.156: I/Gecko(14848): -*-*- Webapps.jsm : _readManifests of video.gaiamobile.org
12-03 02:59:14.166: I/Gecko(14848): -*-*- Webapps.jsm : _readManifests of video.gaiamobile.org
12-03 02:59:14.166: I/Gecko(14848): -*-*- Webapps.jsm : _readManifests of marketplace.firefox.com
12-03 02:59:14.176: I/Gecko(14848): -*-*- Webapps.jsm : _readManifests of marketplace.firefox.com
12-03 02:59:14.186: I/Gecko(14848): -*-*- Webapps.jsm : _readManifests of calendar.gaiamobile.org
12-03 02:59:14.196: I/Gecko(14848): -*-*- Webapps.jsm : _readManifests of calendar.gaiamobile.org
12-03 02:59:14.216: I/Gecko(14848): -*-*- Webapps.jsm : _readManifests of clock.gaiamobile.org
12-03 02:59:14.216: I/Gecko(14848): -*-*- Webapps.jsm : _readManifests of clock.gaiamobile.org
12-03 02:59:14.226: I/Gecko(14848): -*-*- Webapps.jsm : _readManifests of settings.gaiamobile.org
12-03 02:59:14.236: I/Gecko(14848): -*-*- Webapps.jsm : _readManifests of settings.gaiamobile.org
12-03 02:59:14.246: I/Gecko(14848): -*-*- Webapps.jsm : _readManifests of fm.gaiamobile.org
12-03 02:59:14.256: I/Gecko(14848): -*-*- Webapps.jsm : _readManifests of fm.gaiamobile.org
12-03 02:59:14.266: I/Gecko(14848): -*-*- Webapps.jsm : _readManifests of {9c78a561-86d4-ee41-ad55-e1831f5c1c14}
12-03 02:59:14.276: I/Gecko(14848): -*-*- Webapps.jsm : _readManifests of {9c78a561-86d4-ee41-ad55-e1831f5c1c14}
12-03 02:59:14.286: I/Gecko(14848): -*-*- Webapps.jsm : _readManifests of {b0bc9f53-2954-8549-8dcf-ef2b59e8f961}
12-03 02:59:14.296: I/Gecko(14848): -*-*- Webapps.jsm : _readManifests of {b0bc9f53-2954-8549-8dcf-ef2b59e8f961}
12-03 02:59:14.306: I/Gecko(14848): -*-*- Webapps.jsm : _readManifests of {bbabd02f-ea0c-1245-a72d-e6c4cb44d704}
12-03 02:59:14.316: I/Gecko(14848): -*-*- Webapps.jsm : _readManifests of {bbabd02f-ea0c-1245-a72d-e6c4cb44d704}
12-03 02:59:14.336: I/Gecko(14848): -*-*- Webapps.jsm : _readManifests of {239148df-4bc9-6f42-9d5e-6bb4b808fed2}
12-03 02:59:14.336: I/Gecko(14848): -*-*- Webapps.jsm : _readManifests of {239148df-4bc9-6f42-9d5e-6bb4b808fed2}
12-03 02:59:14.346: I/Gecko(14848): -*-*- Webapps.jsm : _readManifests of {f68f84f5-9056-da42-943f-2eb97060cd74}
12-03 02:59:14.356: I/Gecko(14848): -*-*- Webapps.jsm : _readManifests of {f68f84f5-9056-da42-943f-2eb97060cd74}
12-03 02:59:14.366: I/Gecko(14848): -*-*- Webapps.jsm : _readManifests of {9bd0ca0c-1343-3745-8fd0-9fb1db1b1af4}
12-03 02:59:14.376: I/Gecko(14848): -*-*- Webapps.jsm : _readManifests of {9bd0ca0c-1343-3745-8fd0-9fb1db1b1af4}
12-03 02:59:14.386: I/Gecko(14848): -*-*- Webapps.jsm : _readManifests of costcontrol.gaiamobile.org
12-03 02:59:14.396: I/Gecko(14848): -*-*- Webapps.jsm : _readManifests of costcontrol.gaiamobile.org
12-03 02:59:14.396: I/Gecko(14848): -*-*- Webapps.jsm : _readManifests of bluetooth.gaiamobile.org
12-03 02:59:14.406: I/Gecko(14848): -*-*- Webapps.jsm : _readManifests of bluetooth.gaiamobile.org
12-03 02:59:14.416: I/Gecko(14848): -*-*- Webapps.jsm : _readManifests of bookmark.gaiamobile.org
12-03 02:59:14.416: I/Gecko(14848): -*-*- Webapps.jsm : _readManifests of bookmark.gaiamobile.org
12-03 02:59:14.426: I/Gecko(14848): -*-*- Webapps.jsm : _readManifests of callscreen.gaiamobile.org
12-03 02:59:14.436: I/Gecko(14848): -*-*- Webapps.jsm : _readManifests of callscreen.gaiamobile.org
12-03 02:59:14.456: I/Gecko(14848): -*-*- Webapps.jsm : _readManifests of default_theme.gaiamobile.org
12-03 02:59:14.466: I/Gecko(14848): -*-*- Webapps.jsm : _readManifests of default_theme.gaiamobile.org
12-03 02:59:14.476: I/Gecko(14848): -*-*- Webapps.jsm : _readManifests of download.gaiamobile.org
12-03 02:59:14.486: I/Gecko(14848): -*-*- Webapps.jsm : _readManifests of download.gaiamobile.org
12-03 02:59:14.506: I/Gecko(14848): -*-*- Webapps.jsm : _readManifests of emergency-call.gaiamobile.org
12-03 02:59:14.516: I/Gecko(14848): -*-*- Webapps.jsm : _readManifests of emergency-call.gaiamobile.org
12-03 02:59:14.526: I/Gecko(14848): -*-*- Webapps.jsm : _readManifests of findmydevice.gaiamobile.org
12-03 02:59:14.576: I/Gecko(14848): -*-*- Webapps.jsm : _readManifests of findmydevice.gaiamobile.org
12-03 02:59:14.586: I/Gecko(14848): -*-*- Webapps.jsm : _readManifests of fl.gaiamobile.org
12-03 02:59:14.596: I/Gecko(14848): -*-*- Webapps.jsm : _readManifests of fl.gaiamobile.org
12-03 02:59:14.606: I/Gecko(14848): -*-*- Webapps.jsm : _readManifests of ftu.gaiamobile.org
12-03 02:59:14.616: I/Gecko(14848): -*-*- Webapps.jsm : _readManifests of ftu.gaiamobile.org
12-03 02:59:14.626: I/Gecko(14848): -*-*- Webapps.jsm : _readManifests of homescreen.gaiamobile.org
12-03 02:59:14.626: I/Gecko(14848): -*-*- Webapps.jsm : _readManifests of homescreen.gaiamobile.org
12-03 02:59:14.636: I/Gecko(14848): -*-*- Webapps.jsm : _readManifests of keyboard.gaiamobile.org
12-03 02:59:14.646: I/Gecko(14848): -*-*- Webapps.jsm : _readManifests of keyboard.gaiamobile.org
12-03 02:59:14.656: I/Gecko(14848): -*-*- Webapps.jsm : _readManifests of network-alerts.gaiamobile.org
12-03 02:59:14.656: I/Gecko(14848): -*-*- Webapps.jsm : _readManifests of network-alerts.gaiamobile.org
12-03 02:59:14.666: I/Gecko(14848): -*-*- Webapps.jsm : _readManifests of operatorvariant.gaiamobile.org
12-03 02:59:14.676: I/Gecko(14848): -*-*- Webapps.jsm : _readManifests of operatorvariant.gaiamobile.org
12-03 02:59:14.686: I/Gecko(14848): -*-*- Webapps.jsm : _readManifests of pdfjs.gaiamobile.org
12-03 02:59:14.706: I/Gecko(14848): -*-*- Webapps.jsm : _readManifests of pdfjs.gaiamobile.org
12-03 02:59:14.756: I/Gecko(14848): -*-*- Webapps.jsm : _readManifests of ringtones.gaiamobile.org
12-03 02:59:14.756: I/Gecko(14848): -*-*- Webapps.jsm : _readManifests of ringtones.gaiamobile.org
12-03 02:59:14.766: I/Gecko(14848): -*-*- Webapps.jsm : _readManifests of sharedtest.gaiamobile.org
12-03 02:59:14.776: I/Gecko(14848): -*-*- Webapps.jsm : _readManifests of sharedtest.gaiamobile.org
12-03 02:59:14.786: I/Gecko(14848): -*-*- Webapps.jsm : _readManifests of sync.gaiamobile.org
12-03 02:59:14.796: I/Gecko(14848): -*-*- Webapps.jsm : _readManifests of sync.gaiamobile.org
12-03 02:59:14.806: I/Gecko(14848): -*-*- Webapps.jsm : _readManifests of system.gaiamobile.org
12-03 02:59:14.806: I/Gecko(14848): -*-*- Webapps.jsm : _readManifests of system.gaiamobile.org
12-03 02:59:14.816: I/Gecko(14848): -*-*- Webapps.jsm : _readManifests of verticalhome.gaiamobile.org
12-03 02:59:14.826: I/Gecko(14848): -*-*- Webapps.jsm : _readManifests of verticalhome.gaiamobile.org
12-03 02:59:14.836: I/Gecko(14848): -*-*- Webapps.jsm : _readManifests of wallpaper.gaiamobile.org
12-03 02:59:14.846: I/Gecko(14848): -*-*- Webapps.jsm : _readManifests of wallpaper.gaiamobile.org
12-03 02:59:14.856: I/Gecko(14848): -*-*- Webapps.jsm : _readManifests of wappush.gaiamobile.org
12-03 02:59:14.866: I/Gecko(14848): -*-*- Webapps.jsm : _readManifests of wappush.gaiamobile.org
12-03 02:59:14.876: I/Gecko(14848): -*-*- Webapps.jsm : _readManifests of marketplace-dev.allizom.org
12-03 02:59:14.886: I/Gecko(14848): -*-*- Webapps.jsm : _readManifests of marketplace-dev.allizom.org
12-03 02:59:14.896: I/Gecko(14848): -*-*- Webapps.jsm : _readManifests of in_app_pay_test.gaiamobile.org
12-03 02:59:14.906: I/Gecko(14848): -*-*- Webapps.jsm : _readManifests of in_app_pay_test.gaiamobile.org
12-03 02:59:14.916: I/Gecko(14848): -*-*- Webapps.jsm : _readManifests of marketplace.allizom.org
12-03 02:59:14.926: I/Gecko(14848): -*-*- Webapps.jsm : _readManifests of {4770ee75-75be-0d4f-aaab-38e9b9f3f245}
12-03 02:59:14.936: I/Gecko(14848): -*-*- Webapps.jsm : _readManifests of {4770ee75-75be-0d4f-aaab-38e9b9f3f245}
12-03 02:59:14.936: I/Gecko(14848): -*-*- Webapps.jsm : _readManifests of ds-test.gaiamobile.org
12-03 02:59:14.946: I/Gecko(14848): -*-*- Webapps.jsm : _readManifests of ds-test.gaiamobile.org
12-03 02:59:14.956: I/Gecko(14848): -*-*- Webapps.jsm : _readManifests of geoloc.gaiamobile.org
12-03 02:59:14.966: I/Gecko(14848): -*-*- Webapps.jsm : _readManifests of geoloc.gaiamobile.org
12-03 02:59:14.976: I/Gecko(14848): -*-*- Webapps.jsm : _readManifests of l20n-app.gaiamobile.org
12-03 02:59:14.986: I/Gecko(14848): -*-*- Webapps.jsm : _readManifests of l20n-app.gaiamobile.org
12-03 02:59:14.986: I/Gecko(14848): -*-*- Webapps.jsm : _readManifests of membuster.gaiamobile.org
12-03 02:59:14.996: I/Gecko(14848): -*-*- Webapps.jsm : _readManifests of membuster.gaiamobile.org
12-03 02:59:15.006: I/Gecko(14848): -*-*- Webapps.jsm : _readManifests of test-ime.gaiamobile.org
12-03 02:59:15.016: I/Gecko(14848): -*-*- Webapps.jsm : _readManifests of test-ime.gaiamobile.org
12-03 02:59:15.026: I/Gecko(14848): -*-*- Webapps.jsm : _readManifests of share-receiver.gaiamobile.org
12-03 02:59:15.036: I/Gecko(14848): -*-*- Webapps.jsm : _readManifests of share-receiver.gaiamobile.org
12-03 02:59:15.046: I/Gecko(14848): -*-*- Webapps.jsm : _readManifests of template.gaiamobile.org
12-03 02:59:15.056: I/Gecko(14848): -*-*- Webapps.jsm : _readManifests of test-agent.gaiamobile.org
12-03 02:59:15.076: I/Gecko(14848): -*-*- Webapps.jsm : _readManifests of test-agent.gaiamobile.org
12-03 02:59:15.086: I/Gecko(14848): -*-*- Webapps.jsm : _readManifests of test-container.gaiamobile.org
12-03 02:59:15.096: I/Gecko(14848): -*-*- Webapps.jsm : _readManifests of test-container.gaiamobile.org
12-03 02:59:15.106: I/Gecko(14848): -*-*- Webapps.jsm : _readManifests of test-iac-publisher.gaiamobile.org
12-03 02:59:15.116: I/Gecko(14848): -*-*- Webapps.jsm : _readManifests of test-iac-publisher.gaiamobile.org
12-03 02:59:15.126: I/Gecko(14848): -*-*- Webapps.jsm : _readManifests of test-iac-subscriber.gaiamobile.org
12-03 02:59:15.136: I/Gecko(14848): -*-*- Webapps.jsm : _readManifests of test-iac-subscriber.gaiamobile.org
12-03 02:59:15.146: I/Gecko(14848): -*-*- Webapps.jsm : _readManifests of test-otasp.gaiamobile.org
12-03 02:59:15.146: I/Gecko(14848): -*-*- Webapps.jsm : _readManifests of test-receiver-1.gaiamobile.org
12-03 02:59:15.156: I/Gecko(14848): -*-*- Webapps.jsm : _readManifests of test-receiver-1.gaiamobile.org
12-03 02:59:15.166: I/Gecko(14848): -*-*- Webapps.jsm : _readManifests of test-receiver-2.gaiamobile.org
12-03 02:59:15.176: I/Gecko(14848): -*-*- Webapps.jsm : _readManifests of test-receiver-2.gaiamobile.org
12-03 02:59:15.186: I/Gecko(14848): -*-*- Webapps.jsm : _readManifests of test-receiver-inline.gaiamobile.org
12-03 02:59:15.196: I/Gecko(14848): -*-*- Webapps.jsm : _readManifests of test-receiver-inline.gaiamobile.org
12-03 02:59:15.206: I/Gecko(14848): -*-*- Webapps.jsm : _readManifests of test-startup-limit.gaiamobile.org
12-03 02:59:15.216: I/Gecko(14848): -*-*- Webapps.jsm : _readManifests of test-wappush.gaiamobile.org
12-03 02:59:15.216: I/Gecko(14848): -*-*- Webapps.jsm : _readManifests of test-wappush.gaiamobile.org
12-03 02:59:15.226: I/Gecko(14848): -*-*- Webapps.jsm : _readManifests of uitest.gaiamobile.org
12-03 02:59:15.236: I/Gecko(14848): -*-*- Webapps.jsm : _readManifests of uitest.gaiamobile.org
12-03 02:59:15.246: I/Gecko(14848): -*-*- Webapps.jsm : _readManifests of uitest-privileged.gaiamobile.org
12-03 02:59:15.256: I/Gecko(14848): -*-*- Webapps.jsm : _readManifests of contacts-manager.gaiamobile.org
12-03 02:59:15.266: I/Gecko(14848): -*-*- Webapps.jsm : _readManifests of contacts-manager.gaiamobile.org
12-03 02:59:15.276: I/Gecko(14848): -*-*- Webapps.jsm : _readManifests of contacts-ds-provider1.gaiamobile.org
12-03 02:59:15.296: I/Gecko(14848): -*-*- Webapps.jsm : _readManifests of contacts-ds-provider2.gaiamobile.org
12-03 02:59:15.336: I/Gecko(14848): -*-*- Webapps.jsm : _readManifests of contacts-ds-provider2.gaiamobile.org
12-03 02:59:15.346: I/Gecko(14848): -*-*- Webapps.jsm : _readManifests of mobile-wallet.gaiamobile.org
12-03 02:59:15.356: I/Gecko(14848): -*-*- Webapps.jsm : _readManifests of theme-test-1.gaiamobile.org
12-03 02:59:15.366: I/Gecko(14848): -*-*- Webapps.jsm : _readManifests of theme-test-1.gaiamobile.org
12-03 02:59:15.376: I/Gecko(14848): -*-*- Webapps.jsm : _readManifests of theme-test-2.gaiamobile.org
12-03 02:59:15.386: I/Gecko(14848): -*-*- Webapps.jsm : _readManifests of theme-test-2.gaiamobile.org
12-03 02:59:15.396: I/Gecko(14848): -*-*- Webapps.jsm : _readManifests of theme-test-3.gaiamobile.org
12-03 02:59:15.396: I/Gecko(14848): -*-*- Webapps.jsm : _readManifests of theme-test-3.gaiamobile.org
12-03 02:59:15.406: I/Gecko(14848): -*-*- Webapps.jsm : _readManifests of nfc-api-test.gaiamobile.org
12-03 02:59:15.416: I/Gecko(14848): -*-*- Webapps.jsm : _readManifests of music-oga.gaiamobile.org
12-03 02:59:15.436: I/Gecko(14848): -*-*- Webapps.jsm : _readManifests of addon1.gaiamobile.org
12-03 02:59:15.446: I/Gecko(14848): -*-*- Webapps.jsm : _readManifests of addon1.gaiamobile.org
12-03 02:59:15.456: I/Gecko(14848): -*-*- Webapps.jsm : _readManifests of addon2.gaiamobile.org
12-03 02:59:15.456: I/Gecko(14848): -*-*- Webapps.jsm : _readManifests of addon2.gaiamobile.org
12-03 02:59:15.466: I/Gecko(14848): -*-*- Webapps.jsm : _readManifests of addon3.gaiamobile.org
12-03 02:59:15.476: I/Gecko(14848): -*-*- Webapps.jsm : _readManifests of addon3.gaiamobile.org
12-03 02:59:15.486: I/Gecko(14848): -*-*- Webapps.jsm : _readManifests of {cdfe3c28-da45-5449-b5ce-df0ca27292bb}
12-03 02:59:15.516: I/GeckoConsole(14848): Content JS LOG: Error handling bluetooth request 
12-03 02:59:15.516: I/GeckoConsole(14848):     at BluetoothHelper/_handleRequest/request.onerror (app://callscreen.gaiamobile.org/shared/js/bluetooth_helper.js:39:7)
12-03 02:59:15.726: I/Gecko(14848): -*-*- Webapps.jsm : _readManifests of marketplace.allizom.org
12-03 02:59:15.796: I/Gecko(14848): -*-*- Webapps.jsm : _readManifests of template.gaiamobile.org
12-03 02:59:15.826: I/Gecko(14848): -*-*- Webapps.jsm : _readManifests of test-otasp.gaiamobile.org
12-03 02:59:15.866: I/Gecko(14848): -*-*- Webapps.jsm : _readManifests of test-startup-limit.gaiamobile.org
12-03 02:59:15.886: I/Gecko(14848): -*-*- Webapps.jsm : _readManifests of uitest-privileged.gaiamobile.org
12-03 02:59:15.956: I/Gecko(14848): -*-*- Webapps.jsm : _readManifests of contacts-ds-provider1.gaiamobile.org
12-03 02:59:15.976: I/Gecko(14848): -*-*- Webapps.jsm : _readManifests of mobile-wallet.gaiamobile.org
12-03 02:59:15.996: I/Gecko(14848): -*-*- Webapps.jsm : _readManifests of theme-test-2.gaiamobile.org
12-03 02:59:16.066: I/Gecko(14848): -*-*- Webapps.jsm : _readManifests of nfc-api-test.gaiamobile.org
12-03 02:59:16.126: I/Gecko(14848): -*-*- Webapps.jsm : _readManifests of music-oga.gaiamobile.org
12-03 02:59:16.146: V/EventHub(14848): /dev/input/event1 got: time=9120.071468, type=3, code=57, value=48
12-03 02:59:16.146: V/EventHub(14848): event time 9120071468000, now 9120073974912
12-03 02:59:16.146: V/EventHub(14848): /dev/input/event1 got: time=9120.071468, type=3, code=53, value=1079
12-03 02:59:16.146: V/EventHub(14848): event time 9120071468000, now 9120073974912
12-03 02:59:16.146: V/EventHub(14848): /dev/input/event1 got: time=9120.071468, type=3, code=54, value=1838
12-03 02:59:16.146: V/EventHub(14848): event time 9120071468000, now 9120073974912
12-03 02:59:16.146: V/EventHub(14848): /dev/input/event1 got: time=9120.071468, type=3, code=58, value=16
12-03 02:59:16.146: V/EventHub(14848): event time 9120071468000, now 9120073974912
12-03 02:59:16.146: V/EventHub(14848): /dev/input/event1 got: time=9120.071468, type=3, code=48, value=3
12-03 02:59:16.146: V/EventHub(14848): event time 9120071468000, now 9120073974912
12-03 02:59:16.146: V/EventHub(14848): /dev/input/event1 got: time=9120.071468, type=0, code=0, value=0
12-03 02:59:16.146: V/EventHub(14848): event time 9120071468000, now 9120073974912
12-03 02:59:16.156: V/EventHub(14848): /dev/input/event1 got: time=9120.079356, type=3, code=54, value=1836
12-03 02:59:16.156: V/EventHub(14848): event time 9120079356000, now 9120083302828
12-03 02:59:16.156: V/EventHub(14848): /dev/input/event1 got: time=9120.079356, type=3, code=58, value=17
12-03 02:59:16.156: V/EventHub(14848): event time 9120079356000, now 9120083302828
12-03 02:59:16.156: V/EventHub(14848): /dev/input/event1 got: time=9120.079356, type=0, code=0, value=0
12-03 02:59:16.156: V/EventHub(14848): event time 9120079356000, now 9120083302828
12-03 02:59:16.166: V/EventHub(14848): /dev/input/event1 got: time=9120.087711, type=3, code=57, value=-1
12-03 02:59:16.166: V/EventHub(14848): event time 9120087711000, now 9120090189652
12-03 02:59:16.166: V/EventHub(14848): /dev/input/event1 got: time=9120.087711, type=0, code=0, value=0
12-03 02:59:16.166: V/EventHub(14848): event time 9120087711000, now 9120090189652
12-03 02:59:16.176: I/Gecko(14848): -*-*- Webapps.jsm : _readManifests of addon1.gaiamobile.org
12-03 02:59:16.256: I/Gecko(14848): -*-*- Webapps.jsm : _readManifests of addon2.gaiamobile.org
12-03 02:59:16.266: I/Gecko(14848): -*-*- Webapps.jsm : _readManifests of addon3.gaiamobile.org
12-03 02:59:16.346: I/Gecko(14848): -*-*- Webapps.jsm : _readManifests of {cdfe3c28-da45-5449-b5ce-df0ca27292bb}
12-03 02:59:16.346: I/Gecko(14848): -*-*- Webapps.jsm : _readManifests of communications.gaiamobile.org
12-03 02:59:16.376: I/Gecko(14848): -*-*- Webapps.jsm : _readManifests of sms.gaiamobile.org
12-03 02:59:16.416: I/Gecko(14848): -*-*- Webapps.jsm : _readManifests of communications.gaiamobile.org
12-03 02:59:16.476: I/Gecko(14848): -*-*- Webapps.jsm : _readManifests of email.gaiamobile.org
12-03 02:59:16.506: I/Gecko(14848): -*-*- Webapps.jsm : _readManifests of search.gaiamobile.org
12-03 02:59:16.646: I/Gecko(14848): -*-*- Webapps.jsm : _readManifests of camera.gaiamobile.org
12-03 02:59:16.696: I/Gecko(14848): -*-*- Webapps.jsm : _readManifests of gallery.gaiamobile.org
12-03 02:59:16.706: I/Gecko(14848): -*-*- Webapps.jsm : _readManifests of music.gaiamobile.org
12-03 02:59:16.716: I/Gecko(14848): -*-*- Webapps.jsm : _readManifests of video.gaiamobile.org
12-03 02:59:16.716: I/Gecko(14848): -*-*- Webapps.jsm : _readManifests of marketplace.firefox.com
12-03 02:59:16.926: I/Gecko(14848): -*-*- Webapps.jsm : _readManifests of calendar.gaiamobile.org
12-03 02:59:16.946: I/Gecko(14848): -*-*- Webapps.jsm : _readManifests of clock.gaiamobile.org
12-03 02:59:17.026: I/Gecko(14848): -*-*- Webapps.jsm : _readManifests of settings.gaiamobile.org
12-03 02:59:17.036: I/Gecko(14848): -*-*- Webapps.jsm : _readManifests of fm.gaiamobile.org
12-03 02:59:17.106: I/Gecko(14848): -*-*- Webapps.jsm : _readManifests of {9c78a561-86d4-ee41-ad55-e1831f5c1c14}
12-03 02:59:17.116: I/Gecko(14848): -*-*- Webapps.jsm : _readManifests of {b0bc9f53-2954-8549-8dcf-ef2b59e8f961}
12-03 02:59:17.146: I/Gecko(14848): -*-*- Webapps.jsm : _readManifests of {bbabd02f-ea0c-1245-a72d-e6c4cb44d704}
12-03 02:59:17.166: I/Gecko(14848): -*-*- Webapps.jsm : _readManifests of {239148df-4bc9-6f42-9d5e-6bb4b808fed2}
12-03 02:59:17.246: I/Gecko(14848): -*-*- Webapps.jsm : _readManifests of {f68f84f5-9056-da42-943f-2eb97060cd74}
12-03 02:59:17.266: I/Gecko(14848): -*-*- Webapps.jsm : _readManifests of {9bd0ca0c-1343-3745-8fd0-9fb1db1b1af4}
12-03 02:59:17.286: I/Gecko(14848): -*-*- Webapps.jsm : _readManifests of costcontrol.gaiamobile.org
12-03 02:59:17.326: I/Gecko(14848): -*-*- Webapps.jsm : _readManifests of bluetooth.gaiamobile.org
12-03 02:59:17.406: I/Gecko(14848): -*-*- Webapps.jsm : _readManifests of bookmark.gaiamobile.org
12-03 02:59:17.426: E/Default Home Screen(15006): Content JS ERROR: Failed to retrieve icon [object DOMError] 
12-03 02:59:17.426: E/Default Home Screen(15006):     at proto.refresh/handleError (app://homescreen.gaiamobile.org/shared/elements/gaia-site-icon/script.js:559:11)
12-03 02:59:17.466: I/GeckoDump(14848): DeveloperHUD: [app://homescreen.gaiamobile.org/manifest.webapp] Error (console)
12-03 02:59:17.486: D/skia(14848): SkCairoFTTypeface::onFilterRec unimplemented
12-03 02:59:17.486: D/skia(14848): SkScalerContext_CairoFT::generateFontMetrics unimplemented
12-03 02:59:17.486: D/skia(14848): SkCairoFTTypeface::onFilterRec unimplemented
12-03 02:59:17.506: I/Gecko(14848): -*-*- Webapps.jsm : _readManifests of callscreen.gaiamobile.org
12-03 02:59:17.556: E/Default Home Screen(15006): Content JS ERROR: Failed to retrieve icon [object DOMError] 
12-03 02:59:17.556: E/Default Home Screen(15006):     at proto.refresh/handleError (app://homescreen.gaiamobile.org/shared/elements/gaia-site-icon/script.js:559:11)
12-03 02:59:17.606: I/Gecko(14848): -*-*- Webapps.jsm : _readManifests of default_theme.gaiamobile.org
12-03 02:59:17.636: I/Gecko(14848): -*-*- Webapps.jsm : _readManifests of download.gaiamobile.org
12-03 02:59:17.676: I/Gecko(14848): -*-*- Webapps.jsm : _readManifests of emergency-call.gaiamobile.org
12-03 02:59:17.686: I/GeckoDump(14848): DeveloperHUD: [app://homescreen.gaiamobile.org/manifest.webapp] Error (console)
12-03 02:59:17.686: D/skia(14848): SkCairoFTTypeface::onFilterRec unimplemented
12-03 02:59:17.696: D/skia(14848): SkCairoFTTypeface::onFilterRec unimplemented
12-03 02:59:17.696: I/AutoMounter(14848): UpdateState: ums:A0C0E0 mtp:A1C0E0 mode:0 usb:0 tryToShare:0 state:IDLE
12-03 02:59:17.696: I/AutoMounter(14848): UpdateState: Volume sdcard is Mounted and inserted @ /mnt/shell/emulated/0 gen 1 locked 0 sharing x
12-03 02:59:17.696: I/Gecko(14848): -*-*- Webapps.jsm : _readManifests of findmydevice.gaiamobile.org
12-03 02:59:17.796: I/Gecko(14848): -*-*- Webapps.jsm : _readManifests of fl.gaiamobile.org
12-03 02:59:17.836: E/Default Home Screen(15006): Content JS ERROR: Failed to retrieve icon [object DOMError] 
12-03 02:59:17.836: E/Default Home Screen(15006):     at proto.refresh/handleError (app://homescreen.gaiamobile.org/shared/elements/gaia-site-icon/script.js:559:11)
12-03 02:59:17.846: I/Gecko(14848): -*-*- Webapps.jsm : _readManifests of ftu.gaiamobile.org
12-03 02:59:17.876: I/GeckoDump(14848): DeveloperHUD: [app://homescreen.gaiamobile.org/manifest.webapp] Error (console)
12-03 02:59:17.886: D/skia(14848): SkCairoFTTypeface::onFilterRec unimplemented
12-03 02:59:17.886: D/skia(14848): SkCairoFTTypeface::onFilterRec unimplemented
12-03 02:59:17.966: I/Gecko(14848): -*-*- Webapps.jsm : _readManifests of homescreen.gaiamobile.org
12-03 02:59:17.976: I/Gecko(14848): -*-*- Webapps.jsm : _readManifests of keyboard.gaiamobile.org
12-03 02:59:18.016: I/Gecko(14848): -*-*- Webapps.jsm : _readManifests of network-alerts.gaiamobile.org
12-03 02:59:18.036: I/Gecko(14848): -*-*- Webapps.jsm : _readManifests of operatorvariant.gaiamobile.org
12-03 02:59:18.056: E/Default Home Screen(15006): Content JS ERROR: Failed to retrieve icon [object DOMError] 
12-03 02:59:18.056: E/Default Home Screen(15006):     at proto.refresh/handleError (app://homescreen.gaiamobile.org/shared/elements/gaia-site-icon/script.js:559:11)
12-03 02:59:18.116: I/GeckoDump(14848): DeveloperHUD: [app://homescreen.gaiamobile.org/manifest.webapp] Error (console)
12-03 02:59:18.116: D/skia(14848): SkCairoFTTypeface::onFilterRec unimplemented
12-03 02:59:18.116: D/skia(14848): SkCairoFTTypeface::onFilterRec unimplemented
12-03 02:59:18.116: I/Gecko(14848): -*-*- Webapps.jsm : _readManifests of pdfjs.gaiamobile.org
12-03 02:59:18.186: I/Gecko(14848): -*-*- Webapps.jsm : _readManifests of ringtones.gaiamobile.org
12-03 02:59:18.276: E/Default Home Screen(15006): Content JS ERROR: Failed to retrieve icon [object DOMError] 
12-03 02:59:18.276: E/Default Home Screen(15006):     at proto.refresh/handleError (app://homescreen.gaiamobile.org/shared/elements/gaia-site-icon/script.js:559:11)
12-03 02:59:18.826: I/Gecko(14848): -*-*- Webapps.jsm : _readManifests of sharedtest.gaiamobile.org
12-03 02:59:18.866: I/Gecko(14848): -*-*- Webapps.jsm : _readManifests of sync.gaiamobile.org
12-03 02:59:18.886: I/Gecko(14848): -*-*- Webapps.jsm : _readManifests of system.gaiamobile.org
12-03 02:59:18.896: I/Gecko(14848): -*-*- Webapps.jsm : _readManifests of verticalhome.gaiamobile.org
12-03 02:59:18.906: I/Gecko(14848): -*-*- Webapps.jsm : _readManifests of wallpaper.gaiamobile.org
12-03 02:59:18.916: I/Gecko(14848): -*-*- Webapps.jsm : _readManifests of wappush.gaiamobile.org
12-03 02:59:18.926: I/Gecko(14848): -*-*- Webapps.jsm : _readManifests of marketplace-dev.allizom.org
12-03 02:59:18.936: I/Gecko(14848): -*-*- Webapps.jsm : _readManifests of in_app_pay_test.gaiamobile.org
12-03 02:59:18.946: I/Gecko(14848): -*-*- Webapps.jsm : _readManifests of marketplace.allizom.org
12-03 02:59:18.946: I/Gecko(14848): -*-*- Webapps.jsm : _readManifests of {4770ee75-75be-0d4f-aaab-38e9b9f3f245}
12-03 02:59:18.966: I/Gecko(14848): -*-*- Webapps.jsm : _readManifests of ds-test.gaiamobile.org
12-03 02:59:18.986: I/Gecko(14848): -*-*- Webapps.jsm : _readManifests of geoloc.gaiamobile.org
12-03 02:59:18.986: I/Gecko(14848): -*-*- Webapps.jsm : _readManifests of l20n-app.gaiamobile.org
12-03 02:59:18.996: I/Gecko(14848): -*-*- Webapps.jsm : _readManifests of membuster.gaiamobile.org
12-03 02:59:19.016: I/Gecko(14848): -*-*- Webapps.jsm : _readManifests of test-ime.gaiamobile.org
12-03 02:59:19.036: I/GeckoDump(14848): DeveloperHUD: [app://homescreen.gaiamobile.org/manifest.webapp] Error (console)
12-03 02:59:19.046: D/skia(14848): SkCairoFTTypeface::onFilterRec unimplemented
12-03 02:59:19.046: D/skia(14848): SkCairoFTTypeface::onFilterRec unimplemented
12-03 02:59:19.046: I/Gecko(14848): -*-*- Webapps.jsm : _readManifests of share-receiver.gaiamobile.org
12-03 02:59:19.056: I/Gecko(14848): -*-*- Webapps.jsm : _readManifests of template.gaiamobile.org
12-03 02:59:19.086: I/Gecko(14848): -*-*- Webapps.jsm : _readManifests of test-agent.gaiamobile.org
12-03 02:59:19.096: I/Gecko(14848): -*-*- Webapps.jsm : _readManifests of test-container.gaiamobile.org
12-03 02:59:19.136: I/Gecko(14848): -*-*- Webapps.jsm : _readManifests of test-iac-publisher.gaiamobile.org
12-03 02:59:19.196: I/Gecko(14848): -*-*- Webapps.jsm : _readManifests of test-iac-subscriber.gaiamobile.org
12-03 02:59:19.206: I/Gecko(14848): --DOMWINDOW == 6 (0xa4777000) [pid = 14848] [serial = 7] [outer = 0xa4774800] [url = about:blank]
12-03 02:59:19.666: I/Gecko(14848): -*-*- Webapps.jsm : _readManifests of test-otasp.gaiamobile.org
12-03 02:59:19.686: I/Gecko(14848): -*-*- Webapps.jsm : _readManifests of test-receiver-1.gaiamobile.org
12-03 02:59:19.706: I/Gecko(14848): -*-*- Webapps.jsm : _readManifests of test-receiver-2.gaiamobile.org
12-03 02:59:19.706: I/Gecko(14848): -*-*- Webapps.jsm : _readManifests of test-receiver-inline.gaiamobile.org
12-03 02:59:19.716: I/Gecko(14848): -*-*- Webapps.jsm : _readManifests of test-startup-limit.gaiamobile.org
12-03 02:59:19.776: I/Gecko(14848): -*-*- Webapps.jsm : _readManifests of test-wappush.gaiamobile.org
12-03 02:59:19.786: I/Gecko(14848): -*-*- Webapps.jsm : _readManifests of uitest.gaiamobile.org
12-03 02:59:19.806: I/Gecko(14848): -*-*- Webapps.jsm : _readManifests of uitest-privileged.gaiamobile.org
12-03 02:59:19.826: E/Default Home Screen(15006): Content JS ERROR: Failed to retrieve icon [object DOMError] 
12-03 02:59:19.826: E/Default Home Screen(15006):     at proto.refresh/handleError (app://homescreen.gaiamobile.org/shared/elements/gaia-site-icon/script.js:559:11)
12-03 02:59:19.826: I/Gecko(14848): -*-*- Webapps.jsm : _readManifests of contacts-manager.gaiamobile.org
12-03 02:59:19.866: I/GeckoDump(14848): DeveloperHUD: [app://homescreen.gaiamobile.org/manifest.webapp] Error (console)
12-03 02:59:19.876: D/skia(14848): SkCairoFTTypeface::onFilterRec unimplemented
12-03 02:59:19.876: D/skia(14848): SkCairoFTTypeface::onFilterRec unimplemented
12-03 02:59:19.896: I/Gecko(14848): -*-*- Webapps.jsm : _readManifests of contacts-ds-provider1.gaiamobile.org
12-03 02:59:19.916: I/Gecko(14848): -*-*- Webapps.jsm : _readManifests of contacts-ds-provider2.gaiamobile.org
12-03 02:59:19.936: I/GeckoDump(14848): XXX FIXME : Got a mozContentEvent: force-update-check
12-03 02:59:19.966: I/Gecko(14848): -*-*- Webapps.jsm : _readManifests of mobile-wallet.gaiamobile.org
12-03 02:59:19.986: I/Gecko(14848): -*-*- Webapps.jsm : _readManifests of theme-test-1.gaiamobile.org
12-03 02:59:20.016: E/Default Home Screen(15006): Content JS ERROR: Failed to retrieve icon [object DOMError] 
12-03 02:59:20.016: E/Default Home Screen(15006):     at proto.refresh/handleError (app://homescreen.gaiamobile.org/shared/elements/gaia-site-icon/script.js:559:11)
12-03 02:59:20.076: E/Default Home Screen(15006): Content JS ERROR: Failed to retrieve icon [object DOMError] 
12-03 02:59:20.076: E/Default Home Screen(15006):     at proto.refresh/handleError (app://homescreen.gaiamobile.org/shared/elements/gaia-site-icon/script.js:559:11)
12-03 02:59:20.076: I/Gecko(14848): -*-*- Webapps.jsm : _readManifests of theme-test-2.gaiamobile.org
12-03 02:59:20.126: E/Default Home Screen(15006): Content JS ERROR: Failed to retrieve icon [object DOMError] 
12-03 02:59:20.126: E/Default Home Screen(15006):     at proto.refresh/handleError (app://homescreen.gaiamobile.org/shared/elements/gaia-site-icon/script.js:559:11)
12-03 02:59:20.296: E/Default Home Screen(15006): Content JS ERROR: Failed to retrieve icon [object DOMError] 
12-03 02:59:20.296: E/Default Home Screen(15006):     at proto.refresh/handleError (app://homescreen.gaiamobile.org/shared/elements/gaia-site-icon/script.js:559:11)
12-03 02:59:20.366: E/Default Home Screen(15006): Content JS ERROR: Failed to retrieve icon [object DOMError] 
12-03 02:59:20.366: E/Default Home Screen(15006):     at proto.refresh/handleError (app://homescreen.gaiamobile.org/shared/elements/gaia-site-icon/script.js:559:11)
12-03 02:59:20.376: I/GeckoDump(14848): DeveloperHUD: [app://homescreen.gaiamobile.org/manifest.webapp] Error (console)
12-03 02:59:20.386: D/skia(14848): SkCairoFTTypeface::onFilterRec unimplemented
12-03 02:59:20.386: D/skia(14848): SkCairoFTTypeface::onFilterRec unimplemented
12-03 02:59:20.386: I/Gecko(14848): -*-*- Webapps.jsm : _readManifests of theme-test-3.gaiamobile.org
12-03 02:59:20.396: I/Gecko(14848): -*-*- Webapps.jsm : _readManifests of nfc-api-test.gaiamobile.org
12-03 02:59:20.406: I/Gecko(14848): -*-*- Webapps.jsm : _readManifests of music-oga.gaiamobile.org
12-03 02:59:20.416: E/Default Home Screen(15006): Content JS ERROR: Failed to retrieve icon [object DOMError] 
12-03 02:59:20.416: E/Default Home Screen(15006):     at proto.refresh/handleError (app://homescreen.gaiamobile.org/shared/elements/gaia-site-icon/script.js:559:11)
12-03 02:59:20.426: I/Gecko(14848): -*-*- Webapps.jsm : _readManifests of addon1.gaiamobile.org
12-03 02:59:20.436: I/Gecko(14848): -*-*- Webapps.jsm : _readManifests of addon2.gaiamobile.org
12-03 02:59:20.446: I/GeckoDump(14848): DeveloperHUD: [app://homescreen.gaiamobile.org/manifest.webapp] Error (console)
12-03 02:59:20.446: D/skia(14848): SkCairoFTTypeface::onFilterRec unimplemented
12-03 02:59:20.446: D/skia(14848): SkCairoFTTypeface::onFilterRec unimplemented
12-03 02:59:20.476: I/GeckoDump(14848): DeveloperHUD: [app://homescreen.gaiamobile.org/manifest.webapp] Error (console)
