12-02 21:36:45.307: D/wpa_supplicant(8885): wlan0: Optimize scan based on previously generated frequency list
12-02 21:36:45.307: D/wpa_supplicant(8885): wlan0: nl80211: scan request
12-02 21:36:45.317: I/Gecko(8643): -*- WifiWorker component: Event coming in: CTRL-EVENT-STATE-CHANGE id=-1 state=3 BSSID=00:00:00:00:00:00 SSID=
12-02 21:36:45.317: I/Gecko(8643): -*- WifiWorker component: State change: INACTIVE -> SCANNING
12-02 21:36:45.357: D/wpa_supplicant(8885): Scan requested (ret=0) - scan timeout 30 seconds
12-02 21:36:45.357: D/wpa_supplicant(8885): RX ctrl_iface - hexdump(len=19): 44 52 49 56 45 52 20 53 43 41 4e 2d 50 41 53 53 49 56 45
12-02 21:36:45.357: D/wpa_supplicant(8885): wlan0: Control interface command 'DRIVER SCAN-PASSIVE'
12-02 21:36:45.357: D/wpa_supplicant(8885): wpa_driver_nl80211_driver_cmd  len = 0, 0
12-02 21:36:45.357: D/wpa_supplicant(8885): nl80211: Drv Event 33 (NL80211_CMD_TRIGGER_SCAN) received for wlan0
12-02 21:36:45.357: D/wpa_supplicant(8885): wlan0: nl80211: Scan trigger
12-02 21:36:45.537: I/Gecko(8643): [Parent 8643] WARNING: No Document in SetRequestContext; can not query loadgroup; sending reports may fail.: file /home/fischer/Projects/gecko-dev/dom/security/nsCSPContext.cpp, line 603
12-02 21:36:45.547: I/Gecko(8643): [Parent 8643] WARNING: No Document in SetRequestContext; can not query loadgroup; sending reports may fail.: file /home/fischer/Projects/gecko-dev/dom/security/nsCSPContext.cpp, line 603
12-02 21:36:45.547: I/Gecko(8643): [Parent 8643] WARNING: No Document in SetRequestContext; can not query loadgroup; sending reports may fail.: file /home/fischer/Projects/gecko-dev/dom/security/nsCSPContext.cpp, line 603
12-02 21:36:45.547: I/Gecko(8643): [Parent 8643] WARNING: No Document in SetRequestContext; can not query loadgroup; sending reports may fail.: file /home/fischer/Projects/gecko-dev/dom/security/nsCSPContext.cpp, line 603
12-02 21:36:45.557: I/Gecko(8643): [Parent 8643] WARNING: No Document in SetRequestContext; can not query loadgroup; sending reports may fail.: file /home/fischer/Projects/gecko-dev/dom/security/nsCSPContext.cpp, line 603
12-02 21:36:45.557: I/Gecko(8643): [Parent 8643] WARNING: No Document in SetRequestContext; can not query loadgroup; sending reports may fail.: file /home/fischer/Projects/gecko-dev/dom/security/nsCSPContext.cpp, line 603
12-02 21:36:45.567: I/Gecko(8643): [Parent 8643] WARNING: No Document in SetRequestContext; can not query loadgroup; sending reports may fail.: file /home/fischer/Projects/gecko-dev/dom/security/nsCSPContext.cpp, line 603
12-02 21:36:45.577: I/Gecko(8643): [Parent 8643] WARNING: No Document in SetRequestContext; can not query loadgroup; sending reports may fail.: file /home/fischer/Projects/gecko-dev/dom/security/nsCSPContext.cpp, line 603
12-02 21:36:45.587: I/Gecko(8643): [Parent 8643] WARNING: No Document in SetRequestContext; can not query loadgroup; sending reports may fail.: file /home/fischer/Projects/gecko-dev/dom/security/nsCSPContext.cpp, line 603
12-02 21:36:45.587: I/Gecko(8643): [Parent 8643] WARNING: No Document in SetRequestContext; can not query loadgroup; sending reports may fail.: file /home/fischer/Projects/gecko-dev/dom/security/nsCSPContext.cpp, line 603
12-02 21:36:45.597: D/wpa_supplicant(8885): nl80211: Drv Event 34 (NL80211_CMD_NEW_SCAN_RESULTS) received for wlan0
12-02 21:36:45.597: D/wpa_supplicant(8885): wlan0: nl80211: New scan results available
12-02 21:36:45.597: D/wpa_supplicant(8885): wlan0: Event SCAN_RESULTS (3) received
12-02 21:36:45.597: D/wpa_supplicant(8885): nl80211: Received scan results (64 BSSes)
12-02 21:36:45.597: D/wpa_supplicant(8885): nl80211: Survey data missing
12-02 21:36:45.597: D/wpa_supplicant(8885): wlan0: BSS: Start scan result update 2
12-02 21:36:45.597: D/wpa_supplicant(8885): wlan0: BSS: Add new id 70 BSSID dc:38:e1:82:f6:82 SSID ''
12-02 21:36:45.597: D/wpa_supplicant(8885): CTRL_IFACE monitor send - hexdump(len=40): 2f 64 61 74 61 2f 6d 69 73 63 2f 77 69 66 69 2f 73 6f 63 6b 65 74 73 2f 77 70 61 5f 63 74 72 6c ...
12-02 21:36:45.597: D/wpa_supplicant(8885): wlan0: BSS: Add new id 71 BSSID 3c:94:d5:7b:fb:00 SSID 'Mozilla'
12-02 21:36:45.597: D/wpa_supplicant(8885): CTRL_IFACE monitor send - hexdump(len=40): 2f 64 61 74 61 2f 6d 69 73 63 2f 77 69 66 69 2f 73 6f 63 6b 65 74 73 2f 77 70 61 5f 63 74 72 6c ...
12-02 21:36:45.597: D/wpa_supplicant(8885): wlan0: BSS: Add new id 72 BSSID dc:38:e1:83:1b:42 SSID ''
12-02 21:36:45.597: D/wpa_supplicant(8885): CTRL_IFACE monitor send - hexdump(len=40): 2f 64 61 74 61 2f 6d 69 73 63 2f 77 69 66 69 2f 73 6f 63 6b 65 74 73 2f 77 70 61 5f 63 74 72 6c ...
12-02 21:36:45.597: D/wpa_supplicant(8885): wlan0: BSS: Add new id 73 BSSID ec:1f:72:ac:f2:90 SSID 'AndroidAPF290'
12-02 21:36:45.597: D/wpa_supplicant(8885): CTRL_IFACE monitor send - hexdump(len=40): 2f 64 61 74 61 2f 6d 69 73 63 2f 77 69 66 69 2f 73 6f 63 6b 65 74 73 2f 77 70 61 5f 63 74 72 6c ...
12-02 21:36:45.597: D/wpa_supplicant(8885): wlan0: BSS: Add new id 74 BSSID dc:38:e1:83:1b:46 SSID 'Mozilla Guest'
12-02 21:36:45.597: D/wpa_supplicant(8885): CTRL_IFACE monitor send - hexdump(len=40): 2f 64 61 74 61 2f 6d 69 73 63 2f 77 69 66 69 2f 73 6f 63 6b 65 74 73 2f 77 70 61 5f 63 74 72 6c ...
12-02 21:36:45.597: D/wpa_supplicant(8885): wlan0: BSS: Add new id 75 BSSID dc:38:e1:83:1b:44 SSID 'openwireless.org'
12-02 21:36:45.597: D/wpa_supplicant(8885): CTRL_IFACE monitor send - hexdump(len=40): 2f 64 61 74 61 2f 6d 69 73 63 2f 77 69 66 69 2f 73 6f 63 6b 65 74 73 2f 77 70 61 5f 63 74 72 6c ...
12-02 21:36:45.597: D/wpa_supplicant(8885): wlan0: BSS: Add new id 76 BSSID 3c:94:d5:78:77:07 SSID 'Mozilla Guest'
12-02 21:36:45.597: D/wpa_supplicant(8885): CTRL_IFACE monitor send - hexdump(len=40): 2f 64 61 74 61 2f 6d 69 73 63 2f 77 69 66 69 2f 73 6f 63 6b 65 74 73 2f 77 70 61 5f 63 74 72 6c ...
12-02 21:36:45.597: D/wpa_supplicant(8885): wlan0: BSS: Add new id 77 BSSID 3c:94:d5:78:77:05 SSID 'openwireless.org'
12-02 21:36:45.597: D/wpa_supplicant(8885): CTRL_IFACE monitor send - hexdump(len=40): 2f 64 61 74 61 2f 6d 69 73 63 2f 77 69 66 69 2f 73 6f 63 6b 65 74 73 2f 77 70 61 5f 63 74 72 6c ...
12-02 21:36:45.597: D/wpa_supplicant(8885): BSS: last_scan_res_used=64/128 last_scan_full=0
12-02 21:36:45.597: D/wpa_supplicant(8885): wlan0: New scan results available
12-02 21:36:45.597: D/wpa_supplicant(8885): CTRL_IFACE monitor send - hexdump(len=40): 2f 64 61 74 61 2f 6d 69 73 63 2f 77 69 66 69 2f 73 6f 63 6b 65 74 73 2f 77 70 61 5f 63 74 72 6c ...
12-02 21:36:45.597: D/wpa_supplicant(8885): CTRL_IFACE monitor send - hexdump(len=40): 2f 64 61 74 61 2f 6d 69 73 63 2f 77 69 66 69 2f 73 6f 63 6b 65 74 73 2f 77 70 61 5f 63 74 72 6c ...
12-02 21:36:45.597: D/wpa_supplicant(8885): WPS: AP[0] 3c:1e:04:0a:2f:0e type=0 tries=0 last_attempt=-1 sec ago blacklist=0
12-02 21:36:45.597: D/wpa_supplicant(8885): WPS: AP[1] 00:d0:41:ce:d1:0d type=0 tries=0 last_attempt=-1 sec ago blacklist=0
12-02 21:36:45.597: D/wpa_supplicant(8885): wlan0: No APs found - clear blacklist and try again
12-02 21:36:45.597: D/wpa_supplicant(8885): Removed BSSID dc:38:e1:82:f6:86 from blacklist (clear)
12-02 21:36:45.597: D/wpa_supplicant(8885): wlan0: No suitable network found
12-02 21:36:45.597: D/wpa_supplicant(8885): wlan0: Short-circuit new scan request since there are no enabled networks
12-02 21:36:45.597: D/wpa_supplicant(8885): wlan0: State: SCANNING -> INACTIVE
12-02 21:36:45.597: D/wpa_supplicant(8885): CTRL_IFACE monitor send - hexdump(len=40): 2f 64 61 74 61 2f 6d 69 73 63 2f 77 69 66 69 2f 73 6f 63 6b 65 74 73 2f 77 70 61 5f 63 74 72 6c ...
12-02 21:36:45.597: D/wpa_supplicant(8885): wlan0: Checking for other virtual interfaces sharing same radio (phy0) in event_scan_results
12-02 21:36:45.597: D/wpa_supplicant(8885): wlan0: P2P: Station mode scan operation not pending anymore (sta_scan_pending=0 p2p_cb_on_scan_complete=0)
12-02 21:36:45.597: D/wpa_supplicant(8885): RTM_NEWLINK: operstate=0 ifi_flags=0x11003 ([UP][LOWER_UP])
12-02 21:36:45.597: D/wpa_supplicant(8885): RTM_NEWLINK, IFLA_IFNAME: Interface 'wlan0' added
12-02 21:36:45.597: D/wpa_supplicant(8885): nl80211: if_removed already cleared - ignore event
12-02 21:36:45.607: I/Gecko(8643): -*- WifiWorker component: Event coming in: CTRL-EVENT-BSS-ADDED 70 dc:38:e1:82:f6:82
12-02 21:36:45.607: I/Gecko(8643): -*- WifiWorker component: Event coming in: CTRL-EVENT-BSS-ADDED 71 3c:94:d5:7b:fb:00
12-02 21:36:45.617: I/Gecko(8643): -*- WifiWorker component: Event coming in: CTRL-EVENT-BSS-ADDED 72 dc:38:e1:83:1b:42
12-02 21:36:45.617: I/Gecko(8643): -*- WifiWorker component: Event coming in: CTRL-EVENT-BSS-ADDED 73 ec:1f:72:ac:f2:90
12-02 21:36:45.627: I/Gecko(8643): -*- WifiWorker component: Event coming in: CTRL-EVENT-BSS-ADDED 74 dc:38:e1:83:1b:46
12-02 21:36:45.627: I/Gecko(8643): -*- WifiWorker component: Event coming in: CTRL-EVENT-BSS-ADDED 75 dc:38:e1:83:1b:44
12-02 21:36:45.627: I/Gecko(8643): -*- WifiWorker component: Event coming in: CTRL-EVENT-BSS-ADDED 76 3c:94:d5:78:77:07
12-02 21:36:45.637: I/Gecko(8643): -*- WifiWorker component: Event coming in: CTRL-EVENT-BSS-ADDED 77 3c:94:d5:78:77:05
12-02 21:36:45.637: I/Gecko(8643): -*- WifiWorker component: Event coming in: CTRL-EVENT-SCAN-RESULTS 
12-02 21:36:45.637: I/Gecko(8643): -*- WifiWorker component: Notifying of scan results available
12-02 21:36:45.637: I/Gecko(8643): -*- WifiWorker component: Scan results are available! Asking for them.
12-02 21:36:45.637: D/wpa_supplicant(8885): RX ctrl_iface - hexdump(len=12): 53 43 41 4e 5f 52 45 53 55 4c 54 53
12-02 21:36:45.637: D/wpa_supplicant(8885): wlan0: Control interface command 'SCAN_RESULTS'
12-02 21:36:45.647: I/Gecko(8643): -*- WifiWorker component: Event coming in: WPS-AP-AVAILABLE 
12-02 21:36:45.647: D/wpa_supplicant(8885): RX ctrl_iface - hexdump(len=19): 44 52 49 56 45 52 20 53 43 41 4e 2d 50 41 53 53 49 56 45
12-02 21:36:45.647: D/wpa_supplicant(8885): wlan0: Control interface command 'DRIVER SCAN-PASSIVE'
12-02 21:36:45.647: D/wpa_supplicant(8885): wpa_driver_nl80211_driver_cmd  len = 0, 0
12-02 21:36:45.687: I/Gecko(8643): -*- WifiWorker component: Event coming in: CTRL-EVENT-STATE-CHANGE id=-1 state=2 BSSID=00:00:00:00:00:00 SSID=
12-02 21:36:45.687: I/Gecko(8643): -*- WifiWorker component: State change: SCANNING -> INACTIVE
12-02 21:36:45.687: I/Gecko(8643): [Parent 8643] WARNING: No Document in SetRequestContext; can not query loadgroup; sending reports may fail.: file /home/fischer/Projects/gecko-dev/dom/security/nsCSPContext.cpp, line 603
12-02 21:36:45.987: I/Gecko(8643): [Parent 8643] WARNING: No Document in SetRequestContext; can not query loadgroup; sending reports may fail.: file /home/fischer/Projects/gecko-dev/dom/security/nsCSPContext.cpp, line 603
12-02 21:36:47.817: I/Gecko(9023): --DOMWINDOW == 2 (0xafa62800) [pid = 9023] [serial = 2] [outer = 0x0] [url = about:blank]
12-02 21:36:48.167: I/Gecko(8852): --DOMWINDOW == 8 (0xafa5e800) [pid = 8852] [serial = 2] [outer = 0x0] [url = about:blank]
12-02 21:36:49.667: D/Default Home Screen(8973): Content JS DEBUG: Bug 1211266: getIcon retry 2 for app://camera.gaiamobile.org/manifest.webapp 
12-02 21:36:49.667: D/Default Home Screen(8973):     at proto.refresh/getImage/</this._iconFetchTimeout< (app://homescreen.gaiamobile.org/shared/elements/gaia-site-icon/script.js:580:1)
12-02 21:36:49.737: I/Gecko(9523): [Child 9523] WARNING: NS_ENSURE_TRUE(XRE_IsParentProcess()) failed: file ../../../../gecko-dev/dom/base/nsFrameMessageManager.cpp, line 1600
12-02 21:36:49.907: D/Default Home Screen(8973): Content JS DEBUG: Bug 1211266: getIcon retry 2 for app://gallery.gaiamobile.org/manifest.webapp 
12-02 21:36:49.907: D/Default Home Screen(8973):     at proto.refresh/getImage/</this._iconFetchTimeout< (app://homescreen.gaiamobile.org/shared/elements/gaia-site-icon/script.js:580:1)
12-02 21:36:49.917: D/Default Home Screen(8973): Content JS DEBUG: Bug 1211266: getIcon retry 2 for app://music.gaiamobile.org/manifest.webapp 
12-02 21:36:49.917: D/Default Home Screen(8973):     at proto.refresh/getImage/</this._iconFetchTimeout< (app://homescreen.gaiamobile.org/shared/elements/gaia-site-icon/script.js:580:1)
12-02 21:36:49.927: D/Default Home Screen(8973): Content JS DEBUG: Bug 1211266: getIcon retry 2 for app://video.gaiamobile.org/manifest.webapp 
12-02 21:36:49.927: D/Default Home Screen(8973):     at proto.refresh/getImage/</this._iconFetchTimeout< (app://homescreen.gaiamobile.org/shared/elements/gaia-site-icon/script.js:580:1)
12-02 21:36:49.937: D/Default Home Screen(8973): Content JS DEBUG: Bug 1211266: getIcon retry 2 for https://marketplace.firefox.com/packaged.webapp 
12-02 21:36:49.937: D/Default Home Screen(8973):     at proto.refresh/getImage/</this._iconFetchTimeout< (app://homescreen.gaiamobile.org/shared/elements/gaia-site-icon/script.js:580:1)
12-02 21:36:49.937: D/Default Home Screen(8973): Content JS DEBUG: Bug 1211266: getIcon retry 2 for app://calendar.gaiamobile.org/manifest.webapp 
12-02 21:36:49.937: D/Default Home Screen(8973):     at proto.refresh/getImage/</this._iconFetchTimeout< (app://homescreen.gaiamobile.org/shared/elements/gaia-site-icon/script.js:580:1)
12-02 21:36:49.947: D/Default Home Screen(8973): Content JS DEBUG: Bug 1211266: getIcon retry 2 for app://clock.gaiamobile.org/manifest.webapp 
12-02 21:36:49.947: D/Default Home Screen(8973):     at proto.refresh/getImage/</this._iconFetchTimeout< (app://homescreen.gaiamobile.org/shared/elements/gaia-site-icon/script.js:580:1)
12-02 21:36:49.957: D/Default Home Screen(8973): Content JS DEBUG: Bug 1211266: getIcon retry 2 for app://settings.gaiamobile.org/manifest.webapp 
12-02 21:36:49.957: D/Default Home Screen(8973):     at proto.refresh/getImage/</this._iconFetchTimeout< (app://homescreen.gaiamobile.org/shared/elements/gaia-site-icon/script.js:580:1)
12-02 21:36:49.967: D/Default Home Screen(8973): Content JS DEBUG: Bug 1211266: getIcon retry 2 for app://fm.gaiamobile.org/manifest.webapp 
12-02 21:36:49.967: D/Default Home Screen(8973):     at proto.refresh/getImage/</this._iconFetchTimeout< (app://homescreen.gaiamobile.org/shared/elements/gaia-site-icon/script.js:580:1)
12-02 21:36:49.977: D/Default Home Screen(8973): Content JS DEBUG: Bug 1211266: getIcon retry 2 for https://marketplace.firefox.com/app/8d979279-a142-4fee-993b-8e7797b221a5/manifest.webapp 
12-02 21:36:49.977: D/Default Home Screen(8973):     at proto.refresh/getImage/</this._iconFetchTimeout< (app://homescreen.gaiamobile.org/shared/elements/gaia-site-icon/script.js:580:1)
12-02 21:36:49.997: D/Default Home Screen(8973): Content JS DEBUG: Bug 1211266: getIcon retry 2 for https://www.bzlite.com/manifest.webapp 
12-02 21:36:49.997: D/Default Home Screen(8973):     at proto.refresh/getImage/</this._iconFetchTimeout< (app://homescreen.gaiamobile.org/shared/elements/gaia-site-icon/script.js:580:1)
12-02 21:36:50.027: D/Default Home Screen(8973): Content JS DEBUG: Bug 1211266: getIcon retry 2 for https://m.facebook.com/openwebapp/manifest.webapp 
12-02 21:36:50.027: D/Default Home Screen(8973):     at proto.refresh/getImage/</this._iconFetchTimeout< (app://homescreen.gaiamobile.org/shared/elements/gaia-site-icon/script.js:580:1)
12-02 21:36:50.027: D/Default Home Screen(8973): Content JS DEBUG: Bug 1211266: getIcon retry 2 for https://mobile.twitter.com/cache/twitter.webapp 
12-02 21:36:50.027: D/Default Home Screen(8973):     at proto.refresh/getImage/</this._iconFetchTimeout< (app://homescreen.gaiamobile.org/shared/elements/gaia-site-icon/script.js:580:1)
12-02 21:36:50.037: D/Default Home Screen(8973): Content JS DEBUG: Bug 1211266: getIcon retry 2 for https://marketplace.firefox.com/app/dcdaeefc-26f4-4af6-ad22-82eb93beadcd/manifest.webapp 
12-02 21:36:50.037: D/Default Home Screen(8973):     at proto.refresh/getImage/</this._iconFetchTimeout< (app://homescreen.gaiamobile.org/shared/elements/gaia-site-icon/script.js:580:1)
12-02 21:36:50.037: D/Default Home Screen(8973): Content JS DEBUG: Bug 1211266: getIcon retry 2 for https://marketplace.firefox.com/app/9f96ce77-5b2d-42ca-a0d9-10a933dd84c4/manifest.webapp 
12-02 21:36:50.037: D/Default Home Screen(8973):     at proto.refresh/getImage/</this._iconFetchTimeout< (app://homescreen.gaiamobile.org/shared/elements/gaia-site-icon/script.js:580:1)
12-02 21:36:50.037: D/Default Home Screen(8973): Content JS DEBUG: Bug 1211266: getIcon retry 2 for app://costcontrol.gaiamobile.org/manifest.webapp 
12-02 21:36:50.037: D/Default Home Screen(8973):     at proto.refresh/getImage/</this._iconFetchTimeout< (app://homescreen.gaiamobile.org/shared/elements/gaia-site-icon/script.js:580:1)
12-02 21:36:50.047: D/Default Home Screen(8973): Content JS DEBUG: Bug 1211266: getIcon retry 2 for app://bluetooth.gaiamobile.org/manifest.webapp 
12-02 21:36:50.047: D/Default Home Screen(8973):     at proto.refresh/getImage/</this._iconFetchTimeout< (app://homescreen.gaiamobile.org/shared/elements/gaia-site-icon/script.js:580:1)
12-02 21:36:50.057: D/Default Home Screen(8973): Content JS DEBUG: Bug 1211266: getIcon retry 2 for app://callscreen.gaiamobile.org/manifest.webapp 
12-02 21:36:50.057: D/Default Home Screen(8973):     at proto.refresh/getImage/</this._iconFetchTimeout< (app://homescreen.gaiamobile.org/shared/elements/gaia-site-icon/script.js:580:1)
12-02 21:36:50.147: I/Gecko(9523): ++DOMWINDOW == 2 (0xafa62800) [pid = 9523] [serial = 2] [outer = 0xb0a9b800]
12-02 21:36:50.197: I/Gecko(9523): [Child 9523] WARNING: NS_ENSURE_TRUE(startupCache) failed: file /home/fischer/Projects/gecko-dev/dom/xbl/nsXBLDocumentInfo.cpp, line 199
12-02 21:36:50.197: I/Gecko(9523): [Child 9523] WARNING: NS_ENSURE_TRUE(startupCache) failed: file /home/fischer/Projects/gecko-dev/dom/xbl/nsXBLDocumentInfo.cpp, line 267
12-02 21:36:51.377: I/(Preallocated app)(9523): PAC file installed from data: URI
12-02 21:36:54.027: E/Default Home Screen(8973): [JavaScript Error: "TypeError: image is null" {file: "app://homescreen.gaiamobile.org/shared/elements/gaia-site-icon/script.js" line: 571}]
12-02 21:36:54.027: E/Default Home Screen(8973): [JavaScript Error: "TypeError: image is null" {file: "app://homescreen.gaiamobile.org/shared/elements/gaia-site-icon/script.js" line: 571}]
12-02 21:36:54.027: E/Default Home Screen(8973): [JavaScript Error: "TypeError: image is null" {file: "app://homescreen.gaiamobile.org/shared/elements/gaia-site-icon/script.js" line: 571}]
12-02 21:36:54.027: E/Default Home Screen(8973): [JavaScript Error: "TypeError: image is null" {file: "app://homescreen.gaiamobile.org/shared/elements/gaia-site-icon/script.js" line: 571}]
12-02 21:36:54.027: E/Default Home Screen(8973): [JavaScript Error: "TypeError: image is null" {file: "app://homescreen.gaiamobile.org/shared/elements/gaia-site-icon/script.js" line: 571}]
12-02 21:36:54.027: E/Default Home Screen(8973): [JavaScript Error: "TypeError: image is null" {file: "app://homescreen.gaiamobile.org/shared/elements/gaia-site-icon/script.js" line: 571}]
12-02 21:36:54.027: E/Default Home Screen(8973): [JavaScript Error: "TypeError: image is null" {file: "app://homescreen.gaiamobile.org/shared/elements/gaia-site-icon/script.js" line: 571}]
12-02 21:36:54.027: E/Default Home Screen(8973): [JavaScript Error: "TypeError: image is null" {file: "app://homescreen.gaiamobile.org/shared/elements/gaia-site-icon/script.js" line: 571}]
12-02 21:36:54.027: E/Default Home Screen(8973): [JavaScript Error: "TypeError: image is null" {file: "app://homescreen.gaiamobile.org/shared/elements/gaia-site-icon/script.js" line: 571}]
12-02 21:36:54.027: E/Default Home Screen(8973): [JavaScript Error: "TypeError: image is null" {file: "app://homescreen.gaiamobile.org/shared/elements/gaia-site-icon/script.js" line: 571}]
12-02 21:36:54.027: E/Default Home Screen(8973): [JavaScript Error: "TypeError: image is null" {file: "app://homescreen.gaiamobile.org/shared/elements/gaia-site-icon/script.js" line: 571}]
12-02 21:36:54.027: E/Default Home Screen(8973): [JavaScript Error: "TypeError: image is null" {file: "app://homescreen.gaiamobile.org/shared/elements/gaia-site-icon/script.js" line: 571}]
12-02 21:36:54.027: E/Default Home Screen(8973): [JavaScript Error: "TypeError: image is null" {file: "app://homescreen.gaiamobile.org/shared/elements/gaia-site-icon/script.js" line: 571}]
12-02 21:36:54.027: E/Default Home Screen(8973): [JavaScript Error: "TypeError: image is null" {file: "app://homescreen.gaiamobile.org/shared/elements/gaia-site-icon/script.js" line: 571}]
12-02 21:36:54.027: E/Default Home Screen(8973): [JavaScript Error: "TypeError: image is null" {file: "app://homescreen.gaiamobile.org/shared/elements/gaia-site-icon/script.js" line: 571}]
12-02 21:36:54.027: E/Default Home Screen(8973): [JavaScript Error: "TypeError: image is null" {file: "app://homescreen.gaiamobile.org/shared/elements/gaia-site-icon/script.js" line: 571}]
12-02 21:36:54.027: E/Default Home Screen(8973): [JavaScript Error: "TypeError: image is null" {file: "app://homescreen.gaiamobile.org/shared/elements/gaia-site-icon/script.js" line: 571}]
12-02 21:36:54.027: E/Default Home Screen(8973): [JavaScript Error: "TypeError: image is null" {file: "app://homescreen.gaiamobile.org/shared/elements/gaia-site-icon/script.js" line: 571}]
12-02 21:36:54.147: I/Gecko(8643): [Parent 8643] WARNING: A control runnable was posted to a worker that is already shutting down!: file /home/fischer/Projects/gecko-dev/dom/workers/WorkerPrivate.cpp, line 2337
12-02 21:36:54.147: I/Gecko(8643): [Parent 8643] WARNING: A control runnable was posted to a worker that is already shutting down!: file /home/fischer/Projects/gecko-dev/dom/workers/WorkerPrivate.cpp, line 2337
12-02 21:36:57.427: W/AudioFlinger(8644): Thread AudioOut_2 cannot connect to the power manager service
12-02 21:36:57.427: W/AudioFlinger(8644): Thread AudioOut_2 cannot connect to the power manager service
12-02 21:36:57.427: E/AudioFlinger(8644): no wake lock to update!
12-02 21:36:57.437: W/AudioFlinger(8644): Thread AudioOut_2 cannot connect to the power manager service
12-02 21:36:57.437: E/AudioFlinger(8644): no wake lock to update!
12-02 21:36:57.437: I/AudioMixer(8644): found effect "Multichannel Downmix To Stereo" from The Android Open Source Project
12-02 21:36:57.437: D/audio_hw_primary(8644): select_devices: out_snd_device(2: speaker) in_snd_device(0: )
12-02 21:36:57.547: W/AudioFlinger(8644): Thread AudioOut_2 cannot connect to the power manager service
12-02 21:36:57.547: E/AudioFlinger(8644): no wake lock to update!
12-02 21:36:57.577: W/AudioFlinger(8644): Thread AudioOut_2 cannot connect to the power manager service
12-02 21:36:57.577: E/AudioFlinger(8644): no wake lock to update!
12-02 21:36:59.567: V/EventHub(8643): /dev/input/event2 got: time=5929.430204, type=1, code=114, value=1
12-02 21:36:59.567: V/EventHub(8643): event time 5929430204000, now 5929430793475
12-02 21:36:59.567: V/EventHub(8643): /dev/input/event2 got: time=5929.430613, type=0, code=0, value=0
12-02 21:36:59.567: V/EventHub(8643): event time 5929430613000, now 5929430793475
12-02 21:36:59.587: I/Gecko(8643): [Parent 8643] WARNING: NS_ENSURE_TRUE(startupCache) failed: file /home/fischer/Projects/gecko-dev/dom/xbl/nsXBLDocumentInfo.cpp, line 199
12-02 21:36:59.597: I/Gecko(8643): [Parent 8643] WARNING: NS_ENSURE_TRUE(startupCache) failed: file /home/fischer/Projects/gecko-dev/dom/xbl/nsXBLDocumentInfo.cpp, line 267
12-02 21:36:59.597: I/Gecko(8852): [Child 8852] WARNING: NS_ENSURE_TRUE(startupCache) failed: file /home/fischer/Projects/gecko-dev/dom/xbl/nsXBLDocumentInfo.cpp, line 199
12-02 21:36:59.617: I/Gecko(8852): [Child 8852] WARNING: NS_ENSURE_TRUE(startupCache) failed: file /home/fischer/Projects/gecko-dev/dom/xbl/nsXBLDocumentInfo.cpp, line 267
12-02 21:36:59.747: V/EventHub(8643): /dev/input/event2 got: time=5929.610089, type=1, code=114, value=0
12-02 21:36:59.747: V/EventHub(8643): event time 5929610089000, now 5929610577642
12-02 21:36:59.747: V/EventHub(8643): /dev/input/event2 got: time=5929.610093, type=0, code=0, value=0
12-02 21:36:59.747: V/EventHub(8643): event time 5929610093000, now 5929610577642
12-02 21:36:59.747: I/GeckoDump(8643): AdbController: Failed to get key: [Exception... "Component returned failure code: 0x8000ffff (NS_ERROR_UNEXPECTED) [nsIPrefBranch.getCharPref]"  nsresult: "0x8000ffff (NS_ERROR_UNEXPECTED)"  location: "JS frame :: chrome://b2g/content/shell.js :: checkReloadKey :: line 500"  data: no]
12-02 21:36:59.947: V/EventHub(8643): /dev/input/event2 got: time=5929.810208, type=1, code=114, value=1
12-02 21:36:59.947: V/EventHub(8643): event time 5929810208000, now 5929811082590
12-02 21:36:59.947: V/EventHub(8643): /dev/input/event2 got: time=5929.810389, type=0, code=0, value=0
12-02 21:36:59.947: V/EventHub(8643): event time 5929810389000, now 5929811082590
12-02 21:37:00.017: W/AudioFlinger(8644): Thread AudioOut_3 cannot connect to the power manager service
12-02 21:37:00.017: W/AudioFlinger(8644): Thread AudioOut_3 cannot connect to the power manager service
12-02 21:37:00.017: E/AudioFlinger(8644): no wake lock to update!
12-02 21:37:00.067: I/Gecko(8643): [Parent 8643] WARNING: Unexpected topic in AudioManager: file /home/fischer/Projects/gecko-dev/dom/system/gonk/AudioManager.cpp, line 606
12-02 21:37:00.107: V/EventHub(8643): /dev/input/event2 got: time=5929.970054, type=1, code=114, value=0
12-02 21:37:00.107: V/EventHub(8643): event time 5929970054000, now 5929970137642
12-02 21:37:00.107: V/EventHub(8643): /dev/input/event2 got: time=5929.970085, type=0, code=0, value=0
12-02 21:37:00.107: V/EventHub(8643): event time 5929970085000, now 5929970137642
12-02 21:37:00.107: I/GeckoDump(8643): AdbController: Failed to get key: [Exception... "Component returned failure code: 0x8000ffff (NS_ERROR_UNEXPECTED) [nsIPrefBranch.getCharPref]"  nsresult: "0x8000ffff (NS_ERROR_UNEXPECTED)"  location: "JS frame :: chrome://b2g/content/shell.js :: checkReloadKey :: line 500"  data: no]
12-02 21:37:00.227: V/EventHub(8643): /dev/input/event2 got: time=5930.090079, type=1, code=114, value=1
12-02 21:37:00.227: V/EventHub(8643): event time 5930090079000, now 5930090153840
12-02 21:37:00.227: V/EventHub(8643): /dev/input/event2 got: time=5930.090113, type=0, code=0, value=0
12-02 21:37:00.227: V/EventHub(8643): event time 5930090113000, now 5930090153840
12-02 21:37:00.387: V/EventHub(8643): /dev/input/event2 got: time=5930.250056, type=1, code=114, value=0
12-02 21:37:00.387: V/EventHub(8643): event time 5930250056000, now 5930250130507
12-02 21:37:00.387: V/EventHub(8643): /dev/input/event2 got: time=5930.250089, type=0, code=0, value=0
12-02 21:37:00.387: V/EventHub(8643): event time 5930250089000, now 5930250130507
12-02 21:37:00.497: V/EventHub(8643): /dev/input/event2 got: time=5930.360058, type=1, code=114, value=1
12-02 21:37:00.497: V/EventHub(8643): event time 5930360058000, now 5930360131288
12-02 21:37:00.497: V/EventHub(8643): /dev/input/event2 got: time=5930.360091, type=0, code=0, value=0
12-02 21:37:00.497: V/EventHub(8643): event time 5930360091000, now 5930360131288
12-02 21:37:00.647: V/EventHub(8643): /dev/input/event2 got: time=5930.510054, type=1, code=114, value=0
12-02 21:37:00.647: V/EventHub(8643): event time 5930510054000, now 5930510128632
12-02 21:37:00.647: V/EventHub(8643): /dev/input/event2 got: time=5930.510087, type=0, code=0, value=0
12-02 21:37:00.647: V/EventHub(8643): event time 5930510087000, now 5930510128632
12-02 21:37:00.717: I/GeckoDump(8643): AdbController: Failed to get key: [Exception... "Component returned failure code: 0x8000ffff (NS_ERROR_UNEXPECTED) [nsIPrefBranch.getCharPref]"  nsresult: "0x8000ffff (NS_ERROR_UNEXPECTED)"  location: "JS frame :: chrome://b2g/content/shell.js :: checkReloadKey :: line 500"  data: no]
12-02 21:37:00.727: I/GeckoDump(8643): AdbController: Failed to get key: [Exception... "Component returned failure code: 0x8000ffff (NS_ERROR_UNEXPECTED) [nsIPrefBranch.getCharPref]"  nsresult: "0x8000ffff (NS_ERROR_UNEXPECTED)"  location: "JS frame :: chrome://b2g/content/shell.js :: checkReloadKey :: line 500"  data: no]
12-02 21:37:00.737: V/EventHub(8643): /dev/input/event2 got: time=5930.600088, type=1, code=114, value=1
12-02 21:37:00.737: V/EventHub(8643): event time 5930600088000, now 5930600159673
12-02 21:37:00.737: V/EventHub(8643): /dev/input/event2 got: time=5930.600120, type=0, code=0, value=0
12-02 21:37:00.737: V/EventHub(8643): event time 5930600120000, now 5930600159673
12-02 21:37:00.897: V/EventHub(8643): /dev/input/event2 got: time=5930.760050, type=1, code=114, value=0
12-02 21:37:00.897: V/EventHub(8643): event time 5930760050000, now 5930760131027
12-02 21:37:00.897: V/EventHub(8643): /dev/input/event2 got: time=5930.760091, type=0, code=0, value=0
12-02 21:37:00.897: V/EventHub(8643): event time 5930760091000, now 5930760131027
12-02 21:37:00.917: I/GeckoDump(8643): AdbController: Failed to get key: [Exception... "Component returned failure code: 0x8000ffff (NS_ERROR_UNEXPECTED) [nsIPrefBranch.getCharPref]"  nsresult: "0x8000ffff (NS_ERROR_UNEXPECTED)"  location: "JS frame :: chrome://b2g/content/shell.js :: checkReloadKey :: line 500"  data: no]
12-02 21:37:01.007: V/EventHub(8643): /dev/input/event2 got: time=5930.870064, type=1, code=114, value=1
12-02 21:37:01.007: V/EventHub(8643): event time 5930870064000, now 5930870148892
12-02 21:37:01.007: V/EventHub(8643): /dev/input/event2 got: time=5930.870106, type=0, code=0, value=0
12-02 21:37:01.007: V/EventHub(8643): event time 5930870106000, now 5930870148892
12-02 21:37:01.177: V/EventHub(8643): /dev/input/event2 got: time=5931.040089, type=1, code=114, value=0
12-02 21:37:01.177: V/EventHub(8643): event time 5931040089000, now 5931040399517
12-02 21:37:01.177: V/EventHub(8643): /dev/input/event2 got: time=5931.040198, type=0, code=0, value=0
12-02 21:37:01.177: V/EventHub(8643): event time 5931040198000, now 5931040399517
12-02 21:37:01.197: I/GeckoDump(8643): AdbController: Failed to get key: [Exception... "Component returned failure code: 0x8000ffff (NS_ERROR_UNEXPECTED) [nsIPrefBranch.getCharPref]"  nsresult: "0x8000ffff (NS_ERROR_UNEXPECTED)"  location: "JS frame :: chrome://b2g/content/shell.js :: checkReloadKey :: line 500"  data: no]
12-02 21:37:01.297: V/EventHub(8643): /dev/input/event2 got: time=5931.160111, type=1, code=114, value=1
12-02 21:37:01.297: V/EventHub(8643): event time 5931160111000, now 5931160176600
12-02 21:37:01.297: V/EventHub(8643): /dev/input/event2 got: time=5931.160139, type=0, code=0, value=0
12-02 21:37:01.297: V/EventHub(8643): event time 5931160139000, now 5931160176600
12-02 21:37:01.347: I/Gecko(8643): [Parent 8643] WARNING: Unexpected topic in AudioManager: file /home/fischer/Projects/gecko-dev/dom/system/gonk/AudioManager.cpp, line 606
12-02 21:37:01.467: V/EventHub(8643): /dev/input/event2 got: time=5931.330059, type=1, code=114, value=0
12-02 21:37:01.467: V/EventHub(8643): event time 5931330059000, now 5931330361599
12-02 21:37:01.467: V/EventHub(8643): /dev/input/event2 got: time=5931.330084, type=0, code=0, value=0
12-02 21:37:01.467: V/EventHub(8643): event time 5931330084000, now 5931330361599
12-02 21:37:01.467: I/GeckoDump(8643): AdbController: Failed to get key: [Exception... "Component returned failure code: 0x8000ffff (NS_ERROR_UNEXPECTED) [nsIPrefBranch.getCharPref]"  nsresult: "0x8000ffff (NS_ERROR_UNEXPECTED)"  location: "JS frame :: chrome://b2g/content/shell.js :: checkReloadKey :: line 500"  data: no]
12-02 21:37:01.577: V/EventHub(8643): /dev/input/event2 got: time=5931.440084, type=1, code=114, value=1
12-02 21:37:01.577: V/EventHub(8643): event time 5931440084000, now 5931440276860
12-02 21:37:01.577: V/EventHub(8643): /dev/input/event2 got: time=5931.440167, type=0, code=0, value=0
12-02 21:37:01.577: V/EventHub(8643): event time 5931440167000, now 5931440276860
12-02 21:37:01.627: I/Gecko(8643): [Parent 8643] WARNING: Unexpected topic in AudioManager: file /home/fischer/Projects/gecko-dev/dom/system/gonk/AudioManager.cpp, line 606
12-02 21:37:01.727: V/EventHub(8643): /dev/input/event2 got: time=5931.590089, type=1, code=114, value=0
12-02 21:37:01.727: V/EventHub(8643): event time 5931590089000, now 5931590270506
12-02 21:37:01.727: V/EventHub(8643): /dev/input/event2 got: time=5931.590098, type=0, code=0, value=0
12-02 21:37:01.727: V/EventHub(8643): event time 5931590098000, now 5931590270506
12-02 21:37:01.727: I/GeckoDump(8643): AdbController: Failed to get key: [Exception... "Component returned failure code: 0x8000ffff (NS_ERROR_UNEXPECTED) [nsIPrefBranch.getCharPref]"  nsresult: "0x8000ffff (NS_ERROR_UNEXPECTED)"  location: "JS frame :: chrome://b2g/content/shell.js :: checkReloadKey :: line 500"  data: no]
12-02 21:37:01.847: V/EventHub(8643): /dev/input/event2 got: time=5931.710078, type=1, code=114, value=1
12-02 21:37:01.847: V/EventHub(8643): event time 5931710078000, now 5931710341026
12-02 21:37:01.847: V/EventHub(8643): /dev/input/event2 got: time=5931.710298, type=0, code=0, value=0
12-02 21:37:01.847: V/EventHub(8643): event time 5931710298000, now 5931710341026
12-02 21:37:01.897: I/Gecko(8643): [Parent 8643] WARNING: Unexpected topic in AudioManager: file /home/fischer/Projects/gecko-dev/dom/system/gonk/AudioManager.cpp, line 606
12-02 21:37:02.007: V/EventHub(8643): /dev/input/event2 got: time=5931.870059, type=1, code=114, value=0
12-02 21:37:02.007: V/EventHub(8643): event time 5931870059000, now 5931870109308
12-02 21:37:02.007: V/EventHub(8643): /dev/input/event2 got: time=5931.870068, type=0, code=0, value=0
12-02 21:37:02.007: V/EventHub(8643): event time 5931870068000, now 5931870109308
12-02 21:37:02.007: I/GeckoDump(8643): AdbController: Failed to get key: [Exception... "Component returned failure code: 0x8000ffff (NS_ERROR_UNEXPECTED) [nsIPrefBranch.getCharPref]"  nsresult: "0x8000ffff (NS_ERROR_UNEXPECTED)"  location: "JS frame :: chrome://b2g/content/shell.js :: checkReloadKey :: line 500"  data: no]
12-02 21:37:02.117: V/EventHub(8643): /dev/input/event2 got: time=5931.980081, type=1, code=114, value=1
12-02 21:37:02.117: V/EventHub(8643): event time 5931980081000, now 5931980647276
12-02 21:37:02.117: V/EventHub(8643): /dev/input/event2 got: time=5931.980262, type=0, code=0, value=0
12-02 21:37:02.117: V/EventHub(8643): event time 5931980262000, now 5931980647276
12-02 21:37:02.127: I/Gecko(8643): [Parent 8643] WARNING: Unexpected topic in AudioManager: file /home/fischer/Projects/gecko-dev/dom/system/gonk/AudioManager.cpp, line 606
12-02 21:37:02.307: V/EventHub(8643): /dev/input/event2 got: time=5932.170083, type=1, code=114, value=0
12-02 21:37:02.307: V/EventHub(8643): event time 5932170083000, now 5932170248318
12-02 21:37:02.307: V/EventHub(8643): /dev/input/event2 got: time=5932.170171, type=0, code=0, value=0
12-02 21:37:02.307: V/EventHub(8643): event time 5932170171000, now 5932170248318
12-02 21:37:02.307: I/GeckoDump(8643): AdbController: Failed to get key: [Exception... "Component returned failure code: 0x8000ffff (NS_ERROR_UNEXPECTED) [nsIPrefBranch.getCharPref]"  nsresult: "0x8000ffff (NS_ERROR_UNEXPECTED)"  location: "JS frame :: chrome://b2g/content/shell.js :: checkReloadKey :: line 500"  data: no]
12-02 21:37:02.417: I/Gecko(8643): [Parent 8643] WARNING: Unexpected topic in AudioManager: file /home/fischer/Projects/gecko-dev/dom/system/gonk/AudioManager.cpp, line 606
12-02 21:37:02.447: V/EventHub(8643): /dev/input/event2 got: time=5932.310091, type=1, code=114, value=1
12-02 21:37:02.447: V/EventHub(8643): event time 5932310091000, now 5932310365662
12-02 21:37:02.447: V/EventHub(8643): /dev/input/event2 got: time=5932.310320, type=0, code=0, value=0
12-02 21:37:02.447: V/EventHub(8643): event time 5932310320000, now 5932310365662
12-02 21:37:02.617: V/EventHub(8643): /dev/input/event2 got: time=5932.480070, type=1, code=114, value=0
12-02 21:37:02.617: V/EventHub(8643): event time 5932480070000, now 5932480248735
12-02 21:37:02.617: V/EventHub(8643): /dev/input/event2 got: time=5932.480092, type=0, code=0, value=0
12-02 21:37:02.617: V/EventHub(8643): event time 5932480092000, now 5932480248735
12-02 21:37:02.617: I/GeckoDump(8643): AdbController: Failed to get key: [Exception... "Component returned failure code: 0x8000ffff (NS_ERROR_UNEXPECTED) [nsIPrefBranch.getCharPref]"  nsresult: "0x8000ffff (NS_ERROR_UNEXPECTED)"  location: "JS frame :: chrome://b2g/content/shell.js :: checkReloadKey :: line 500"  data: no]
12-02 21:37:02.757: I/Gecko(8643): [Parent 8643] WARNING: Unexpected topic in AudioManager: file /home/fischer/Projects/gecko-dev/dom/system/gonk/AudioManager.cpp, line 606
12-02 21:37:02.897: I/Gecko(8643): [Parent 8643] WARNING: Audio Buffer is not full by the end of the callback.: 'Available() == 0 || mSampleWriteOffset == 0', file /home/fischer/Projects/gecko-dev/dom/media/AudioBufferUtils.h, line 87
12-02 21:37:02.957: W/AudioFlinger(8644): Thread AudioOut_2 cannot connect to the power manager service
12-02 21:37:02.957: E/AudioFlinger(8644): no wake lock to update!
12-02 21:37:32.797: I/Gecko(8643): *** UTM:SVC TimerManager:notify - notified @mozilla.org/b2g/webapps-update-timer;1
12-02 21:37:32.797: I/GeckoConsole(8643): UTM:SVC TimerManager:notify - notified @mozilla.org/b2g/webapps-update-timer;1
12-02 21:38:02.717: D/qdhwcomposer(8643): hwc_blank: Blanking display: 0
12-02 21:38:02.997: D/qdhwcomposer(8643): hwc_blank: Done blanking display: 0
12-02 21:38:02.997: E/ANDR-PERF-LOCK(2161): Failed to apply optimization for resource: 4 level: 0
12-02 21:38:03.007: D/wpa_supplicant(8885): RX ctrl_iface - hexdump(len=18): 44 52 49 56 45 52 20 53 43 41 4e 2d 41 43 54 49 56 45
12-02 21:38:03.007: D/wpa_supplicant(8885): wlan0: Control interface command 'DRIVER SCAN-ACTIVE'
12-02 21:38:03.007: D/wpa_supplicant(8885): wpa_driver_nl80211_driver_cmd  len = 0, 0
12-02 21:38:03.077: D/wpa_supplicant(8885): RX ctrl_iface - hexdump(len=4): 53 43 41 4e
12-02 21:38:03.077: D/wpa_supplicant(8885): wlan0: Control interface command 'SCAN'
12-02 21:38:03.077: D/wpa_supplicant(8885): wlan0: Setting scan request: 0 sec 0 usec
12-02 21:38:03.077: D/wpa_supplicant(8885): wlan0: State: INACTIVE -> SCANNING
12-02 21:38:03.077: D/wpa_supplicant(8885): CTRL_IFACE monitor send - hexdump(len=40): 2f 64 61 74 61 2f 6d 69 73 63 2f 77 69 66 69 2f 73 6f 63 6b 65 74 73 2f 77 70 61 5f 63 74 72 6c ...
12-02 21:38:03.077: D/wpa_supplicant(8885): wlan0: Starting AP scan for wildcard SSID
12-02 21:38:03.077: D/wpa_supplicant(8885): wlan0: nl80211: scan request
12-02 21:38:03.077: I/Gecko(8643): -*- WifiWorker component: Event coming in: CTRL-EVENT-STATE-CHANGE id=-1 state=3 BSSID=00:00:00:00:00:00 SSID=
12-02 21:38:03.077: I/Gecko(8643): -*- WifiWorker component: State change: INACTIVE -> SCANNING
12-02 21:38:03.127: D/wpa_supplicant(8885): Scan requested (ret=0) - scan timeout 30 seconds
12-02 21:38:03.127: D/wpa_supplicant(8885): RX ctrl_iface - hexdump(len=19): 44 52 49 56 45 52 20 53 43 41 4e 2d 50 41 53 53 49 56 45
12-02 21:38:03.127: D/wpa_supplicant(8885): wlan0: Control interface command 'DRIVER SCAN-PASSIVE'
12-02 21:38:03.127: D/wpa_supplicant(8885): wpa_driver_nl80211_driver_cmd  len = 0, 0
12-02 21:38:03.127: D/wpa_supplicant(8885): nl80211: Drv Event 33 (NL80211_CMD_TRIGGER_SCAN) received for wlan0
12-02 21:38:03.127: D/wpa_supplicant(8885): wlan0: nl80211: Scan trigger
12-02 21:38:04.277: D/wpa_supplicant(8885): nl80211: Drv Event 34 (NL80211_CMD_NEW_SCAN_RESULTS) received for wlan0
12-02 21:38:04.277: D/wpa_supplicant(8885): wlan0: nl80211: New scan results available
12-02 21:38:04.277: D/wpa_supplicant(8885): wlan0: Event SCAN_RESULTS (3) received
12-02 21:38:04.287: D/wpa_supplicant(8885): nl80211: Received scan results (68 BSSes)
12-02 21:38:04.287: D/wpa_supplicant(8885): nl80211: Survey data missing
12-02 21:38:04.287: D/wpa_supplicant(8885): wlan0: BSS: Start scan result update 3
12-02 21:38:04.297: D/wpa_supplicant(8885): wlan0: BSS: Add new id 78 BSSID dc:38:e1:82:a1:c0 SSID 'Mozilla'
12-02 21:38:04.297: D/wpa_supplicant(8885): CTRL_IFACE monitor send - hexdump(len=40): 2f 64 61 74 61 2f 6d 69 73 63 2f 77 69 66 69 2f 73 6f 63 6b 65 74 73 2f 77 70 61 5f 63 74 72 6c ...
12-02 21:38:04.297: D/wpa_supplicant(8885): wlan0: BSS: Add new id 79 BSSID 3c:94:d5:78:77:09 SSID 'ateam'
12-02 21:38:04.297: D/wpa_supplicant(8885): CTRL_IFACE monitor send - hexdump(len=40): 2f 64 61 74 61 2f 6d 69 73 63 2f 77 69 66 69 2f 73 6f 63 6b 65 74 73 2f 77 70 61 5f 63 74 72 6c ...
12-02 21:38:04.297: D/wpa_supplicant(8885): wlan0: BSS: Add new id 80 BSSID 3c:94:d5:78:77:01 SSID 'Mozilla'
12-02 21:38:04.307: D/wpa_supplicant(8885): CTRL_IFACE monitor send - hexdump(len=40): 2f 64 61 74 61 2f 6d 69 73 63 2f 77 69 66 69 2f 73 6f 63 6b 65 74 73 2f 77 70 61 5f 63 74 72 6c ...
12-02 21:38:04.307: D/wpa_supplicant(8885): wlan0: BSS: Add new id 81 BSSID 64:09:80:4d:87:51 SSID 'Anchanter'
12-02 21:38:04.307: D/wpa_supplicant(8885): CTRL_IFACE monitor send - hexdump(len=40): 2f 64 61 74 61 2f 6d 69 73 63 2f 77 69 66 69 2f 73 6f 63 6b 65 74 73 2f 77 70 61 5f 63 74 72 6c ...
12-02 21:38:04.317: D/wpa_supplicant(8885): wlan0: BSS: Remove id 18 BSSID dc:38:e1:82:19:83 SSID '' due to no match in scan
12-02 21:38:04.317: D/wpa_supplicant(8885): CTRL_IFACE monitor send - hexdump(len=40): 2f 64 61 74 61 2f 6d 69 73 63 2f 77 69 66 69 2f 73 6f 63 6b 65 74 73 2f 77 70 61 5f 63 74 72 6c ...
12-02 21:38:04.317: D/wpa_supplicant(8885): wlan0: BSS: Remove id 23 BSSID dc:38:e1:82:8a:03 SSID '' due to no match in scan
12-02 21:38:04.317: D/wpa_supplicant(8885): CTRL_IFACE monitor send - hexdump(len=40): 2f 64 61 74 61 2f 6d 69 73 63 2f 77 69 66 69 2f 73 6f 63 6b 65 74 73 2f 77 70 61 5f 63 74 72 6c ...
12-02 21:38:04.317: D/wpa_supplicant(8885): wlan0: BSS: Remove id 29 BSSID dc:38:e1:83:13:42 SSID '' due to no match in scan
12-02 21:38:04.317: D/wpa_supplicant(8885): CTRL_IFACE monitor send - hexdump(len=40): 2f 64 61 74 61 2f 6d 69 73 63 2f 77 69 66 69 2f 73 6f 63 6b 65 74 73 2f 77 70 61 5f 63 74 72 6c ...
12-02 21:38:04.317: D/wpa_supplicant(8885): wlan0: BSS: Remove id 30 BSSID dc:38:e1:82:a1:c8 SSID 'ateam' due to no match in scan
12-02 21:38:04.317: D/wpa_supplicant(8885): CTRL_IFACE monitor send - hexdump(len=40): 2f 64 61 74 61 2f 6d 69 73 63 2f 77 69 66 69 2f 73 6f 63 6b 65 74 73 2f 77 70 61 5f 63 74 72 6c ...
12-02 21:38:04.317: D/wpa_supplicant(8885): wlan0: BSS: Remove id 34 BSSID dc:38:e1:83:13:43 SSID '' due to no match in scan
12-02 21:38:04.317: D/wpa_supplicant(8885): CTRL_IFACE monitor send - hexdump(len=40): 2f 64 61 74 61 2f 6d 69 73 63 2f 77 69 66 69 2f 73 6f 63 6b 65 74 73 2f 77 70 61 5f 63 74 72 6c ...
12-02 21:38:04.317: D/wpa_supplicant(8885): wlan0: BSS: Remove id 39 BSSID dc:38:e1:82:a1:c3 SSID '' due to no match in scan
12-02 21:38:04.317: D/wpa_supplicant(8885): CTRL_IFACE monitor send - hexdump(len=40): 2f 64 61 74 61 2f 6d 69 73 63 2f 77 69 66 69 2f 73 6f 63 6b 65 74 73 2f 77 70 61 5f 63 74 72 6c ...
12-02 21:38:04.317: D/wpa_supplicant(8885): wlan0: BSS: Remove id 40 BSSID 3c:94:d5:7b:fb:08 SSID 'ateam' due to no match in scan
12-02 21:38:04.317: D/wpa_supplicant(8885): CTRL_IFACE monitor send - hexdump(len=40): 2f 64 61 74 61 2f 6d 69 73 63 2f 77 69 66 69 2f 73 6f 63 6b 65 74 73 2f 77 70 61 5f 63 74 72 6c ...
12-02 21:38:04.317: D/wpa_supplicant(8885): BSS: last_scan_res_used=68/128 last_scan_full=0
12-02 21:38:04.317: D/wpa_supplicant(8885): wlan0: New scan results available
12-02 21:38:04.317: D/wpa_supplicant(8885): CTRL_IFACE monitor send - hexdump(len=40): 2f 64 61 74 61 2f 6d 69 73 63 2f 77 69 66 69 2f 73 6f 63 6b 65 74 73 2f 77 70 61 5f 63 74 72 6c ...
12-02 21:38:04.317: D/wpa_supplicant(8885): CTRL_IFACE monitor send - hexdump(len=40): 2f 64 61 74 61 2f 6d 69 73 63 2f 77 69 66 69 2f 73 6f 63 6b 65 74 73 2f 77 70 61 5f 63 74 72 6c ...
12-02 21:38:04.317: D/wpa_supplicant(8885): WPS: AP 64:09:80:4d:87:51 type 0 added
12-02 21:38:04.317: D/wpa_supplicant(8885): WPS: AP[0] 3c:1e:04:0a:2f:0e type=0 tries=0 last_attempt=-1 sec ago blacklist=0
12-02 21:38:04.317: D/wpa_supplicant(8885): WPS: AP[1] 00:d0:41:ce:d1:0d type=0 tries=0 last_attempt=-1 sec ago blacklist=0
12-02 21:38:04.317: D/wpa_supplicant(8885): WPS: AP[2] 64:09:80:4d:87:51 type=0 tries=0 last_attempt=-1 sec ago blacklist=0
12-02 21:38:04.317: D/wpa_supplicant(8885): wlan0: No suitable network found
12-02 21:38:04.317: D/wpa_supplicant(8885): wlan0: Short-circuit new scan request since there are no enabled networks
12-02 21:38:04.317: D/wpa_supplicant(8885): wlan0: State: SCANNING -> INACTIVE
12-02 21:38:04.317: D/wpa_supplicant(8885): CTRL_IFACE monitor send - hexdump(len=40): 2f 64 61 74 61 2f 6d 69 73 63 2f 77 69 66 69 2f 73 6f 63 6b 65 74 73 2f 77 70 61 5f 63 74 72 6c ...
12-02 21:38:04.317: D/wpa_supplicant(8885): wlan0: Checking for other virtual interfaces sharing same radio (phy0) in event_scan_results
12-02 21:38:04.317: D/wpa_supplicant(8885): wlan0: P2P: Station mode scan operation not pending anymore (sta_scan_pending=0 p2p_cb_on_scan_complete=0)
12-02 21:38:04.317: D/wpa_supplicant(8885): RTM_NEWLINK: operstate=0 ifi_flags=0x11003 ([UP][LOWER_UP])
12-02 21:38:04.317: D/wpa_supplicant(8885): RTM_NEWLINK, IFLA_IFNAME: Interface 'wlan0' added
12-02 21:38:04.317: D/wpa_supplicant(8885): nl80211: if_removed already cleared - ignore event
12-02 21:38:04.347: I/Gecko(8643): -*- WifiWorker component: Event coming in: CTRL-EVENT-BSS-ADDED 78 dc:38:e1:82:a1:c0
12-02 21:38:04.347: I/Gecko(8643): -*- WifiWorker component: Event coming in: CTRL-EVENT-BSS-ADDED 79 3c:94:d5:78:77:09
12-02 21:38:04.347: I/Gecko(8643): -*- WifiWorker component: Event coming in: CTRL-EVENT-BSS-ADDED 80 3c:94:d5:78:77:01
12-02 21:38:04.347: I/Gecko(8643): -*- WifiWorker component: Event coming in: CTRL-EVENT-BSS-ADDED 81 64:09:80:4d:87:51
12-02 21:38:04.347: I/Gecko(8643): -*- WifiWorker component: Event coming in: CTRL-EVENT-BSS-REMOVED 18 dc:38:e1:82:19:83
12-02 21:38:04.347: I/Gecko(8643): -*- WifiWorker component: Event coming in: CTRL-EVENT-BSS-REMOVED 23 dc:38:e1:82:8a:03
12-02 21:38:04.347: I/Gecko(8643): -*- WifiWorker component: Event coming in: CTRL-EVENT-BSS-REMOVED 29 dc:38:e1:83:13:42
12-02 21:38:04.357: I/Gecko(8643): -*- WifiWorker component: Event coming in: CTRL-EVENT-BSS-REMOVED 30 dc:38:e1:82:a1:c8
12-02 21:38:04.357: I/Gecko(8643): -*- WifiWorker component: Event coming in: CTRL-EVENT-BSS-REMOVED 34 dc:38:e1:83:13:43
12-02 21:38:04.357: I/Gecko(8643): -*- WifiWorker component: Event coming in: CTRL-EVENT-BSS-REMOVED 39 dc:38:e1:82:a1:c3
12-02 21:38:04.357: I/Gecko(8643): -*- WifiWorker component: Event coming in: CTRL-EVENT-BSS-REMOVED 40 3c:94:d5:7b:fb:08
12-02 21:38:04.357: I/Gecko(8643): -*- WifiWorker component: Event coming in: CTRL-EVENT-SCAN-RESULTS 
12-02 21:38:04.357: I/Gecko(8643): -*- WifiWorker component: Notifying of scan results available
12-02 21:38:04.357: I/Gecko(8643): -*- WifiWorker component: Scan results are available! Asking for them.
12-02 21:38:04.357: D/wpa_supplicant(8885): RX ctrl_iface - hexdump(len=12): 53 43 41 4e 5f 52 45 53 55 4c 54 53
12-02 21:38:04.357: D/wpa_supplicant(8885): wlan0: Control interface command 'SCAN_RESULTS'
12-02 21:38:04.357: D/wpa_supplicant(8885): RX ctrl_iface - hexdump(len=19): 44 52 49 56 45 52 20 53 43 41 4e 2d 50 41 53 53 49 56 45
12-02 21:38:04.357: D/wpa_supplicant(8885): wlan0: Control interface command 'DRIVER SCAN-PASSIVE'
12-02 21:38:04.357: D/wpa_supplicant(8885): wpa_driver_nl80211_driver_cmd  len = 0, 0
12-02 21:38:04.397: I/Gecko(8643): -*- WifiWorker component: Event coming in: WPS-AP-AVAILABLE 
12-02 21:38:04.557: I/Gecko(8643): -*- WifiWorker component: Event coming in: CTRL-EVENT-STATE-CHANGE id=-1 state=2 BSSID=00:00:00:00:00:00 SSID=
12-02 21:38:04.557: I/Gecko(8643): -*- WifiWorker component: State change: SCANNING -> INACTIVE
12-02 21:39:06.516: V/EventHub(8643): /dev/input/event0 got: time=6056.374986, type=1, code=116, value=1
12-02 21:39:06.516: V/EventHub(8643): event time 6056374986000, now 6056375071031
12-02 21:39:06.516: V/EventHub(8643): /dev/input/event0 got: time=6056.374995, type=0, code=0, value=0
12-02 21:39:06.516: V/EventHub(8643): event time 6056374995000, now 6056375071031
12-02 21:39:06.536: E/ANDR-PERF-LOCK(2161): Failed to reset optimization for resource: 4 level: 0
12-02 21:39:06.536: D/qdhwcomposer(8643): hwc_blank: Unblanking display: 0
12-02 21:39:06.676: V/EventHub(8643): /dev/input/event0 got: time=6056.535233, type=1, code=116, value=0
12-02 21:39:06.676: V/EventHub(8643): event time 6056535233000, now 6056535327906
12-02 21:39:06.676: V/EventHub(8643): /dev/input/event0 got: time=6056.535247, type=0, code=0, value=0
12-02 21:39:06.676: V/EventHub(8643): event time 6056535247000, now 6056535327906
12-02 21:39:06.776: D/qdhwcomposer(8643): hwc_blank: Done unblanking display: 0
12-02 21:39:06.816: D/wpa_supplicant(8885): RX ctrl_iface - hexdump(len=18): 44 52 49 56 45 52 20 53 43 41 4e 2d 41 43 54 49 56 45
12-02 21:39:06.816: D/wpa_supplicant(8885): wlan0: Control interface command 'DRIVER SCAN-ACTIVE'
12-02 21:39:06.816: D/wpa_supplicant(8885): wpa_driver_nl80211_driver_cmd  len = 0, 0
12-02 21:39:06.816: D/wpa_supplicant(8885): RX ctrl_iface - hexdump(len=4): 53 43 41 4e
12-02 21:39:06.816: D/wpa_supplicant(8885): wlan0: Control interface command 'SCAN'
12-02 21:39:06.816: D/wpa_supplicant(8885): wlan0: Setting scan request: 0 sec 0 usec
12-02 21:39:06.816: D/wpa_supplicant(8885): wlan0: State: INACTIVE -> SCANNING
12-02 21:39:06.816: D/wpa_supplicant(8885): CTRL_IFACE monitor send - hexdump(len=40): 2f 64 61 74 61 2f 6d 69 73 63 2f 77 69 66 69 2f 73 6f 63 6b 65 74 73 2f 77 70 61 5f 63 74 72 6c ...
12-02 21:39:06.816: D/wpa_supplicant(8885): wlan0: Starting AP scan for wildcard SSID
12-02 21:39:06.816: D/wpa_supplicant(8885): wlan0: nl80211: scan request
12-02 21:39:06.846: I/Gecko(8643): XXX FIXME : Dispatch a mozChromeEvent: default-volume-channel-changed
12-02 21:39:06.876: D/wpa_supplicant(8885): Scan requested (ret=0) - scan timeout 30 seconds
