12-03 02:59:20.476: D/skia(14848): SkCairoFTTypeface::onFilterRec unimplemented
12-03 02:59:20.476: D/skia(14848): SkCairoFTTypeface::onFilterRec unimplemented
12-03 02:59:20.486: I/Gecko(14848): -*-*- Webapps.jsm : _readManifests of addon3.gaiamobile.org
12-03 02:59:20.496: I/GeckoDump(14848): DeveloperHUD: [app://homescreen.gaiamobile.org/manifest.webapp] Error (console)
12-03 02:59:20.506: D/skia(14848): SkCairoFTTypeface::onFilterRec unimplemented
12-03 02:59:20.506: D/skia(14848): SkCairoFTTypeface::onFilterRec unimplemented
12-03 02:59:20.506: I/GeckoDump(14848): DeveloperHUD: [app://homescreen.gaiamobile.org/manifest.webapp] Error (console)
12-03 02:59:20.516: D/skia(14848): SkCairoFTTypeface::onFilterRec unimplemented
12-03 02:59:20.516: D/skia(14848): SkCairoFTTypeface::onFilterRec unimplemented
12-03 02:59:20.516: I/Gecko(14848): -*-*- Webapps.jsm : _readManifests of {cdfe3c28-da45-5449-b5ce-df0ca27292bb}
12-03 02:59:20.546: I/GeckoDump(14848): DeveloperHUD: [app://homescreen.gaiamobile.org/manifest.webapp] Error (console)
12-03 02:59:20.556: D/skia(14848): SkCairoFTTypeface::onFilterRec unimplemented
12-03 02:59:20.556: D/skia(14848): SkCairoFTTypeface::onFilterRec unimplemented
12-03 02:59:20.696: E/Default Home Screen(15006): Content JS ERROR: Failed to retrieve icon [object DOMError] 
12-03 02:59:20.696: E/Default Home Screen(15006):     at proto.refresh/handleError (app://homescreen.gaiamobile.org/shared/elements/gaia-site-icon/script.js:559:11)
12-03 02:59:20.696: V/EventHub(14848): /dev/input/event1 got: time=9124.624460, type=3, code=57, value=49
12-03 02:59:20.696: V/EventHub(14848): event time 9124624460000, now 9124626988868
12-03 02:59:20.696: V/EventHub(14848): /dev/input/event1 got: time=9124.624460, type=3, code=54, value=1172
12-03 02:59:20.696: V/EventHub(14848): event time 9124624460000, now 9124626988868
12-03 02:59:20.696: V/EventHub(14848): /dev/input/event1 got: time=9124.624460, type=3, code=58, value=18
12-03 02:59:20.696: V/EventHub(14848): event time 9124624460000, now 9124626988868
12-03 02:59:20.696: V/EventHub(14848): /dev/input/event1 got: time=9124.624460, type=0, code=0, value=0
12-03 02:59:20.696: V/EventHub(14848): event time 9124624460000, now 9124626988868
12-03 02:59:20.696: I/Gecko(14848): [Parent 14848] WARNING: Found a non-root APZ with no handoff parent: file /home/fischer/Projects/gecko-dev/gfx/layers/apz/src/APZCTreeManager.cpp, line 1561
12-03 02:59:20.726: I/GeckoDump(14848): DeveloperHUD: [app://homescreen.gaiamobile.org/manifest.webapp] Error (console)
12-03 02:59:20.726: D/skia(14848): SkCairoFTTypeface::onFilterRec unimplemented
12-03 02:59:20.726: D/skia(14848): SkCairoFTTypeface::onFilterRec unimplemented
12-03 02:59:20.876: V/EventHub(14848): /dev/input/event1 got: time=9124.799615, type=3, code=54, value=1173
12-03 02:59:20.876: V/EventHub(14848): event time 9124799615000, now 9124802136941
12-03 02:59:20.876: V/EventHub(14848): /dev/input/event1 got: time=9124.799615, type=3, code=58, value=25
12-03 02:59:20.876: V/EventHub(14848): event time 9124799615000, now 9124802136941
12-03 02:59:20.876: V/EventHub(14848): /dev/input/event1 got: time=9124.799615, type=3, code=48, value=4
12-03 02:59:20.876: V/EventHub(14848): event time 9124799615000, now 9124802136941
12-03 02:59:20.876: V/EventHub(14848): /dev/input/event1 got: time=9124.799615, type=0, code=0, value=0
12-03 02:59:20.876: V/EventHub(14848): event time 9124799615000, now 9124802136941
12-03 02:59:20.886: V/EventHub(14848): /dev/input/event1 got: time=9124.807950, type=3, code=54, value=1174
12-03 02:59:20.886: V/EventHub(14848): event time 9124807950000, now 9124810466108
12-03 02:59:20.886: V/EventHub(14848): /dev/input/event1 got: time=9124.807950, type=3, code=58, value=26
12-03 02:59:20.886: V/EventHub(14848): event time 9124807950000, now 9124810466108
12-03 02:59:20.886: V/EventHub(14848): /dev/input/event1 got: time=9124.807950, type=0, code=0, value=0
12-03 02:59:20.886: V/EventHub(14848): event time 9124807950000, now 9124810466108
12-03 02:59:20.886: V/EventHub(14848): /dev/input/event1 got: time=9124.816282, type=3, code=54, value=1175
12-03 02:59:20.886: V/EventHub(14848): event time 9124816282000, now 9124818788087
12-03 02:59:20.886: V/EventHub(14848): /dev/input/event1 got: time=9124.816282, type=3, code=58, value=25
12-03 02:59:20.886: V/EventHub(14848): event time 9124816282000, now 9124818788087
12-03 02:59:20.886: V/EventHub(14848): /dev/input/event1 got: time=9124.816282, type=0, code=0, value=0
12-03 02:59:20.886: V/EventHub(14848): event time 9124816282000, now 9124818788087
12-03 02:59:20.896: V/EventHub(14848): /dev/input/event1 got: time=9124.824683, type=3, code=54, value=1176
12-03 02:59:20.896: V/EventHub(14848): event time 9124824683000, now 9124827189597
12-03 02:59:20.896: V/EventHub(14848): /dev/input/event1 got: time=9124.824683, type=3, code=58, value=27
12-03 02:59:20.896: V/EventHub(14848): event time 9124824683000, now 9124827189597
12-03 02:59:20.896: V/EventHub(14848): /dev/input/event1 got: time=9124.824683, type=0, code=0, value=0
12-03 02:59:20.896: V/EventHub(14848): event time 9124824683000, now 9124827189597
12-03 02:59:20.906: V/EventHub(14848): /dev/input/event1 got: time=9124.832988, type=3, code=54, value=1177
12-03 02:59:20.906: V/EventHub(14848): event time 9124832988000, now 9124835491837
12-03 02:59:20.906: V/EventHub(14848): /dev/input/event1 got: time=9124.832988, type=3, code=58, value=26
12-03 02:59:20.906: V/EventHub(14848): event time 9124832988000, now 9124835491837
12-03 02:59:20.906: V/EventHub(14848): /dev/input/event1 got: time=9124.832988, type=0, code=0, value=0
12-03 02:59:20.906: V/EventHub(14848): event time 9124832988000, now 9124835491837
12-03 02:59:20.916: V/EventHub(14848): /dev/input/event1 got: time=9124.841352, type=3, code=54, value=1178
12-03 02:59:20.916: V/EventHub(14848): event time 9124841352000, now 9124843852306
12-03 02:59:20.916: V/EventHub(14848): /dev/input/event1 got: time=9124.841352, type=3, code=58, value=30
12-03 02:59:20.916: V/EventHub(14848): event time 9124841352000, now 9124843852306
12-03 02:59:20.916: V/EventHub(14848): /dev/input/event1 got: time=9124.841352, type=0, code=0, value=0
12-03 02:59:20.916: V/EventHub(14848): event time 9124841352000, now 9124843852306
12-03 02:59:20.926: V/EventHub(14848): /dev/input/event1 got: time=9124.849676, type=3, code=54, value=1179
12-03 02:59:20.926: V/EventHub(14848): event time 9124849676000, now 9124852165587
12-03 02:59:20.926: V/EventHub(14848): /dev/input/event1 got: time=9124.849676, type=3, code=58, value=26
12-03 02:59:20.926: V/EventHub(14848): event time 9124849676000, now 9124852165587
12-03 02:59:20.926: V/EventHub(14848): /dev/input/event1 got: time=9124.849676, type=0, code=0, value=0
12-03 02:59:20.926: V/EventHub(14848): event time 9124849676000, now 9124852165587
12-03 02:59:20.936: V/EventHub(14848): /dev/input/event1 got: time=9124.857993, type=3, code=54, value=1180
12-03 02:59:20.936: V/EventHub(14848): event time 9124857993000, now 9124861685691
12-03 02:59:20.936: V/EventHub(14848): /dev/input/event1 got: time=9124.857993, type=0, code=0, value=0
12-03 02:59:20.936: V/EventHub(14848): event time 9124857993000, now 9124861685691
12-03 02:59:20.936: V/EventHub(14848): /dev/input/event1 got: time=9124.866292, type=3, code=54, value=1181
12-03 02:59:20.936: V/EventHub(14848): event time 9124866292000, now 9124868779909
12-03 02:59:20.936: V/EventHub(14848): /dev/input/event1 got: time=9124.866292, type=3, code=58, value=29
12-03 02:59:20.936: V/EventHub(14848): event time 9124866292000, now 9124868779909
12-03 02:59:20.936: V/EventHub(14848): /dev/input/event1 got: time=9124.866292, type=0, code=0, value=0
12-03 02:59:20.936: V/EventHub(14848): event time 9124866292000, now 9124868779909
12-03 02:59:20.946: V/EventHub(14848): /dev/input/event1 got: time=9124.874645, type=3, code=54, value=1182
12-03 02:59:20.946: V/EventHub(14848): event time 9124874645000, now 9124877147878
12-03 02:59:20.946: V/EventHub(14848): /dev/input/event1 got: time=9124.874645, type=3, code=58, value=26
12-03 02:59:20.946: V/EventHub(14848): event time 9124874645000, now 9124877147878
12-03 02:59:20.946: V/EventHub(14848): /dev/input/event1 got: time=9124.874645, type=0, code=0, value=0
12-03 02:59:20.946: V/EventHub(14848): event time 9124874645000, now 9124877147878
12-03 02:59:20.956: V/EventHub(14848): /dev/input/event1 got: time=9124.882969, type=3, code=54, value=1183
12-03 02:59:20.956: V/EventHub(14848): event time 9124882969000, now 9124885448920
12-03 02:59:20.956: V/EventHub(14848): /dev/input/event1 got: time=9124.882969, type=3, code=58, value=22
12-03 02:59:20.956: V/EventHub(14848): event time 9124882969000, now 9124885448920
12-03 02:59:20.956: V/EventHub(14848): /dev/input/event1 got: time=9124.882969, type=0, code=0, value=0
12-03 02:59:20.956: V/EventHub(14848): event time 9124882969000, now 9124885448920
12-03 02:59:21.026: V/EventHub(14848): /dev/input/event1 got: time=9124.949247, type=3, code=57, value=-1
12-03 02:59:21.026: V/EventHub(14848): event time 9124949247000, now 9124951737358
12-03 02:59:21.026: V/EventHub(14848): /dev/input/event1 got: time=9124.949247, type=0, code=0, value=0
12-03 02:59:21.026: V/EventHub(14848): event time 9124949247000, now 9124951737358
12-03 02:59:21.666: I/GeckoDump(14848): XXX FIXME : Got a mozContentEvent: force-update-check
12-03 02:59:22.056: I/AutoMounter(14848): UpdateState: ums:A0C0E0 mtp:A1C0E0 mode:0 usb:1 tryToShare:0 state:IDLE
12-03 02:59:22.056: I/AutoMounter(14848): UpdateState: Volume sdcard is Mounted and inserted @ /mnt/shell/emulated/0 gen 1 locked 0 sharing x
12-03 02:59:23.616: I/Gecko(14848): -*-*- Webapps.jsm : _readManifests of video.gaiamobile.org
12-03 02:59:23.626: I/Gecko(14848): XXX FIXME : Dispatch a webapps-launch: undefined
12-03 02:59:23.696: I/Gecko(15092): ######################## extensions.js loaded
12-03 02:59:23.726: W/Video(15092): [JavaScript Warning: "Use of nsIFile in content process is deprecated." {file: "jar:file:///system/b2g/omni.ja!/components/DirectoryProvider.js" line: 81}]
12-03 02:59:24.146: I/Gecko(14848): -*-*- Webapps.jsm : _readManifests of marketplace.allizom.org
12-03 02:59:24.176: I/Gecko(14848): -*-*- Webapps.jsm : _readManifests of marketplace.allizom.org
12-03 02:59:24.196: I/Gecko(14848): -*-*- Webapps.jsm : _readManifests of template.gaiamobile.org
12-03 02:59:24.236: I/Gecko(14848): -*-*- Webapps.jsm : _readManifests of template.gaiamobile.org
12-03 02:59:24.246: I/Gecko(14848): -*-*- Webapps.jsm : _readManifests of test-otasp.gaiamobile.org
12-03 02:59:24.266: I/Gecko(14848): -*-*- Webapps.jsm : _readManifests of test-otasp.gaiamobile.org
12-03 02:59:24.276: I/Gecko(14848): -*-*- Webapps.jsm : _readManifests of test-startup-limit.gaiamobile.org
12-03 02:59:24.296: I/Gecko(14848): -*-*- Webapps.jsm : _readManifests of test-startup-limit.gaiamobile.org
12-03 02:59:24.306: I/Gecko(14848): -*-*- Webapps.jsm : _readManifests of uitest-privileged.gaiamobile.org
12-03 02:59:24.326: I/Gecko(14848): -*-*- Webapps.jsm : _readManifests of uitest-privileged.gaiamobile.org
12-03 02:59:24.346: I/Gecko(15092): ++DOMWINDOW == 3 (0xaef0d800) [pid = 15092] [serial = 3] [outer = 0xb0a98800]
12-03 02:59:24.346: I/Gecko(14848): -*-*- Webapps.jsm : _readManifests of contacts-ds-provider1.gaiamobile.org
12-03 02:59:24.366: I/Gecko(14848): -*-*- Webapps.jsm : _readManifests of contacts-ds-provider1.gaiamobile.org
12-03 02:59:24.376: I/Gecko(14848): -*-*- Webapps.jsm : _readManifests of mobile-wallet.gaiamobile.org
12-03 02:59:24.396: I/Gecko(14848): -*-*- Webapps.jsm : _readManifests of mobile-wallet.gaiamobile.org
12-03 02:59:24.406: I/Gecko(14848): -*-*- Webapps.jsm : _readManifests of nfc-api-test.gaiamobile.org
12-03 02:59:24.426: I/Gecko(14848): -*-*- Webapps.jsm : _readManifests of nfc-api-test.gaiamobile.org
12-03 02:59:24.436: I/Gecko(14848): -*-*- Webapps.jsm : _readManifests of music-oga.gaiamobile.org
12-03 02:59:24.456: I/Gecko(14848): -*-*- Webapps.jsm : _readManifests of music-oga.gaiamobile.org
12-03 02:59:24.466: D/Default Home Screen(15006): Content JS DEBUG: Bug 1211266: getIcon retry 1 for app://communications.gaiamobile.org/manifest.webapp/dialer 
12-03 02:59:24.466: D/Default Home Screen(15006):     at proto.refresh/getImage/</this._iconFetchTimeout< (app://homescreen.gaiamobile.org/shared/elements/gaia-site-icon/script.js:580:1)
12-03 02:59:24.466: I/Gecko(14848): -*-*- Webapps.jsm : _readManifests of {cdfe3c28-da45-5449-b5ce-df0ca27292bb}
12-03 02:59:24.486: I/Gecko(14848): -*-*- Webapps.jsm : _readManifests of {cdfe3c28-da45-5449-b5ce-df0ca27292bb}
12-03 02:59:24.576: D/skia(15006): Running dynamic CPU feature detection
12-03 02:59:24.576: D/skia(15006): START /proc/cpuinfo:
12-03 02:59:24.576: D/skia(15006): Processor	: ARMv7 Processor rev 0 (v7l)
12-03 02:59:24.576: D/skia(15006): processor	: 0
12-03 02:59:24.576: D/skia(15006): BogoMIPS	: 38.40
12-03 02:59:24.576: D/skia(15006): processor	: 1
12-03 02:59:24.576: D/skia(15006): BogoMIPS	: 38.40
12-03 02:59:24.576: D/skia(15006): processor	: 2
12-03 02:59:24.576: D/skia(15006): BogoMIPS	: 38.40
12-03 02:59:24.576: D/skia(15006): processor	: 3
12-03 02:59:24.576: D/skia(15006): BogoMIPS	: 38.40
12-03 02:59:24.576: D/skia(15006): Features	: swp half thumb fastmult vfp edsp neon vfpv3 tls vfpv4 idiva idivt 
12-03 02:59:24.576: D/skia(15006): CPU implementer	: 0x51
12-03 02:59:24.576: D/skia(15006): CPU architecture: 7
12-03 02:59:24.576: D/skia(15006): CPU variant	: 0x2
12-03 02:59:24.576: D/skia(15006): CPU part	: 0x06f
12-03 02:59:24.576: D/skia(15006): CPU revision	: 0
12-03 02:59:24.576: D/skia(15006): Hardware	: Qualcomm MSM 8974 HAMMERHEAD (Flattened Device Tree)
12-03 02:59:24.576: D/skia(15006): Revision	: 000b
12-03 02:59:24.576: D/skia(15006): Serial		: 0000000000000000
12-03 02:59:24.576: D/skia(15006): END /proc/cpuinfo
12-03 02:59:24.576: D/skia(15006): Device supports ARM NEON instructions!
12-03 02:59:24.736: I/Gecko(14848): -*-*- Webapps.jsm : _readManifests of communications.gaiamobile.org
12-03 02:59:24.756: I/Gecko(14848): -*-*- Webapps.jsm : _readManifests of marketplace.allizom.org
12-03 02:59:24.766: I/Gecko(14848): -*-*- Webapps.jsm : _readManifests of template.gaiamobile.org
12-03 02:59:24.776: I/Gecko(14848): -*-*- Webapps.jsm : _readManifests of test-otasp.gaiamobile.org
12-03 02:59:24.826: I/Gecko(14848): -*-*- Webapps.jsm : _readManifests of test-startup-limit.gaiamobile.org
12-03 02:59:24.836: I/Gecko(14848): -*-*- Webapps.jsm : _readManifests of uitest-privileged.gaiamobile.org
12-03 02:59:24.846: I/Gecko(14848): -*-*- Webapps.jsm : _readManifests of contacts-ds-provider1.gaiamobile.org
12-03 02:59:24.856: I/Gecko(14848): -*-*- Webapps.jsm : _readManifests of mobile-wallet.gaiamobile.org
12-03 02:59:24.866: I/Gecko(14848): -*-*- Webapps.jsm : _readManifests of nfc-api-test.gaiamobile.org
12-03 02:59:24.886: I/Gecko(14848): -*-*- Webapps.jsm : _readManifests of music-oga.gaiamobile.org
12-03 02:59:24.916: I/Gecko(14848): -*-*- Webapps.jsm : _readManifests of {cdfe3c28-da45-5449-b5ce-df0ca27292bb}
12-03 02:59:25.396: I/Gecko(15092): [Child 15092] ###!!! ASSERTION: style context has old rule node: 'mRoots[i]->RuleNode()->RuleTree() == mRuleTree', file /home/fischer/Projects/gecko-dev/layout/style/nsStyleSet.cpp, line 317
12-03 02:59:25.396: I/Gecko(15092): [Child 15092] ###!!! ASSERTION: old rule tree still referenced: 'Not Reached', file /home/fischer/Projects/gecko-dev/layout/style/nsStyleSet.cpp, line 2227
12-03 02:59:26.336: E/ThermalEngine(192): TM Id 'SKIN_THERMAL_management_1' Sensor 'xo_therm_pu2' - alarm raised 1 at 40.0 degC
12-03 02:59:26.336: E/ThermalEngine(192): ACTION: LCD - Setting max LCD brightness to 229
12-03 02:59:26.336: E/ThermalEngine(192): Setting curr LCD brightness to 255
12-03 02:59:27.076: I/ServiceManager(168): service 'android.security.keystore' died
12-03 02:59:27.076: I/ServiceManager(168): service 'SurfaceFlinger' died
12-03 02:59:27.076: I/ServiceManager(168): service 'permission' died
12-03 02:59:27.076: I/ServiceManager(168): service 'display.qservice' died
12-03 02:59:56.356: E/ThermalEngine(192): TM Id 'SKIN_THERMAL_management_1' Sensor 'xo_therm_pu2' - alarm cleared 1 at 38.0 degC
12-03 02:59:56.356: E/ThermalEngine(192): ACTION: LCD - Setting max LCD brightness to 255
12-03 02:59:56.356: E/ThermalEngine(192): Setting curr LCD brightness to 255
12-03 03:00:06.106: I/Gecko(15673): [15673] WARNING: XPCOM objects created/destroyed from static ctor/dtor: file /home/fischer/Projects/gecko-dev/xpcom/base/nsTraceRefcnt.cpp, line 167
12-03 03:00:06.106: I/Gecko(15673): [15673] WARNING: XPCOM objects created/destroyed from static ctor/dtor: file /home/fischer/Projects/gecko-dev/xpcom/base/nsTraceRefcnt.cpp, line 167
12-03 03:00:06.106: I/Gecko(15673): [15673] WARNING: XPCOM objects created/destroyed from static ctor/dtor: file /home/fischer/Projects/gecko-dev/xpcom/base/nsTraceRefcnt.cpp, line 167
12-03 03:00:06.106: I/Gecko(15673): [15673] WARNING: XPCOM objects created/destroyed from static ctor/dtor: file /home/fischer/Projects/gecko-dev/xpcom/base/nsTraceRefcnt.cpp, line 167
12-03 03:00:06.106: I/Gecko(15673): [15673] WARNING: XPCOM objects created/destroyed from static ctor/dtor: file /home/fischer/Projects/gecko-dev/xpcom/base/nsTraceRefcnt.cpp, line 167
12-03 03:00:06.106: I/Gecko(15673): [15673] WARNING: XPCOM objects created/destroyed from static ctor/dtor: file /home/fischer/Projects/gecko-dev/xpcom/base/nsTraceRefcnt.cpp, line 167
12-03 03:00:06.106: I/Gecko(15673): [15673] WARNING: XPCOM objects created/destroyed from static ctor/dtor: file /home/fischer/Projects/gecko-dev/xpcom/base/nsTraceRefcnt.cpp, line 167
12-03 03:00:06.106: I/Gecko(15673): [15673] WARNING: XPCOM objects created/destroyed from static ctor/dtor: file /home/fischer/Projects/gecko-dev/xpcom/base/nsTraceRefcnt.cpp, line 167
12-03 03:00:06.116: I/Gecko(15673): [15673] WARNING: XPCOM objects created/destroyed from static ctor/dtor: file /home/fischer/Projects/gecko-dev/xpcom/base/nsTraceRefcnt.cpp, line 167
12-03 03:00:06.116: I/Gecko(15673): [15673] WARNING: XPCOM objects created/destroyed from static ctor/dtor: file /home/fischer/Projects/gecko-dev/xpcom/base/nsTraceRefcnt.cpp, line 167
12-03 03:00:06.116: I/Gecko(15673): [15673] WARNING: XPCOM objects created/destroyed from static ctor/dtor: file /home/fischer/Projects/gecko-dev/xpcom/base/nsTraceRefcnt.cpp, line 167
12-03 03:00:06.116: I/Gecko(15673): [15673] WARNING: XPCOM objects created/destroyed from static ctor/dtor: file /home/fischer/Projects/gecko-dev/xpcom/base/nsTraceRefcnt.cpp, line 167
12-03 03:00:06.116: I/Gecko(15673): [15673] WARNING: XPCOM objects created/destroyed from static ctor/dtor: file /home/fischer/Projects/gecko-dev/xpcom/base/nsTraceRefcnt.cpp, line 167
12-03 03:00:06.116: I/Gecko(15673): [15673] WARNING: XPCOM objects created/destroyed from static ctor/dtor: file /home/fischer/Projects/gecko-dev/xpcom/base/nsTraceRefcnt.cpp, line 167
12-03 03:00:06.116: I/Gecko(15673): [15673] WARNING: XPCOM objects created/destroyed from static ctor/dtor: file /home/fischer/Projects/gecko-dev/xpcom/base/nsTraceRefcnt.cpp, line 167
12-03 03:00:06.116: I/Gecko(15673): [15673] WARNING: XPCOM objects created/destroyed from static ctor/dtor: file /home/fischer/Projects/gecko-dev/xpcom/base/nsTraceRefcnt.cpp, line 167
12-03 03:00:06.116: I/Gecko(15673): [15673] WARNING: XPCOM objects created/destroyed from static ctor/dtor: file /home/fischer/Projects/gecko-dev/xpcom/base/nsTraceRefcnt.cpp, line 167
12-03 03:00:06.116: I/Gecko(15673): [15673] WARNING: XPCOM objects created/destroyed from static ctor/dtor: file /home/fischer/Projects/gecko-dev/xpcom/base/nsTraceRefcnt.cpp, line 167
12-03 03:00:06.116: I/Gecko(15673): [15673] WARNING: XPCOM objects created/destroyed from static ctor/dtor: file /home/fischer/Projects/gecko-dev/xpcom/base/nsTraceRefcnt.cpp, line 167
12-03 03:00:06.116: I/Gecko(15673): [15673] WARNING: XPCOM objects created/destroyed from static ctor/dtor: file /home/fischer/Projects/gecko-dev/xpcom/base/nsTraceRefcnt.cpp, line 167
12-03 03:00:06.116: I/Gecko(15673): [15673] WARNING: XPCOM objects created/destroyed from static ctor/dtor: file /home/fischer/Projects/gecko-dev/xpcom/base/nsTraceRefcnt.cpp, line 167
12-03 03:00:06.116: I/Gecko(15673): [15673] WARNING: XPCOM objects created/destroyed from static ctor/dtor: file /home/fischer/Projects/gecko-dev/xpcom/base/nsTraceRefcnt.cpp, line 167
12-03 03:00:06.116: I/Gecko(15673): [15673] WARNING: XPCOM objects created/destroyed from static ctor/dtor: file /home/fischer/Projects/gecko-dev/xpcom/base/nsTraceRefcnt.cpp, line 167
12-03 03:00:06.116: I/Gecko(15673): [15673] WARNING: XPCOM objects created/destroyed from static ctor/dtor: file /home/fischer/Projects/gecko-dev/xpcom/base/nsTraceRefcnt.cpp, line 167
12-03 03:00:06.116: I/Gecko(15673): [15673] WARNING: XPCOM objects created/destroyed from static ctor/dtor: file /home/fischer/Projects/gecko-dev/xpcom/base/nsTraceRefcnt.cpp, line 167
12-03 03:00:06.116: I/Gecko(15673): [15673] WARNING: XPCOM objects created/destroyed from static ctor/dtor: file /home/fischer/Projects/gecko-dev/xpcom/base/nsTraceRefcnt.cpp, line 167
12-03 03:00:06.116: I/Gecko(15673): [15673] WARNING: XPCOM objects created/destroyed from static ctor/dtor: file /home/fischer/Projects/gecko-dev/xpcom/base/nsTraceRefcnt.cpp, line 167
12-03 03:00:06.116: I/Gecko(15673): [15673] WARNING: XPCOM objects created/destroyed from static ctor/dtor: file /home/fischer/Projects/gecko-dev/xpcom/base/nsTraceRefcnt.cpp, line 167
12-03 03:00:06.116: I/Gecko(15673): [15673] WARNING: XPCOM objects created/destroyed from static ctor/dtor: file /home/fischer/Projects/gecko-dev/xpcom/base/nsTraceRefcnt.cpp, line 167
12-03 03:00:06.116: I/Gecko(15673): [15673] WARNING: XPCOM objects created/destroyed from static ctor/dtor: file /home/fischer/Projects/gecko-dev/xpcom/base/nsTraceRefcnt.cpp, line 167
12-03 03:00:06.116: I/Gecko(15673): [15673] WARNING: XPCOM objects created/destroyed from static ctor/dtor: file /home/fischer/Projects/gecko-dev/xpcom/base/nsTraceRefcnt.cpp, line 167
12-03 03:00:06.116: I/Gecko(15673): [15673] WARNING: XPCOM objects created/destroyed from static ctor/dtor: file /home/fischer/Projects/gecko-dev/xpcom/base/nsTraceRefcnt.cpp, line 167
12-03 03:00:06.116: I/Gecko(15673): [15673] WARNING: XPCOM objects created/destroyed from static ctor/dtor: file /home/fischer/Projects/gecko-dev/xpcom/base/nsTraceRefcnt.cpp, line 167
12-03 03:00:06.116: I/Gecko(15673): [15673] WARNING: XPCOM objects created/destroyed from static ctor/dtor: file /home/fischer/Projects/gecko-dev/xpcom/base/nsTraceRefcnt.cpp, line 167
12-03 03:00:06.116: I/Gecko(15673): [15673] WARNING: XPCOM objects created/destroyed from static ctor/dtor: file /home/fischer/Projects/gecko-dev/xpcom/base/nsTraceRefcnt.cpp, line 167
12-03 03:00:06.116: I/Gecko(15673): [15673] WARNING: XPCOM objects created/destroyed from static ctor/dtor: file /home/fischer/Projects/gecko-dev/xpcom/base/nsTraceRefcnt.cpp, line 167
12-03 03:00:06.116: I/Gecko(15673): [15673] WARNING: XPCOM objects created/destroyed from static ctor/dtor: file /home/fischer/Projects/gecko-dev/xpcom/base/nsTraceRefcnt.cpp, line 167
12-03 03:00:06.116: I/Gecko(15673): [15673] WARNING: XPCOM objects created/destroyed from static ctor/dtor: file /home/fischer/Projects/gecko-dev/xpcom/base/nsTraceRefcnt.cpp, line 167
12-03 03:00:06.116: I/Gecko(15673): [15673] WARNING: XPCOM objects created/destroyed from static ctor/dtor: file /home/fischer/Projects/gecko-dev/xpcom/base/nsTraceRefcnt.cpp, line 167
12-03 03:00:06.116: I/Gecko(15673): [15673] WARNING: XPCOM objects created/destroyed from static ctor/dtor: file /home/fischer/Projects/gecko-dev/xpcom/base/nsTraceRefcnt.cpp, line 167
12-03 03:00:06.116: I/Gecko(15673): [15673] WARNING: XPCOM objects created/destroyed from static ctor/dtor: file /home/fischer/Projects/gecko-dev/xpcom/base/nsTraceRefcnt.cpp, line 167
12-03 03:00:06.116: I/Gecko(15673): [15673] WARNING: XPCOM objects created/destroyed from static ctor/dtor: file /home/fischer/Projects/gecko-dev/xpcom/base/nsTraceRefcnt.cpp, line 167
12-03 03:00:06.116: I/Gecko(15673): [15673] WARNING: XPCOM objects created/destroyed from static ctor/dtor: file /home/fischer/Projects/gecko-dev/xpcom/base/nsTraceRefcnt.cpp, line 167
12-03 03:00:06.116: I/Gecko(15673): [15673] WARNING: XPCOM objects created/destroyed from static ctor/dtor: file /home/fischer/Projects/gecko-dev/xpcom/base/nsTraceRefcnt.cpp, line 167
12-03 03:00:06.116: I/Gecko(15673): [15673] WARNING: XPCOM objects created/destroyed from static ctor/dtor: file /home/fischer/Projects/gecko-dev/xpcom/base/nsTraceRefcnt.cpp, line 167
12-03 03:00:06.116: I/Gecko(15673): [15673] WARNING: XPCOM objects created/destroyed from static ctor/dtor: file /home/fischer/Projects/gecko-dev/xpcom/base/nsTraceRefcnt.cpp, line 167
12-03 03:00:06.116: I/Gecko(15673): [15673] WARNING: XPCOM objects created/destroyed from static ctor/dtor: file /home/fischer/Projects/gecko-dev/xpcom/base/nsTraceRefcnt.cpp, line 167
12-03 03:00:06.116: I/Gecko(15673): [15673] WARNING: XPCOM objects created/destroyed from static ctor/dtor: file /home/fischer/Projects/gecko-dev/xpcom/base/nsTraceRefcnt.cpp, line 167
12-03 03:00:06.116: I/Gecko(15673): [15673] WARNING: XPCOM objects created/destroyed from static ctor/dtor: file /home/fischer/Projects/gecko-dev/xpcom/base/nsTraceRefcnt.cpp, line 167
12-03 03:00:06.116: I/Gecko(15673): [15673] WARNING: XPCOM objects created/destroyed from static ctor/dtor: file /home/fischer/Projects/gecko-dev/xpcom/base/nsTraceRefcnt.cpp, line 167
12-03 03:00:06.116: I/Gecko(15673): [15673] WARNING: XPCOM objects created/destroyed from static ctor/dtor: file /home/fischer/Projects/gecko-dev/xpcom/base/nsTraceRefcnt.cpp, line 167
12-03 03:00:06.116: I/Gecko(15673): [15673] WARNING: XPCOM objects created/destroyed from static ctor/dtor: file /home/fischer/Projects/gecko-dev/xpcom/base/nsTraceRefcnt.cpp, line 167
12-03 03:00:06.116: I/Gecko(15673): [15673] WARNING: XPCOM objects created/destroyed from static ctor/dtor: file /home/fischer/Projects/gecko-dev/xpcom/base/nsTraceRefcnt.cpp, line 167
12-03 03:00:06.116: I/Gecko(15673): [15673] WARNING: XPCOM objects created/destroyed from static ctor/dtor: file /home/fischer/Projects/gecko-dev/xpcom/base/nsTraceRefcnt.cpp, line 167
12-03 03:00:06.116: I/Gecko(15673): [15673] WARNING: XPCOM objects created/destroyed from static ctor/dtor: file /home/fischer/Projects/gecko-dev/xpcom/base/nsTraceRefcnt.cpp, line 167
12-03 03:00:06.116: I/Gecko(15673): [15673] WARNING: XPCOM objects created/destroyed from static ctor/dtor: file /home/fischer/Projects/gecko-dev/xpcom/base/nsTraceRefcnt.cpp, line 167
12-03 03:00:06.116: I/Gecko(15673): [15673] WARNING: XPCOM objects created/destroyed from static ctor/dtor: file /home/fischer/Projects/gecko-dev/xpcom/base/nsTraceRefcnt.cpp, line 167
12-03 03:00:06.116: I/Gecko(15673): [15673] WARNING: XPCOM objects created/destroyed from static ctor/dtor: file /home/fischer/Projects/gecko-dev/xpcom/base/nsTraceRefcnt.cpp, line 167
12-03 03:00:06.116: I/Gecko(15673): [15673] WARNING: XPCOM objects created/destroyed from static ctor/dtor: file /home/fischer/Projects/gecko-dev/xpcom/base/nsTraceRefcnt.cpp, line 167
12-03 03:00:06.116: I/Gecko(15673): [15673] WARNING: XPCOM objects created/destroyed from static ctor/dtor: file /home/fischer/Projects/gecko-dev/xpcom/base/nsTraceRefcnt.cpp, line 167
12-03 03:00:06.116: I/Gecko(15673): [15673] WARNING: XPCOM objects created/destroyed from static ctor/dtor: file /home/fischer/Projects/gecko-dev/xpcom/base/nsTraceRefcnt.cpp, line 167
12-03 03:00:06.116: I/Gecko(15673): [15673] WARNING: XPCOM objects created/destroyed from static ctor/dtor: file /home/fischer/Projects/gecko-dev/xpcom/base/nsTraceRefcnt.cpp, line 167
12-03 03:00:06.116: I/Gecko(15673): [15673] WARNING: XPCOM objects created/destroyed from static ctor/dtor: file /home/fischer/Projects/gecko-dev/xpcom/base/nsTraceRefcnt.cpp, line 167
12-03 03:00:06.116: I/Gecko(15673): [15673] WARNING: XPCOM objects created/destroyed from static ctor/dtor: file /home/fischer/Projects/gecko-dev/xpcom/base/nsTraceRefcnt.cpp, line 167
12-03 03:00:06.116: I/Gecko(15673): [15673] WARNING: XPCOM objects created/destroyed from static ctor/dtor: file /home/fischer/Projects/gecko-dev/xpcom/base/nsTraceRefcnt.cpp, line 167
12-03 03:00:06.116: I/Gecko(15673): [15673] WARNING: XPCOM objects created/destroyed from static ctor/dtor: file /home/fischer/Projects/gecko-dev/xpcom/base/nsTraceRefcnt.cpp, line 167
12-03 03:00:06.116: I/Gecko(15673): [15673] WARNING: XPCOM objects created/destroyed from static ctor/dtor: file /home/fischer/Projects/gecko-dev/xpcom/base/nsTraceRefcnt.cpp, line 167
12-03 03:00:06.116: I/Gecko(15673): [15673] WARNING: XPCOM objects created/destroyed from static ctor/dtor: file /home/fischer/Projects/gecko-dev/xpcom/base/nsTraceRefcnt.cpp, line 167
12-03 03:00:06.116: I/Gecko(15673): [15673] WARNING: XPCOM objects created/destroyed from static ctor/dtor: file /home/fischer/Projects/gecko-dev/xpcom/base/nsTraceRefcnt.cpp, line 167
12-03 03:00:06.116: I/Gecko(15673): [15673] WARNING: XPCOM objects created/destroyed from static ctor/dtor: file /home/fischer/Projects/gecko-dev/xpcom/base/nsTraceRefcnt.cpp, line 167
12-03 03:00:06.116: I/Gecko(15673): [15673] WARNING: XPCOM objects created/destroyed from static ctor/dtor: file /home/fischer/Projects/gecko-dev/xpcom/base/nsTraceRefcnt.cpp, line 167
12-03 03:00:06.116: I/Gecko(15673): [15673] WARNING: XPCOM objects created/destroyed from static ctor/dtor: file /home/fischer/Projects/gecko-dev/xpcom/base/nsTraceRefcnt.cpp, line 167
12-03 03:00:06.116: I/Gecko(15673): [15673] WARNING: XPCOM objects created/destroyed from static ctor/dtor: file /home/fischer/Projects/gecko-dev/xpcom/base/nsTraceRefcnt.cpp, line 167
12-03 03:00:06.116: I/Gecko(15673): [15673] WARNING: XPCOM objects created/destroyed from static ctor/dtor: file /home/fischer/Projects/gecko-dev/xpcom/base/nsTraceRefcnt.cpp, line 167
12-03 03:00:06.116: I/Gecko(15673): [15673] WARNING: XPCOM objects created/destroyed from static ctor/dtor: file /home/fischer/Projects/gecko-dev/xpcom/base/nsTraceRefcnt.cpp, line 167
12-03 03:00:06.116: I/Gecko(15673): [15673] WARNING: XPCOM objects created/destroyed from static ctor/dtor: file /home/fischer/Projects/gecko-dev/xpcom/base/nsTraceRefcnt.cpp, line 167
12-03 03:00:06.116: I/Gecko(15673): [15673] WARNING: XPCOM objects created/destroyed from static ctor/dtor: file /home/fischer/Projects/gecko-dev/xpcom/base/nsTraceRefcnt.cpp, line 167
12-03 03:00:06.116: I/Gecko(15673): [15673] WARNING: XPCOM objects created/destroyed from static ctor/dtor: file /home/fischer/Projects/gecko-dev/xpcom/base/nsTraceRefcnt.cpp, line 167
12-03 03:00:06.126: I/Gecko(15673): [15673] WARNING: XPCOM objects created/destroyed from static ctor/dtor: file /home/fischer/Projects/gecko-dev/xpcom/base/nsTraceRefcnt.cpp, line 167
12-03 03:00:06.126: I/Gecko(15673): [15673] WARNING: XPCOM objects created/destroyed from static ctor/dtor: file /home/fischer/Projects/gecko-dev/xpcom/base/nsTraceRefcnt.cpp, line 167
12-03 03:00:06.126: I/Gecko(15673): [15673] WARNING: XPCOM objects created/destroyed from static ctor/dtor: file /home/fischer/Projects/gecko-dev/xpcom/base/nsTraceRefcnt.cpp, line 167
12-03 03:00:06.126: I/Gecko(15673): [15673] WARNING: XPCOM objects created/destroyed from static ctor/dtor: file /home/fischer/Projects/gecko-dev/xpcom/base/nsTraceRefcnt.cpp, line 167
12-03 03:00:06.126: I/Gecko(15673): [15673] WARNING: XPCOM objects created/destroyed from static ctor/dtor: file /home/fischer/Projects/gecko-dev/xpcom/base/nsTraceRefcnt.cpp, line 167
12-03 03:00:06.126: I/Gecko(15673): [15673] WARNING: XPCOM objects created/destroyed from static ctor/dtor: file /home/fischer/Projects/gecko-dev/xpcom/base/nsTraceRefcnt.cpp, line 167
12-03 03:00:06.126: I/Gecko(15673): [15673] WARNING: XPCOM objects created/destroyed from static ctor/dtor: file /home/fischer/Projects/gecko-dev/xpcom/base/nsTraceRefcnt.cpp, line 167
12-03 03:00:06.126: I/Gecko(15673): [15673] WARNING: XPCOM objects created/destroyed from static ctor/dtor: file /home/fischer/Projects/gecko-dev/xpcom/base/nsTraceRefcnt.cpp, line 167
12-03 03:00:06.126: I/Gecko(15673): [15673] WARNING: XPCOM objects created/destroyed from static ctor/dtor: file /home/fischer/Projects/gecko-dev/xpcom/base/nsTraceRefcnt.cpp, line 167
12-03 03:00:06.126: I/Gecko(15673): [15673] WARNING: XPCOM objects created/destroyed from static ctor/dtor: file /home/fischer/Projects/gecko-dev/xpcom/base/nsTraceRefcnt.cpp, line 167
12-03 03:00:06.126: I/Gecko(15673): [15673] WARNING: XPCOM objects created/destroyed from static ctor/dtor: file /home/fischer/Projects/gecko-dev/xpcom/base/nsTraceRefcnt.cpp, line 167
12-03 03:00:06.126: I/Gecko(15673): [15673] WARNING: XPCOM objects created/destroyed from static ctor/dtor: file /home/fischer/Projects/gecko-dev/xpcom/base/nsTraceRefcnt.cpp, line 167
12-03 03:00:06.126: I/Gecko(15673): [15673] WARNING: XPCOM objects created/destroyed from static ctor/dtor: file /home/fischer/Projects/gecko-dev/xpcom/base/nsTraceRefcnt.cpp, line 167
12-03 03:00:06.126: I/Gecko(15673): [15673] WARNING: XPCOM objects created/destroyed from static ctor/dtor: file /home/fischer/Projects/gecko-dev/xpcom/base/nsTraceRefcnt.cpp, line 167
12-03 03:00:06.126: I/Gecko(15673): [15673] WARNING: XPCOM objects created/destroyed from static ctor/dtor: file /home/fischer/Projects/gecko-dev/xpcom/base/nsTraceRefcnt.cpp, line 167
12-03 03:00:06.126: I/Gecko(15673): [15673] WARNING: XPCOM objects created/destroyed from static ctor/dtor: file /home/fischer/Projects/gecko-dev/xpcom/base/nsTraceRefcnt.cpp, line 167
12-03 03:00:06.126: I/Gecko(15673): [15673] WARNING: XPCOM objects created/destroyed from static ctor/dtor: file /home/fischer/Projects/gecko-dev/xpcom/base/nsTraceRefcnt.cpp, line 167
12-03 03:00:06.126: I/Gecko(15673): [15673] WARNING: XPCOM objects created/destroyed from static ctor/dtor: file /home/fischer/Projects/gecko-dev/xpcom/base/nsTraceRefcnt.cpp, line 167
12-03 03:00:06.126: I/Gecko(15673): [15673] WARNING: XPCOM objects created/destroyed from static ctor/dtor: file /home/fischer/Projects/gecko-dev/xpcom/base/nsTraceRefcnt.cpp, line 167
12-03 03:00:06.126: I/Gecko(15673): [15673] WARNING: XPCOM objects created/destroyed from static ctor/dtor: file /home/fischer/Projects/gecko-dev/xpcom/base/nsTraceRefcnt.cpp, line 167
12-03 03:00:06.126: I/Gecko(15673): [15673] WARNING: XPCOM objects created/destroyed from static ctor/dtor: file /home/fischer/Projects/gecko-dev/xpcom/base/nsTraceRefcnt.cpp, line 167
12-03 03:00:06.126: I/Gecko(15673): [15673] WARNING: XPCOM objects created/destroyed from static ctor/dtor: file /home/fischer/Projects/gecko-dev/xpcom/base/nsTraceRefcnt.cpp, line 167
12-03 03:00:06.126: I/Gecko(15673): [15673] WARNING: XPCOM objects created/destroyed from static ctor/dtor: file /home/fischer/Projects/gecko-dev/xpcom/base/nsTraceRefcnt.cpp, line 167
12-03 03:00:06.126: I/Gecko(15673): [15673] WARNING: XPCOM objects created/destroyed from static ctor/dtor: file /home/fischer/Projects/gecko-dev/xpcom/base/nsTraceRefcnt.cpp, line 167
12-03 03:00:06.126: I/Gecko(15673): [15673] WARNING: XPCOM objects created/destroyed from static ctor/dtor: file /home/fischer/Projects/gecko-dev/xpcom/base/nsTraceRefcnt.cpp, line 167
12-03 03:00:06.126: I/Gecko(15673): [15673] WARNING: XPCOM objects created/destroyed from static ctor/dtor: file /home/fischer/Projects/gecko-dev/xpcom/base/nsTraceRefcnt.cpp, line 167
12-03 03:00:06.126: I/Gecko(15673): [15673] WARNING: XPCOM objects created/destroyed from static ctor/dtor: file /home/fischer/Projects/gecko-dev/xpcom/base/nsTraceRefcnt.cpp, line 167
12-03 03:00:06.126: I/Gecko(15673): [15673] WARNING: XPCOM objects created/destroyed from static ctor/dtor: file /home/fischer/Projects/gecko-dev/xpcom/base/nsTraceRefcnt.cpp, line 167
12-03 03:00:06.126: I/Gecko(15673): [15673] WARNING: XPCOM objects created/destroyed from static ctor/dtor: file /home/fischer/Projects/gecko-dev/xpcom/base/nsTraceRefcnt.cpp, line 167
12-03 03:00:06.126: I/Gecko(15673): [15673] WARNING: XPCOM objects created/destroyed from static ctor/dtor: file /home/fischer/Projects/gecko-dev/xpcom/base/nsTraceRefcnt.cpp, line 167
12-03 03:00:06.126: I/Gecko(15673): [15673] WARNING: XPCOM objects created/destroyed from static ctor/dtor: file /home/fischer/Projects/gecko-dev/xpcom/base/nsTraceRefcnt.cpp, line 167
12-03 03:00:06.126: I/Gecko(15673): [15673] WARNING: XPCOM objects created/destroyed from static ctor/dtor: file /home/fischer/Projects/gecko-dev/xpcom/base/nsTraceRefcnt.cpp, line 167
12-03 03:00:06.126: I/Gecko(15673): [15673] WARNING: XPCOM objects created/destroyed from static ctor/dtor: file /home/fischer/Projects/gecko-dev/xpcom/base/nsTraceRefcnt.cpp, line 167
12-03 03:00:06.126: I/Gecko(15673): [15673] WARNING: XPCOM objects created/destroyed from static ctor/dtor: file /home/fischer/Projects/gecko-dev/xpcom/base/nsTraceRefcnt.cpp, line 167
12-03 03:00:06.126: I/Gecko(15673): [15673] WARNING: XPCOM objects created/destroyed from static ctor/dtor: file /home/fischer/Projects/gecko-dev/xpcom/base/nsTraceRefcnt.cpp, line 167
12-03 03:00:06.126: I/Gecko(15673): [15673] WARNING: XPCOM objects created/destroyed from static ctor/dtor: file /home/fischer/Projects/gecko-dev/xpcom/base/nsTraceRefcnt.cpp, line 167
12-03 03:00:06.126: I/Gecko(15673): [15673] WARNING: XPCOM objects created/destroyed from static ctor/dtor: file /home/fischer/Projects/gecko-dev/xpcom/base/nsTraceRefcnt.cpp, line 167
12-03 03:00:06.126: I/Gecko(15673): [15673] WARNING: XPCOM objects created/destroyed from static ctor/dtor: file /home/fischer/Projects/gecko-dev/xpcom/base/nsTraceRefcnt.cpp, line 167
12-03 03:00:06.126: I/Gecko(15673): [15673] WARNING: XPCOM objects created/destroyed from static ctor/dtor: file /home/fischer/Projects/gecko-dev/xpcom/base/nsTraceRefcnt.cpp, line 167
12-03 03:00:06.126: I/Gecko(15673): [15673] WARNING: XPCOM objects created/destroyed from static ctor/dtor: file /home/fischer/Projects/gecko-dev/xpcom/base/nsTraceRefcnt.cpp, line 167
12-03 03:00:06.126: I/Gecko(15673): [15673] WARNING: XPCOM objects created/destroyed from static ctor/dtor: file /home/fischer/Projects/gecko-dev/xpcom/base/nsTraceRefcnt.cpp, line 167
12-03 03:00:06.126: I/Gecko(15673): [15673] WARNING: XPCOM objects created/destroyed from static ctor/dtor: file /home/fischer/Projects/gecko-dev/xpcom/base/nsTraceRefcnt.cpp, line 167
12-03 03:00:06.126: I/Gecko(15673): [15673] WARNING: XPCOM objects created/destroyed from static ctor/dtor: file /home/fischer/Projects/gecko-dev/xpcom/base/nsTraceRefcnt.cpp, line 167
12-03 03:00:06.126: I/Gecko(15673): [15673] WARNING: XPCOM objects created/destroyed from static ctor/dtor: file /home/fischer/Projects/gecko-dev/xpcom/base/nsTraceRefcnt.cpp, line 167
12-03 03:00:06.126: I/Gecko(15673): [15673] WARNING: XPCOM objects created/destroyed from static ctor/dtor: file /home/fischer/Projects/gecko-dev/xpcom/base/nsTraceRefcnt.cpp, line 167
12-03 03:00:06.126: I/Gecko(15673): [15673] WARNING: XPCOM objects created/destroyed from static ctor/dtor: file /home/fischer/Projects/gecko-dev/xpcom/base/nsTraceRefcnt.cpp, line 167
12-03 03:00:06.126: I/Gecko(15673): [15673] WARNING: XPCOM objects created/destroyed from static ctor/dtor: file /home/fischer/Projects/gecko-dev/xpcom/base/nsTraceRefcnt.cpp, line 167
12-03 03:00:06.126: I/Gecko(15673): [15673] WARNING: XPCOM objects created/destroyed from static ctor/dtor: file /home/fischer/Projects/gecko-dev/xpcom/base/nsTraceRefcnt.cpp, line 167
12-03 03:00:06.126: I/Gecko(15673): [15673] WARNING: XPCOM objects created/destroyed from static ctor/dtor: file /home/fischer/Projects/gecko-dev/xpcom/base/nsTraceRefcnt.cpp, line 167
12-03 03:00:06.126: I/Gecko(15673): [15673] WARNING: XPCOM objects created/destroyed from static ctor/dtor: file /home/fischer/Projects/gecko-dev/xpcom/base/nsTraceRefcnt.cpp, line 167
12-03 03:00:06.126: I/Gecko(15673): [15673] WARNING: XPCOM objects created/destroyed from static ctor/dtor: file /home/fischer/Projects/gecko-dev/xpcom/base/nsTraceRefcnt.cpp, line 167
12-03 03:00:06.126: I/Gecko(15673): [15673] WARNING: XPCOM objects created/destroyed from static ctor/dtor: file /home/fischer/Projects/gecko-dev/xpcom/base/nsTraceRefcnt.cpp, line 167
12-03 03:00:06.126: I/Gecko(15673): [15673] WARNING: XPCOM objects created/destroyed from static ctor/dtor: file /home/fischer/Projects/gecko-dev/xpcom/base/nsTraceRefcnt.cpp, line 167
12-03 03:00:06.126: I/Gecko(15673): [15673] WARNING: XPCOM objects created/destroyed from static ctor/dtor: file /home/fischer/Projects/gecko-dev/xpcom/base/nsTraceRefcnt.cpp, line 167
12-03 03:00:06.126: I/Gecko(15673): [15673] WARNING: XPCOM objects created/destroyed from static ctor/dtor: file /home/fischer/Projects/gecko-dev/xpcom/base/nsTraceRefcnt.cpp, line 167
12-03 03:00:06.126: I/Gecko(15673): [15673] WARNING: XPCOM objects created/destroyed from static ctor/dtor: file /home/fischer/Projects/gecko-dev/xpcom/base/nsTraceRefcnt.cpp, line 167
12-03 03:00:06.126: I/Gecko(15673): [15673] WARNING: XPCOM objects created/destroyed from static ctor/dtor: file /home/fischer/Projects/gecko-dev/xpcom/base/nsTraceRefcnt.cpp, line 167
12-03 03:00:06.126: I/Gecko(15673): [15673] WARNING: XPCOM objects created/destroyed from static ctor/dtor: file /home/fischer/Projects/gecko-dev/xpcom/base/nsTraceRefcnt.cpp, line 167
12-03 03:00:06.126: I/Gecko(15673): [15673] WARNING: XPCOM objects created/destroyed from static ctor/dtor: file /home/fischer/Projects/gecko-dev/xpcom/base/nsTraceRefcnt.cpp, line 167
12-03 03:00:06.126: I/Gecko(15673): [15673] WARNING: XPCOM objects created/destroyed from static ctor/dtor: file /home/fischer/Projects/gecko-dev/xpcom/base/nsTraceRefcnt.cpp, line 167
12-03 03:00:06.126: I/Gecko(15673): [15673] WARNING: XPCOM objects created/destroyed from static ctor/dtor: file /home/fischer/Projects/gecko-dev/xpcom/base/nsTraceRefcnt.cpp, line 167
12-03 03:00:06.126: I/Gecko(15673): [15673] WARNING: XPCOM objects created/destroyed from static ctor/dtor: file /home/fischer/Projects/gecko-dev/xpcom/base/nsTraceRefcnt.cpp, line 167
12-03 03:00:06.126: I/Gecko(15673): [15673] WARNING: XPCOM objects created/destroyed from static ctor/dtor: file /home/fischer/Projects/gecko-dev/xpcom/base/nsTraceRefcnt.cpp, line 167
12-03 03:00:06.126: I/Gecko(15673): [15673] WARNING: XPCOM objects created/destroyed from static ctor/dtor: file /home/fischer/Projects/gecko-dev/xpcom/base/nsTraceRefcnt.cpp, line 167
12-03 03:00:06.126: I/Gecko(15673): [15673] WARNING: XPCOM objects created/destroyed from static ctor/dtor: file /home/fischer/Projects/gecko-dev/xpcom/base/nsTraceRefcnt.cpp, line 167
12-03 03:00:06.126: I/Gecko(15673): [15673] WARNING: XPCOM objects created/destroyed from static ctor/dtor: file /home/fischer/Projects/gecko-dev/xpcom/base/nsTraceRefcnt.cpp, line 167
12-03 03:00:06.126: I/Gecko(15673): [15673] WARNING: XPCOM objects created/destroyed from static ctor/dtor: file /home/fischer/Projects/gecko-dev/xpcom/base/nsTraceRefcnt.cpp, line 167
12-03 03:00:06.126: I/Gecko(15673): [15673] WARNING: XPCOM objects created/destroyed from static ctor/dtor: file /home/fischer/Projects/gecko-dev/xpcom/base/nsTraceRefcnt.cpp, line 167
12-03 03:00:06.126: I/Gecko(15673): [15673] WARNING: XPCOM objects created/destroyed from static ctor/dtor: file /home/fischer/Projects/gecko-dev/xpcom/base/nsTraceRefcnt.cpp, line 167
12-03 03:00:06.126: I/Gecko(15673): [15673] WARNING: XPCOM objects created/destroyed from static ctor/dtor: file /home/fischer/Projects/gecko-dev/xpcom/base/nsTraceRefcnt.cpp, line 167
12-03 03:00:06.136: I/Gecko(15673): [15673] WARNING: XPCOM objects created/destroyed from static ctor/dtor: file /home/fischer/Projects/gecko-dev/xpcom/base/nsTraceRefcnt.cpp, line 167
12-03 03:00:06.136: I/Gecko(15673): [15673] WARNING: XPCOM objects created/destroyed from static ctor/dtor: file /home/fischer/Projects/gecko-dev/xpcom/base/nsTraceRefcnt.cpp, line 167
12-03 03:00:06.136: I/Gecko(15673): [15673] WARNING: XPCOM objects created/destroyed from static ctor/dtor: file /home/fischer/Projects/gecko-dev/xpcom/base/nsTraceRefcnt.cpp, line 167
12-03 03:00:06.136: I/Gecko(15673): [15673] WARNING: XPCOM objects created/destroyed from static ctor/dtor: file /home/fischer/Projects/gecko-dev/xpcom/base/nsTraceRefcnt.cpp, line 167
12-03 03:00:06.136: I/Gecko(15673): [15673] WARNING: XPCOM objects created/destroyed from static ctor/dtor: file /home/fischer/Projects/gecko-dev/xpcom/base/nsTraceRefcnt.cpp, line 167
12-03 03:00:06.136: I/Gecko(15673): [15673] WARNING: XPCOM objects created/destroyed from static ctor/dtor: file /home/fischer/Projects/gecko-dev/xpcom/base/nsTraceRefcnt.cpp, line 167
12-03 03:00:06.136: I/Gecko(15673): [15673] WARNING: XPCOM objects created/destroyed from static ctor/dtor: file /home/fischer/Projects/gecko-dev/xpcom/base/nsTraceRefcnt.cpp, line 167
12-03 03:00:06.136: I/Gecko(15673): [15673] WARNING: XPCOM objects created/destroyed from static ctor/dtor: file /home/fischer/Projects/gecko-dev/xpcom/base/nsTraceRefcnt.cpp, line 167
12-03 03:00:06.136: I/Gecko(15673): [15673] WARNING: XPCOM objects created/destroyed from static ctor/dtor: file /home/fischer/Projects/gecko-dev/xpcom/base/nsTraceRefcnt.cpp, line 167
12-03 03:00:06.136: I/Gecko(15673): [15673] WARNING: XPCOM objects created/destroyed from static ctor/dtor: file /home/fischer/Projects/gecko-dev/xpcom/base/nsTraceRefcnt.cpp, line 167
12-03 03:00:06.136: I/Gecko(15673): [15673] WARNING: XPCOM objects created/destroyed from static ctor/dtor: file /home/fischer/Projects/gecko-dev/xpcom/base/nsTraceRefcnt.cpp, line 167
12-03 03:00:06.136: I/Gecko(15673): [15673] WARNING: XPCOM objects created/destroyed from static ctor/dtor: file /home/fischer/Projects/gecko-dev/xpcom/base/nsTraceRefcnt.cpp, line 167
12-03 03:00:06.136: I/Gecko(15673): [15673] WARNING: '!compMgr', file /home/fischer/Projects/gecko-dev/xpcom/glue/nsComponentManagerUtils.cpp, line 63
12-03 03:00:06.146: I/Gecko(15673): [15673] WARNING: XPCOM objects created/destroyed from static ctor/dtor: file /home/fischer/Projects/gecko-dev/xpcom/base/nsTraceRefcnt.cpp, line 167
12-03 03:00:06.146: I/Gecko(15673): [15673] WARNING: XPCOM objects created/destroyed from static ctor/dtor: file /home/fischer/Projects/gecko-dev/xpcom/base/nsTraceRefcnt.cpp, line 167
12-03 03:00:06.146: I/Gecko(15673): [15673] WARNING: XPCOM objects created/destroyed from static ctor/dtor: file /home/fischer/Projects/gecko-dev/xpcom/base/nsTraceRefcnt.cpp, line 167
12-03 03:00:06.146: I/Gecko(15673): [15673] WARNING: XPCOM objects created/destroyed from static ctor/dtor: file /home/fischer/Projects/gecko-dev/xpcom/base/nsTraceRefcnt.cpp, line 167
12-03 03:00:06.146: I/Gecko(15673): [15673] WARNING: XPCOM objects created/destroyed from static ctor/dtor: file /home/fischer/Projects/gecko-dev/xpcom/base/nsTraceRefcnt.cpp, line 167
12-03 03:00:06.146: I/Gecko(15673): [15673] WARNING: XPCOM objects created/destroyed from static ctor/dtor: file /home/fischer/Projects/gecko-dev/xpcom/base/nsTraceRefcnt.cpp, line 167
12-03 03:00:06.156: I/Gecko(15673): [15673] WARNING: XPCOM objects created/destroyed from static ctor/dtor: file /home/fischer/Projects/gecko-dev/xpcom/base/nsTraceRefcnt.cpp, line 167
12-03 03:00:06.156: I/Gecko(15673): [15673] WARNING: XPCOM objects created/destroyed from static ctor/dtor: file /home/fischer/Projects/gecko-dev/xpcom/base/nsTraceRefcnt.cpp, line 167
12-03 03:00:06.156: I/Gecko(15673): [15673] WARNING: XPCOM objects created/destroyed from static ctor/dtor: file /home/fischer/Projects/gecko-dev/xpcom/base/nsTraceRefcnt.cpp, line 167
12-03 03:00:06.156: I/Gecko(15673): [15673] WARNING: XPCOM objects created/destroyed from static ctor/dtor: file /home/fischer/Projects/gecko-dev/xpcom/base/nsTraceRefcnt.cpp, line 167
12-03 03:00:06.156: I/Gecko(15673): [15673] WARNING: XPCOM objects created/destroyed from static ctor/dtor: file /home/fischer/Projects/gecko-dev/xpcom/base/nsTraceRefcnt.cpp, line 167
12-03 03:00:06.156: I/Gecko(15673): [15673] WARNING: XPCOM objects created/destroyed from static ctor/dtor: file /home/fischer/Projects/gecko-dev/xpcom/base/nsTraceRefcnt.cpp, line 167
12-03 03:00:06.156: I/Gecko(15673): [15673] WARNING: XPCOM objects created/destroyed from static ctor/dtor: file /home/fischer/Projects/gecko-dev/xpcom/base/nsTraceRefcnt.cpp, line 167
12-03 03:00:06.156: I/Gecko(15673): [15673] WARNING: XPCOM objects created/destroyed from static ctor/dtor: file /home/fischer/Projects/gecko-dev/xpcom/base/nsTraceRefcnt.cpp, line 167
12-03 03:00:06.156: I/Gecko(15673): [15673] WARNING: XPCOM objects created/destroyed from static ctor/dtor: file /home/fischer/Projects/gecko-dev/xpcom/base/nsTraceRefcnt.cpp, line 167
12-03 03:00:06.156: I/Gecko(15673): [15673] WARNING: XPCOM objects created/destroyed from static ctor/dtor: file /home/fischer/Projects/gecko-dev/xpcom/base/nsTraceRefcnt.cpp, line 167
12-03 03:00:06.156: I/Gecko(15673): [15673] WARNING: XPCOM objects created/destroyed from static ctor/dtor: file /home/fischer/Projects/gecko-dev/xpcom/base/nsTraceRefcnt.cpp, line 167
12-03 03:00:06.156: I/Gecko(15673): [15673] WARNING: XPCOM objects created/destroyed from static ctor/dtor: file /home/fischer/Projects/gecko-dev/xpcom/base/nsTraceRefcnt.cpp, line 167
12-03 03:00:06.156: I/Gecko(15673): [15673] WARNING: XPCOM objects created/destroyed from static ctor/dtor: file /home/fischer/Projects/gecko-dev/xpcom/base/nsTraceRefcnt.cpp, line 167
12-03 03:00:06.156: I/Gecko(15673): [15673] WARNING: XPCOM objects created/destroyed from static ctor/dtor: file /home/fischer/Projects/gecko-dev/xpcom/base/nsTraceRefcnt.cpp, line 167
