12-03 02:58:41.606: I/rmt_storage(170): wakelock acquired: 1, error no: 2
12-03 02:58:41.606: I/rmt_storage(170): rmt_storage_client_thread: /boot/modem_fs1: clnt_h=0x1 Unblock worker thread (th_id: -1196020016)
12-03 02:58:41.676: I/rmt_storage(170): rmt_storage_client_thread: /boot/modem_fs1: clnt_h=0x1: req_h=0x10 msg_id=3: Bytes written = 1572864
12-03 02:58:41.676: I/rmt_storage(170): rmt_storage_client_thread: /boot/modem_fs1: clnt_h=0x1: req_h=0x10 msg_id=3: Send response: res=0 err=0
12-03 02:58:41.676: I/rmt_storage(170): rmt_storage_client_thread: /boot/modem_fs1: clnt_h=0x1 About to block rmt_storage client thread (th_id: -1196020016) wakelock released: 1, error no: 0
12-03 02:58:41.676: I/rmt_storage(170): rmt_storage_disconnect_cb: clnt_h=0x0xc conn_h=0x0xb8b63160
12-03 02:58:41.756: I/Gecko(14848): -*-*- Webapps.jsm : Find no manifestCache of settings.gaiamobile.org. The manifest file used to be named manifest.json, so fallback on /system/b2g/webapps/settings.gaiamobile.org
12-03 02:58:41.796: I/Gecko(14848): -*-*- Webapps.jsm : Find fallback manifestCache on manifest.webapp of id = settings.gaiamobile.org
12-03 02:58:41.806: I/Gecko(14848): -*-*- Webapps.jsm : _readManifests of sharedtest.gaiamobile.org
12-03 02:58:41.806: I/Gecko(14848): -*-*- Webapps.jsm : Find no manifestCache of sharedtest.gaiamobile.org. The manifest file used to be named manifest.json, so fallback on /system/b2g/webapps/sharedtest.gaiamobile.org
12-03 02:58:41.826: I/Gecko(14848): -*-*- Webapps.jsm : Find fallback manifestCache on manifest.webapp of id = sharedtest.gaiamobile.org
12-03 02:58:41.836: I/Gecko(14848): -*-*- Webapps.jsm : _readManifests of sms.gaiamobile.org
12-03 02:58:41.836: I/Gecko(14848): -*-*- Webapps.jsm : Find no manifestCache of sms.gaiamobile.org. The manifest file used to be named manifest.json, so fallback on /system/b2g/webapps/sms.gaiamobile.org
12-03 02:58:41.856: I/Gecko(14848): -*-*- Webapps.jsm : Find fallback manifestCache on manifest.webapp of id = sms.gaiamobile.org
12-03 02:58:41.866: I/Gecko(14848): -*-*- Webapps.jsm : _readManifests of sync.gaiamobile.org
12-03 02:58:41.866: I/Gecko(14848): -*-*- Webapps.jsm : Find no manifestCache of sync.gaiamobile.org. The manifest file used to be named manifest.json, so fallback on /system/b2g/webapps/sync.gaiamobile.org
12-03 02:58:41.886: I/Gecko(14848): -*-*- Webapps.jsm : Find fallback manifestCache on manifest.webapp of id = sync.gaiamobile.org
12-03 02:58:41.896: I/Gecko(14848): -*-*- Webapps.jsm : _readManifests of system.gaiamobile.org
12-03 02:58:41.906: I/Gecko(14848): -*-*- Webapps.jsm : Find no manifestCache of system.gaiamobile.org. The manifest file used to be named manifest.json, so fallback on /system/b2g/webapps/system.gaiamobile.org
12-03 02:58:41.916: I/Gecko(14848): -*-*- Webapps.jsm : Find fallback manifestCache on manifest.webapp of id = system.gaiamobile.org
12-03 02:58:41.936: I/Gecko(14848): -*-*- Webapps.jsm : _readManifests of verticalhome.gaiamobile.org
12-03 02:58:41.936: I/Gecko(14848): -*-*- Webapps.jsm : Find no manifestCache of verticalhome.gaiamobile.org. The manifest file used to be named manifest.json, so fallback on /system/b2g/webapps/verticalhome.gaiamobile.org
12-03 02:58:41.956: I/Gecko(14848): -*-*- Webapps.jsm : Find fallback manifestCache on manifest.webapp of id = verticalhome.gaiamobile.org
12-03 02:58:41.966: I/Gecko(14848): -*-*- Webapps.jsm : _readManifests of video.gaiamobile.org
12-03 02:58:41.966: I/Gecko(14848): -*-*- Webapps.jsm : Find no manifestCache of video.gaiamobile.org. The manifest file used to be named manifest.json, so fallback on /system/b2g/webapps/video.gaiamobile.org
12-03 02:58:41.986: I/Gecko(14848): -*-*- Webapps.jsm : Find fallback manifestCache on manifest.webapp of id = video.gaiamobile.org
12-03 02:58:41.986: I/Gecko(14848): -*-*- Webapps.jsm : _readManifests of wallpaper.gaiamobile.org
12-03 02:58:41.986: I/Gecko(14848): -*-*- Webapps.jsm : Find no manifestCache of wallpaper.gaiamobile.org. The manifest file used to be named manifest.json, so fallback on /system/b2g/webapps/wallpaper.gaiamobile.org
12-03 02:58:41.996: I/Gecko(14860): ###################################### forms.js loaded
12-03 02:58:42.006: I/Gecko(14848): -*-*- Webapps.jsm : Find fallback manifestCache on manifest.webapp of id = wallpaper.gaiamobile.org
12-03 02:58:42.006: I/Gecko(14848): -*-*- Webapps.jsm : _readManifests of wappush.gaiamobile.org
12-03 02:58:42.006: I/Gecko(14860): ############################### browserElementPanning.js loaded
12-03 02:58:42.016: I/Gecko(14848): -*-*- Webapps.jsm : Find no manifestCache of wappush.gaiamobile.org. The manifest file used to be named manifest.json, so fallback on /system/b2g/webapps/wappush.gaiamobile.org
12-03 02:58:42.016: I/Gecko(14860): ###################################### BrowserElementCopyPaste.js loaded
12-03 02:58:42.036: I/Gecko(14848): -*-*- Webapps.jsm : Find fallback manifestCache on manifest.webapp of id = wappush.gaiamobile.org
12-03 02:58:42.036: I/Gecko(14848): -*-*- Webapps.jsm : _readManifests of {9c78a561-86d4-ee41-ad55-e1831f5c1c14}
12-03 02:58:42.046: I/Gecko(14848): -*-*- Webapps.jsm : Find no manifestCache of {9c78a561-86d4-ee41-ad55-e1831f5c1c14}. The manifest file used to be named manifest.json, so fallback on /data/local/webapps/{9c78a561-86d4-ee41-ad55-e1831f5c1c14}
12-03 02:58:42.056: I/Gecko(14860): ######################## BrowserElementChildPreload.js loaded
12-03 02:58:42.056: I/Gecko(14848): -*-*- Webapps.jsm : Find fallback manifestCache on manifest.webapp of id = {9c78a561-86d4-ee41-ad55-e1831f5c1c14}
12-03 02:58:42.066: I/Gecko(14848): -*-*- Webapps.jsm : _readManifests of {b0bc9f53-2954-8549-8dcf-ef2b59e8f961}
12-03 02:58:42.066: I/Gecko(14848): -*-*- Webapps.jsm : Find no manifestCache of {b0bc9f53-2954-8549-8dcf-ef2b59e8f961}. The manifest file used to be named manifest.json, so fallback on /data/local/webapps/{b0bc9f53-2954-8549-8dcf-ef2b59e8f961}
12-03 02:58:42.086: I/Gecko(14848): -*-*- Webapps.jsm : Find fallback manifestCache on manifest.webapp of id = {b0bc9f53-2954-8549-8dcf-ef2b59e8f961}
12-03 02:58:42.096: I/Gecko(14848): -*-*- Webapps.jsm : _readManifests of {9bd0ca0c-1343-3745-8fd0-9fb1db1b1af4}
12-03 02:58:42.096: I/Gecko(14848): -*-*- Webapps.jsm : Find no manifestCache of {9bd0ca0c-1343-3745-8fd0-9fb1db1b1af4}. The manifest file used to be named manifest.json, so fallback on /data/local/webapps/{9bd0ca0c-1343-3745-8fd0-9fb1db1b1af4}
12-03 02:58:42.116: I/Gecko(14848): -*-*- Webapps.jsm : Find fallback manifestCache on manifest.webapp of id = {9bd0ca0c-1343-3745-8fd0-9fb1db1b1af4}
12-03 02:58:42.116: I/Gecko(14848): -*-*- Webapps.jsm : _readManifests of {bbabd02f-ea0c-1245-a72d-e6c4cb44d704}
12-03 02:58:42.116: I/Gecko(14848): -*-*- Webapps.jsm : Find no manifestCache of {bbabd02f-ea0c-1245-a72d-e6c4cb44d704}. The manifest file used to be named manifest.json, so fallback on /data/local/webapps/{bbabd02f-ea0c-1245-a72d-e6c4cb44d704}
12-03 02:58:42.146: I/Gecko(14848): -*-*- Webapps.jsm : Find fallback manifestCache on manifest.webapp of id = {bbabd02f-ea0c-1245-a72d-e6c4cb44d704}
12-03 02:58:42.146: I/Gecko(14848): -*-*- Webapps.jsm : _readManifests of {f68f84f5-9056-da42-943f-2eb97060cd74}
12-03 02:58:42.146: I/Gecko(14848): -*-*- Webapps.jsm : Find no manifestCache of {f68f84f5-9056-da42-943f-2eb97060cd74}. The manifest file used to be named manifest.json, so fallback on /data/local/webapps/{f68f84f5-9056-da42-943f-2eb97060cd74}
12-03 02:58:42.166: I/Gecko(14848): -*-*- Webapps.jsm : Find fallback manifestCache on manifest.webapp of id = {f68f84f5-9056-da42-943f-2eb97060cd74}
12-03 02:58:42.176: I/Gecko(14848): -*-*- Webapps.jsm : _readManifests of {239148df-4bc9-6f42-9d5e-6bb4b808fed2}
12-03 02:58:42.176: I/Gecko(14848): -*-*- Webapps.jsm : Find no manifestCache of {239148df-4bc9-6f42-9d5e-6bb4b808fed2}. The manifest file used to be named manifest.json, so fallback on /data/local/webapps/{239148df-4bc9-6f42-9d5e-6bb4b808fed2}
12-03 02:58:42.186: I/Gecko(14848): -*-*- Webapps.jsm : Find fallback manifestCache on manifest.webapp of id = {239148df-4bc9-6f42-9d5e-6bb4b808fed2}
12-03 02:58:42.196: I/Gecko(14848): -*-*- Webapps.jsm : _readManifests of marketplace-dev.allizom.org
12-03 02:58:42.196: I/Gecko(14848): -*-*- Webapps.jsm : Find no manifestCache of marketplace-dev.allizom.org. The manifest file used to be named manifest.json, so fallback on /data/local/webapps/marketplace-dev.allizom.org
12-03 02:58:42.206: I/Gecko(14848): -*-*- Webapps.jsm : Find fallback manifestCache on manifest.webapp of id = marketplace-dev.allizom.org
12-03 02:58:42.206: I/Gecko(14848): -*-*- Webapps.jsm : _readManifests of in_app_pay_test.gaiamobile.org
12-03 02:58:42.216: I/Gecko(14848): -*-*- Webapps.jsm : Find no manifestCache of in_app_pay_test.gaiamobile.org. The manifest file used to be named manifest.json, so fallback on /system/b2g/webapps/in_app_pay_test.gaiamobile.org
12-03 02:58:42.216: I/Gecko(14848): -*-*- Webapps.jsm : Find fallback manifestCache on manifest.webapp of id = in_app_pay_test.gaiamobile.org
12-03 02:58:42.226: I/Gecko(14848): -*-*- Webapps.jsm : _readManifests of marketplace.allizom.org
12-03 02:58:42.226: I/Gecko(14848): -*-*- Webapps.jsm : Find no manifestCache of marketplace.allizom.org. The manifest file used to be named manifest.json, so fallback on /data/local/webapps/marketplace.allizom.org
12-03 02:58:42.236: I/Gecko(14848): -*-*- Webapps.jsm : Find fallback manifestCache on manifest.webapp of id = marketplace.allizom.org
12-03 02:58:42.246: I/Gecko(14848): -*-*- Webapps.jsm : _readManifests of {4770ee75-75be-0d4f-aaab-38e9b9f3f245}
12-03 02:58:42.246: I/Gecko(14848): -*-*- Webapps.jsm : Find no manifestCache of {4770ee75-75be-0d4f-aaab-38e9b9f3f245}. The manifest file used to be named manifest.json, so fallback on /data/local/webapps/{4770ee75-75be-0d4f-aaab-38e9b9f3f245}
12-03 02:58:42.256: I/Gecko(14848): -*-*- Webapps.jsm : Find fallback manifestCache on manifest.webapp of id = {4770ee75-75be-0d4f-aaab-38e9b9f3f245}
12-03 02:58:42.256: I/Gecko(14848): -*-*- Webapps.jsm : _readManifests of ds-test.gaiamobile.org
12-03 02:58:42.256: I/Gecko(14848): -*-*- Webapps.jsm : Find no manifestCache of ds-test.gaiamobile.org. The manifest file used to be named manifest.json, so fallback on /system/b2g/webapps/ds-test.gaiamobile.org
12-03 02:58:42.296: I/Gecko(14848): -*-*- Webapps.jsm : Find fallback manifestCache on manifest.webapp of id = ds-test.gaiamobile.org
12-03 02:58:42.296: I/Gecko(14848): -*-*- Webapps.jsm : _readManifests of geoloc.gaiamobile.org
12-03 02:58:42.296: I/Gecko(14848): -*-*- Webapps.jsm : Find no manifestCache of geoloc.gaiamobile.org. The manifest file used to be named manifest.json, so fallback on /system/b2g/webapps/geoloc.gaiamobile.org
12-03 02:58:42.316: I/Gecko(14848): -*-*- Webapps.jsm : Find fallback manifestCache on manifest.webapp of id = geoloc.gaiamobile.org
12-03 02:58:42.316: I/Gecko(14848): -*-*- Webapps.jsm : _readManifests of l20n-app.gaiamobile.org
12-03 02:58:42.316: I/Gecko(14848): -*-*- Webapps.jsm : Find no manifestCache of l20n-app.gaiamobile.org. The manifest file used to be named manifest.json, so fallback on /system/b2g/webapps/l20n-app.gaiamobile.org
12-03 02:58:42.326: I/Gecko(14848): -*-*- Webapps.jsm : Find fallback manifestCache on manifest.webapp of id = l20n-app.gaiamobile.org
12-03 02:58:42.336: I/Gecko(14848): -*-*- Webapps.jsm : _readManifests of membuster.gaiamobile.org
12-03 02:58:42.336: I/Gecko(14848): -*-*- Webapps.jsm : Find no manifestCache of membuster.gaiamobile.org. The manifest file used to be named manifest.json, so fallback on /system/b2g/webapps/membuster.gaiamobile.org
12-03 02:58:42.346: I/Gecko(14848): -*-*- Webapps.jsm : Find fallback manifestCache on manifest.webapp of id = membuster.gaiamobile.org
12-03 02:58:42.346: I/Gecko(14848): -*-*- Webapps.jsm : _readManifests of test-ime.gaiamobile.org
12-03 02:58:42.356: I/Gecko(14848): -*-*- Webapps.jsm : Find no manifestCache of test-ime.gaiamobile.org. The manifest file used to be named manifest.json, so fallback on /system/b2g/webapps/test-ime.gaiamobile.org
12-03 02:58:42.366: I/Gecko(14848): -*-*- Webapps.jsm : Find fallback manifestCache on manifest.webapp of id = test-ime.gaiamobile.org
12-03 02:58:42.366: I/Gecko(14848): -*-*- Webapps.jsm : _readManifests of share-receiver.gaiamobile.org
12-03 02:58:42.376: I/Gecko(14848): -*-*- Webapps.jsm : Find no manifestCache of share-receiver.gaiamobile.org. The manifest file used to be named manifest.json, so fallback on /system/b2g/webapps/share-receiver.gaiamobile.org
12-03 02:58:42.386: I/Gecko(14848): -*-*- Webapps.jsm : Find fallback manifestCache on manifest.webapp of id = share-receiver.gaiamobile.org
12-03 02:58:42.396: I/Gecko(14848): -*-*- Webapps.jsm : _readManifests of template.gaiamobile.org
12-03 02:58:42.396: I/Gecko(14848): -*-*- Webapps.jsm : Find no manifestCache of template.gaiamobile.org. The manifest file used to be named manifest.json, so fallback on /system/b2g/webapps/template.gaiamobile.org
12-03 02:58:42.416: I/Gecko(14848): -*-*- Webapps.jsm : Find fallback manifestCache on manifest.webapp of id = template.gaiamobile.org
12-03 02:58:42.416: I/Gecko(14848): -*-*- Webapps.jsm : _readManifests of test-agent.gaiamobile.org
12-03 02:58:42.426: I/Gecko(14848): -*-*- Webapps.jsm : Find no manifestCache of test-agent.gaiamobile.org. The manifest file used to be named manifest.json, so fallback on /system/b2g/webapps/test-agent.gaiamobile.org
12-03 02:58:42.436: I/Gecko(14848): -*-*- Webapps.jsm : Find fallback manifestCache on manifest.webapp of id = test-agent.gaiamobile.org
12-03 02:58:42.436: I/Gecko(14848): -*-*- Webapps.jsm : _readManifests of test-container.gaiamobile.org
12-03 02:58:42.436: I/Gecko(14848): -*-*- Webapps.jsm : Find no manifestCache of test-container.gaiamobile.org. The manifest file used to be named manifest.json, so fallback on /system/b2g/webapps/test-container.gaiamobile.org
12-03 02:58:42.446: I/Gecko(14848): -*-*- Webapps.jsm : Find fallback manifestCache on manifest.webapp of id = test-container.gaiamobile.org
12-03 02:58:42.456: I/Gecko(14848): -*-*- Webapps.jsm : _readManifests of test-iac-publisher.gaiamobile.org
12-03 02:58:42.456: I/Gecko(14848): -*-*- Webapps.jsm : Find no manifestCache of test-iac-publisher.gaiamobile.org. The manifest file used to be named manifest.json, so fallback on /system/b2g/webapps/test-iac-publisher.gaiamobile.org
12-03 02:58:42.466: I/Gecko(14848): -*-*- Webapps.jsm : Find fallback manifestCache on manifest.webapp of id = test-iac-publisher.gaiamobile.org
12-03 02:58:42.466: I/Gecko(14848): -*-*- Webapps.jsm : _readManifests of test-iac-subscriber.gaiamobile.org
12-03 02:58:42.466: I/Gecko(14848): -*-*- Webapps.jsm : Find no manifestCache of test-iac-subscriber.gaiamobile.org. The manifest file used to be named manifest.json, so fallback on /system/b2g/webapps/test-iac-subscriber.gaiamobile.org
12-03 02:58:42.476: I/Gecko(14848): -*-*- Webapps.jsm : Find fallback manifestCache on manifest.webapp of id = test-iac-subscriber.gaiamobile.org
12-03 02:58:42.486: I/Gecko(14848): -*-*- Webapps.jsm : _readManifests of test-otasp.gaiamobile.org
12-03 02:58:42.486: I/Gecko(14848): -*-*- Webapps.jsm : Find no manifestCache of test-otasp.gaiamobile.org. The manifest file used to be named manifest.json, so fallback on /system/b2g/webapps/test-otasp.gaiamobile.org
12-03 02:58:42.496: I/Gecko(14848): -*-*- Webapps.jsm : Find fallback manifestCache on manifest.webapp of id = test-otasp.gaiamobile.org
12-03 02:58:42.496: I/Gecko(14848): -*-*- Webapps.jsm : _readManifests of test-receiver-1.gaiamobile.org
12-03 02:58:42.496: I/Gecko(14848): -*-*- Webapps.jsm : Find no manifestCache of test-receiver-1.gaiamobile.org. The manifest file used to be named manifest.json, so fallback on /system/b2g/webapps/test-receiver-1.gaiamobile.org
12-03 02:58:42.506: I/Gecko(14848): -*-*- Webapps.jsm : Find fallback manifestCache on manifest.webapp of id = test-receiver-1.gaiamobile.org
12-03 02:58:42.516: I/Gecko(14848): -*-*- Webapps.jsm : _readManifests of test-receiver-2.gaiamobile.org
12-03 02:58:42.516: I/Gecko(14848): -*-*- Webapps.jsm : Find no manifestCache of test-receiver-2.gaiamobile.org. The manifest file used to be named manifest.json, so fallback on /system/b2g/webapps/test-receiver-2.gaiamobile.org
12-03 02:58:42.526: I/Gecko(14848): [Parent 14848] WARNING: 'NS_FAILED(rv)', file /home/fischer/Projects/gecko-dev/dom/system/gonk/AudioManager.cpp, line 1452
12-03 02:58:42.526: I/Gecko(14848): [Parent 14848] WARNING: 'NS_FAILED(rv)', file /home/fischer/Projects/gecko-dev/dom/system/gonk/AudioManager.cpp, line 1419
12-03 02:58:42.526: I/Gecko(14848): -*-*- Webapps.jsm : Find fallback manifestCache on manifest.webapp of id = test-receiver-2.gaiamobile.org
12-03 02:58:42.526: I/Gecko(14848): -*-*- Webapps.jsm : _readManifests of test-receiver-inline.gaiamobile.org
12-03 02:58:42.536: I/Gecko(14848): -*-*- Webapps.jsm : Find no manifestCache of test-receiver-inline.gaiamobile.org. The manifest file used to be named manifest.json, so fallback on /system/b2g/webapps/test-receiver-inline.gaiamobile.org
12-03 02:58:42.586: I/Gecko(14848): -*-*- Webapps.jsm : Find fallback manifestCache on manifest.webapp of id = test-receiver-inline.gaiamobile.org
12-03 02:58:42.586: I/Gecko(14848): -*-*- Webapps.jsm : _readManifests of test-startup-limit.gaiamobile.org
12-03 02:58:42.596: I/Gecko(14848): -*-*- Webapps.jsm : Find no manifestCache of test-startup-limit.gaiamobile.org. The manifest file used to be named manifest.json, so fallback on /system/b2g/webapps/test-startup-limit.gaiamobile.org
12-03 02:58:42.606: I/Gecko(14848): -*-*- Webapps.jsm : Find fallback manifestCache on manifest.webapp of id = test-startup-limit.gaiamobile.org
12-03 02:58:42.616: I/Gecko(14848): -*-*- Webapps.jsm : _readManifests of test-wappush.gaiamobile.org
12-03 02:58:42.616: I/Gecko(14848): -*-*- Webapps.jsm : Find no manifestCache of test-wappush.gaiamobile.org. The manifest file used to be named manifest.json, so fallback on /system/b2g/webapps/test-wappush.gaiamobile.org
12-03 02:58:42.676: I/Gecko(14848): -*-*- Webapps.jsm : Find fallback manifestCache on manifest.webapp of id = test-wappush.gaiamobile.org
12-03 02:58:42.676: I/Gecko(14848): -*-*- Webapps.jsm : _readManifests of uitest.gaiamobile.org
12-03 02:58:42.676: I/Gecko(14848): -*-*- Webapps.jsm : Find no manifestCache of uitest.gaiamobile.org. The manifest file used to be named manifest.json, so fallback on /system/b2g/webapps/uitest.gaiamobile.org
12-03 02:58:42.696: I/Gecko(14848): -*-*- Webapps.jsm : Find fallback manifestCache on manifest.webapp of id = uitest.gaiamobile.org
12-03 02:58:42.696: I/Gecko(14848): -*-*- Webapps.jsm : _readManifests of uitest-privileged.gaiamobile.org
12-03 02:58:42.696: I/Gecko(14848): -*-*- Webapps.jsm : Find no manifestCache of uitest-privileged.gaiamobile.org. The manifest file used to be named manifest.json, so fallback on /system/b2g/webapps/uitest-privileged.gaiamobile.org
12-03 02:58:42.716: I/Gecko(14848): -*-*- Webapps.jsm : Find fallback manifestCache on manifest.webapp of id = uitest-privileged.gaiamobile.org
12-03 02:58:42.716: I/Gecko(14848): -*-*- Webapps.jsm : _readManifests of contacts-manager.gaiamobile.org
12-03 02:58:42.716: I/Gecko(14848): -*-*- Webapps.jsm : Find no manifestCache of contacts-manager.gaiamobile.org. The manifest file used to be named manifest.json, so fallback on /system/b2g/webapps/contacts-manager.gaiamobile.org
12-03 02:58:42.736: I/Gecko(14848): -*-*- Webapps.jsm : Find fallback manifestCache on manifest.webapp of id = contacts-manager.gaiamobile.org
12-03 02:58:42.736: I/Gecko(14848): -*-*- Webapps.jsm : _readManifests of contacts-ds-provider1.gaiamobile.org
12-03 02:58:42.736: I/Gecko(14848): -*-*- Webapps.jsm : Find no manifestCache of contacts-ds-provider1.gaiamobile.org. The manifest file used to be named manifest.json, so fallback on /system/b2g/webapps/contacts-ds-provider1.gaiamobile.org
12-03 02:58:42.756: I/Gecko(14848): -*-*- Webapps.jsm : Find fallback manifestCache on manifest.webapp of id = contacts-ds-provider1.gaiamobile.org
12-03 02:58:42.756: I/Gecko(14848): -*-*- Webapps.jsm : _readManifests of contacts-ds-provider2.gaiamobile.org
12-03 02:58:42.756: I/Gecko(14848): -*-*- Webapps.jsm : Find no manifestCache of contacts-ds-provider2.gaiamobile.org. The manifest file used to be named manifest.json, so fallback on /system/b2g/webapps/contacts-ds-provider2.gaiamobile.org
12-03 02:58:42.766: I/Gecko(14848): -*-*- Webapps.jsm : Find fallback manifestCache on manifest.webapp of id = contacts-ds-provider2.gaiamobile.org
12-03 02:58:42.776: I/Gecko(14848): -*-*- Webapps.jsm : _readManifests of mobile-wallet.gaiamobile.org
12-03 02:58:42.776: I/Gecko(14848): -*-*- Webapps.jsm : Find no manifestCache of mobile-wallet.gaiamobile.org. The manifest file used to be named manifest.json, so fallback on /system/b2g/webapps/mobile-wallet.gaiamobile.org
12-03 02:58:42.796: I/Gecko(14848): -*-*- Webapps.jsm : Find fallback manifestCache on manifest.webapp of id = mobile-wallet.gaiamobile.org
12-03 02:58:42.796: I/Gecko(14848): -*-*- Webapps.jsm : _readManifests of theme-test-1.gaiamobile.org
12-03 02:58:42.796: I/Gecko(14848): -*-*- Webapps.jsm : Find no manifestCache of theme-test-1.gaiamobile.org. The manifest file used to be named manifest.json, so fallback on /system/b2g/webapps/theme-test-1.gaiamobile.org
12-03 02:58:42.806: I/Gecko(14848): -*-*- Webapps.jsm : Find fallback manifestCache on manifest.webapp of id = theme-test-1.gaiamobile.org
12-03 02:58:42.806: I/Gecko(14848): -*-*- Webapps.jsm : _readManifests of theme-test-2.gaiamobile.org
12-03 02:58:42.816: I/Gecko(14848): -*-*- Webapps.jsm : Find no manifestCache of theme-test-2.gaiamobile.org. The manifest file used to be named manifest.json, so fallback on /system/b2g/webapps/theme-test-2.gaiamobile.org
12-03 02:58:42.826: I/Gecko(14848): -*-*- Webapps.jsm : Find fallback manifestCache on manifest.webapp of id = theme-test-2.gaiamobile.org
12-03 02:58:42.826: I/Gecko(14848): -*-*- Webapps.jsm : _readManifests of theme-test-3.gaiamobile.org
12-03 02:58:42.836: I/Gecko(14848): -*-*- Webapps.jsm : Find no manifestCache of theme-test-3.gaiamobile.org. The manifest file used to be named manifest.json, so fallback on /system/b2g/webapps/theme-test-3.gaiamobile.org
12-03 02:58:42.836: I/Gecko(14848): -*-*- Webapps.jsm : Find fallback manifestCache on manifest.webapp of id = theme-test-3.gaiamobile.org
12-03 02:58:42.846: I/Gecko(14848): -*-*- Webapps.jsm : _readManifests of nfc-api-test.gaiamobile.org
12-03 02:58:42.846: I/Gecko(14848): -*-*- Webapps.jsm : Find no manifestCache of nfc-api-test.gaiamobile.org. The manifest file used to be named manifest.json, so fallback on /system/b2g/webapps/nfc-api-test.gaiamobile.org
12-03 02:58:42.866: I/Gecko(14848): -*-*- Webapps.jsm : Find fallback manifestCache on manifest.webapp of id = nfc-api-test.gaiamobile.org
12-03 02:58:42.876: I/Gecko(14848): -*-*- Webapps.jsm : _readManifests of music-oga.gaiamobile.org
12-03 02:58:42.876: I/Gecko(14848): -*-*- Webapps.jsm : Find no manifestCache of music-oga.gaiamobile.org. The manifest file used to be named manifest.json, so fallback on /system/b2g/webapps/music-oga.gaiamobile.org
12-03 02:58:42.886: I/Gecko(14848): -*-*- Webapps.jsm : Find fallback manifestCache on manifest.webapp of id = music-oga.gaiamobile.org
12-03 02:58:42.896: I/Gecko(14848): -*-*- Webapps.jsm : _readManifests of addon1.gaiamobile.org
12-03 02:58:42.896: I/Gecko(14848): -*-*- Webapps.jsm : Find no manifestCache of addon1.gaiamobile.org. The manifest file used to be named manifest.json, so fallback on /system/b2g/webapps/addon1.gaiamobile.org
12-03 02:58:42.906: I/Gecko(14848): -*-*- Webapps.jsm : Find fallback manifestCache on manifest.webapp of id = addon1.gaiamobile.org
12-03 02:58:42.906: I/Gecko(14848): -*-*- Webapps.jsm : _readManifests of addon2.gaiamobile.org
12-03 02:58:42.906: I/Gecko(14848): -*-*- Webapps.jsm : Find no manifestCache of addon2.gaiamobile.org. The manifest file used to be named manifest.json, so fallback on /system/b2g/webapps/addon2.gaiamobile.org
12-03 02:58:42.926: I/Gecko(14848): -*-*- Webapps.jsm : Find fallback manifestCache on manifest.webapp of id = addon2.gaiamobile.org
12-03 02:58:42.926: I/Gecko(14848): -*-*- Webapps.jsm : _readManifests of addon3.gaiamobile.org
12-03 02:58:42.926: I/Gecko(14848): -*-*- Webapps.jsm : Find no manifestCache of addon3.gaiamobile.org. The manifest file used to be named manifest.json, so fallback on /system/b2g/webapps/addon3.gaiamobile.org
12-03 02:58:42.936: I/Gecko(14848): -*-*- Webapps.jsm : Find fallback manifestCache on manifest.webapp of id = addon3.gaiamobile.org
12-03 02:58:42.946: I/Gecko(14848): -*-*- Webapps.jsm : _readManifests of {cdfe3c28-da45-5449-b5ce-df0ca27292bb}
12-03 02:58:42.946: I/Gecko(14848): -*-*- Webapps.jsm : Find no manifestCache of {cdfe3c28-da45-5449-b5ce-df0ca27292bb}. The manifest file used to be named manifest.json, so fallback on /data/local/webapps/{cdfe3c28-da45-5449-b5ce-df0ca27292bb}
12-03 02:58:42.956: I/Gecko(14848): -*-*- Webapps.jsm : Find fallback manifestCache on manifest.webapp of id = {cdfe3c28-da45-5449-b5ce-df0ca27292bb}
12-03 02:58:42.966: I/Gecko(14848): -*-*- Webapps.jsm : _readManifests of bluetooth.gaiamobile.org
12-03 02:58:44.296: I/Gecko(14848): -*-*- Webapps.jsm : _readManifests of bluetooth.gaiamobile.org
12-03 02:58:44.316: I/Gecko(14848): Extension error: [Exception... "Failed to open input source 'app://addon1.gaiamobile.org/manifest.json'"  nsresult: "0x80520012 (NS_ERROR_FILE_NOT_FOUND)"  location: "JS frame :: resource://gre/modules/Extension.jsm :: readJSON/< :: line 445"  data: yes] resource://gre/modules/Extension.jsm:445
12-03 02:58:44.316: E/GeckoConsole(14848): [JavaScript Error: "[Exception... "Failed to open input source 'app://addon1.gaiamobile.org/manifest.json'"  nsresult: "0x80520012 (NS_ERROR_FILE_NOT_FOUND)"  location: "JS frame :: resource://gre/modules/Extension.jsm :: readJSON/< :: line 445"  data: yes]" {file: "resource://gre/modules/Extension.jsm" line: 938}]
12-03 02:58:44.316: I/Gecko(14848): Extension error: [Exception... "Failed to open input source 'app://addon2.gaiamobile.org/manifest.json'"  nsresult: "0x80520012 (NS_ERROR_FILE_NOT_FOUND)"  location: "JS frame :: resource://gre/modules/Extension.jsm :: readJSON/< :: line 445"  data: yes] resource://gre/modules/Extension.jsm:445
12-03 02:58:44.316: E/GeckoConsole(14848): [JavaScript Error: "[Exception... "Failed to open input source 'app://addon2.gaiamobile.org/manifest.json'"  nsresult: "0x80520012 (NS_ERROR_FILE_NOT_FOUND)"  location: "JS frame :: resource://gre/modules/Extension.jsm :: readJSON/< :: line 445"  data: yes]" {file: "resource://gre/modules/Extension.jsm" line: 938}]
12-03 02:58:44.316: I/Gecko(14848): Extension error: [Exception... "Failed to open input source 'app://addon3.gaiamobile.org/manifest.json'"  nsresult: "0x80520012 (NS_ERROR_FILE_NOT_FOUND)"  location: "JS frame :: resource://gre/modules/Extension.jsm :: readJSON/< :: line 445"  data: yes] resource://gre/modules/Extension.jsm:445
12-03 02:58:44.316: E/GeckoConsole(14848): [JavaScript Error: "[Exception... "Failed to open input source 'app://addon3.gaiamobile.org/manifest.json'"  nsresult: "0x80520012 (NS_ERROR_FILE_NOT_FOUND)"  location: "JS frame :: resource://gre/modules/Extension.jsm :: readJSON/< :: line 445"  data: yes]" {file: "resource://gre/modules/Extension.jsm" line: 938}]
12-03 02:58:44.696: I/VolumeManager(14848): SetUnmountRequested for volume sdcard to 0 CanBeMounted = 0
12-03 02:58:44.696: I/VolumeManager(14848): SetMountRequested for volume sdcard to 0 CanBeMounted = 0
12-03 02:58:44.696: I/VolumeManager(14848): SetSharingMode for volume sdcard to 1 canBeShared = 0
12-03 02:58:44.706: I/AutoMounter(14848): UpdateState: ums:A0C0E0 mtp:A1C0E0 mode:0 usb:1 tryToShare:0 state:IDLE
12-03 02:58:44.706: I/AutoMounter(14848): UpdateState: Volume sdcard is Mounted and inserted @ /mnt/shell/emulated/0 gen 1 locked 0 sharing x
12-03 02:58:44.706: I/AutoMounter(14848): UpdateState: ums:A0C0E0 mtp:A1C0E0 mode:0 usb:1 tryToShare:0 state:IDLE
12-03 02:58:44.706: I/AutoMounter(14848): UpdateState: Volume sdcard is Mounted and inserted @ /mnt/shell/emulated/0 gen 1 locked 0 sharing x
12-03 02:58:44.766: I/Gecko(15006): [Child 15006] WARNING: NS_ENSURE_TRUE(XRE_IsParentProcess()) failed: file ../../../../gecko-dev/dom/base/nsFrameMessageManager.cpp, line 1600
12-03 02:58:45.336: I/Gecko(15006): ++DOMWINDOW == 2 (0xafa65800) [pid = 15006] [serial = 2] [outer = 0xb0a98800]
12-03 02:58:45.386: I/Gecko(15006): [Child 15006] WARNING: NS_ENSURE_TRUE(startupCache) failed: file /home/fischer/Projects/gecko-dev/dom/xbl/nsXBLDocumentInfo.cpp, line 199
12-03 02:58:45.396: I/Gecko(15006): [Child 15006] WARNING: NS_ENSURE_TRUE(startupCache) failed: file /home/fischer/Projects/gecko-dev/dom/xbl/nsXBLDocumentInfo.cpp, line 267
12-03 02:58:45.426: I/Gecko(14848): ++DOCSHELL 0xa96b0800 == 2 [pid = 14848] [id = 2]
12-03 02:58:45.426: I/Gecko(14848): ++DOMWINDOW == 3 (0xa96b0c00) [pid = 14848] [serial = 3] [outer = 0x0]
12-03 02:58:45.606: I/Gecko(14848): ###################################### forms.js loaded
12-03 02:58:45.616: I/Gecko(14848): ###################################### BrowserElementCopyPaste.js loaded
12-03 02:58:45.616: I/Gecko(14848): ############################### browserElementPanning.js loaded
12-03 02:58:45.666: I/Gecko(14848): ######################## BrowserElementChildPreload.js loaded
12-03 02:58:45.736: I/Gecko(14848): ++DOMWINDOW == 4 (0xaa012400) [pid = 14848] [serial = 4] [outer = 0xa96b0c00]
12-03 02:58:45.756: I/Gecko(14848): ######################## extensions.js loaded
12-03 02:58:45.806: I/Gecko(14848): *** UTM:SVC TimerManager:registerTimer - id: user-agent-updates-timer
12-03 02:58:45.806: I/GeckoConsole(14848): UTM:SVC TimerManager:registerTimer - id: user-agent-updates-timer
12-03 02:58:45.996: I/Gecko(14848): ++DOMWINDOW == 5 (0xaa014400) [pid = 14848] [serial = 5] [outer = 0xa96b0c00]
12-03 02:58:46.266: I/Gecko(14848): [Parent 14848] WARNING: NS_ENSURE_SUCCESS(rv, rv) failed with result 0x80520012: file /home/fischer/Projects/gecko-dev/layout/style/Loader.cpp, line 2390
12-03 02:58:46.626: I/(Preallocated app)(15006): PAC file installed from data: URI
12-03 02:58:47.336: I/Gecko(14848): -*-*- Webapps.jsm : _readManifests of bluetooth.gaiamobile.org
12-03 02:58:47.636: I/Gecko(14848): [Parent 14848] WARNING: NS_ENSURE_SUCCESS(rv, rv) failed with result 0x80520012: file /home/fischer/Projects/gecko-dev/layout/style/Loader.cpp, line 2121
12-03 02:58:48.866: I/Gecko(14848): XXX FIXME : Dispatch a mozChromeEvent: webapps-registry-ready
12-03 02:58:49.176: I/Gecko(14848): Attempting load of libEGL.so
12-03 02:58:49.176: D/libEGL(14848): loaded /vendor/lib/egl/libEGL_adreno.so
12-03 02:58:49.176: D/libEGL(14848): loaded /vendor/lib/egl/libGLESv1_CM_adreno.so
12-03 02:58:49.176: D/libEGL(14848): loaded /vendor/lib/egl/libGLESv2_adreno.so
12-03 02:58:49.186: I/Adreno-EGL(14848): <qeglDrvAPI_eglInitialize:320>: EGL 1.4 QUALCOMM Build: I0404c4692afb8623f95c43aeb6d5e13ed4b30ddbDate: 11/06/13
12-03 02:58:49.206: I/Gecko(14848): Initializing context 0xae7f2040 surface 0xaef6f1a0 on display 0x1
12-03 02:58:49.226: I/GeckoConsole(14848): OpenGL compositor Initialized Succesfully.
12-03 02:58:49.226: I/GeckoConsole(14848): Version: OpenGL ES 3.0 V@53.0 AU@  (CL@)
12-03 02:58:49.226: I/GeckoConsole(14848): Vendor: Qualcomm
12-03 02:58:49.226: I/GeckoConsole(14848): Renderer: Adreno (TM) 330
12-03 02:58:49.226: I/GeckoConsole(14848): FBO Texture Target: TEXTURE_2D
12-03 02:58:49.336: I/Gecko(14848): XXX FIXME : Dispatch a mozChromeEvent: system-first-paint
12-03 02:58:52.276: I/Gecko(14848): LogShake.jsm: Disabling QA Mode
12-03 02:58:52.366: I/GeckoConsole(14848): PAC file installed from data: URI
12-03 02:58:54.986: I/GeckoDump(14848): AUS:Settings: Not a dogfooder!
12-03 02:58:58.736: I/GeckoDump(14848): AdbController: Starting USB debugger on /data/local/debugger-socket
12-03 02:58:59.166: I/Gecko(14848): [Parent 14848] WARNING: Unexpected topic in AudioManager: file /home/fischer/Projects/gecko-dev/dom/system/gonk/AudioManager.cpp, line 606
12-03 02:58:59.176: I/Gecko(14848): [Parent 14848] WARNING: Unexpected topic in AudioManager: file /home/fischer/Projects/gecko-dev/dom/system/gonk/AudioManager.cpp, line 606
12-03 02:58:59.176: I/Gecko(14848): [Parent 14848] WARNING: Unexpected topic in AudioManager: file /home/fischer/Projects/gecko-dev/dom/system/gonk/AudioManager.cpp, line 606
12-03 02:58:59.186: I/Gecko(14848): [Parent 14848] WARNING: Unexpected topic in AudioManager: file /home/fischer/Projects/gecko-dev/dom/system/gonk/AudioManager.cpp, line 606
12-03 02:58:59.196: I/Gecko(14848): [Parent 14848] WARNING: Unexpected topic in AudioManager: file /home/fischer/Projects/gecko-dev/dom/system/gonk/AudioManager.cpp, line 606
12-03 02:58:59.196: I/Gecko(14848): [Parent 14848] WARNING: Unexpected topic in AudioManager: file /home/fischer/Projects/gecko-dev/dom/system/gonk/AudioManager.cpp, line 606
12-03 02:58:59.196: I/Gecko(14848): [Parent 14848] WARNING: Unexpected topic in AudioManager: file /home/fischer/Projects/gecko-dev/dom/system/gonk/AudioManager.cpp, line 606
12-03 02:58:59.206: I/Gecko(14848): [Parent 14848] WARNING: Unexpected topic in AudioManager: file /home/fischer/Projects/gecko-dev/dom/system/gonk/AudioManager.cpp, line 606
12-03 02:58:59.206: I/Gecko(14848): [Parent 14848] WARNING: Unexpected topic in AudioManager: file /home/fischer/Projects/gecko-dev/dom/system/gonk/AudioManager.cpp, line 606
12-03 02:58:59.206: I/Gecko(14848): [Parent 14848] WARNING: Unexpected topic in AudioManager: file /home/fischer/Projects/gecko-dev/dom/system/gonk/AudioManager.cpp, line 606
12-03 02:58:59.216: I/Gecko(14848): [Parent 14848] WARNING: Unexpected topic in AudioManager: file /home/fischer/Projects/gecko-dev/dom/system/gonk/AudioManager.cpp, line 606
12-03 02:58:59.216: I/Gecko(14848): [Parent 14848] WARNING: Unexpected topic in AudioManager: file /home/fischer/Projects/gecko-dev/dom/system/gonk/AudioManager.cpp, line 606
12-03 02:58:59.216: I/Gecko(14848): [Parent 14848] WARNING: Unexpected topic in AudioManager: file /home/fischer/Projects/gecko-dev/dom/system/gonk/AudioManager.cpp, line 606
12-03 02:58:59.216: I/Gecko(14848): [Parent 14848] WARNING: Unexpected topic in AudioManager: file /home/fischer/Projects/gecko-dev/dom/system/gonk/AudioManager.cpp, line 606
12-03 02:58:59.226: I/Gecko(14848): [Parent 14848] WARNING: Unexpected topic in AudioManager: file /home/fischer/Projects/gecko-dev/dom/system/gonk/AudioManager.cpp, line 606
12-03 02:58:59.286: I/Gecko(14848): --DOMWINDOW == 4 (0xaa012400) [pid = 14848] [serial = 4] [outer = 0x0] [url = about:blank]
12-03 02:58:59.386: I/Gecko(14848): [Parent 14848] WARNING: NS_ENSURE_SUCCESS(rv, rv) failed with result 0x80520012: file /home/fischer/Projects/gecko-dev/dom/html/HTMLMediaElement.cpp, line 1337
12-03 02:58:59.546: I/GeckoDump(14848): XXX FIXME : Got a mozContentEvent: system-message-listener-ready
12-03 02:58:59.556: I/Gecko(14848): XXX FIXME : Dispatch a mozPrefChromeEvent: undefined
12-03 02:59:01.316: I/Gecko(15006): ######################## extensions.js loaded
12-03 02:59:01.346: W/Default Home Screen(15006): [JavaScript Warning: "Use of nsIFile in content process is deprecated." {file: "jar:file:///system/b2g/omni.ja!/components/DirectoryProvider.js" line: 81}]
12-03 02:59:01.876: I/Gecko(15006): ++DOMWINDOW == 3 (0xaf7d8c00) [pid = 15006] [serial = 3] [outer = 0xb0a98800]
12-03 02:59:02.116: W/Default Home Screen(15006): [JavaScript Warning: "Error in parsing value for 'text-align'.  Declaration dropped." {file: "app://homescreen.gaiamobile.org/index.html#root" line: 43 column: 18 source: "      text-align: -moz-start;"}]
12-03 02:59:02.116: W/Default Home Screen(15006): [JavaScript Warning: "Error in parsing value for 'text-align'.  Declaration dropped." {file: "app://homescreen.gaiamobile.org/index.html#root" line: 43 column: 18 source: "      text-align: -moz-start;"}]
12-03 02:59:02.526: I/Gecko(14848): [Parent 14848] WARNING: No Document in SetRequestContext; can not query loadgroup; sending reports may fail.: file /home/fischer/Projects/gecko-dev/dom/security/nsCSPContext.cpp, line 603
12-03 02:59:02.666: I/Gecko(14848): [Parent 14848] WARNING: No Document in SetRequestContext; can not query loadgroup; sending reports may fail.: file /home/fischer/Projects/gecko-dev/dom/security/nsCSPContext.cpp, line 603
12-03 02:59:03.986: I/Gecko(14848): [Parent 14848] WARNING: No Document in SetRequestContext; can not query loadgroup; sending reports may fail.: file /home/fischer/Projects/gecko-dev/dom/security/nsCSPContext.cpp, line 603
12-03 02:59:03.996: I/Gecko(14848): [Parent 14848] WARNING: No Document in SetRequestContext; can not query loadgroup; sending reports may fail.: file /home/fischer/Projects/gecko-dev/dom/security/nsCSPContext.cpp, line 603
12-03 02:59:04.026: I/Gecko(14848): [Parent 14848] WARNING: No Document in SetRequestContext; can not query loadgroup; sending reports may fail.: file /home/fischer/Projects/gecko-dev/dom/security/nsCSPContext.cpp, line 603
12-03 02:59:04.036: I/Gecko(14848): [Parent 14848] WARNING: No Document in SetRequestContext; can not query loadgroup; sending reports may fail.: file /home/fischer/Projects/gecko-dev/dom/security/nsCSPContext.cpp, line 603
12-03 02:59:04.206: I/Gecko(14848): -*-*- Webapps.jsm : _readManifests of communications.gaiamobile.org
12-03 02:59:04.316: I/Gecko(14848): -*-*- Webapps.jsm : _readManifests of sms.gaiamobile.org
12-03 02:59:04.336: I/Gecko(14848): XXX FIXME : Dispatch a developer-hud-update: undefined
12-03 02:59:04.356: I/Gecko(14848): -*-*- Webapps.jsm : _readManifests of communications.gaiamobile.org
12-03 02:59:04.396: I/Gecko(14848): -*-*- Webapps.jsm : _readManifests of communications.gaiamobile.org
12-03 02:59:04.416: I/Gecko(14848): -*-*- Webapps.jsm : _readManifests of sms.gaiamobile.org
12-03 02:59:04.446: I/Gecko(14848): -*-*- Webapps.jsm : _readManifests of email.gaiamobile.org
12-03 02:59:04.486: I/Gecko(14848): -*-*- Webapps.jsm : _readManifests of communications.gaiamobile.org
12-03 02:59:04.506: I/Gecko(14848): -*-*- Webapps.jsm : _readManifests of search.gaiamobile.org
12-03 02:59:04.526: I/Gecko(14848): -*-*- Webapps.jsm : _readManifests of email.gaiamobile.org
12-03 02:59:04.606: I/Gecko(14848): -*-*- Webapps.jsm : _readManifests of camera.gaiamobile.org
12-03 02:59:04.636: I/Gecko(14848): -*-*- Webapps.jsm : _readManifests of search.gaiamobile.org
12-03 02:59:04.706: I/Gecko(14848): -*-*- Webapps.jsm : _readManifests of gallery.gaiamobile.org
12-03 02:59:04.736: I/Gecko(14848): -*-*- Webapps.jsm : _readManifests of camera.gaiamobile.org
12-03 02:59:04.846: I/Gecko(14848): -*-*- Webapps.jsm : _readManifests of gallery.gaiamobile.org
12-03 02:59:04.866: I/Gecko(14848): -*-*- Webapps.jsm : _readManifests of music.gaiamobile.org
12-03 02:59:04.996: I/Gecko(14848): -*-*- Webapps.jsm : _readManifests of video.gaiamobile.org
12-03 02:59:05.016: I/Gecko(14848): -*-*- Webapps.jsm : _readManifests of music.gaiamobile.org
12-03 02:59:05.036: I/Gecko(14848): -*-*- Webapps.jsm : _readManifests of marketplace.firefox.com
12-03 02:59:05.066: I/Gecko(14848): -*-*- Webapps.jsm : _readManifests of video.gaiamobile.org
12-03 02:59:05.106: I/Gecko(14848): -*-*- Webapps.jsm : _readManifests of calendar.gaiamobile.org
12-03 02:59:05.126: I/Gecko(14848): -*-*- Webapps.jsm : _readManifests of marketplace.firefox.com
12-03 02:59:05.166: I/Gecko(14848): -*-*- Webapps.jsm : _readManifests of clock.gaiamobile.org
12-03 02:59:05.236: W/libsuspend(14848): Error writing 'on' to /sys/power/state: Invalid argument
12-03 02:59:05.236: I/libsuspend(14848): Selected autosleep
12-03 02:59:05.236: E/ANDR-PERF-LOCK(1604): Failed to reset optimization for resource: 4 level: 0
12-03 02:59:05.236: D/qdhwcomposer(14848): hwc_blank: Unblanking display: 0
12-03 02:59:05.236: D/qdhwcomposer(14848): hwc_blank: Done unblanking display: 0
12-03 02:59:05.356: I/Gecko(14848): -*-*- Webapps.jsm : _readManifests of calendar.gaiamobile.org
12-03 02:59:05.426: I/Gecko(14848): -*-*- Webapps.jsm : _readManifests of clock.gaiamobile.org
12-03 02:59:07.546: I/GeckoDump(14848): XXX FIXME : Got a mozContentEvent: update-prompt-ready
12-03 02:59:07.616: I/Gecko(14848): -*-*- Webapps.jsm : _readManifests of settings.gaiamobile.org
12-03 02:59:07.626: I/Gecko(14848): -*-*- Webapps.jsm : _readManifests of {9c78a561-86d4-ee41-ad55-e1831f5c1c14}
12-03 02:59:07.636: I/Gecko(14848): -*-*- Webapps.jsm : _readManifests of {bbabd02f-ea0c-1245-a72d-e6c4cb44d704}
12-03 02:59:08.126: I/Gecko(14848): -*-*- Webapps.jsm : _readManifests of fm.gaiamobile.org
12-03 02:59:08.136: I/Gecko(14848): -*-*- Webapps.jsm : _readManifests of {239148df-4bc9-6f42-9d5e-6bb4b808fed2}
12-03 02:59:08.196: I/Gecko(14848): -*-*- Webapps.jsm : _readManifests of {9bd0ca0c-1343-3745-8fd0-9fb1db1b1af4}
12-03 02:59:08.236: I/Gecko(14848): -*-*- Webapps.jsm : _readManifests of bluetooth.gaiamobile.org
12-03 02:59:08.246: I/Gecko(14848): -*-*- Webapps.jsm : _readManifests of callscreen.gaiamobile.org
12-03 02:59:08.256: I/Gecko(14848): -*-*- Webapps.jsm : _readManifests of download.gaiamobile.org
12-03 02:59:08.406: I/Gecko(14848): ++DOCSHELL 0xa4774400 == 3 [pid = 14848] [id = 3]
12-03 02:59:08.406: I/Gecko(14848): ++DOMWINDOW == 5 (0xa4774800) [pid = 14848] [serial = 6] [outer = 0x0]
12-03 02:59:08.456: I/Gecko(14848): ###################################### BrowserElementCopyPaste.js loaded
12-03 02:59:08.466: I/Gecko(14848): ############################### browserElementPanning.js loaded
12-03 02:59:08.506: I/Gecko(14848): ######################## BrowserElementChildPreload.js loaded
12-03 02:59:08.516: I/Gecko(14848): ++DOMWINDOW == 6 (0xa4777000) [pid = 14848] [serial = 7] [outer = 0xa4774800]
12-03 02:59:08.536: I/Gecko(14848): ######################## extensions.js loaded
12-03 02:59:09.356: I/GeckoDump(14848): ObjectActor.prototype.grip previewer function threw an exception: TypeError: this.parentActor.threadActor is undefined
12-03 02:59:09.356: I/GeckoDump(14848): Stack: WebConsoleActor.prototype.globalDebugObject@resource://gre/modules/commonjs/toolkit/loader.js -> resource://devtools/server/actors/webconsole.js:306:5
12-03 02:59:09.356: I/GeckoDump(14848): WCA_objectGrip/actor<.getGlobalDebugObject@resource://gre/modules/commonjs/toolkit/loader.js -> resource://devtools/server/actors/webconsole.js:465:35
12-03 02:59:09.356: I/GeckoDump(14848): DebuggerServer.ObjectActorPreviewers.Function<@resource://gre/modules/commonjs/toolkit/loader.js -> resource://devtools/server/actors/object.js:956:21
12-03 02:59:09.356: I/GeckoDump(14848): ObjectActor.prototype.grip@resource://gre/modules/commonjs/toolkit/loader.js -> resource://devtools/server/actors/object.js:123:15
12-03 02:59:09.356: I/GeckoDump(14848): WCA_objectGrip@resource://gre/modules/commonjs/toolkit/loader.js -> resource://devtools/server/actors/webconsole.js:468:12
12-03 02:59:09.356: I/GeckoDump(14848): createValueGrip@resource://gre/modules/commonjs/toolkit/loader.js -> resource://devtools/server/actors/object.js:1991:1
12-03 02:59:09.356: I/GeckoDump(14848): WCA_createValueGrip@resource://gre/modules/commonjs/toolkit/loader.js -> resource://devtools/server/actors/webconsole.js:414:12
12-03 02:59:09.356: I/GeckoDump(14848): WCA_objectGrip/actor<.createValueGrip@resource://gre/modules/commonjs/toolkit/loader.js -> resource://devtools/server/actors/webconsole.js:461:29
12-03 02:59:09.356: I/GeckoDump(14848): ObjectActor.prototype._propertyDescriptor@resource://gre/modules/commonjs/toolkit/loader.js -> resource://devtools/server/actors/object.js:459:22
12-03 02:59:09.356: I/GeckoDump(14848): GenericObject@resource://gre/modules/commonjs/toolkit/loader.js -> resource://devtools/server/actors/object.js:1647:18
12-03 02:59:09.356: I/GeckoDump(14848): ObjectActor.prototype.grip@resource://gre/modules/commonjs/toolkit/loader.js -> resource://devtools/server/actors/object.js:123:15
12-03 02:59:09.356: I/GeckoDump(14848): WCA_objectGrip@resource://gre/modules/commonjs/toolkit/loader.js -> resource://devtools/server/actors/webconsole.js:468:12
12-03 02:59:09.356: I/GeckoDump(14848): createValueGrip@resource://gre/modules/commonjs/toolkit/loader.js -> resource://devtools/server/actors/object.js:1991:1
12-03 02:59:09.356: I/GeckoDump(14848): WCA_createValueGrip@resource://gre/modules/commonjs/toolkit/loader.js -> resource://devtools/server/actors/webconsole.js:414:12
12-03 02:59:09.356: I/GeckoDump(14848): WCA_prepareConsoleMessageForRemote/result.arguments<@resource://gre/modules/commonjs/toolkit/loader.js -> resource://devtools/server/actors/webconsole.js:1564:14
12-03 02:59:09.356: I/GeckoDump(14848): WCA_prepareConsoleMessageForRemote@resource://gre/modules/commonjs/toolkit/loader.js -> resource://devtools/server/actors/webconsole.js:1562:24
12-03 02:59:09.356: I/GeckoDump(14848): WCA_onConsoleAPICall@resource://gre/modules/commonjs/toolkit/loader.js -> resource://devtools/server/actors/webconsole.js:1370:16
12-03 02:59:09.356: I/GeckoDump(14848): CAL_observe@resource://gre/modules/commonjs/toolkit/loader.js -> resource://devtools/shared/webconsole/utils.js:959:5
12-03 02:59:09.356: I/GeckoDump(14848): CS_recordEvent@jar:file:///system/b2g/omni.ja!/components/ConsoleAPIStorage.js:137:5
12-03 02:59:09.356: I/GeckoDump(14848): exports.Service.registerState@app://system.gaiamobile.org/js/service.js:166:1
12-03 02:59:09.356: I/GeckoDump(14848): da_start@app://system.gaiamobile.org/js/dialer_agent.js:120:5
12-03 02:59:09.356: I/GeckoDump(14848): attwm_start/<@app://system.gaiamobile.org/js/attention_window_manager.js:127:11
12-03 02:59:09.356: I/GeckoDump(14848): Line: 306, column: 5
12-03 02:59:09.356: E/GeckoConsole(14848): [JavaScript Error: "ObjectActor.prototype.grip previewer function threw an exception: TypeError: this.parentActor.threadActor is undefined
12-03 02:59:09.356: E/GeckoConsole(14848): Stack: WebConsoleActor.prototype.globalDebugObject@resource://gre/modules/commonjs/toolkit/loader.js -> resource://devtools/server/actors/webconsole.js:306:5
12-03 02:59:09.356: E/GeckoConsole(14848): WCA_objectGrip/actor<.getGlobalDebugObject@resource://gre/modules/commonjs/toolkit/loader.js -> resource://devtools/server/actors/webconsole.js:465:35
12-03 02:59:09.356: E/GeckoConsole(14848): DebuggerServer.ObjectActorPreviewers.Function<@resource://gre/modules/commonjs/toolkit/loader.js -> resource://devtools/server/actors/object.js:956:21
12-03 02:59:09.356: E/GeckoConsole(14848): ObjectActor.prototype.grip@resource://gre/modules/commonjs/toolkit/loader.js -> resource://devtools/server/actors/object.js:123:15
12-03 02:59:09.356: E/GeckoConsole(14848): WCA_objectGrip@resource://gre/modules/commonjs/toolkit/loader.js -> resource://devtools/server/actors/webconsole.js:468:12
12-03 02:59:09.356: E/GeckoConsole(14848): createValueGrip@resource://gre/modules/commonjs/toolkit/loader.js -> resource://devtools/server/actors/object.js:1991:1
12-03 02:59:09.356: E/GeckoConsole(14848): WCA_createValueGrip@resource://gre/modules/commonj
12-03 02:59:09.366: I/GeckoDump(14848): ObjectActor.prototype.grip previewer function threw an exception: TypeError: this.parentActor.threadActor is undefined
12-03 02:59:09.366: I/GeckoDump(14848): Stack: WebConsoleActor.prototype.globalDebugObject@resource://gre/modules/commonjs/toolkit/loader.js -> resource://devtools/server/actors/webconsole.js:306:5
12-03 02:59:09.366: I/GeckoDump(14848): WCA_objectGrip/actor<.getGlobalDebugObject@resource://gre/modules/commonjs/toolkit/loader.js -> resource://devtools/server/actors/webconsole.js:465:35
12-03 02:59:09.366: I/GeckoDump(14848): DebuggerServer.ObjectActorPreviewers.Function<@resource://gre/modules/commonjs/toolkit/loader.js -> resource://devtools/server/actors/object.js:956:21
12-03 02:59:09.366: I/GeckoDump(14848): ObjectActor.prototype.grip@resource://gre/modules/commonjs/toolkit/loader.js -> resource://devtools/server/actors/object.js:123:15
12-03 02:59:09.366: I/GeckoDump(14848): WCA_objectGrip@resource://gre/modules/commonjs/toolkit/loader.js -> resource://devtools/server/actors/webconsole.js:468:12
12-03 02:59:09.366: I/GeckoDump(14848): createValueGrip@resource://gre/modules/commonjs/toolkit/loader.js -> resource://devtools/server/actors/object.js:1991:1
12-03 02:59:09.366: I/GeckoDump(14848): WCA_createValueGrip@resource://gre/modules/commonjs/toolkit/loader.js -> resource://devtools/server/actors/webconsole.js:414:12
12-03 02:59:09.366: I/GeckoDump(14848): WCA_objectGrip/actor<.createValueGrip@resource://gre/modules/commonjs/toolkit/loader.js -> resource://devtools/server/actors/webconsole.js:461:29
12-03 02:59:09.366: I/GeckoDump(14848): ObjectActor.prototype._propertyDescriptor@resource://gre/modules/commonjs/toolkit/loader.js -> resource://devtools/server/actors/object.js:459:22
12-03 02:59:09.366: I/GeckoDump(14848): GenericObject@resource://gre/modules/commonjs/toolkit/loader.js -> resource://devtools/server/actors/object.js:1647:18
12-03 02:59:09.366: I/GeckoDump(14848): ObjectActor.prototype.grip@resource://gre/modules/commonjs/toolkit/loader.js -> resource://devtools/server/actors/object.js:123:15
12-03 02:59:09.366: I/GeckoDump(14848): WCA_objectGrip@resource://gre/modules/commonjs/toolkit/loader.js -> resource://devtools/server/actors/webconsole.js:468:12
12-03 02:59:09.366: I/GeckoDump(14848): createValueGrip@resource://gre/modules/commonjs/toolkit/loader.js -> resource://devtools/server/actors/object.js:1991:1
12-03 02:59:09.366: I/GeckoDump(14848): WCA_createValueGrip@resource://gre/modules/commonjs/toolkit/loader.js -> resource://devtools/server/actors/webconsole.js:414:12
