12-03 22:05:15.710: I/Gecko(31630): [31630] WARNING: XPCOM objects created/destroyed from static ctor/dtor: file /home/fischer/Projects/gecko-dev/xpcom/base/nsTraceRefcnt.cpp, line 167
12-03 22:05:15.710: I/Gecko(31630): [31630] WARNING: XPCOM objects created/destroyed from static ctor/dtor: file /home/fischer/Projects/gecko-dev/xpcom/base/nsTraceRefcnt.cpp, line 167
12-03 22:05:15.710: I/Gecko(31630): [31630] WARNING: XPCOM objects created/destroyed from static ctor/dtor: file /home/fischer/Projects/gecko-dev/xpcom/base/nsTraceRefcnt.cpp, line 167
12-03 22:05:15.710: I/Gecko(31630): [31630] WARNING: XPCOM objects created/destroyed from static ctor/dtor: file /home/fischer/Projects/gecko-dev/xpcom/base/nsTraceRefcnt.cpp, line 167
12-03 22:05:15.710: I/Gecko(31630): [31630] WARNING: XPCOM objects created/destroyed from static ctor/dtor: file /home/fischer/Projects/gecko-dev/xpcom/base/nsTraceRefcnt.cpp, line 167
12-03 22:05:15.710: I/Gecko(31630): [31630] WARNING: XPCOM objects created/destroyed from static ctor/dtor: file /home/fischer/Projects/gecko-dev/xpcom/base/nsTraceRefcnt.cpp, line 167
12-03 22:05:15.710: I/Gecko(31630): [31630] WARNING: XPCOM objects created/destroyed from static ctor/dtor: file /home/fischer/Projects/gecko-dev/xpcom/base/nsTraceRefcnt.cpp, line 167
12-03 22:05:15.710: I/Gecko(31630): [31630] WARNING: XPCOM objects created/destroyed from static ctor/dtor: file /home/fischer/Projects/gecko-dev/xpcom/base/nsTraceRefcnt.cpp, line 167
12-03 22:05:15.710: I/Gecko(31630): [31630] WARNING: XPCOM objects created/destroyed from static ctor/dtor: file /home/fischer/Projects/gecko-dev/xpcom/base/nsTraceRefcnt.cpp, line 167
12-03 22:05:15.710: I/Gecko(31630): [31630] WARNING: XPCOM objects created/destroyed from static ctor/dtor: file /home/fischer/Projects/gecko-dev/xpcom/base/nsTraceRefcnt.cpp, line 167
12-03 22:05:15.710: I/Gecko(31630): [31630] WARNING: XPCOM objects created/destroyed from static ctor/dtor: file /home/fischer/Projects/gecko-dev/xpcom/base/nsTraceRefcnt.cpp, line 167
12-03 22:05:15.710: I/Gecko(31630): [31630] WARNING: XPCOM objects created/destroyed from static ctor/dtor: file /home/fischer/Projects/gecko-dev/xpcom/base/nsTraceRefcnt.cpp, line 167
12-03 22:05:15.710: I/Gecko(31630): [31630] WARNING: XPCOM objects created/destroyed from static ctor/dtor: file /home/fischer/Projects/gecko-dev/xpcom/base/nsTraceRefcnt.cpp, line 167
12-03 22:05:15.710: I/Gecko(31630): [31630] WARNING: XPCOM objects created/destroyed from static ctor/dtor: file /home/fischer/Projects/gecko-dev/xpcom/base/nsTraceRefcnt.cpp, line 167
12-03 22:05:15.710: I/Gecko(31630): [31630] WARNING: XPCOM objects created/destroyed from static ctor/dtor: file /home/fischer/Projects/gecko-dev/xpcom/base/nsTraceRefcnt.cpp, line 167
12-03 22:05:15.710: I/Gecko(31630): [31630] WARNING: XPCOM objects created/destroyed from static ctor/dtor: file /home/fischer/Projects/gecko-dev/xpcom/base/nsTraceRefcnt.cpp, line 167
12-03 22:05:15.710: I/Gecko(31630): [31630] WARNING: XPCOM objects created/destroyed from static ctor/dtor: file /home/fischer/Projects/gecko-dev/xpcom/base/nsTraceRefcnt.cpp, line 167
12-03 22:05:15.710: I/Gecko(31630): [31630] WARNING: XPCOM objects created/destroyed from static ctor/dtor: file /home/fischer/Projects/gecko-dev/xpcom/base/nsTraceRefcnt.cpp, line 167
12-03 22:05:15.710: I/Gecko(31630): [31630] WARNING: XPCOM objects created/destroyed from static ctor/dtor: file /home/fischer/Projects/gecko-dev/xpcom/base/nsTraceRefcnt.cpp, line 167
12-03 22:05:15.710: I/Gecko(31630): [31630] WARNING: XPCOM objects created/destroyed from static ctor/dtor: file /home/fischer/Projects/gecko-dev/xpcom/base/nsTraceRefcnt.cpp, line 167
12-03 22:05:15.710: I/Gecko(31630): [31630] WARNING: XPCOM objects created/destroyed from static ctor/dtor: file /home/fischer/Projects/gecko-dev/xpcom/base/nsTraceRefcnt.cpp, line 167
12-03 22:05:15.710: I/Gecko(31630): [31630] WARNING: XPCOM objects created/destroyed from static ctor/dtor: file /home/fischer/Projects/gecko-dev/xpcom/base/nsTraceRefcnt.cpp, line 167
12-03 22:05:15.710: I/Gecko(31630): [31630] WARNING: XPCOM objects created/destroyed from static ctor/dtor: file /home/fischer/Projects/gecko-dev/xpcom/base/nsTraceRefcnt.cpp, line 167
12-03 22:05:15.710: I/Gecko(31630): [31630] WARNING: XPCOM objects created/destroyed from static ctor/dtor: file /home/fischer/Projects/gecko-dev/xpcom/base/nsTraceRefcnt.cpp, line 167
12-03 22:05:15.710: I/Gecko(31630): [31630] WARNING: XPCOM objects created/destroyed from static ctor/dtor: file /home/fischer/Projects/gecko-dev/xpcom/base/nsTraceRefcnt.cpp, line 167
12-03 22:05:15.710: I/Gecko(31630): [31630] WARNING: XPCOM objects created/destroyed from static ctor/dtor: file /home/fischer/Projects/gecko-dev/xpcom/base/nsTraceRefcnt.cpp, line 167
12-03 22:05:15.710: I/Gecko(31630): [31630] WARNING: XPCOM objects created/destroyed from static ctor/dtor: file /home/fischer/Projects/gecko-dev/xpcom/base/nsTraceRefcnt.cpp, line 167
12-03 22:05:15.710: I/Gecko(31630): [31630] WARNING: XPCOM objects created/destroyed from static ctor/dtor: file /home/fischer/Projects/gecko-dev/xpcom/base/nsTraceRefcnt.cpp, line 167
12-03 22:05:15.710: I/Gecko(31630): [31630] WARNING: XPCOM objects created/destroyed from static ctor/dtor: file /home/fischer/Projects/gecko-dev/xpcom/base/nsTraceRefcnt.cpp, line 167
12-03 22:05:15.710: I/Gecko(31630): [31630] WARNING: XPCOM objects created/destroyed from static ctor/dtor: file /home/fischer/Projects/gecko-dev/xpcom/base/nsTraceRefcnt.cpp, line 167
12-03 22:05:15.710: I/Gecko(31630): [31630] WARNING: XPCOM objects created/destroyed from static ctor/dtor: file /home/fischer/Projects/gecko-dev/xpcom/base/nsTraceRefcnt.cpp, line 167
12-03 22:05:15.710: I/Gecko(31630): [31630] WARNING: XPCOM objects created/destroyed from static ctor/dtor: file /home/fischer/Projects/gecko-dev/xpcom/base/nsTraceRefcnt.cpp, line 167
12-03 22:05:15.710: I/Gecko(31630): [31630] WARNING: XPCOM objects created/destroyed from static ctor/dtor: file /home/fischer/Projects/gecko-dev/xpcom/base/nsTraceRefcnt.cpp, line 167
12-03 22:05:15.710: I/Gecko(31630): [31630] WARNING: XPCOM objects created/destroyed from static ctor/dtor: file /home/fischer/Projects/gecko-dev/xpcom/base/nsTraceRefcnt.cpp, line 167
12-03 22:05:15.710: I/Gecko(31630): [31630] WARNING: XPCOM objects created/destroyed from static ctor/dtor: file /home/fischer/Projects/gecko-dev/xpcom/base/nsTraceRefcnt.cpp, line 167
12-03 22:05:15.710: I/Gecko(31630): [31630] WARNING: XPCOM objects created/destroyed from static ctor/dtor: file /home/fischer/Projects/gecko-dev/xpcom/base/nsTraceRefcnt.cpp, line 167
12-03 22:05:15.710: I/Gecko(31630): [31630] WARNING: XPCOM objects created/destroyed from static ctor/dtor: file /home/fischer/Projects/gecko-dev/xpcom/base/nsTraceRefcnt.cpp, line 167
12-03 22:05:15.710: I/Gecko(31630): [31630] WARNING: XPCOM objects created/destroyed from static ctor/dtor: file /home/fischer/Projects/gecko-dev/xpcom/base/nsTraceRefcnt.cpp, line 167
12-03 22:05:15.710: I/Gecko(31630): [31630] WARNING: XPCOM objects created/destroyed from static ctor/dtor: file /home/fischer/Projects/gecko-dev/xpcom/base/nsTraceRefcnt.cpp, line 167
12-03 22:05:15.710: I/Gecko(31630): [31630] WARNING: XPCOM objects created/destroyed from static ctor/dtor: file /home/fischer/Projects/gecko-dev/xpcom/base/nsTraceRefcnt.cpp, line 167
12-03 22:05:15.710: I/Gecko(31630): [31630] WARNING: XPCOM objects created/destroyed from static ctor/dtor: file /home/fischer/Projects/gecko-dev/xpcom/base/nsTraceRefcnt.cpp, line 167
12-03 22:05:15.710: I/Gecko(31630): [31630] WARNING: XPCOM objects created/destroyed from static ctor/dtor: file /home/fischer/Projects/gecko-dev/xpcom/base/nsTraceRefcnt.cpp, line 167
12-03 22:05:15.710: I/Gecko(31630): [31630] WARNING: XPCOM objects created/destroyed from static ctor/dtor: file /home/fischer/Projects/gecko-dev/xpcom/base/nsTraceRefcnt.cpp, line 167
12-03 22:05:15.710: I/Gecko(31630): [31630] WARNING: XPCOM objects created/destroyed from static ctor/dtor: file /home/fischer/Projects/gecko-dev/xpcom/base/nsTraceRefcnt.cpp, line 167
12-03 22:05:15.710: I/Gecko(31630): [31630] WARNING: XPCOM objects created/destroyed from static ctor/dtor: file /home/fischer/Projects/gecko-dev/xpcom/base/nsTraceRefcnt.cpp, line 167
12-03 22:05:15.710: I/Gecko(31630): [31630] WARNING: XPCOM objects created/destroyed from static ctor/dtor: file /home/fischer/Projects/gecko-dev/xpcom/base/nsTraceRefcnt.cpp, line 167
12-03 22:05:15.710: I/Gecko(31630): [31630] WARNING: XPCOM objects created/destroyed from static ctor/dtor: file /home/fischer/Projects/gecko-dev/xpcom/base/nsTraceRefcnt.cpp, line 167
12-03 22:05:15.710: I/Gecko(31630): [31630] WARNING: XPCOM objects created/destroyed from static ctor/dtor: file /home/fischer/Projects/gecko-dev/xpcom/base/nsTraceRefcnt.cpp, line 167
12-03 22:05:15.710: I/Gecko(31630): [31630] WARNING: XPCOM objects created/destroyed from static ctor/dtor: file /home/fischer/Projects/gecko-dev/xpcom/base/nsTraceRefcnt.cpp, line 167
12-03 22:05:15.710: I/Gecko(31630): [31630] WARNING: XPCOM objects created/destroyed from static ctor/dtor: file /home/fischer/Projects/gecko-dev/xpcom/base/nsTraceRefcnt.cpp, line 167
12-03 22:05:15.710: I/Gecko(31630): [31630] WARNING: XPCOM objects created/destroyed from static ctor/dtor: file /home/fischer/Projects/gecko-dev/xpcom/base/nsTraceRefcnt.cpp, line 167
12-03 22:05:15.710: I/Gecko(31630): [31630] WARNING: XPCOM objects created/destroyed from static ctor/dtor: file /home/fischer/Projects/gecko-dev/xpcom/base/nsTraceRefcnt.cpp, line 167
12-03 22:05:15.710: I/Gecko(31630): [31630] WARNING: XPCOM objects created/destroyed from static ctor/dtor: file /home/fischer/Projects/gecko-dev/xpcom/base/nsTraceRefcnt.cpp, line 167
12-03 22:05:15.710: I/Gecko(31630): [31630] WARNING: XPCOM objects created/destroyed from static ctor/dtor: file /home/fischer/Projects/gecko-dev/xpcom/base/nsTraceRefcnt.cpp, line 167
12-03 22:05:15.710: I/Gecko(31630): [31630] WARNING: XPCOM objects created/destroyed from static ctor/dtor: file /home/fischer/Projects/gecko-dev/xpcom/base/nsTraceRefcnt.cpp, line 167
12-03 22:05:15.710: I/Gecko(31630): [31630] WARNING: XPCOM objects created/destroyed from static ctor/dtor: file /home/fischer/Projects/gecko-dev/xpcom/base/nsTraceRefcnt.cpp, line 167
12-03 22:05:15.710: I/Gecko(31630): [31630] WARNING: XPCOM objects created/destroyed from static ctor/dtor: file /home/fischer/Projects/gecko-dev/xpcom/base/nsTraceRefcnt.cpp, line 167
12-03 22:05:15.710: I/Gecko(31630): [31630] WARNING: XPCOM objects created/destroyed from static ctor/dtor: file /home/fischer/Projects/gecko-dev/xpcom/base/nsTraceRefcnt.cpp, line 167
12-03 22:05:15.710: I/Gecko(31630): [31630] WARNING: XPCOM objects created/destroyed from static ctor/dtor: file /home/fischer/Projects/gecko-dev/xpcom/base/nsTraceRefcnt.cpp, line 167
12-03 22:05:15.710: I/Gecko(31630): [31630] WARNING: XPCOM objects created/destroyed from static ctor/dtor: file /home/fischer/Projects/gecko-dev/xpcom/base/nsTraceRefcnt.cpp, line 167
12-03 22:05:15.710: I/Gecko(31630): [31630] WARNING: XPCOM objects created/destroyed from static ctor/dtor: file /home/fischer/Projects/gecko-dev/xpcom/base/nsTraceRefcnt.cpp, line 167
12-03 22:05:15.710: I/Gecko(31630): [31630] WARNING: XPCOM objects created/destroyed from static ctor/dtor: file /home/fischer/Projects/gecko-dev/xpcom/base/nsTraceRefcnt.cpp, line 167
12-03 22:05:15.710: I/Gecko(31630): [31630] WARNING: XPCOM objects created/destroyed from static ctor/dtor: file /home/fischer/Projects/gecko-dev/xpcom/base/nsTraceRefcnt.cpp, line 167
12-03 22:05:15.710: I/Gecko(31630): [31630] WARNING: XPCOM objects created/destroyed from static ctor/dtor: file /home/fischer/Projects/gecko-dev/xpcom/base/nsTraceRefcnt.cpp, line 167
12-03 22:05:15.710: I/Gecko(31630): [31630] WARNING: XPCOM objects created/destroyed from static ctor/dtor: file /home/fischer/Projects/gecko-dev/xpcom/base/nsTraceRefcnt.cpp, line 167
12-03 22:05:15.710: I/Gecko(31630): [31630] WARNING: XPCOM objects created/destroyed from static ctor/dtor: file /home/fischer/Projects/gecko-dev/xpcom/base/nsTraceRefcnt.cpp, line 167
12-03 22:05:15.710: I/Gecko(31630): [31630] WARNING: XPCOM objects created/destroyed from static ctor/dtor: file /home/fischer/Projects/gecko-dev/xpcom/base/nsTraceRefcnt.cpp, line 167
12-03 22:05:15.710: I/Gecko(31630): [31630] WARNING: XPCOM objects created/destroyed from static ctor/dtor: file /home/fischer/Projects/gecko-dev/xpcom/base/nsTraceRefcnt.cpp, line 167
12-03 22:05:15.710: I/Gecko(31630): [31630] WARNING: XPCOM objects created/destroyed from static ctor/dtor: file /home/fischer/Projects/gecko-dev/xpcom/base/nsTraceRefcnt.cpp, line 167
12-03 22:05:15.710: I/Gecko(31630): [31630] WARNING: XPCOM objects created/destroyed from static ctor/dtor: file /home/fischer/Projects/gecko-dev/xpcom/base/nsTraceRefcnt.cpp, line 167
12-03 22:05:15.710: I/Gecko(31630): [31630] WARNING: XPCOM objects created/destroyed from static ctor/dtor: file /home/fischer/Projects/gecko-dev/xpcom/base/nsTraceRefcnt.cpp, line 167
12-03 22:05:15.710: I/Gecko(31630): [31630] WARNING: XPCOM objects created/destroyed from static ctor/dtor: file /home/fischer/Projects/gecko-dev/xpcom/base/nsTraceRefcnt.cpp, line 167
12-03 22:05:15.710: I/Gecko(31630): [31630] WARNING: XPCOM objects created/destroyed from static ctor/dtor: file /home/fischer/Projects/gecko-dev/xpcom/base/nsTraceRefcnt.cpp, line 167
12-03 22:05:15.710: I/Gecko(31630): [31630] WARNING: XPCOM objects created/destroyed from static ctor/dtor: file /home/fischer/Projects/gecko-dev/xpcom/base/nsTraceRefcnt.cpp, line 167
12-03 22:05:15.710: I/Gecko(31630): [31630] WARNING: XPCOM objects created/destroyed from static ctor/dtor: file /home/fischer/Projects/gecko-dev/xpcom/base/nsTraceRefcnt.cpp, line 167
12-03 22:05:15.710: I/Gecko(31630): [31630] WARNING: XPCOM objects created/destroyed from static ctor/dtor: file /home/fischer/Projects/gecko-dev/xpcom/base/nsTraceRefcnt.cpp, line 167
12-03 22:05:15.710: I/Gecko(31630): [31630] WARNING: XPCOM objects created/destroyed from static ctor/dtor: file /home/fischer/Projects/gecko-dev/xpcom/base/nsTraceRefcnt.cpp, line 167
12-03 22:05:15.710: I/Gecko(31630): [31630] WARNING: XPCOM objects created/destroyed from static ctor/dtor: file /home/fischer/Projects/gecko-dev/xpcom/base/nsTraceRefcnt.cpp, line 167
12-03 22:05:15.710: I/Gecko(31630): [31630] WARNING: XPCOM objects created/destroyed from static ctor/dtor: file /home/fischer/Projects/gecko-dev/xpcom/base/nsTraceRefcnt.cpp, line 167
12-03 22:05:15.710: I/Gecko(31630): [31630] WARNING: XPCOM objects created/destroyed from static ctor/dtor: file /home/fischer/Projects/gecko-dev/xpcom/base/nsTraceRefcnt.cpp, line 167
12-03 22:05:15.710: I/Gecko(31630): [31630] WARNING: XPCOM objects created/destroyed from static ctor/dtor: file /home/fischer/Projects/gecko-dev/xpcom/base/nsTraceRefcnt.cpp, line 167
12-03 22:05:15.710: I/Gecko(31630): [31630] WARNING: XPCOM objects created/destroyed from static ctor/dtor: file /home/fischer/Projects/gecko-dev/xpcom/base/nsTraceRefcnt.cpp, line 167
12-03 22:05:15.710: I/Gecko(31630): [31630] WARNING: XPCOM objects created/destroyed from static ctor/dtor: file /home/fischer/Projects/gecko-dev/xpcom/base/nsTraceRefcnt.cpp, line 167
12-03 22:05:15.710: I/Gecko(31630): [31630] WARNING: XPCOM objects created/destroyed from static ctor/dtor: file /home/fischer/Projects/gecko-dev/xpcom/base/nsTraceRefcnt.cpp, line 167
12-03 22:05:15.710: I/Gecko(31630): [31630] WARNING: XPCOM objects created/destroyed from static ctor/dtor: file /home/fischer/Projects/gecko-dev/xpcom/base/nsTraceRefcnt.cpp, line 167
12-03 22:05:15.710: I/Gecko(31630): [31630] WARNING: XPCOM objects created/destroyed from static ctor/dtor: file /home/fischer/Projects/gecko-dev/xpcom/base/nsTraceRefcnt.cpp, line 167
12-03 22:05:15.710: I/Gecko(31630): [31630] WARNING: XPCOM objects created/destroyed from static ctor/dtor: file /home/fischer/Projects/gecko-dev/xpcom/base/nsTraceRefcnt.cpp, line 167
12-03 22:05:15.710: I/Gecko(31630): [31630] WARNING: XPCOM objects created/destroyed from static ctor/dtor: file /home/fischer/Projects/gecko-dev/xpcom/base/nsTraceRefcnt.cpp, line 167
12-03 22:05:15.710: I/Gecko(31630): [31630] WARNING: XPCOM objects created/destroyed from static ctor/dtor: file /home/fischer/Projects/gecko-dev/xpcom/base/nsTraceRefcnt.cpp, line 167
12-03 22:05:15.710: I/Gecko(31630): [31630] WARNING: XPCOM objects created/destroyed from static ctor/dtor: file /home/fischer/Projects/gecko-dev/xpcom/base/nsTraceRefcnt.cpp, line 167
12-03 22:05:15.710: I/Gecko(31630): [31630] WARNING: XPCOM objects created/destroyed from static ctor/dtor: file /home/fischer/Projects/gecko-dev/xpcom/base/nsTraceRefcnt.cpp, line 167
12-03 22:05:15.710: I/Gecko(31630): [31630] WARNING: XPCOM objects created/destroyed from static ctor/dtor: file /home/fischer/Projects/gecko-dev/xpcom/base/nsTraceRefcnt.cpp, line 167
12-03 22:05:15.710: I/Gecko(31630): [31630] WARNING: XPCOM objects created/destroyed from static ctor/dtor: file /home/fischer/Projects/gecko-dev/xpcom/base/nsTraceRefcnt.cpp, line 167
12-03 22:05:15.710: I/Gecko(31630): [31630] WARNING: XPCOM objects created/destroyed from static ctor/dtor: file /home/fischer/Projects/gecko-dev/xpcom/base/nsTraceRefcnt.cpp, line 167
12-03 22:05:15.710: I/Gecko(31630): [31630] WARNING: XPCOM objects created/destroyed from static ctor/dtor: file /home/fischer/Projects/gecko-dev/xpcom/base/nsTraceRefcnt.cpp, line 167
12-03 22:05:15.710: I/Gecko(31630): [31630] WARNING: XPCOM objects created/destroyed from static ctor/dtor: file /home/fischer/Projects/gecko-dev/xpcom/base/nsTraceRefcnt.cpp, line 167
12-03 22:05:15.710: I/Gecko(31630): [31630] WARNING: XPCOM objects created/destroyed from static ctor/dtor: file /home/fischer/Projects/gecko-dev/xpcom/base/nsTraceRefcnt.cpp, line 167
12-03 22:05:15.710: I/Gecko(31630): [31630] WARNING: XPCOM objects created/destroyed from static ctor/dtor: file /home/fischer/Projects/gecko-dev/xpcom/base/nsTraceRefcnt.cpp, line 167
12-03 22:05:15.710: I/Gecko(31630): [31630] WARNING: XPCOM objects created/destroyed from static ctor/dtor: file /home/fischer/Projects/gecko-dev/xpcom/base/nsTraceRefcnt.cpp, line 167
12-03 22:05:15.710: I/Gecko(31630): [31630] WARNING: XPCOM objects created/destroyed from static ctor/dtor: file /home/fischer/Projects/gecko-dev/xpcom/base/nsTraceRefcnt.cpp, line 167
12-03 22:05:15.710: I/Gecko(31630): [31630] WARNING: XPCOM objects created/destroyed from static ctor/dtor: file /home/fischer/Projects/gecko-dev/xpcom/base/nsTraceRefcnt.cpp, line 167
12-03 22:05:15.710: I/Gecko(31630): [31630] WARNING: XPCOM objects created/destroyed from static ctor/dtor: file /home/fischer/Projects/gecko-dev/xpcom/base/nsTraceRefcnt.cpp, line 167
12-03 22:05:15.710: I/Gecko(31630): [31630] WARNING: XPCOM objects created/destroyed from static ctor/dtor: file /home/fischer/Projects/gecko-dev/xpcom/base/nsTraceRefcnt.cpp, line 167
12-03 22:05:15.710: I/Gecko(31630): [31630] WARNING: XPCOM objects created/destroyed from static ctor/dtor: file /home/fischer/Projects/gecko-dev/xpcom/base/nsTraceRefcnt.cpp, line 167
12-03 22:05:15.710: I/Gecko(31630): [31630] WARNING: XPCOM objects created/destroyed from static ctor/dtor: file /home/fischer/Projects/gecko-dev/xpcom/base/nsTraceRefcnt.cpp, line 167
12-03 22:05:15.710: I/Gecko(31630): [31630] WARNING: XPCOM objects created/destroyed from static ctor/dtor: file /home/fischer/Projects/gecko-dev/xpcom/base/nsTraceRefcnt.cpp, line 167
12-03 22:05:15.710: I/Gecko(31630): [31630] WARNING: XPCOM objects created/destroyed from static ctor/dtor: file /home/fischer/Projects/gecko-dev/xpcom/base/nsTraceRefcnt.cpp, line 167
12-03 22:05:15.710: I/Gecko(31630): [31630] WARNING: XPCOM objects created/destroyed from static ctor/dtor: file /home/fischer/Projects/gecko-dev/xpcom/base/nsTraceRefcnt.cpp, line 167
12-03 22:05:15.710: I/Gecko(31630): [31630] WARNING: XPCOM objects created/destroyed from static ctor/dtor: file /home/fischer/Projects/gecko-dev/xpcom/base/nsTraceRefcnt.cpp, line 167
12-03 22:05:15.710: I/Gecko(31630): [31630] WARNING: XPCOM objects created/destroyed from static ctor/dtor: file /home/fischer/Projects/gecko-dev/xpcom/base/nsTraceRefcnt.cpp, line 167
12-03 22:05:15.710: I/Gecko(31630): [31630] WARNING: XPCOM objects created/destroyed from static ctor/dtor: file /home/fischer/Projects/gecko-dev/xpcom/base/nsTraceRefcnt.cpp, line 167
12-03 22:05:15.710: I/Gecko(31630): [31630] WARNING: XPCOM objects created/destroyed from static ctor/dtor: file /home/fischer/Projects/gecko-dev/xpcom/base/nsTraceRefcnt.cpp, line 167
12-03 22:05:15.710: I/Gecko(31630): [31630] WARNING: XPCOM objects created/destroyed from static ctor/dtor: file /home/fischer/Projects/gecko-dev/xpcom/base/nsTraceRefcnt.cpp, line 167
12-03 22:05:15.710: I/Gecko(31630): [31630] WARNING: XPCOM objects created/destroyed from static ctor/dtor: file /home/fischer/Projects/gecko-dev/xpcom/base/nsTraceRefcnt.cpp, line 167
12-03 22:05:15.710: I/Gecko(31630): [31630] WARNING: XPCOM objects created/destroyed from static ctor/dtor: file /home/fischer/Projects/gecko-dev/xpcom/base/nsTraceRefcnt.cpp, line 167
12-03 22:05:15.710: I/Gecko(31630): [31630] WARNING: XPCOM objects created/destroyed from static ctor/dtor: file /home/fischer/Projects/gecko-dev/xpcom/base/nsTraceRefcnt.cpp, line 167
12-03 22:05:15.710: I/Gecko(31630): [31630] WARNING: XPCOM objects created/destroyed from static ctor/dtor: file /home/fischer/Projects/gecko-dev/xpcom/base/nsTraceRefcnt.cpp, line 167
12-03 22:05:15.710: I/Gecko(31630): [31630] WARNING: XPCOM objects created/destroyed from static ctor/dtor: file /home/fischer/Projects/gecko-dev/xpcom/base/nsTraceRefcnt.cpp, line 167
12-03 22:05:15.720: I/Gecko(31630): [31630] WARNING: XPCOM objects created/destroyed from static ctor/dtor: file /home/fischer/Projects/gecko-dev/xpcom/base/nsTraceRefcnt.cpp, line 167
12-03 22:05:15.720: I/Gecko(31630): [31630] WARNING: XPCOM objects created/destroyed from static ctor/dtor: file /home/fischer/Projects/gecko-dev/xpcom/base/nsTraceRefcnt.cpp, line 167
12-03 22:05:15.720: I/Gecko(31630): [31630] WARNING: XPCOM objects created/destroyed from static ctor/dtor: file /home/fischer/Projects/gecko-dev/xpcom/base/nsTraceRefcnt.cpp, line 167
12-03 22:05:15.720: I/Gecko(31630): [31630] WARNING: XPCOM objects created/destroyed from static ctor/dtor: file /home/fischer/Projects/gecko-dev/xpcom/base/nsTraceRefcnt.cpp, line 167
12-03 22:05:15.720: I/Gecko(31630): [31630] WARNING: XPCOM objects created/destroyed from static ctor/dtor: file /home/fischer/Projects/gecko-dev/xpcom/base/nsTraceRefcnt.cpp, line 167
12-03 22:05:15.720: I/Gecko(31630): [31630] WARNING: XPCOM objects created/destroyed from static ctor/dtor: file /home/fischer/Projects/gecko-dev/xpcom/base/nsTraceRefcnt.cpp, line 167
12-03 22:05:15.720: I/Gecko(31630): [31630] WARNING: XPCOM objects created/destroyed from static ctor/dtor: file /home/fischer/Projects/gecko-dev/xpcom/base/nsTraceRefcnt.cpp, line 167
12-03 22:05:15.720: I/Gecko(31630): [31630] WARNING: XPCOM objects created/destroyed from static ctor/dtor: file /home/fischer/Projects/gecko-dev/xpcom/base/nsTraceRefcnt.cpp, line 167
12-03 22:05:15.720: I/Gecko(31630): [31630] WARNING: '!compMgr', file /home/fischer/Projects/gecko-dev/xpcom/glue/nsComponentManagerUtils.cpp, line 63
12-03 22:05:15.730: I/Gecko(31630): [31630] WARNING: XPCOM objects created/destroyed from static ctor/dtor: file /home/fischer/Projects/gecko-dev/xpcom/base/nsTraceRefcnt.cpp, line 167
12-03 22:05:15.730: I/Gecko(31630): [31630] WARNING: XPCOM objects created/destroyed from static ctor/dtor: file /home/fischer/Projects/gecko-dev/xpcom/base/nsTraceRefcnt.cpp, line 167
12-03 22:05:15.730: I/Gecko(31630): [31630] WARNING: XPCOM objects created/destroyed from static ctor/dtor: file /home/fischer/Projects/gecko-dev/xpcom/base/nsTraceRefcnt.cpp, line 167
12-03 22:05:15.730: I/Gecko(31630): [31630] WARNING: XPCOM objects created/destroyed from static ctor/dtor: file /home/fischer/Projects/gecko-dev/xpcom/base/nsTraceRefcnt.cpp, line 167
12-03 22:05:15.730: I/Gecko(31630): [31630] WARNING: XPCOM objects created/destroyed from static ctor/dtor: file /home/fischer/Projects/gecko-dev/xpcom/base/nsTraceRefcnt.cpp, line 167
12-03 22:05:15.730: I/Gecko(31630): [31630] WARNING: XPCOM objects created/destroyed from static ctor/dtor: file /home/fischer/Projects/gecko-dev/xpcom/base/nsTraceRefcnt.cpp, line 167
12-03 22:05:15.730: I/Gecko(31630): [31630] WARNING: XPCOM objects created/destroyed from static ctor/dtor: file /home/fischer/Projects/gecko-dev/xpcom/base/nsTraceRefcnt.cpp, line 167
12-03 22:05:15.730: I/Gecko(31630): [31630] WARNING: XPCOM objects created/destroyed from static ctor/dtor: file /home/fischer/Projects/gecko-dev/xpcom/base/nsTraceRefcnt.cpp, line 167
12-03 22:05:15.730: I/Gecko(31630): [31630] WARNING: XPCOM objects created/destroyed from static ctor/dtor: file /home/fischer/Projects/gecko-dev/xpcom/base/nsTraceRefcnt.cpp, line 167
12-03 22:05:15.730: I/Gecko(31630): [31630] WARNING: XPCOM objects created/destroyed from static ctor/dtor: file /home/fischer/Projects/gecko-dev/xpcom/base/nsTraceRefcnt.cpp, line 167
12-03 22:05:15.730: I/Gecko(31630): [31630] WARNING: XPCOM objects created/destroyed from static ctor/dtor: file /home/fischer/Projects/gecko-dev/xpcom/base/nsTraceRefcnt.cpp, line 167
12-03 22:05:15.730: I/Gecko(31630): [31630] WARNING: XPCOM objects created/destroyed from static ctor/dtor: file /home/fischer/Projects/gecko-dev/xpcom/base/nsTraceRefcnt.cpp, line 167
12-03 22:05:15.730: I/Gecko(31630): [31630] WARNING: XPCOM objects created/destroyed from static ctor/dtor: file /home/fischer/Projects/gecko-dev/xpcom/base/nsTraceRefcnt.cpp, line 167
12-03 22:05:15.740: I/Gecko(31630): [31630] WARNING: XPCOM objects created/destroyed from static ctor/dtor: file /home/fischer/Projects/gecko-dev/xpcom/base/nsTraceRefcnt.cpp, line 167
12-03 22:05:15.740: I/Gecko(31630): [31630] WARNING: XPCOM objects created/destroyed from static ctor/dtor: file /home/fischer/Projects/gecko-dev/xpcom/base/nsTraceRefcnt.cpp, line 167
12-03 22:05:15.740: I/Gecko(31630): [31630] WARNING: XPCOM objects created/destroyed from static ctor/dtor: file /home/fischer/Projects/gecko-dev/xpcom/base/nsTraceRefcnt.cpp, line 167
12-03 22:05:15.740: I/Gecko(31630): [31630] WARNING: XPCOM objects created/destroyed from static ctor/dtor: file /home/fischer/Projects/gecko-dev/xpcom/base/nsTraceRefcnt.cpp, line 167
12-03 22:05:15.740: I/Gecko(31630): [31630] WARNING: XPCOM objects created/destroyed from static ctor/dtor: file /home/fischer/Projects/gecko-dev/xpcom/base/nsTraceRefcnt.cpp, line 167
12-03 22:05:15.740: I/Gecko(31630): [31630] WARNING: XPCOM objects created/destroyed from static ctor/dtor: file /home/fischer/Projects/gecko-dev/xpcom/base/nsTraceRefcnt.cpp, line 167
12-03 22:05:15.740: I/Gecko(31630): [31630] WARNING: XPCOM objects created/destroyed from static ctor/dtor: file /home/fischer/Projects/gecko-dev/xpcom/base/nsTraceRefcnt.cpp, line 167
12-03 22:05:15.740: I/Gecko(31630): [31630] WARNING: XPCOM objects created/destroyed from static ctor/dtor: file /home/fischer/Projects/gecko-dev/xpcom/base/nsTraceRefcnt.cpp, line 167
12-03 22:05:15.740: I/Gecko(31630): [31630] WARNING: XPCOM objects created/destroyed from static ctor/dtor: file /home/fischer/Projects/gecko-dev/xpcom/base/nsTraceRefcnt.cpp, line 167
12-03 22:05:15.740: I/Gecko(31630): [31630] WARNING: XPCOM objects created/destroyed from static ctor/dtor: file /home/fischer/Projects/gecko-dev/xpcom/base/nsTraceRefcnt.cpp, line 167
12-03 22:05:15.740: I/Gecko(31630): [31630] WARNING: XPCOM objects created/destroyed from static ctor/dtor: file /home/fischer/Projects/gecko-dev/xpcom/base/nsTraceRefcnt.cpp, line 167
12-03 22:05:15.740: I/Gecko(31630): [31630] WARNING: XPCOM objects created/destroyed from static ctor/dtor: file /home/fischer/Projects/gecko-dev/xpcom/base/nsTraceRefcnt.cpp, line 167
12-03 22:05:15.740: I/Gecko(31630): [31630] WARNING: XPCOM objects created/destroyed from static ctor/dtor: file /home/fischer/Projects/gecko-dev/xpcom/base/nsTraceRefcnt.cpp, line 167
12-03 22:05:15.740: I/Gecko(31630): [31630] WARNING: XPCOM objects created/destroyed from static ctor/dtor: file /home/fischer/Projects/gecko-dev/xpcom/base/nsTraceRefcnt.cpp, line 167
12-03 22:05:15.740: I/Gecko(31630): [31630] WARNING: XPCOM objects created/destroyed from static ctor/dtor: file /home/fischer/Projects/gecko-dev/xpcom/base/nsTraceRefcnt.cpp, line 167
12-03 22:05:15.740: I/Gecko(31630): [31630] WARNING: XPCOM objects created/destroyed from static ctor/dtor: file /home/fischer/Projects/gecko-dev/xpcom/base/nsTraceRefcnt.cpp, line 167
12-03 22:05:15.740: I/Gecko(31630): [31630] WARNING: XPCOM objects created/destroyed from static ctor/dtor: file /home/fischer/Projects/gecko-dev/xpcom/base/nsTraceRefcnt.cpp, line 167
12-03 22:05:15.740: I/Gecko(31630): [31630] WARNING: XPCOM objects created/destroyed from static ctor/dtor: file /home/fischer/Projects/gecko-dev/xpcom/base/nsTraceRefcnt.cpp, line 167
12-03 22:05:15.740: I/Gecko(31630): [31630] WARNING: XPCOM objects created/destroyed from static ctor/dtor: file /home/fischer/Projects/gecko-dev/xpcom/base/nsTraceRefcnt.cpp, line 167
12-03 22:05:15.740: I/Gecko(31630): [31630] WARNING: XPCOM objects created/destroyed from static ctor/dtor: file /home/fischer/Projects/gecko-dev/xpcom/base/nsTraceRefcnt.cpp, line 167
12-03 22:05:15.740: I/Gecko(31630): [31630] WARNING: XPCOM objects created/destroyed from static ctor/dtor: file /home/fischer/Projects/gecko-dev/xpcom/base/nsTraceRefcnt.cpp, line 167
12-03 22:05:15.740: I/Gecko(31630): [31630] WARNING: XPCOM objects created/destroyed from static ctor/dtor: file /home/fischer/Projects/gecko-dev/xpcom/base/nsTraceRefcnt.cpp, line 167
12-03 22:05:15.740: I/Gecko(31630): [31630] WARNING: XPCOM objects created/destroyed from static ctor/dtor: file /home/fischer/Projects/gecko-dev/xpcom/base/nsTraceRefcnt.cpp, line 167
12-03 22:05:15.740: I/Gecko(31630): [31630] WARNING: XPCOM objects created/destroyed from static ctor/dtor: file /home/fischer/Projects/gecko-dev/xpcom/base/nsTraceRefcnt.cpp, line 167
12-03 22:05:15.740: I/Gecko(31630): [31630] WARNING: XPCOM objects created/destroyed from static ctor/dtor: file /home/fischer/Projects/gecko-dev/xpcom/base/nsTraceRefcnt.cpp, line 167
12-03 22:05:15.740: I/Gecko(31630): [31630] WARNING: XPCOM objects created/destroyed from static ctor/dtor: file /home/fischer/Projects/gecko-dev/xpcom/base/nsTraceRefcnt.cpp, line 167
12-03 22:05:15.740: I/Gecko(31630): [31630] WARNING: XPCOM objects created/destroyed from static ctor/dtor: file /home/fischer/Projects/gecko-dev/xpcom/base/nsTraceRefcnt.cpp, line 167
12-03 22:05:15.740: I/Gecko(31630): [31630] WARNING: XPCOM objects created/destroyed from static ctor/dtor: file /home/fischer/Projects/gecko-dev/xpcom/base/nsTraceRefcnt.cpp, line 167
12-03 22:05:15.740: I/Gecko(31630): [31630] WARNING: XPCOM objects created/destroyed from static ctor/dtor: file /home/fischer/Projects/gecko-dev/xpcom/base/nsTraceRefcnt.cpp, line 167
12-03 22:05:15.740: I/Gecko(31630): [31630] WARNING: XPCOM objects created/destroyed from static ctor/dtor: file /home/fischer/Projects/gecko-dev/xpcom/base/nsTraceRefcnt.cpp, line 167
12-03 22:05:15.740: I/Gecko(31630): [31630] WARNING: XPCOM objects created/destroyed from static ctor/dtor: file /home/fischer/Projects/gecko-dev/xpcom/base/nsTraceRefcnt.cpp, line 167
12-03 22:05:15.740: I/Gecko(31630): [31630] WARNING: XPCOM objects created/destroyed from static ctor/dtor: file /home/fischer/Projects/gecko-dev/xpcom/base/nsTraceRefcnt.cpp, line 167
12-03 22:05:15.740: W/(31630): could not open framebuffer
12-03 22:05:15.750: I/Gecko(31652): [31652] WARNING: Tried to RegisterCallback without an AtExitManager: file /home/fischer/Projects/gecko-dev/ipc/chromium/src/base/at_exit.cc, line 40
12-03 22:05:15.980: I/qdutils(31630): Right Split=0
12-03 22:05:15.980: E/mm-camera(198): stats_module_stop_session: list =0xb88973d8, remove port =0xb888cd90 name=stats_sink from module=0xb8876778, name=stats
12-03 22:05:15.980: E/mm-camera(198): stats_module_stop_session: 1 port =0xb888cd90 name=stats_sink
12-03 22:05:15.980: E/mm-camera(198): stats_module_stop_session: 2 port =0xb888cd90 name=stats_sink
12-03 22:05:15.980: I/mm-camera(198): gyro_module_stop_session: Enter
12-03 22:05:15.980: I/mm-camera(198): gyro_module_stop_session: Deinit DSPS
12-03 22:05:15.980: I/mm-camera(198): gyro_module_stop_session: Exit successful
12-03 22:05:15.980: E/mm-camera(198): stats_module_stop_session: 3 port =0xb888cd90 name=stats_sink
12-03 22:05:15.980: E/mm-camera(198): cpp_module_stop_session:453, info: stopping session 1 ...
12-03 22:05:15.980: E/mm-camera(198): cpp_thread_process_pipe_message:359, CPP_THREAD_MSG_ABORT: cpp_thread exiting..
12-03 22:05:15.980: D/qdhwcomposer(31630): int qhwc::adRead(): /sys/class/graphics/fb2/ad could not be opened : No such file or directory
12-03 22:05:15.980: I/qdhwcomposer(31630): Initializing Qualcomm Hardware Composer
12-03 22:05:15.980: I/qdhwcomposer(31630): MDP version: 500
12-03 22:05:15.980: D/qdhwcomposer(31630): hwc_getDisplayAttributes disp = 0, width = 1080
12-03 22:05:15.980: D/qdhwcomposer(31630): hwc_getDisplayAttributes disp = 0, height = 1920
12-03 22:05:15.980: E/qdhwcomposer(31630): Unknown display attribute 0
12-03 22:05:15.980: E/mm-camera(198): cpp_module_stop_session:495, info: session 1 stopped.
12-03 22:05:15.980: E/mm-camera(198): c2d_module_stop_session:322, info: stopping session 1 ...
12-03 22:05:15.980: E/mm-camera(198): c2d_module_stop_session:327, info: stopping c2d_thread...
12-03 22:05:15.980: E/mm-camera(198): c2d_module_post_msg_to_thread:381, msg.type=1
12-03 22:05:15.980: E/mm-camera(198): c2d_thread_process_pipe_message:503, C2D_THREAD_MSG_ABORT: c2d_thread exiting..
12-03 22:05:15.980: E/mm-camera(198): c2d_module_stop_session:339, closing c2d subdev...
12-03 22:05:15.980: E/mm-camera(198): c2d_module_stop_session:361, info: session 1 stopped.
12-03 22:05:15.980: D/QCamera3HWI(31631): static int8_t qcamera::QCamera3HardwareInterface::lookupFwkName(const qcamera::QCamera3HardwareInterface::QCameraMap*, int, int): Cannot find matching framework type
12-03 22:05:15.980: D/QCamera3HWI(31631): static int8_t qcamera::QCamera3HardwareInterface::lookupFwkName(const qcamera::QCamera3HardwareInterface::QCameraMap*, int, int): Cannot find matching framework type
12-03 22:05:15.980: D/QCamera3HWI(31631): static int8_t qcamera::QCamera3HardwareInterface::lookupFwkName(const qcamera::QCamera3HardwareInterface::QCameraMap*, int, int): Cannot find matching framework type
12-03 22:05:15.980: D/QCamera3HWI(31631): static int8_t qcamera::QCamera3HardwareInterface::lookupFwkName(const qcamera::QCamera3HardwareInterface::QCameraMap*, int, int): Cannot find matching framework type
12-03 22:05:15.980: D/QCamera3HWI(31631): static int8_t qcamera::QCamera3HardwareInterface::lookupFwkName(const qcamera::QCamera3HardwareInterface::QCameraMap*, int, int): Cannot find matching framework type
12-03 22:05:15.980: D/QCamera3HWI(31631): static int8_t qcamera::QCamera3HardwareInterface::lookupFwkName(const qcamera::QCamera3HardwareInterface::QCameraMap*, int, int): Cannot find matching framework type
12-03 22:05:15.980: D/QCamera3HWI(31631): static int8_t qcamera::QCamera3HardwareInterface::lookupFwkName(const qcamera::QCamera3HardwareInterface::QCameraMap*, int, int): Cannot find matching framework type
12-03 22:05:15.980: D/QCamera3HWI(31631): static int8_t qcamera::QCamera3HardwareInterface::lookupFwkName(const qcamera::QCamera3HardwareInterface::QCameraMap*, int, int): Cannot find matching framework type
12-03 22:05:15.980: D/QCamera3HWI(31631): static int8_t qcamera::QCamera3HardwareInterface::lookupFwkName(const qcamera::QCamera3HardwareInterface::QCameraMap*, int, int): Cannot find matching framework type
12-03 22:05:15.980: E/mm-camera-intf(31631): mm_camera_open: dev name = /dev/video2, cam_idx = 2
12-03 22:05:15.990: E/mm-camera-sensor(198): module_sensor_start_session:577 session 2
12-03 22:05:15.990: I/PowerHAL(31630): power_init
12-03 22:05:15.990: D/qdhwcomposer(31630): hwc_blank: Unblanking display: 0
12-03 22:05:15.990: D/qdhwcomposer(31630): hwc_blank: Done unblanking display: 0
12-03 22:05:15.990: W/Gonk(31630): Could not open boot animation
12-03 22:05:15.990: W/Gonk(31630): Show solid color frame for bootAnim
12-03 22:05:16.020: D/qdutils(31630): DEBUG_CALC_FPS: 0
12-03 22:05:16.020: D/qdutils(31630): period: 10
12-03 22:05:16.020: D/qdutils(31630): ignorethresh_us: 500000
12-03 22:05:16.030: I/GeckoConsole(31630): Failed to load native module at path '/system/b2g/components/libtest656331.so': (80004005) dlopen failed: library "/system/b2g/components/libtest656331.so" not found
12-03 22:05:16.030: I/GeckoConsole(31630): Failed to load native module at path '/system/b2g/components/libtestcompnoaslr.so': (80004005) dlopen failed: library "/system/b2g/components/libtestcompnoaslr.so" not found
12-03 22:05:16.030: I/GeckoConsole(31630): Failed to load native module at path '/system/b2g/components/libtestcomponent.so': (80004005) dlopen failed: library "/system/b2g/components/libtestcomponent.so" not found
12-03 22:05:16.210: E/mm-camera-sensor(198): module_sensor_init_session:471 ois device is not supported
12-03 22:05:16.210: I/mm-camera(198): gyro_module_start_session: Enter
12-03 22:05:16.210: I/mm-camera(198): gyro_module_start_session: Init DSPS
12-03 22:05:16.210: I/mm-camera(198): gyro_module_start_session: Exit successful
12-03 22:05:16.210: I/mm-camera(198): gyro_module_get_port: Exit successful
12-03 22:05:16.210: E/mm-camera(198): cpp_module_start_session:352, info: starting session 2
12-03 22:05:16.230: E/mm-camera(198): cpp_thread_func:55: cpp_thread entering the polling loop...
12-03 22:05:16.230: E/mm-camera(198): cpp_module_start_session:422, info: cpp_thread created.
12-03 22:05:16.230: E/mm-camera(198): cpp_module_start_session:425, info: session 2 started.
12-03 22:05:16.230: E/mm-camera(198): c2d_module_start_session:246, info: starting session 2
12-03 22:05:16.230: E/mm-camera(198): c2d_module_start_session:284, info: c2d_thread created.
12-03 22:05:16.230: E/mm-camera(198): c2d_module_start_session:306, info: session 2 started.
12-03 22:05:16.230: E/mm-camera-sensor(198): module_module_set_session_data:2435 max delay 2 report dSelay 1
12-03 22:05:16.230: E/mm-camera(198): module_faceproc_set_session_data:1826] Per frame control 2 1
12-03 22:05:16.230: E/mm-camera(198): c2d_thread_func:39: c2d_thread entering the polling loop...
12-03 22:05:16.230: E/mm-camera-intf(31631): mm_camera_open:  opened, break out while loop
12-03 22:05:16.230: E/mm-camera(198): mct_pipeline_process_set:command=800000b
12-03 22:05:16.230: E/mm-camera(198): mct_pipeline_get_stream: no children
12-03 22:05:16.230: E/mm-camera(198): mct_pipeline_process_set:1370: Couldn't find stream
12-03 22:05:16.230: E/mm-camera-sensor(198): module_sensor_stop_session:630 session 2
12-03 22:05:16.310: I/Gecko(31630): [31630] WARNING: NS_ENSURE_TRUE(lowMemFd != -1) failed: file ../../../../gecko-dev/widget/gonk/GonkMemoryPressureMonitoring.cpp, line 130
12-03 22:05:16.330: E/mm-camera(198): stats_module_stop_session: list =0xb8892f60, remove port =0xb88888d8 name=stats_sink from module=0xb8876778, name=stats
12-03 22:05:16.330: E/mm-camera(198): stats_module_stop_session: 1 port =0xb88888d8 name=stats_sink
12-03 22:05:16.330: E/mm-camera(198): stats_module_stop_session: 2 port =0xb88888d8 name=stats_sink
12-03 22:05:16.330: I/mm-camera(198): gyro_module_stop_session: Enter
12-03 22:05:16.330: I/mm-camera(198): gyro_module_stop_session: Deinit DSPS
12-03 22:05:16.330: I/mm-camera(198): gyro_module_stop_session: Exit successful
12-03 22:05:16.330: E/mm-camera(198): stats_module_stop_session: 3 port =0xb88888d8 name=stats_sink
12-03 22:05:16.330: E/mm-camera(198): cpp_module_stop_session:453, info: stopping session 2 ...
12-03 22:05:16.330: E/mm-camera(198): cpp_thread_process_pipe_message:359, CPP_THREAD_MSG_ABORT: cpp_thread exiting..
12-03 22:05:16.340: E/mm-camera(198): cpp_module_stop_session:495, info: session 2 stopped.
12-03 22:05:16.340: E/mm-camera(198): c2d_module_stop_session:322, info: stopping session 2 ...
12-03 22:05:16.340: E/mm-camera(198): c2d_module_stop_session:327, info: stopping c2d_thread...
12-03 22:05:16.340: E/mm-camera(198): c2d_module_post_msg_to_thread:381, msg.type=1
12-03 22:05:16.340: E/mm-camera(198): c2d_thread_process_pipe_message:503, C2D_THREAD_MSG_ABORT: c2d_thread exiting..
12-03 22:05:16.340: E/mm-camera(198): c2d_module_stop_session:339, closing c2d subdev...
12-03 22:05:16.340: E/mm-camera(198): c2d_module_stop_session:361, info: session 2 stopped.
12-03 22:05:16.340: D/QCamera3HWI(31631): static int8_t qcamera::QCamera3HardwareInterface::lookupFwkName(const qcamera::QCamera3HardwareInterface::QCameraMap*, int, int): Cannot find matching framework type
12-03 22:05:16.340: D/QCamera3HWI(31631): static int8_t qcamera::QCamera3HardwareInterface::lookupFwkName(const qcamera::QCamera3HardwareInterface::QCameraMap*, int, int): Cannot find matching framework type
12-03 22:05:16.340: D/QCamera3HWI(31631): static int8_t qcamera::QCamera3HardwareInterface::lookupFwkName(const qcamera::QCamera3HardwareInterface::QCameraMap*, int, int): Cannot find matching framework type
12-03 22:05:16.340: D/QCamera3HWI(31631): static int8_t qcamera::QCamera3HardwareInterface::lookupFwkName(const qcamera::QCamera3HardwareInterface::QCameraMap*, int, int): Cannot find matching framework type
12-03 22:05:16.340: D/QCamera3HWI(31631): static int8_t qcamera::QCamera3HardwareInterface::lookupFwkName(const qcamera::QCamera3HardwareInterface::QCameraMap*, int, int): Cannot find matching framework type
12-03 22:05:16.340: D/QCamera3HWI(31631): static int8_t qcamera::QCamera3HardwareInterface::lookupFwkName(const qcamera::QCamera3HardwareInterface::QCameraMap*, int, int): Cannot find matching framework type
12-03 22:05:16.340: D/QCamera3HWI(31631): static int8_t qcamera::QCamera3HardwareInterface::lookupFwkName(const qcamera::QCamera3HardwareInterface::QCameraMap*, int, int): Cannot find matching framework type
12-03 22:05:16.340: D/QCamera3HWI(31631): static int8_t qcamera::QCamera3HardwareInterface::lookupFwkName(const qcamera::QCamera3HardwareInterface::QCameraMap*, int, int): Cannot find matching framework type
12-03 22:05:16.340: I/CameraService(31631): Loaded "QCamera Module" camera module
12-03 22:05:16.340: I/AudioPolicyManagerBase(31631): loadAudioPolicyConfig() loaded /system/etc/audio_policy.conf
12-03 22:05:16.340: D/audio_hw_primary(31631): adev_open: enter
12-03 22:05:16.440: D/(31631): [ACDB Command]->SW Minor/Major version mismatch warning /etc/Bluetooth_cal.acdb
12-03 22:05:16.440: D/(31631): [ACDB Command]->ACDB Sw Major = 2, ACDB Sw Minor = 0
12-03 22:05:16.440: D/(31631): [ACDB Command]->ACDB File Major = 1, ACDB File Minor = 3
12-03 22:05:16.440: D/(31631): [ACDB Command]->SW Minor/Major version mismatch warning /etc/General_cal.acdb
12-03 22:05:16.440: D/(31631): [ACDB Command]->ACDB Sw Major = 2, ACDB Sw Minor = 0
12-03 22:05:16.440: D/(31631): [ACDB Command]->ACDB File Major = 1, ACDB File Minor = 3
12-03 22:05:16.440: D/(31631): [ACDB Command]->SW Minor/Major version mismatch warning /etc/Global_cal.acdb
12-03 22:05:16.440: D/(31631): [ACDB Command]->ACDB Sw Major = 2, ACDB Sw Minor = 0
12-03 22:05:16.440: D/(31631): [ACDB Command]->ACDB File Major = 1, ACDB File Minor = 3
12-03 22:05:16.440: D/(31631): [ACDB Command]->SW Minor/Major version mismatch warning /etc/Handset_cal.acdb
12-03 22:05:16.440: D/(31631): [ACDB Command]->ACDB Sw Major = 2, ACDB Sw Minor = 0
12-03 22:05:16.440: D/(31631): [ACDB Command]->ACDB File Major = 1, ACDB File Minor = 3
12-03 22:05:16.440: D/(31631): [ACDB Command]->SW Minor/Major version mismatch warning /etc/Hdmi_cal.acdb
12-03 22:05:16.440: D/(31631): [ACDB Command]->ACDB Sw Major = 2, ACDB Sw Minor = 0
12-03 22:05:16.440: D/(31631): [ACDB Command]->ACDB File Major = 1, ACDB File Minor = 3
12-03 22:05:16.440: D/(31631): [ACDB Command]->SW Minor/Major version mismatch warning /etc/Headset_cal.acdb
12-03 22:05:16.440: D/(31631): [ACDB Command]->ACDB Sw Major = 2, ACDB Sw Minor = 0
12-03 22:05:16.440: D/(31631): [ACDB Command]->ACDB File Major = 1, ACDB File Minor = 3
12-03 22:05:16.440: D/(31631): [ACPH]->Online service registered with ACPH
12-03 22:05:16.440: E/Diag_Lib(31631):  Diag_LSM_Init: Failed to open handle to diag driver, error = 2
12-03 22:05:16.440: E/Diag_Lib(31631):  diagpkt_tbl_reg: Registration failed.
12-03 22:05:16.440: D/(31631): [ACPH]->ACPH init success
12-03 22:05:16.440: D/(31631): [ACPH]->DSP RTC service registered with ACPH
12-03 22:05:16.440: D/(31631): [ACPH]->ADIE RTC service registered with ACPH
12-03 22:05:16.440: D/(31631): ACDBFILE_MGR: Property for the pid 00012E47 not found
12-03 22:05:16.440: D/(31631): ACDB_COMMAND: Failed to fetch the property info for pid 00012E47
12-03 22:05:16.440: E/ACDB-LOADER(31631): Error: ACDB get adm topologies returned = -18
12-03 22:05:16.440: D/(31631): ACDBFILE_MGR: Property for the pid 00012E48 not found
12-03 22:05:16.440: D/(31631): ACDB_COMMAND: Failed to fetch the property info for pid 00012E48
12-03 22:05:16.440: E/ACDB-LOADER(31631): Error: ACDB get asm topologies returned = -18
12-03 22:05:16.450: D/(31631): Failed to fetch the lookup information of the device 00000067
12-03 22:05:16.450: E/ACDB-LOADER(31631): Error: ACDB ANC returned = -1
12-03 22:05:16.450: I/AudioFlinger(31631): loadHwModule() Loaded primary audio interface from QCOM Audio HAL (audio) handle 1
12-03 22:05:16.450: I/AudioFlinger(31631): HAL output buffer size 240 frames, normal mix buffer size 960 frames
12-03 22:05:16.460: I/AudioMixer(31631): found effect "Multichannel Downmix To Stereo" from The Android Open Source Project
12-03 22:05:16.460: E/MonoPipe(31631): Failed to fetch local time frequency when constructing a MonoPipe (res = -32).  getNextWriteTimestamp calls will be non-functional
12-03 22:05:16.460: I/AudioFlinger(31631): Using module 1 has the primary audio interface
12-03 22:05:16.460: I/AudioFlinger(31631): AudioFlinger's thread 0xb5dfc008 ready to run
12-03 22:05:16.460: W/AudioFlinger(31631): Thread AudioOut_2 cannot connect to the power manager service
12-03 22:05:16.460: D/audio_hw_primary(31631): out_set_parameters: enter: usecase(1: low-latency-playback) kvpairs: routing=2
12-03 22:05:16.460: W/AudioFlinger(31631): Thread AudioOut_2 cannot connect to the power manager service
12-03 22:05:16.460: W/AudioFlinger(31631): Thread AudioOut_2 cannot connect to the power manager service
12-03 22:05:16.460: E/AudioFlinger(31631): no wake lock to update!
12-03 22:05:16.460: I/AudioFlinger(31631): HAL output buffer size 960 frames, normal mix buffer size 960 frames
12-03 22:05:16.460: I/AudioMixer(31631): found effect "Multichannel Downmix To Stereo" from The Android Open Source Project
12-03 22:05:16.460: I/AudioFlinger(31631): AudioFlinger's thread 0xb5b8e008 ready to run
12-03 22:05:16.460: W/AudioFlinger(31631): Thread AudioOut_3 cannot connect to the power manager service
12-03 22:05:16.460: D/audio_hw_primary(31631): out_set_parameters: enter: usecase(0: deep-buffer-playback) kvpairs: routing=2
12-03 22:05:16.460: W/AudioFlinger(31631): Thread AudioOut_3 cannot connect to the power manager service
12-03 22:05:16.460: W/AudioFlinger(31631): Thread AudioOut_3 cannot connect to the power manager service
12-03 22:05:16.460: E/AudioFlinger(31631): no wake lock to update!
12-03 22:05:16.460: I/audio_a2dp_hw(31631): adev_open:  adev_open in A2dp_hw module
12-03 22:05:16.460: I/AudioFlinger(31631): loadHwModule() Loaded a2dp audio interface from A2DP Audio HW HAL (audio) handle 4
12-03 22:05:16.470: I/AudioFlinger(31631): loadHwModule() Loaded usb audio interface from USB audio HW HAL (audio) handle 5
12-03 22:05:16.470: I/r_submix(31631): adev_open(name=audio_hw_if)
12-03 22:05:16.470: I/r_submix(31631): adev_init_check()
12-03 22:05:16.470: I/AudioFlinger(31631): loadHwModule() Loaded r_submix audio interface from Wifi Display audio HAL (audio) handle 6
12-03 22:05:16.470: I/AudioPolicyService(31631): Loaded audio policy from LEGACY Audio Policy HAL (audio_policy)
12-03 22:05:16.660: I/Gecko(31630): [31630] WARNING: Failed to create Addons Manager.: file /home/fischer/Projects/gecko-dev/toolkit/xre/nsXREDirProvider.cpp, line 883
12-03 22:05:17.500: I/VolumeManager(31630): changing state from 'Uninitialized' to 'Starting'
12-03 22:05:17.500: I/VolumeManager(31630): Connected to vold
12-03 22:05:17.500: I/VolumeManager(31630): Volume sdcard (1): changing state from Init to Mounted @ '/mnt/shell/emulated/0' (1 observers) mountGeneration = 1, locked = 0
12-03 22:05:17.500: I/VolumeManager(31630): READY: Volume: sdcard (1) is Mounted and inserted @ /mnt/shell/emulated/0 gen 1 locked 0
12-03 22:05:17.500: I/VolumeManager(31630): READY:   Sharing x Mounting n Formating n Unmounting n
12-03 22:05:17.500: I/VolumeManager(31630): changing state from 'Starting' to 'Volumes Ready'
12-03 22:05:17.510: I/AutoMounter(31630): UpdateState: ums:A0C0E0 mtp:A1C0E0 mode:0 usb:1 tryToShare:0 state:IDLE
12-03 22:05:17.510: I/AutoMounter(31630): UpdateState: Volume sdcard is Mounted and inserted @ /mnt/shell/emulated/0 gen 1 locked 0 sharing x
12-03 22:05:17.570: I/Gecko(31630): MobileConnectionService: init complete
12-03 22:05:17.760: I/Gecko(31630): 1449198317766 Marionette  INFO  Marionette enabled via build flag and pref
12-03 22:05:19.570: I/Gecko(31630): 1449198319576 Marionette  INFO  Listening on port 2828
12-03 22:05:19.720: V/EventHub(31630): Opening device: /dev/input/event5
