12-02 21:39:06.876: D/wpa_supplicant(8885): nl80211: Drv Event 33 (NL80211_CMD_TRIGGER_SCAN) received for wlan0
12-02 21:39:06.876: D/wpa_supplicant(8885): wlan0: nl80211: Scan trigger
12-02 21:39:06.876: D/wpa_supplicant(8885): RX ctrl_iface - hexdump(len=19): 44 52 49 56 45 52 20 53 43 41 4e 2d 50 41 53 53 49 56 45
12-02 21:39:06.876: D/wpa_supplicant(8885): wlan0: Control interface command 'DRIVER SCAN-PASSIVE'
12-02 21:39:06.876: D/wpa_supplicant(8885): wpa_driver_nl80211_driver_cmd  len = 0, 0
12-02 21:39:06.876: I/Gecko(8643): -*- WifiWorker component: Event coming in: CTRL-EVENT-STATE-CHANGE id=-1 state=3 BSSID=00:00:00:00:00:00 SSID=
12-02 21:39:06.876: I/Gecko(8643): -*- WifiWorker component: State change: INACTIVE -> SCANNING
12-02 21:39:08.027: D/wpa_supplicant(8885): nl80211: Drv Event 34 (NL80211_CMD_NEW_SCAN_RESULTS) received for wlan0
12-02 21:39:08.027: D/wpa_supplicant(8885): wlan0: nl80211: New scan results available
12-02 21:39:08.027: D/wpa_supplicant(8885): wlan0: Event SCAN_RESULTS (3) received
12-02 21:39:08.027: D/wpa_supplicant(8885): nl80211: Received scan results (62 BSSes)
12-02 21:39:08.027: D/wpa_supplicant(8885): nl80211: Survey data missing
12-02 21:39:08.027: D/wpa_supplicant(8885): wlan0: BSS: Start scan result update 4
12-02 21:39:08.027: D/wpa_supplicant(8885): wlan0: BSS: Add new id 82 BSSID dc:38:e1:83:69:82 SSID ''
12-02 21:39:08.027: D/wpa_supplicant(8885): CTRL_IFACE monitor send - hexdump(len=40): 2f 64 61 74 61 2f 6d 69 73 63 2f 77 69 66 69 2f 73 6f 63 6b 65 74 73 2f 77 70 61 5f 63 74 72 6c ...
12-02 21:39:08.027: D/wpa_supplicant(8885): wlan0: BSS: Add new id 83 BSSID dc:38:e1:82:8a:03 SSID ''
12-02 21:39:08.027: D/wpa_supplicant(8885): CTRL_IFACE monitor send - hexdump(len=40): 2f 64 61 74 61 2f 6d 69 73 63 2f 77 69 66 69 2f 73 6f 63 6b 65 74 73 2f 77 70 61 5f 63 74 72 6c ...
12-02 21:39:08.027: D/wpa_supplicant(8885): wlan0: BSS: Add new id 84 BSSID dc:38:e1:82:a1:c8 SSID 'ateam'
12-02 21:39:08.027: D/wpa_supplicant(8885): CTRL_IFACE monitor send - hexdump(len=40): 2f 64 61 74 61 2f 6d 69 73 63 2f 77 69 66 69 2f 73 6f 63 6b 65 74 73 2f 77 70 61 5f 63 74 72 6c ...
12-02 21:39:08.027: D/wpa_supplicant(8885): wlan0: BSS: Add new id 85 BSSID dc:38:e1:82:a1:c6 SSID 'Mozilla Guest'
12-02 21:39:08.027: D/wpa_supplicant(8885): CTRL_IFACE monitor send - hexdump(len=40): 2f 64 61 74 61 2f 6d 69 73 63 2f 77 69 66 69 2f 73 6f 63 6b 65 74 73 2f 77 70 61 5f 63 74 72 6c ...
12-02 21:39:08.027: D/wpa_supplicant(8885): wlan0: BSS: Add new id 86 BSSID dc:38:e1:82:a1:c4 SSID 'openwireless.org'
12-02 21:39:08.027: D/wpa_supplicant(8885): CTRL_IFACE monitor send - hexdump(len=40): 2f 64 61 74 61 2f 6d 69 73 63 2f 77 69 66 69 2f 73 6f 63 6b 65 74 73 2f 77 70 61 5f 63 74 72 6c ...
12-02 21:39:08.027: D/wpa_supplicant(8885): wlan0: BSS: Remove id 70 BSSID dc:38:e1:82:f6:82 SSID '' due to no match in scan
12-02 21:39:08.027: D/wpa_supplicant(8885): CTRL_IFACE monitor send - hexdump(len=40): 2f 64 61 74 61 2f 6d 69 73 63 2f 77 69 66 69 2f 73 6f 63 6b 65 74 73 2f 77 70 61 5f 63 74 72 6c ...
12-02 21:39:08.027: D/wpa_supplicant(8885): wlan0: BSS: Remove id 73 BSSID ec:1f:72:ac:f2:90 SSID 'AndroidAPF290' due to no match in scan
12-02 21:39:08.027: D/wpa_supplicant(8885): CTRL_IFACE monitor send - hexdump(len=40): 2f 64 61 74 61 2f 6d 69 73 63 2f 77 69 66 69 2f 73 6f 63 6b 65 74 73 2f 77 70 61 5f 63 74 72 6c ...
12-02 21:39:08.027: D/wpa_supplicant(8885): wlan0: BSS: Remove id 69 BSSID 3c:94:d5:7b:fb:04 SSID 'openwireless.org' due to no match in scan
12-02 21:39:08.027: D/wpa_supplicant(8885): CTRL_IFACE monitor send - hexdump(len=40): 2f 64 61 74 61 2f 6d 69 73 63 2f 77 69 66 69 2f 73 6f 63 6b 65 74 73 2f 77 70 61 5f 63 74 72 6c ...
12-02 21:39:08.027: D/wpa_supplicant(8885): wlan0: BSS: Remove id 66 BSSID 3c:94:d5:7b:fb:06 SSID 'Mozilla Guest' due to no match in scan
12-02 21:39:08.027: D/wpa_supplicant(8885): CTRL_IFACE monitor send - hexdump(len=40): 2f 64 61 74 61 2f 6d 69 73 63 2f 77 69 66 69 2f 73 6f 63 6b 65 74 73 2f 77 70 61 5f 63 74 72 6c ...
12-02 21:39:08.027: D/wpa_supplicant(8885): BSS: last_scan_res_used=62/128 last_scan_full=0
12-02 21:39:08.027: D/wpa_supplicant(8885): wlan0: New scan results available
12-02 21:39:08.027: D/wpa_supplicant(8885): CTRL_IFACE monitor send - hexdump(len=40): 2f 64 61 74 61 2f 6d 69 73 63 2f 77 69 66 69 2f 73 6f 63 6b 65 74 73 2f 77 70 61 5f 63 74 72 6c ...
12-02 21:39:08.027: D/wpa_supplicant(8885): CTRL_IFACE monitor send - hexdump(len=40): 2f 64 61 74 61 2f 6d 69 73 63 2f 77 69 66 69 2f 73 6f 63 6b 65 74 73 2f 77 70 61 5f 63 74 72 6c ...
12-02 21:39:08.027: D/wpa_supplicant(8885): WPS: AP[0] 3c:1e:04:0a:2f:0e type=0 tries=0 last_attempt=-1 sec ago blacklist=0
12-02 21:39:08.027: D/wpa_supplicant(8885): WPS: AP[1] 00:d0:41:ce:d1:0d type=0 tries=0 last_attempt=-1 sec ago blacklist=0
12-02 21:39:08.027: D/wpa_supplicant(8885): WPS: AP[2] 64:09:80:4d:87:51 type=0 tries=0 last_attempt=-1 sec ago blacklist=0
12-02 21:39:08.027: D/wpa_supplicant(8885): wlan0: No suitable network found
12-02 21:39:08.027: D/wpa_supplicant(8885): wlan0: Short-circuit new scan request since there are no enabled networks
12-02 21:39:08.027: D/wpa_supplicant(8885): wlan0: State: SCANNING -> INACTIVE
12-02 21:39:08.027: D/wpa_supplicant(8885): CTRL_IFACE monitor send - hexdump(len=40): 2f 64 61 74 61 2f 6d 69 73 63 2f 77 69 66 69 2f 73 6f 63 6b 65 74 73 2f 77 70 61 5f 63 74 72 6c ...
12-02 21:39:08.027: D/wpa_supplicant(8885): wlan0: Checking for other virtual interfaces sharing same radio (phy0) in event_scan_results
12-02 21:39:08.027: D/wpa_supplicant(8885): wlan0: P2P: Station mode scan operation not pending anymore (sta_scan_pending=0 p2p_cb_on_scan_complete=0)
12-02 21:39:08.027: D/wpa_supplicant(8885): RTM_NEWLINK: operstate=0 ifi_flags=0x11003 ([UP][LOWER_UP])
12-02 21:39:08.027: D/wpa_supplicant(8885): RTM_NEWLINK, IFLA_IFNAME: Interface 'wlan0' added
12-02 21:39:08.027: D/wpa_supplicant(8885): nl80211: if_removed already cleared - ignore event
12-02 21:39:08.027: I/Gecko(8643): -*- WifiWorker component: Event coming in: CTRL-EVENT-BSS-ADDED 82 dc:38:e1:83:69:82
12-02 21:39:08.037: I/Gecko(8643): -*- WifiWorker component: Event coming in: CTRL-EVENT-BSS-ADDED 83 dc:38:e1:82:8a:03
12-02 21:39:08.037: I/Gecko(8643): -*- WifiWorker component: Event coming in: CTRL-EVENT-BSS-ADDED 84 dc:38:e1:82:a1:c8
12-02 21:39:08.037: I/Gecko(8643): -*- WifiWorker component: Event coming in: CTRL-EVENT-BSS-ADDED 85 dc:38:e1:82:a1:c6
12-02 21:39:08.037: I/Gecko(8643): -*- WifiWorker component: Event coming in: CTRL-EVENT-BSS-ADDED 86 dc:38:e1:82:a1:c4
12-02 21:39:08.037: I/Gecko(8643): -*- WifiWorker component: Event coming in: CTRL-EVENT-BSS-REMOVED 70 dc:38:e1:82:f6:82
12-02 21:39:08.037: I/Gecko(8643): -*- WifiWorker component: Event coming in: CTRL-EVENT-BSS-REMOVED 73 ec:1f:72:ac:f2:90
12-02 21:39:08.037: I/Gecko(8643): -*- WifiWorker component: Event coming in: CTRL-EVENT-BSS-REMOVED 69 3c:94:d5:7b:fb:04
12-02 21:39:08.037: I/Gecko(8643): -*- WifiWorker component: Event coming in: CTRL-EVENT-BSS-REMOVED 66 3c:94:d5:7b:fb:06
12-02 21:39:08.037: I/Gecko(8643): -*- WifiWorker component: Event coming in: CTRL-EVENT-SCAN-RESULTS 
12-02 21:39:08.037: I/Gecko(8643): -*- WifiWorker component: Notifying of scan results available
12-02 21:39:08.037: I/Gecko(8643): -*- WifiWorker component: Scan results are available! Asking for them.
12-02 21:39:08.037: D/wpa_supplicant(8885): RX ctrl_iface - hexdump(len=12): 53 43 41 4e 5f 52 45 53 55 4c 54 53
12-02 21:39:08.037: D/wpa_supplicant(8885): wlan0: Control interface command 'SCAN_RESULTS'
12-02 21:39:08.037: D/wpa_supplicant(8885): RX ctrl_iface - hexdump(len=19): 44 52 49 56 45 52 20 53 43 41 4e 2d 50 41 53 53 49 56 45
12-02 21:39:08.037: D/wpa_supplicant(8885): wlan0: Control interface command 'DRIVER SCAN-PASSIVE'
12-02 21:39:08.037: D/wpa_supplicant(8885): wpa_driver_nl80211_driver_cmd  len = 0, 0
12-02 21:39:08.067: I/Gecko(8643): -*- WifiWorker component: Event coming in: WPS-AP-AVAILABLE 
12-02 21:39:08.227: I/Gecko(8643): -*- WifiWorker component: Event coming in: CTRL-EVENT-STATE-CHANGE id=-1 state=2 BSSID=00:00:00:00:00:00 SSID=
12-02 21:39:08.227: I/Gecko(8643): -*- WifiWorker component: State change: SCANNING -> INACTIVE
12-02 21:39:32.897: I/Gecko(8643): *** UTM:SVC TimerManager:notify - notified @mozilla.org/extensions/blocklist;1
12-02 21:39:32.897: I/GeckoConsole(8643): UTM:SVC TimerManager:notify - notified @mozilla.org/extensions/blocklist;1
12-02 21:40:06.867: D/qdhwcomposer(8643): hwc_blank: Blanking display: 0
12-02 21:40:07.147: D/qdhwcomposer(8643): hwc_blank: Done blanking display: 0
12-02 21:40:07.147: E/ANDR-PERF-LOCK(2161): Failed to apply optimization for resource: 4 level: 0
12-02 21:40:07.157: D/wpa_supplicant(8885): RX ctrl_iface - hexdump(len=18): 44 52 49 56 45 52 20 53 43 41 4e 2d 41 43 54 49 56 45
12-02 21:40:07.157: D/wpa_supplicant(8885): wlan0: Control interface command 'DRIVER SCAN-ACTIVE'
12-02 21:40:07.157: D/wpa_supplicant(8885): wpa_driver_nl80211_driver_cmd  len = 0, 0
12-02 21:40:07.227: D/wpa_supplicant(8885): RX ctrl_iface - hexdump(len=4): 53 43 41 4e
12-02 21:40:07.227: D/wpa_supplicant(8885): wlan0: Control interface command 'SCAN'
12-02 21:40:07.227: D/wpa_supplicant(8885): wlan0: Setting scan request: 0 sec 0 usec
12-02 21:40:07.227: D/wpa_supplicant(8885): wlan0: State: INACTIVE -> SCANNING
12-02 21:40:07.227: D/wpa_supplicant(8885): CTRL_IFACE monitor send - hexdump(len=40): 2f 64 61 74 61 2f 6d 69 73 63 2f 77 69 66 69 2f 73 6f 63 6b 65 74 73 2f 77 70 61 5f 63 74 72 6c ...
12-02 21:40:07.227: D/wpa_supplicant(8885): wlan0: Starting AP scan for wildcard SSID
12-02 21:40:07.227: D/wpa_supplicant(8885): wlan0: nl80211: scan request
12-02 21:40:07.227: I/Gecko(8643): -*- WifiWorker component: Event coming in: CTRL-EVENT-STATE-CHANGE id=-1 state=3 BSSID=00:00:00:00:00:00 SSID=
12-02 21:40:07.227: I/Gecko(8643): -*- WifiWorker component: State change: INACTIVE -> SCANNING
12-02 21:40:07.277: D/wpa_supplicant(8885): Scan requested (ret=0) - scan timeout 30 seconds
12-02 21:40:07.277: D/wpa_supplicant(8885): RX ctrl_iface - hexdump(len=19): 44 52 49 56 45 52 20 53 43 41 4e 2d 50 41 53 53 49 56 45
12-02 21:40:07.277: D/wpa_supplicant(8885): wlan0: Control interface command 'DRIVER SCAN-PASSIVE'
12-02 21:40:07.277: D/wpa_supplicant(8885): wpa_driver_nl80211_driver_cmd  len = 0, 0
12-02 21:40:07.277: D/wpa_supplicant(8885): nl80211: Drv Event 33 (NL80211_CMD_TRIGGER_SCAN) received for wlan0
12-02 21:40:07.277: D/wpa_supplicant(8885): wlan0: nl80211: Scan trigger
12-02 21:40:08.427: D/wpa_supplicant(8885): nl80211: Drv Event 34 (NL80211_CMD_NEW_SCAN_RESULTS) received for wlan0
12-02 21:40:08.427: D/wpa_supplicant(8885): wlan0: nl80211: New scan results available
12-02 21:40:08.427: D/wpa_supplicant(8885): wlan0: Event SCAN_RESULTS (3) received
12-02 21:40:08.427: D/wpa_supplicant(8885): nl80211: Received scan results (62 BSSes)
12-02 21:40:08.427: D/wpa_supplicant(8885): nl80211: Survey data missing
12-02 21:40:08.427: D/wpa_supplicant(8885): wlan0: BSS: Start scan result update 5
12-02 21:40:08.427: D/wpa_supplicant(8885): wlan0: BSS: Add new id 87 BSSID dc:38:e1:82:f6:82 SSID ''
12-02 21:40:08.427: D/wpa_supplicant(8885): CTRL_IFACE monitor send - hexdump(len=40): 2f 64 61 74 61 2f 6d 69 73 63 2f 77 69 66 69 2f 73 6f 63 6b 65 74 73 2f 77 70 61 5f 63 74 72 6c ...
12-02 21:40:08.437: D/wpa_supplicant(8885): wlan0: BSS: Add new id 88 BSSID dc:38:e1:82:19:83 SSID ''
12-02 21:40:08.437: D/wpa_supplicant(8885): CTRL_IFACE monitor send - hexdump(len=40): 2f 64 61 74 61 2f 6d 69 73 63 2f 77 69 66 69 2f 73 6f 63 6b 65 74 73 2f 77 70 61 5f 63 74 72 6c ...
12-02 21:40:08.437: D/wpa_supplicant(8885): wlan0: BSS: Add new id 89 BSSID dc:38:e1:82:a1:c3 SSID ''
12-02 21:40:08.437: D/wpa_supplicant(8885): CTRL_IFACE monitor send - hexdump(len=40): 2f 64 61 74 61 2f 6d 69 73 63 2f 77 69 66 69 2f 73 6f 63 6b 65 74 73 2f 77 70 61 5f 63 74 72 6c ...
12-02 21:40:08.447: D/wpa_supplicant(8885): wlan0: BSS: Add new id 90 BSSID 3c:94:d5:7b:fb:08 SSID 'ateam'
12-02 21:40:08.447: D/wpa_supplicant(8885): CTRL_IFACE monitor send - hexdump(len=40): 2f 64 61 74 61 2f 6d 69 73 63 2f 77 69 66 69 2f 73 6f 63 6b 65 74 73 2f 77 70 61 5f 63 74 72 6c ...
12-02 21:40:08.447: D/wpa_supplicant(8885): wlan0: BSS: Remove id 5 BSSID dc:38:e1:83:69:83 SSID '' due to no match in scan
12-02 21:40:08.447: D/wpa_supplicant(8885): CTRL_IFACE monitor send - hexdump(len=40): 2f 64 61 74 61 2f 6d 69 73 63 2f 77 69 66 69 2f 73 6f 63 6b 65 74 73 2f 77 70 61 5f 63 74 72 6c ...
12-02 21:40:08.447: D/wpa_supplicant(8885): wlan0: BSS: Remove id 21 BSSID dc:38:e1:83:29:82 SSID '' due to no match in scan
12-02 21:40:08.447: D/wpa_supplicant(8885): CTRL_IFACE monitor send - hexdump(len=40): 2f 64 61 74 61 2f 6d 69 73 63 2f 77 69 66 69 2f 73 6f 63 6b 65 74 73 2f 77 70 61 5f 63 74 72 6c ...
12-02 21:40:08.447: D/wpa_supplicant(8885): wlan0: BSS: Remove id 22 BSSID dc:38:e1:82:8a:02 SSID '' due to no match in scan
12-02 21:40:08.447: D/wpa_supplicant(8885): CTRL_IFACE monitor send - hexdump(len=40): 2f 64 61 74 61 2f 6d 69 73 63 2f 77 69 66 69 2f 73 6f 63 6b 65 74 73 2f 77 70 61 5f 63 74 72 6c ...
12-02 21:40:08.447: D/wpa_supplicant(8885): wlan0: BSS: Remove id 72 BSSID dc:38:e1:83:1b:42 SSID '' due to no match in scan
12-02 21:40:08.447: D/wpa_supplicant(8885): CTRL_IFACE monitor send - hexdump(len=40): 2f 64 61 74 61 2f 6d 69 73 63 2f 77 69 66 69 2f 73 6f 63 6b 65 74 73 2f 77 70 61 5f 63 74 72 6c ...
12-02 21:40:08.447: D/wpa_supplicant(8885): wlan0: BSS: Remove id 36 BSSID 3c:94:d5:78:77:00 SSID 'Mozilla' due to no match in scan
12-02 21:40:08.447: D/wpa_supplicant(8885): CTRL_IFACE monitor send - hexdump(len=40): 2f 64 61 74 61 2f 6d 69 73 63 2f 77 69 66 69 2f 73 6f 63 6b 65 74 73 2f 77 70 61 5f 63 74 72 6c ...
12-02 21:40:08.447: D/wpa_supplicant(8885): wlan0: BSS: Remove id 35 BSSID 00:d0:41:ce:d1:0d SSID 'plusdrinks' due to no match in scan
12-02 21:40:08.447: D/wpa_supplicant(8885): CTRL_IFACE monitor send - hexdump(len=40): 2f 64 61 74 61 2f 6d 69 73 63 2f 77 69 66 69 2f 73 6f 63 6b 65 74 73 2f 77 70 61 5f 63 74 72 6c ...
12-02 21:40:08.447: D/wpa_supplicant(8885): wlan0: BSS: Remove id 19 BSSID dc:38:e1:82:19:82 SSID '' due to no match in scan
12-02 21:40:08.447: D/wpa_supplicant(8885): CTRL_IFACE monitor send - hexdump(len=40): 2f 64 61 74 61 2f 6d 69 73 63 2f 77 69 66 69 2f 73 6f 63 6b 65 74 73 2f 77 70 61 5f 63 74 72 6c ...
12-02 21:40:08.447: D/wpa_supplicant(8885): wlan0: BSS: Remove id 81 BSSID 64:09:80:4d:87:51 SSID 'Anchanter' due to no match in scan
12-02 21:40:08.447: D/wpa_supplicant(8885): CTRL_IFACE monitor send - hexdump(len=40): 2f 64 61 74 61 2f 6d 69 73 63 2f 77 69 66 69 2f 73 6f 63 6b 65 74 73 2f 77 70 61 5f 63 74 72 6c ...
12-02 21:40:08.447: D/wpa_supplicant(8885): wlan0: BSS: Remove id 74 BSSID dc:38:e1:83:1b:46 SSID 'Mozilla Guest' due to no match in scan
12-02 21:40:08.447: D/wpa_supplicant(8885): CTRL_IFACE monitor send - hexdump(len=40): 2f 64 61 74 61 2f 6d 69 73 63 2f 77 69 66 69 2f 73 6f 63 6b 65 74 73 2f 77 70 61 5f 63 74 72 6c ...
12-02 21:40:08.447: D/wpa_supplicant(8885): wlan0: BSS: Remove id 67 BSSID 3c:94:d5:78:77:06 SSID 'Mozilla Guest' due to no match in scan
12-02 21:40:08.447: D/wpa_supplicant(8885): CTRL_IFACE monitor send - hexdump(len=40): 2f 64 61 74 61 2f 6d 69 73 63 2f 77 69 66 69 2f 73 6f 63 6b 65 74 73 2f 77 70 61 5f 63 74 72 6c ...
12-02 21:40:08.447: D/wpa_supplicant(8885): BSS: last_scan_res_used=62/128 last_scan_full=0
12-02 21:40:08.447: D/wpa_supplicant(8885): wlan0: New scan results available
12-02 21:40:08.447: D/wpa_supplicant(8885): CTRL_IFACE monitor send - hexdump(len=40): 2f 64 61 74 61 2f 6d 69 73 63 2f 77 69 66 69 2f 73 6f 63 6b 65 74 73 2f 77 70 61 5f 63 74 72 6c ...
12-02 21:40:08.447: D/wpa_supplicant(8885): CTRL_IFACE monitor send - hexdump(len=40): 2f 64 61 74 61 2f 6d 69 73 63 2f 77 69 66 69 2f 73 6f 63 6b 65 74 73 2f 77 70 61 5f 63 74 72 6c ...
12-02 21:40:08.447: D/wpa_supplicant(8885): WPS: AP[0] 3c:1e:04:0a:2f:0e type=0 tries=0 last_attempt=-1 sec ago blacklist=0
12-02 21:40:08.447: D/wpa_supplicant(8885): WPS: AP[1] 00:d0:41:ce:d1:0d type=0 tries=0 last_attempt=-1 sec ago blacklist=0
12-02 21:40:08.447: D/wpa_supplicant(8885): WPS: AP[2] 64:09:80:4d:87:51 type=0 tries=0 last_attempt=-1 sec ago blacklist=0
12-02 21:40:08.447: D/wpa_supplicant(8885): wlan0: No suitable network found
12-02 21:40:08.447: D/wpa_supplicant(8885): wlan0: Short-circuit new scan request since there are no enabled networks
12-02 21:40:08.447: D/wpa_supplicant(8885): wlan0: State: SCANNING -> INACTIVE
12-02 21:40:08.457: I/Gecko(8643): -*- WifiWorker component: Event coming in: CTRL-EVENT-BSS-ADDED 87 dc:38:e1:82:f6:82
12-02 21:40:08.487: D/wpa_supplicant(8885): CTRL_IFACE monitor send - hexdump(len=40): 2f 64 61 74 61 2f 6d 69 73 63 2f 77 69 66 69 2f 73 6f 63 6b 65 74 73 2f 77 70 61 5f 63 74 72 6c ...
12-02 21:40:08.487: D/wpa_supplicant(8885): wlan0: Checking for other virtual interfaces sharing same radio (phy0) in event_scan_results
12-02 21:40:08.487: D/wpa_supplicant(8885): wlan0: P2P: Station mode scan operation not pending anymore (sta_scan_pending=0 p2p_cb_on_scan_complete=0)
12-02 21:40:08.487: D/wpa_supplicant(8885): RTM_NEWLINK: operstate=0 ifi_flags=0x11003 ([UP][LOWER_UP])
12-02 21:40:08.487: D/wpa_supplicant(8885): RTM_NEWLINK, IFLA_IFNAME: Interface 'wlan0' added
12-02 21:40:08.487: D/wpa_supplicant(8885): nl80211: if_removed already cleared - ignore event
12-02 21:40:08.497: I/Gecko(8643): -*- WifiWorker component: Event coming in: CTRL-EVENT-BSS-ADDED 88 dc:38:e1:82:19:83
12-02 21:40:08.497: I/Gecko(8643): -*- WifiWorker component: Event coming in: CTRL-EVENT-BSS-ADDED 89 dc:38:e1:82:a1:c3
12-02 21:40:08.497: I/Gecko(8643): -*- WifiWorker component: Event coming in: CTRL-EVENT-BSS-ADDED 90 3c:94:d5:7b:fb:08
12-02 21:40:08.497: I/Gecko(8643): -*- WifiWorker component: Event coming in: CTRL-EVENT-BSS-REMOVED 5 dc:38:e1:83:69:83
12-02 21:40:08.497: I/Gecko(8643): -*- WifiWorker component: Event coming in: CTRL-EVENT-BSS-REMOVED 21 dc:38:e1:83:29:82
12-02 21:40:08.497: I/Gecko(8643): -*- WifiWorker component: Event coming in: CTRL-EVENT-BSS-REMOVED 22 dc:38:e1:82:8a:02
12-02 21:40:08.507: I/Gecko(8643): -*- WifiWorker component: Event coming in: CTRL-EVENT-BSS-REMOVED 72 dc:38:e1:83:1b:42
12-02 21:40:08.507: I/Gecko(8643): -*- WifiWorker component: Event coming in: CTRL-EVENT-BSS-REMOVED 36 3c:94:d5:78:77:00
12-02 21:40:08.507: I/Gecko(8643): -*- WifiWorker component: Event coming in: CTRL-EVENT-BSS-REMOVED 35 00:d0:41:ce:d1:0d
12-02 21:40:08.507: I/Gecko(8643): -*- WifiWorker component: Event coming in: CTRL-EVENT-BSS-REMOVED 19 dc:38:e1:82:19:82
12-02 21:40:08.507: I/Gecko(8643): -*- WifiWorker component: Event coming in: CTRL-EVENT-BSS-REMOVED 81 64:09:80:4d:87:51
12-02 21:40:08.507: I/Gecko(8643): -*- WifiWorker component: Event coming in: CTRL-EVENT-BSS-REMOVED 74 dc:38:e1:83:1b:46
12-02 21:40:08.507: I/Gecko(8643): -*- WifiWorker component: Event coming in: CTRL-EVENT-BSS-REMOVED 67 3c:94:d5:78:77:06
12-02 21:40:08.507: I/Gecko(8643): -*- WifiWorker component: Event coming in: CTRL-EVENT-SCAN-RESULTS 
12-02 21:40:08.507: I/Gecko(8643): -*- WifiWorker component: Notifying of scan results available
12-02 21:40:08.507: I/Gecko(8643): -*- WifiWorker component: Scan results are available! Asking for them.
12-02 21:40:08.507: D/wpa_supplicant(8885): RX ctrl_iface - hexdump(len=12): 53 43 41 4e 5f 52 45 53 55 4c 54 53
12-02 21:40:08.507: D/wpa_supplicant(8885): wlan0: Control interface command 'SCAN_RESULTS'
12-02 21:40:08.507: D/wpa_supplicant(8885): RX ctrl_iface - hexdump(len=19): 44 52 49 56 45 52 20 53 43 41 4e 2d 50 41 53 53 49 56 45
12-02 21:40:08.507: D/wpa_supplicant(8885): wlan0: Control interface command 'DRIVER SCAN-PASSIVE'
12-02 21:40:08.507: D/wpa_supplicant(8885): wpa_driver_nl80211_driver_cmd  len = 0, 0
12-02 21:40:08.547: I/Gecko(8643): -*- WifiWorker component: Event coming in: WPS-AP-AVAILABLE 
12-02 21:40:08.697: I/Gecko(8643): -*- WifiWorker component: Event coming in: CTRL-EVENT-STATE-CHANGE id=-1 state=2 BSSID=00:00:00:00:00:00 SSID=
12-02 21:40:08.697: I/Gecko(8643): -*- WifiWorker component: State change: SCANNING -> INACTIVE
12-02 21:40:19.576: V/EventHub(8643): /dev/input/event0 got: time=6129.443294, type=1, code=116, value=1
12-02 21:40:19.576: V/EventHub(8643): event time 6129443294000, now 6129443373210
12-02 21:40:19.576: V/EventHub(8643): /dev/input/event0 got: time=6129.443303, type=0, code=0, value=0
12-02 21:40:19.576: V/EventHub(8643): event time 6129443303000, now 6129443373210
12-02 21:40:19.596: E/ANDR-PERF-LOCK(2161): Failed to reset optimization for resource: 4 level: 0
12-02 21:40:19.596: D/qdhwcomposer(8643): hwc_blank: Unblanking display: 0
12-02 21:40:19.686: V/EventHub(8643): /dev/input/event0 got: time=6129.554352, type=1, code=116, value=0
12-02 21:40:19.686: V/EventHub(8643): event time 6129554352000, now 6129554439921
12-02 21:40:19.686: V/EventHub(8643): /dev/input/event0 got: time=6129.554366, type=0, code=0, value=0
12-02 21:40:19.686: V/EventHub(8643): event time 6129554366000, now 6129554439921
12-02 21:40:19.847: D/qdhwcomposer(8643): hwc_blank: Done unblanking display: 0
12-02 21:40:19.897: D/wpa_supplicant(8885): RX ctrl_iface - hexdump(len=18): 44 52 49 56 45 52 20 53 43 41 4e 2d 41 43 54 49 56 45
12-02 21:40:19.897: D/wpa_supplicant(8885): wlan0: Control interface command 'DRIVER SCAN-ACTIVE'
12-02 21:40:19.897: D/wpa_supplicant(8885): wpa_driver_nl80211_driver_cmd  len = 0, 0
12-02 21:40:19.897: D/wpa_supplicant(8885): RX ctrl_iface - hexdump(len=4): 53 43 41 4e
12-02 21:40:19.897: D/wpa_supplicant(8885): wlan0: Control interface command 'SCAN'
12-02 21:40:19.897: D/wpa_supplicant(8885): wlan0: Setting scan request: 0 sec 0 usec
12-02 21:40:19.897: D/wpa_supplicant(8885): wlan0: State: INACTIVE -> SCANNING
12-02 21:40:19.897: D/wpa_supplicant(8885): CTRL_IFACE monitor send - hexdump(len=40): 2f 64 61 74 61 2f 6d 69 73 63 2f 77 69 66 69 2f 73 6f 63 6b 65 74 73 2f 77 70 61 5f 63 74 72 6c ...
12-02 21:40:19.897: D/wpa_supplicant(8885): wlan0: Starting AP scan for wildcard SSID
12-02 21:40:19.897: D/wpa_supplicant(8885): wlan0: nl80211: scan request
12-02 21:40:19.937: I/Gecko(8643): -*- WifiWorker component: Event coming in: CTRL-EVENT-STATE-CHANGE id=-1 state=3 BSSID=00:00:00:00:00:00 SSID=
12-02 21:40:19.937: I/Gecko(8643): -*- WifiWorker component: State change: INACTIVE -> SCANNING
12-02 21:40:19.957: D/wpa_supplicant(8885): Scan requested (ret=0) - scan timeout 30 seconds
12-02 21:40:19.957: D/wpa_supplicant(8885): RX ctrl_iface - hexdump(len=19): 44 52 49 56 45 52 20 53 43 41 4e 2d 50 41 53 53 49 56 45
12-02 21:40:19.957: D/wpa_supplicant(8885): wlan0: Control interface command 'DRIVER SCAN-PASSIVE'
12-02 21:40:19.957: D/wpa_supplicant(8885): wpa_driver_nl80211_driver_cmd  len = 0, 0
12-02 21:40:19.957: D/wpa_supplicant(8885): nl80211: Drv Event 33 (NL80211_CMD_TRIGGER_SCAN) received for wlan0
12-02 21:40:19.957: D/wpa_supplicant(8885): wlan0: nl80211: Scan trigger
12-02 21:40:21.107: D/wpa_supplicant(8885): nl80211: Drv Event 34 (NL80211_CMD_NEW_SCAN_RESULTS) received for wlan0
12-02 21:40:21.107: D/wpa_supplicant(8885): wlan0: nl80211: New scan results available
12-02 21:40:21.107: D/wpa_supplicant(8885): wlan0: Event SCAN_RESULTS (3) received
12-02 21:40:21.107: D/wpa_supplicant(8885): nl80211: Received scan results (69 BSSes)
12-02 21:40:21.107: D/wpa_supplicant(8885): nl80211: Survey data missing
12-02 21:40:21.107: D/wpa_supplicant(8885): wlan0: BSS: Start scan result update 6
12-02 21:40:21.107: D/wpa_supplicant(8885): wlan0: BSS: Add new id 91 BSSID dc:38:e1:82:8a:02 SSID ''
12-02 21:40:21.107: D/wpa_supplicant(8885): CTRL_IFACE monitor send - hexdump(len=40): 2f 64 61 74 61 2f 6d 69 73 63 2f 77 69 66 69 2f 73 6f 63 6b 65 74 73 2f 77 70 61 5f 63 74 72 6c ...
12-02 21:40:21.107: D/wpa_supplicant(8885): wlan0: BSS: Add new id 92 BSSID dc:38:e1:83:13:43 SSID ''
12-02 21:40:21.107: D/wpa_supplicant(8885): CTRL_IFACE monitor send - hexdump(len=40): 2f 64 61 74 61 2f 6d 69 73 63 2f 77 69 66 69 2f 73 6f 63 6b 65 74 73 2f 77 70 61 5f 63 74 72 6c ...
12-02 21:40:21.107: D/wpa_supplicant(8885): wlan0: BSS: Add new id 93 BSSID 00:d0:41:ce:d1:0d SSID 'plusdrinks'
12-02 21:40:21.107: D/wpa_supplicant(8885): CTRL_IFACE monitor send - hexdump(len=40): 2f 64 61 74 61 2f 6d 69 73 63 2f 77 69 66 69 2f 73 6f 63 6b 65 74 73 2f 77 70 61 5f 63 74 72 6c ...
12-02 21:40:21.107: D/wpa_supplicant(8885): wlan0: BSS: Add new id 94 BSSID 3c:94:d5:78:77:02 SSID ''
12-02 21:40:21.107: D/wpa_supplicant(8885): CTRL_IFACE monitor send - hexdump(len=40): 2f 64 61 74 61 2f 6d 69 73 63 2f 77 69 66 69 2f 73 6f 63 6b 65 74 73 2f 77 70 61 5f 63 74 72 6c ...
12-02 21:40:21.107: D/wpa_supplicant(8885): wlan0: BSS: Add new id 95 BSSID 3c:94:d5:78:77:00 SSID 'Mozilla'
12-02 21:40:21.107: D/wpa_supplicant(8885): CTRL_IFACE monitor send - hexdump(len=40): 2f 64 61 74 61 2f 6d 69 73 63 2f 77 69 66 69 2f 73 6f 63 6b 65 74 73 2f 77 70 61 5f 63 74 72 6c ...
12-02 21:40:21.107: D/wpa_supplicant(8885): wlan0: BSS: Add new id 96 BSSID 78:8d:f7:b9:86:68 SSID '92H1F'
12-02 21:40:21.107: D/wpa_supplicant(8885): CTRL_IFACE monitor send - hexdump(len=40): 2f 64 61 74 61 2f 6d 69 73 63 2f 77 69 66 69 2f 73 6f 63 6b 65 74 73 2f 77 70 61 5f 63 74 72 6c ...
12-02 21:40:21.107: D/wpa_supplicant(8885): wlan0: BSS: Add new id 97 BSSID dc:38:e1:83:1b:46 SSID 'Mozilla Guest'
12-02 21:40:21.107: D/wpa_supplicant(8885): CTRL_IFACE monitor send - hexdump(len=40): 2f 64 61 74 61 2f 6d 69 73 63 2f 77 69 66 69 2f 73 6f 63 6b 65 74 73 2f 77 70 61 5f 63 74 72 6c ...
12-02 21:40:21.117: D/wpa_supplicant(8885): wlan0: BSS: Add new id 98 BSSID 3c:94:d5:7b:fb:06 SSID 'Mozilla Guest'
12-02 21:40:21.117: D/wpa_supplicant(8885): CTRL_IFACE monitor send - hexdump(len=40): 2f 64 61 74 61 2f 6d 69 73 63 2f 77 69 66 69 2f 73 6f 63 6b 65 74 73 2f 77 70 61 5f 63 74 72 6c ...
12-02 21:40:21.117: D/wpa_supplicant(8885): wlan0: BSS: Remove id 82 BSSID dc:38:e1:83:69:82 SSID '' due to no match in scan
12-02 21:40:21.117: D/wpa_supplicant(8885): CTRL_IFACE monitor send - hexdump(len=40): 2f 64 61 74 61 2f 6d 69 73 63 2f 77 69 66 69 2f 73 6f 63 6b 65 74 73 2f 77 70 61 5f 63 74 72 6c ...
12-02 21:40:21.117: D/wpa_supplicant(8885): wlan0: BSS: Remove id 16 BSSID dc:38:e1:83:29:83 SSID '' due to no match in scan
12-02 21:40:21.117: D/wpa_supplicant(8885): CTRL_IFACE monitor send - hexdump(len=40): 2f 64 61 74 61 2f 6d 69 73 63 2f 77 69 66 69 2f 73 6f 63 6b 65 74 73 2f 77 70 61 5f 63 74 72 6c ...
12-02 21:40:21.117: D/wpa_supplicant(8885): wlan0: BSS: Remove id 13 BSSID dc:38:e1:82:19:80 SSID 'Mozilla' due to no match in scan
12-02 21:40:21.117: D/wpa_supplicant(8885): CTRL_IFACE monitor send - hexdump(len=40): 2f 64 61 74 61 2f 6d 69 73 63 2f 77 69 66 69 2f 73 6f 63 6b 65 74 73 2f 77 70 61 5f 63 74 72 6c ...
12-02 21:40:21.117: D/wpa_supplicant(8885): wlan0: BSS: Remove id 28 BSSID dc:38:e1:83:1b:48 SSID 'ateam' due to no match in scan
12-02 21:40:21.117: D/wpa_supplicant(8885): CTRL_IFACE monitor send - hexdump(len=40): 2f 64 61 74 61 2f 6d 69 73 63 2f 77 69 66 69 2f 73 6f 63 6b 65 74 73 2f 77 70 61 5f 63 74 72 6c ...
12-02 21:40:21.117: D/wpa_supplicant(8885): wlan0: BSS: Remove id 78 BSSID dc:38:e1:82:a1:c0 SSID 'Mozilla' due to no match in scan
12-02 21:40:21.117: D/wpa_supplicant(8885): CTRL_IFACE monitor send - hexdump(len=40): 2f 64 61 74 61 2f 6d 69 73 63 2f 77 69 66 69 2f 73 6f 63 6b 65 74 73 2f 77 70 61 5f 63 74 72 6c ...
12-02 21:40:21.117: D/wpa_supplicant(8885): BSS: last_scan_res_used=69/128 last_scan_full=0
12-02 21:40:21.117: I/Gecko(8643): -*- WifiWorker component: Event coming in: CTRL-EVENT-BSS-ADDED 91 dc:38:e1:82:8a:02
12-02 21:40:21.117: D/wpa_supplicant(8885): wlan0: New scan results available
12-02 21:40:21.117: D/wpa_supplicant(8885): CTRL_IFACE monitor send - hexdump(len=40): 2f 64 61 74 61 2f 6d 69 73 63 2f 77 69 66 69 2f 73 6f 63 6b 65 74 73 2f 77 70 61 5f 63 74 72 6c ...
12-02 21:40:21.117: D/wpa_supplicant(8885): CTRL_IFACE monitor send - hexdump(len=40): 2f 64 61 74 61 2f 6d 69 73 63 2f 77 69 66 69 2f 73 6f 63 6b 65 74 73 2f 77 70 61 5f 63 74 72 6c ...
12-02 21:40:21.117: D/wpa_supplicant(8885): WPS: AP 78:8d:f7:b9:86:68 type 0 added
12-02 21:40:21.117: D/wpa_supplicant(8885): WPS: AP[0] 3c:1e:04:0a:2f:0e type=0 tries=0 last_attempt=-1 sec ago blacklist=0
12-02 21:40:21.117: D/wpa_supplicant(8885): WPS: AP[1] 00:d0:41:ce:d1:0d type=0 tries=0 last_attempt=-1 sec ago blacklist=0
12-02 21:40:21.117: D/wpa_supplicant(8885): WPS: AP[2] 64:09:80:4d:87:51 type=0 tries=0 last_attempt=-1 sec ago blacklist=0
12-02 21:40:21.117: D/wpa_supplicant(8885): WPS: AP[3] 78:8d:f7:b9:86:68 type=0 tries=0 last_attempt=-1 sec ago blacklist=0
12-02 21:40:21.117: D/wpa_supplicant(8885): wlan0: No suitable network found
12-02 21:40:21.117: D/wpa_supplicant(8885): wlan0: Short-circuit new scan request since there are no enabled networks
12-02 21:40:21.117: D/wpa_supplicant(8885): wlan0: State: SCANNING -> INACTIVE
12-02 21:40:21.117: D/wpa_supplicant(8885): CTRL_IFACE monitor send - hexdump(len=40): 2f 64 61 74 61 2f 6d 69 73 63 2f 77 69 66 69 2f 73 6f 63 6b 65 74 73 2f 77 70 61 5f 63 74 72 6c ...
12-02 21:40:21.117: D/wpa_supplicant(8885): wlan0: Checking for other virtual interfaces sharing same radio (phy0) in event_scan_results
12-02 21:40:21.117: D/wpa_supplicant(8885): wlan0: P2P: Station mode scan operation not pending anymore (sta_scan_pending=0 p2p_cb_on_scan_complete=0)
12-02 21:40:21.117: I/Gecko(8643): -*- WifiWorker component: Event coming in: CTRL-EVENT-BSS-ADDED 92 dc:38:e1:83:13:43
12-02 21:40:21.117: I/Gecko(8643): -*- WifiWorker component: Event coming in: CTRL-EVENT-BSS-ADDED 93 00:d0:41:ce:d1:0d
12-02 21:40:21.117: I/Gecko(8643): -*- WifiWorker component: Event coming in: CTRL-EVENT-BSS-ADDED 94 3c:94:d5:78:77:02
12-02 21:40:21.117: I/Gecko(8643): -*- WifiWorker component: Event coming in: CTRL-EVENT-BSS-ADDED 95 3c:94:d5:78:77:00
12-02 21:40:21.117: I/Gecko(8643): -*- WifiWorker component: Event coming in: CTRL-EVENT-BSS-ADDED 96 78:8d:f7:b9:86:68
12-02 21:40:21.117: I/Gecko(8643): -*- WifiWorker component: Event coming in: CTRL-EVENT-BSS-ADDED 97 dc:38:e1:83:1b:46
12-02 21:40:21.117: I/Gecko(8643): -*- WifiWorker component: Event coming in: CTRL-EVENT-BSS-ADDED 98 3c:94:d5:7b:fb:06
12-02 21:40:21.117: I/Gecko(8643): -*- WifiWorker component: Event coming in: CTRL-EVENT-BSS-REMOVED 82 dc:38:e1:83:69:82
12-02 21:40:21.117: D/wpa_supplicant(8885): RTM_NEWLINK: operstate=0 ifi_flags=0x11003 ([UP][LOWER_UP])
12-02 21:40:21.117: D/wpa_supplicant(8885): RTM_NEWLINK, IFLA_IFNAME: Interface 'wlan0' added
12-02 21:40:21.117: I/Gecko(8643): -*- WifiWorker component: Event coming in: CTRL-EVENT-BSS-REMOVED 16 dc:38:e1:83:29:83
12-02 21:40:21.117: D/wpa_supplicant(8885): nl80211: if_removed already cleared - ignore event
12-02 21:40:21.127: I/Gecko(8643): -*- WifiWorker component: Event coming in: CTRL-EVENT-BSS-REMOVED 13 dc:38:e1:82:19:80
12-02 21:40:21.127: I/Gecko(8643): -*- WifiWorker component: Event coming in: CTRL-EVENT-BSS-REMOVED 28 dc:38:e1:83:1b:48
12-02 21:40:21.127: I/Gecko(8643): -*- WifiWorker component: Event coming in: CTRL-EVENT-BSS-REMOVED 78 dc:38:e1:82:a1:c0
12-02 21:40:21.127: I/Gecko(8643): -*- WifiWorker component: Event coming in: CTRL-EVENT-SCAN-RESULTS 
12-02 21:40:21.127: I/Gecko(8643): -*- WifiWorker component: Notifying of scan results available
12-02 21:40:21.127: I/Gecko(8643): -*- WifiWorker component: Scan results are available! Asking for them.
12-02 21:40:21.127: D/wpa_supplicant(8885): RX ctrl_iface - hexdump(len=12): 53 43 41 4e 5f 52 45 53 55 4c 54 53
12-02 21:40:21.127: D/wpa_supplicant(8885): wlan0: Control interface command 'SCAN_RESULTS'
12-02 21:40:21.127: I/Gecko(8643): -*- WifiWorker component: Event coming in: WPS-AP-AVAILABLE 
12-02 21:40:21.127: I/Gecko(8643): -*- WifiWorker component: Event coming in: CTRL-EVENT-STATE-CHANGE id=-1 state=2 BSSID=00:00:00:00:00:00 SSID=
12-02 21:40:21.127: I/Gecko(8643): -*- WifiWorker component: State change: SCANNING -> INACTIVE
12-02 21:40:21.127: D/wpa_supplicant(8885): RX ctrl_iface - hexdump(len=19): 44 52 49 56 45 52 20 53 43 41 4e 2d 50 41 53 53 49 56 45
12-02 21:40:21.127: D/wpa_supplicant(8885): wlan0: Control interface command 'DRIVER SCAN-PASSIVE'
12-02 21:40:21.127: D/wpa_supplicant(8885): wpa_driver_nl80211_driver_cmd  len = 0, 0
12-02 21:41:19.936: D/qdhwcomposer(8643): hwc_blank: Blanking display: 0
12-02 21:41:20.216: D/qdhwcomposer(8643): hwc_blank: Done blanking display: 0
12-02 21:41:20.216: E/ANDR-PERF-LOCK(2161): Failed to apply optimization for resource: 4 level: 0
12-02 21:41:20.226: D/wpa_supplicant(8885): RX ctrl_iface - hexdump(len=18): 44 52 49 56 45 52 20 53 43 41 4e 2d 41 43 54 49 56 45
12-02 21:41:20.226: D/wpa_supplicant(8885): wlan0: Control interface command 'DRIVER SCAN-ACTIVE'
12-02 21:41:20.226: D/wpa_supplicant(8885): wpa_driver_nl80211_driver_cmd  len = 0, 0
12-02 21:41:20.297: D/wpa_supplicant(8885): RX ctrl_iface - hexdump(len=4): 53 43 41 4e
12-02 21:41:20.297: D/wpa_supplicant(8885): wlan0: Control interface command 'SCAN'
12-02 21:41:20.297: D/wpa_supplicant(8885): wlan0: Setting scan request: 0 sec 0 usec
12-02 21:41:20.297: D/wpa_supplicant(8885): wlan0: State: INACTIVE -> SCANNING
12-02 21:41:20.297: D/wpa_supplicant(8885): CTRL_IFACE monitor send - hexdump(len=40): 2f 64 61 74 61 2f 6d 69 73 63 2f 77 69 66 69 2f 73 6f 63 6b 65 74 73 2f 77 70 61 5f 63 74 72 6c ...
12-02 21:41:20.297: D/wpa_supplicant(8885): wlan0: Starting AP scan for wildcard SSID
12-02 21:41:20.297: D/wpa_supplicant(8885): wlan0: nl80211: scan request
12-02 21:41:20.297: I/Gecko(8643): -*- WifiWorker component: Event coming in: CTRL-EVENT-STATE-CHANGE id=-1 state=3 BSSID=00:00:00:00:00:00 SSID=
12-02 21:41:20.297: I/Gecko(8643): -*- WifiWorker component: State change: INACTIVE -> SCANNING
12-02 21:41:20.347: D/wpa_supplicant(8885): Scan requested (ret=0) - scan timeout 30 seconds
12-02 21:41:20.347: D/wpa_supplicant(8885): RX ctrl_iface - hexdump(len=19): 44 52 49 56 45 52 20 53 43 41 4e 2d 50 41 53 53 49 56 45
12-02 21:41:20.347: D/wpa_supplicant(8885): wlan0: Control interface command 'DRIVER SCAN-PASSIVE'
12-02 21:41:20.347: D/wpa_supplicant(8885): wpa_driver_nl80211_driver_cmd  len = 0, 0
12-02 21:41:20.347: D/wpa_supplicant(8885): nl80211: Drv Event 33 (NL80211_CMD_TRIGGER_SCAN) received for wlan0
12-02 21:41:20.347: D/wpa_supplicant(8885): wlan0: nl80211: Scan trigger
12-02 21:41:21.497: D/wpa_supplicant(8885): nl80211: Drv Event 34 (NL80211_CMD_NEW_SCAN_RESULTS) received for wlan0
12-02 21:41:21.497: D/wpa_supplicant(8885): wlan0: nl80211: New scan results available
12-02 21:41:21.497: D/wpa_supplicant(8885): wlan0: Event SCAN_RESULTS (3) received
12-02 21:41:21.507: D/wpa_supplicant(8885): nl80211: Received scan results (67 BSSes)
12-02 21:41:21.507: D/wpa_supplicant(8885): nl80211: Survey data missing
12-02 21:41:21.517: D/wpa_supplicant(8885): wlan0: BSS: Start scan result update 7
12-02 21:41:21.517: D/wpa_supplicant(8885): wlan0: BSS: Add new id 99 BSSID dc:38:e1:83:69:83 SSID ''
12-02 21:41:21.517: D/wpa_supplicant(8885): CTRL_IFACE monitor send - hexdump(len=40): 2f 64 61 74 61 2f 6d 69 73 63 2f 77 69 66 69 2f 73 6f 63 6b 65 74 73 2f 77 70 61 5f 63 74 72 6c ...
12-02 21:41:21.517: D/wpa_supplicant(8885): wlan0: BSS: Add new id 100 BSSID dc:38:e1:83:29:82 SSID ''
12-02 21:41:21.517: D/wpa_supplicant(8885): CTRL_IFACE monitor send - hexdump(len=40): 2f 64 61 74 61 2f 6d 69 73 63 2f 77 69 66 69 2f 73 6f 63 6b 65 74 73 2f 77 70 61 5f 63 74 72 6c ...
12-02 21:41:21.527: D/wpa_supplicant(8885): wlan0: BSS: Add new id 101 BSSID dc:38:e1:82:19:82 SSID ''
12-02 21:41:21.527: D/wpa_supplicant(8885): CTRL_IFACE monitor send - hexdump(len=40): 2f 64 61 74 61 2f 6d 69 73 63 2f 77 69 66 69 2f 73 6f 63 6b 65 74 73 2f 77 70 61 5f 63 74 72 6c ...
12-02 21:41:21.527: D/wpa_supplicant(8885): wlan0: BSS: Add new id 102 BSSID dc:38:e1:82:19:80 SSID 'Mozilla'
12-02 21:41:21.527: D/wpa_supplicant(8885): CTRL_IFACE monitor send - hexdump(len=40): 2f 64 61 74 61 2f 6d 69 73 63 2f 77 69 66 69 2f 73 6f 63 6b 65 74 73 2f 77 70 61 5f 63 74 72 6c ...
12-02 21:41:21.527: D/wpa_supplicant(8885): wlan0: BSS: Add new id 103 BSSID dc:38:e1:82:a1:c0 SSID 'Mozilla'
12-02 21:41:21.537: D/wpa_supplicant(8885): CTRL_IFACE monitor send - hexdump(len=40): 2f 64 61 74 61 2f 6d 69 73 63 2f 77 69 66 69 2f 73 6f 63 6b 65 74 73 2f 77 70 61 5f 63 74 72 6c ...
12-02 21:41:21.537: D/wpa_supplicant(8885): wlan0: BSS: Add new id 104 BSSID 3c:94:d5:7b:fb:02 SSID ''
12-02 21:41:21.537: D/wpa_supplicant(8885): CTRL_IFACE monitor send - hexdump(len=40): 2f 64 61 74 61 2f 6d 69 73 63 2f 77 69 66 69 2f 73 6f 63 6b 65 74 73 2f 77 70 61 5f 63 74 72 6c ...
12-02 21:41:21.537: D/wpa_supplicant(8885): wlan0: BSS: Add new id 105 BSSID 3c:94:d5:78:77:06 SSID 'Mozilla Guest'
12-02 21:41:21.537: D/wpa_supplicant(8885): CTRL_IFACE monitor send - hexdump(len=40): 2f 64 61 74 61 2f 6d 69 73 63 2f 77 69 66 69 2f 73 6f 63 6b 65 74 73 2f 77 70 61 5f 63 74 72 6c ...
12-02 21:41:21.537: D/wpa_supplicant(8885): wlan0: BSS: Add new id 106 BSSID 3c:94:d5:7b:fb:04 SSID 'openwireless.org'
12-02 21:41:21.537: D/wpa_supplicant(8885): CTRL_IFACE monitor send - hexdump(len=40): 2f 64 61 74 61 2f 6d 69 73 63 2f 77 69 66 69 2f 73 6f 63 6b 65 74 73 2f 77 70 61 5f 63 74 72 6c ...
12-02 21:41:21.537: D/wpa_supplicant(8885): wlan0: BSS: Add new id 107 BSSID 00:18:25:17:59:d1 SSID 'TPE-Free'
12-02 21:41:21.537: D/wpa_supplicant(8885): CTRL_IFACE monitor send - hexdump(len=40): 2f 64 61 74 61 2f 6d 69 73 63 2f 77 69 66 69 2f 73 6f 63 6b 65 74 73 2f 77 70 61 5f 63 74 72 6c ...
12-02 21:41:21.537: D/wpa_supplicant(8885): wlan0: BSS: Remove id 83 BSSID dc:38:e1:82:8a:03 SSID '' due to no match in scan
12-02 21:41:21.537: D/wpa_supplicant(8885): CTRL_IFACE monitor send - hexdump(len=40): 2f 64 61 74 61 2f 6d 69 73 63 2f 77 69 66 69 2f 73 6f 63 6b 65 74 73 2f 77 70 61 5f 63 74 72 6c ...
12-02 21:41:21.537: D/wpa_supplicant(8885): wlan0: BSS: Remove id 51 BSSID dc:38:e1:82:19:84 SSID 'openwireless.org' due to no match in scan
12-02 21:41:21.537: D/wpa_supplicant(8885): CTRL_IFACE monitor send - hexdump(len=40): 2f 64 61 74 61 2f 6d 69 73 63 2f 77 69 66 69 2f 73 6f 63 6b 65 74 73 2f 77 70 61 5f 63 74 72 6c ...
12-02 21:41:21.537: D/wpa_supplicant(8885): BSS: last_scan_res_used=67/128 last_scan_full=0
12-02 21:41:21.537: D/wpa_supplicant(8885): wlan0: New scan results available
12-02 21:41:21.537: D/wpa_supplicant(8885): CTRL_IFACE monitor send - hexdump(len=40): 2f 64 61 74 61 2f 6d 69 73 63 2f 77 69 66 69 2f 73 6f 63 6b 65 74 73 2f 77 70 61 5f 63 74 72 6c ...
12-02 21:41:21.537: D/wpa_supplicant(8885): CTRL_IFACE monitor send - hexdump(len=40): 2f 64 61 74 61 2f 6d 69 73 63 2f 77 69 66 69 2f 73 6f 63 6b 65 74 73 2f 77 70 61 5f 63 74 72 6c ...
12-02 21:41:21.557: D/wpa_supplicant(8885): WPS: AP[0] 3c:1e:04:0a:2f:0e type=0 tries=0 last_attempt=-1 sec ago blacklist=0
12-02 21:41:21.557: D/wpa_supplicant(8885): WPS: AP[1] 00:d0:41:ce:d1:0d type=0 tries=0 last_attempt=-1 sec ago blacklist=0
12-02 21:41:21.557: D/wpa_supplicant(8885): WPS: AP[2] 64:09:80:4d:87:51 type=0 tries=0 last_attempt=-1 sec ago blacklist=0
12-02 21:41:21.557: D/wpa_supplicant(8885): WPS: AP[3] 78:8d:f7:b9:86:68 type=0 tries=0 last_attempt=-1 sec ago blacklist=0
12-02 21:41:21.557: D/wpa_supplicant(8885): wlan0: No suitable network found
12-02 21:41:21.557: D/wpa_supplicant(8885): wlan0: Short-circuit new scan request since there are no enabled networks
12-02 21:41:21.557: D/wpa_supplicant(8885): wlan0: State: SCANNING -> INACTIVE
12-02 21:41:21.557: D/wpa_supplicant(8885): CTRL_IFACE monitor send - hexdump(len=40): 2f 64 61 74 61 2f 6d 69 73 63 2f 77 69 66 69 2f 73 6f 63 6b 65 74 73 2f 77 70 61 5f 63 74 72 6c ...
12-02 21:41:21.557: D/wpa_supplicant(8885): wlan0: Checking for other virtual interfaces sharing same radio (phy0) in event_scan_results
12-02 21:41:21.557: D/wpa_supplicant(8885): wlan0: P2P: Station mode scan operation not pending anymore (sta_scan_pending=0 p2p_cb_on_scan_complete=0)
12-02 21:41:21.557: D/wpa_supplicant(8885): RTM_NEWLINK: operstate=0 ifi_flags=0x11003 ([UP][LOWER_UP])
12-02 21:41:21.557: D/wpa_supplicant(8885): RTM_NEWLINK, IFLA_IFNAME: Interface 'wlan0' added
12-02 21:41:21.557: D/wpa_supplicant(8885): nl80211: if_removed already cleared - ignore event
12-02 21:41:21.567: I/Gecko(8643): -*- WifiWorker component: Event coming in: CTRL-EVENT-BSS-ADDED 99 dc:38:e1:83:69:83
12-02 21:41:21.567: I/Gecko(8643): -*- WifiWorker component: Event coming in: CTRL-EVENT-BSS-ADDED 100 dc:38:e1:83:29:82
12-02 21:41:21.567: I/Gecko(8643): -*- WifiWorker component: Event coming in: CTRL-EVENT-BSS-ADDED 101 dc:38:e1:82:19:82
12-02 21:41:21.567: I/Gecko(8643): -*- WifiWorker component: Event coming in: CTRL-EVENT-BSS-ADDED 102 dc:38:e1:82:19:80
12-02 21:41:21.567: I/Gecko(8643): -*- WifiWorker component: Event coming in: CTRL-EVENT-BSS-ADDED 103 dc:38:e1:82:a1:c0
12-02 21:41:21.567: I/Gecko(8643): -*- WifiWorker component: Event coming in: CTRL-EVENT-BSS-ADDED 104 3c:94:d5:7b:fb:02
12-02 21:41:21.567: I/Gecko(8643): -*- WifiWorker component: Event coming in: CTRL-EVENT-BSS-ADDED 105 3c:94:d5:78:77:06
12-02 21:41:21.577: I/Gecko(8643): -*- WifiWorker component: Event coming in: CTRL-EVENT-BSS-ADDED 106 3c:94:d5:7b:fb:04
12-02 21:41:21.577: I/Gecko(8643): -*- WifiWorker component: Event coming in: CTRL-EVENT-BSS-ADDED 107 00:18:25:17:59:d1
12-02 21:41:21.577: I/Gecko(8643): -*- WifiWorker component: Event coming in: CTRL-EVENT-BSS-REMOVED 83 dc:38:e1:82:8a:03
12-02 21:41:21.577: I/Gecko(8643): -*- WifiWorker component: Event coming in: CTRL-EVENT-BSS-REMOVED 51 dc:38:e1:82:19:84
12-02 21:41:21.577: I/Gecko(8643): -*- WifiWorker component: Event coming in: CTRL-EVENT-SCAN-RESULTS 
12-02 21:41:21.577: I/Gecko(8643): -*- WifiWorker component: Notifying of scan results available
12-02 21:41:21.577: I/Gecko(8643): -*- WifiWorker component: Scan results are available! Asking for them.
12-02 21:41:21.577: D/wpa_supplicant(8885): RX ctrl_iface - hexdump(len=12): 53 43 41 4e 5f 52 45 53 55 4c 54 53
12-02 21:41:21.577: D/wpa_supplicant(8885): wlan0: Control interface command 'SCAN_RESULTS'
12-02 21:41:21.577: D/wpa_supplicant(8885): RX ctrl_iface - hexdump(len=19): 44 52 49 56 45 52 20 53 43 41 4e 2d 50 41 53 53 49 56 45
12-02 21:41:21.577: D/wpa_supplicant(8885): wlan0: Control interface command 'DRIVER SCAN-PASSIVE'
12-02 21:41:21.577: D/wpa_supplicant(8885): wpa_driver_nl80211_driver_cmd  len = 0, 0
12-02 21:41:21.617: I/Gecko(8643): -*- WifiWorker component: Event coming in: WPS-AP-AVAILABLE 
12-02 21:41:21.777: I/Gecko(8643): -*- WifiWorker component: Event coming in: CTRL-EVENT-STATE-CHANGE id=-1 state=2 BSSID=00:00:00:00:00:00 SSID=
12-02 21:41:21.777: I/Gecko(8643): -*- WifiWorker component: State change: SCANNING -> INACTIVE
12-02 21:41:32.957: I/Gecko(8643): *** UTM:SVC TimerManager:notify - notified timerID: user-agent-updates-timer
12-02 21:41:32.957: I/GeckoConsole(8643): UTM:SVC TimerManager:notify - notified timerID: user-agent-updates-timer
12-02 21:41:32.967: I/Gecko(8643): *** UTM:SVC TimerManager:registerTimer - id: user-agent-updates-timer
12-02 21:41:32.967: I/GeckoConsole(8643): UTM:SVC TimerManager:registerTimer - id: user-agent-updates-timer
12-02 21:41:35.207: E/GeckoConsole(8643): [JavaScript Error: "1449110495210	Toolkit.Telemetry	ERROR	TelemetrySession::assemblePayloadWithMeasurements - caught exception: TypeError: invalid 'in' operand hls (resource://gre/modules/TelemetrySession.jsm:863:1) JS Stack trace: getHistograms@TelemetrySession.jsm:863:1 < Impl.assemblePayloadWithMeasurements/payloadObj.histograms<@TelemetrySession.jsm:1158:33 < Impl.assemblePayloadWithMeasurements/protect@TelemetrySession.jsm:1147:16 < Impl.assemblePayloadWithMeasurements@TelemetrySession.jsm:1158:19 < getSessionPayload@TelemetrySession.jsm:1232:19 < Impl._saveAbortedSessionPing@TelemetrySession.jsm:1852:17 < TelemetryScheduler._saveAbortedPing@TelemetrySession.jsm:372:12 < TelemetryScheduler._schedulerTickLogic@TelemetrySession.jsm:449:1 < TelemetryScheduler._onSchedulerTick@TelemetrySession.jsm:408:17 < TelemetryScheduler._rescheduleTimeout/this._schedulerTimer<@TelemetrySession.jsm:329:44 < setTimeout_timer@Timer.jsm:30:5" {file: "resource://gre/modules/Log.jsm" line: 751}]
12-02 21:41:35.207: E/GeckoConsole(8643): [JavaScript Error: "1449110495215	Toolkit.Telemetry	ERROR	TelemetrySession::assemblePayloadWithMeasurements - caught exception: TypeError: keyed.subsessionSnapshot is not a function (resource://gre/modules/TelemetrySession.jsm:904:38) JS Stack trace: Impl.getKeyedHistograms@TelemetrySession.jsm:904:38 < Impl.assemblePayloadWithMeasurements/payloadObj.keyedHistograms<@TelemetrySession.jsm:1159:38 < Impl.assemblePayloadWithMeasurements/protect@TelemetrySession.jsm:1147:16 < Impl.assemblePayloadWithMeasurements@TelemetrySession.jsm:1159:24 < getSessionPayload@TelemetrySession.jsm:1232:19 < Impl._saveAbortedSessionPing@TelemetrySession.jsm:1852:17 < TelemetryScheduler._saveAbortedPing@TelemetrySession.jsm:372:12 < TelemetryScheduler._schedulerTickLogic@TelemetrySession.jsm:449:1 < TelemetryScheduler._onSchedulerTick@TelemetrySession.jsm:408:17 < TelemetryScheduler._rescheduleTimeout/this._schedulerTimer<@TelemetrySession.jsm:329:44 < setTimeout_timer@Timer.jsm:30:5" {file: "resource://gre/modules/Log.jsm" line: 
12-02 21:41:36.487: V/EventHub(8643): /dev/input/event0 got: time=6206.345554, type=1, code=116, value=1
12-02 21:41:36.487: V/EventHub(8643): event time 6206345554000, now 6206345624804
12-02 21:41:36.487: V/EventHub(8643): /dev/input/event0 got: time=6206.345567, type=0, code=0, value=0
12-02 21:41:36.487: V/EventHub(8643): event time 6206345567000, now 6206345624804
12-02 21:41:36.487: E/ANDR-PERF-LOCK(2161): Failed to reset optimization for resource: 4 level: 0
12-02 21:41:36.487: D/qdhwcomposer(8643): hwc_blank: Unblanking display: 0
12-02 21:41:36.627: V/EventHub(8643): /dev/input/event0 got: time=6206.493214, type=1, code=116, value=0
12-02 21:41:36.627: V/EventHub(8643): event time 6206493214000, now 6206493347424
12-02 21:41:36.627: V/EventHub(8643): /dev/input/event0 got: time=6206.493228, type=0, code=0, value=0
12-02 21:41:36.627: V/EventHub(8643): event time 6206493228000, now 6206493347424
12-02 21:41:36.717: D/qdhwcomposer(8643): hwc_blank: Done unblanking display: 0
12-02 21:41:36.757: D/wpa_supplicant(8885): RX ctrl_iface - hexdump(len=18): 44 52 49 56 45 52 20 53 43 41 4e 2d 41 43 54 49 56 45
12-02 21:41:36.757: D/wpa_supplicant(8885): wlan0: Control interface command 'DRIVER SCAN-ACTIVE'
12-02 21:41:36.757: D/wpa_supplicant(8885): wpa_driver_nl80211_driver_cmd  len = 0, 0
12-02 21:41:36.757: D/wpa_supplicant(8885): RX ctrl_iface - hexdump(len=4): 53 43 41 4e
12-02 21:41:36.757: D/wpa_supplicant(8885): wlan0: Control interface command 'SCAN'
12-02 21:41:36.757: D/wpa_supplicant(8885): wlan0: Setting scan request: 0 sec 0 usec
12-02 21:41:36.757: D/wpa_supplicant(8885): wlan0: State: INACTIVE -> SCANNING
12-02 21:41:36.757: D/wpa_supplicant(8885): CTRL_IFACE monitor send - hexdump(len=40): 2f 64 61 74 61 2f 6d 69 73 63 2f 77 69 66 69 2f 73 6f 63 6b 65 74 73 2f 77 70 61 5f 63 74 72 6c ...
12-02 21:41:36.757: D/wpa_supplicant(8885): wlan0: Starting AP scan for wildcard SSID
12-02 21:41:36.757: D/wpa_supplicant(8885): wlan0: nl80211: scan request
12-02 21:41:36.797: I/Gecko(8643): -*- WifiWorker component: Event coming in: CTRL-EVENT-STATE-CHANGE id=-1 state=3 BSSID=00:00:00:00:00:00 SSID=
12-02 21:41:36.797: I/Gecko(8643): -*- WifiWorker component: State change: INACTIVE -> SCANNING
12-02 21:41:36.817: D/wpa_supplicant(8885): Scan requested (ret=0) - scan timeout 30 seconds
12-02 21:41:36.817: D/wpa_supplicant(8885): RX ctrl_iface - hexdump(len=19): 44 52 49 56 45 52 20 53 43 41 4e 2d 50 41 53 53 49 56 45
12-02 21:41:36.817: D/wpa_supplicant(8885): wlan0: Control interface command 'DRIVER SCAN-PASSIVE'
12-02 21:41:36.817: D/wpa_supplicant(8885): wpa_driver_nl80211_driver_cmd  len = 0, 0
12-02 21:41:36.817: D/wpa_supplicant(8885): nl80211: Drv Event 33 (NL80211_CMD_TRIGGER_SCAN) received for wlan0
12-02 21:41:36.817: D/wpa_supplicant(8885): wlan0: nl80211: Scan trigger
12-02 21:41:37.957: D/wpa_supplicant(8885): nl80211: Drv Event 34 (NL80211_CMD_NEW_SCAN_RESULTS) received for wlan0
12-02 21:41:37.957: D/wpa_supplicant(8885): wlan0: nl80211: New scan results available
12-02 21:41:37.957: D/wpa_supplicant(8885): wlan0: Event SCAN_RESULTS (3) received
12-02 21:41:37.957: D/wpa_supplicant(8885): nl80211: Received scan results (60 BSSes)
12-02 21:41:37.957: D/wpa_supplicant(8885): nl80211: Survey data missing
12-02 21:41:37.957: D/wpa_supplicant(8885): wlan0: BSS: Start scan result update 8
12-02 21:41:37.957: D/wpa_supplicant(8885): wlan0: BSS: Add new id 108 BSSID dc:38:e1:83:29:83 SSID ''
12-02 21:41:37.957: D/wpa_supplicant(8885): CTRL_IFACE monitor send - hexdump(len=40): 2f 64 61 74 61 2f 6d 69 73 63 2f 77 69 66 69 2f 73 6f 63 6b 65 74 73 2f 77 70 61 5f 63 74 72 6c ...
12-02 21:41:37.957: D/wpa_supplicant(8885): wlan0: BSS: Add new id 109 BSSID dc:38:e1:83:13:42 SSID ''
12-02 21:41:37.957: D/wpa_supplicant(8885): CTRL_IFACE monitor send - hexdump(len=40): 2f 64 61 74 61 2f 6d 69 73 63 2f 77 69 66 69 2f 73 6f 63 6b 65 74 73 2f 77 70 61 5f 63 74 72 6c ...
12-02 21:41:37.957: D/wpa_supplicant(8885): wlan0: BSS: Add new id 110 BSSID dc:38:e1:82:19:84 SSID 'openwireless.org'
12-02 21:41:37.957: D/wpa_supplicant(8885): CTRL_IFACE monitor send - hexdump(len=40): 2f 64 61 74 61 2f 6d 69 73 63 2f 77 69 66 69 2f 73 6f 63 6b 65 74 73 2f 77 70 61 5f 63 74 72 6c ...
12-02 21:41:37.957: D/wpa_supplicant(8885): wlan0: BSS: Remove id 87 BSSID dc:38:e1:82:f6:82 SSID '' due to no match in scan
