12-03 02:58:32.846: I/Gecko(14848): [14848] WARNING: XPCOM objects created/destroyed from static ctor/dtor: file /home/fischer/Projects/gecko-dev/xpcom/base/nsTraceRefcnt.cpp, line 167
12-03 02:58:32.846: I/Gecko(14848): [14848] WARNING: XPCOM objects created/destroyed from static ctor/dtor: file /home/fischer/Projects/gecko-dev/xpcom/base/nsTraceRefcnt.cpp, line 167
12-03 02:58:32.846: I/Gecko(14848): [14848] WARNING: XPCOM objects created/destroyed from static ctor/dtor: file /home/fischer/Projects/gecko-dev/xpcom/base/nsTraceRefcnt.cpp, line 167
12-03 02:58:32.846: I/Gecko(14848): [14848] WARNING: XPCOM objects created/destroyed from static ctor/dtor: file /home/fischer/Projects/gecko-dev/xpcom/base/nsTraceRefcnt.cpp, line 167
12-03 02:58:32.856: I/Gecko(14848): [14848] WARNING: XPCOM objects created/destroyed from static ctor/dtor: file /home/fischer/Projects/gecko-dev/xpcom/base/nsTraceRefcnt.cpp, line 167
12-03 02:58:32.856: I/Gecko(14848): [14848] WARNING: XPCOM objects created/destroyed from static ctor/dtor: file /home/fischer/Projects/gecko-dev/xpcom/base/nsTraceRefcnt.cpp, line 167
12-03 02:58:32.856: I/Gecko(14848): [14848] WARNING: XPCOM objects created/destroyed from static ctor/dtor: file /home/fischer/Projects/gecko-dev/xpcom/base/nsTraceRefcnt.cpp, line 167
12-03 02:58:32.856: I/Gecko(14848): [14848] WARNING: XPCOM objects created/destroyed from static ctor/dtor: file /home/fischer/Projects/gecko-dev/xpcom/base/nsTraceRefcnt.cpp, line 167
12-03 02:58:32.856: I/Gecko(14848): [14848] WARNING: XPCOM objects created/destroyed from static ctor/dtor: file /home/fischer/Projects/gecko-dev/xpcom/base/nsTraceRefcnt.cpp, line 167
12-03 02:58:32.856: I/Gecko(14848): [14848] WARNING: XPCOM objects created/destroyed from static ctor/dtor: file /home/fischer/Projects/gecko-dev/xpcom/base/nsTraceRefcnt.cpp, line 167
12-03 02:58:32.856: I/Gecko(14848): [14848] WARNING: XPCOM objects created/destroyed from static ctor/dtor: file /home/fischer/Projects/gecko-dev/xpcom/base/nsTraceRefcnt.cpp, line 167
12-03 02:58:32.856: I/Gecko(14848): [14848] WARNING: XPCOM objects created/destroyed from static ctor/dtor: file /home/fischer/Projects/gecko-dev/xpcom/base/nsTraceRefcnt.cpp, line 167
12-03 02:58:32.856: I/Gecko(14848): [14848] WARNING: XPCOM objects created/destroyed from static ctor/dtor: file /home/fischer/Projects/gecko-dev/xpcom/base/nsTraceRefcnt.cpp, line 167
12-03 02:58:32.856: I/Gecko(14848): [14848] WARNING: XPCOM objects created/destroyed from static ctor/dtor: file /home/fischer/Projects/gecko-dev/xpcom/base/nsTraceRefcnt.cpp, line 167
12-03 02:58:32.856: I/Gecko(14848): [14848] WARNING: XPCOM objects created/destroyed from static ctor/dtor: file /home/fischer/Projects/gecko-dev/xpcom/base/nsTraceRefcnt.cpp, line 167
12-03 02:58:32.856: I/Gecko(14848): [14848] WARNING: XPCOM objects created/destroyed from static ctor/dtor: file /home/fischer/Projects/gecko-dev/xpcom/base/nsTraceRefcnt.cpp, line 167
12-03 02:58:32.856: I/Gecko(14848): [14848] WARNING: XPCOM objects created/destroyed from static ctor/dtor: file /home/fischer/Projects/gecko-dev/xpcom/base/nsTraceRefcnt.cpp, line 167
12-03 02:58:32.856: I/Gecko(14848): [14848] WARNING: XPCOM objects created/destroyed from static ctor/dtor: file /home/fischer/Projects/gecko-dev/xpcom/base/nsTraceRefcnt.cpp, line 167
12-03 02:58:32.856: I/Gecko(14848): [14848] WARNING: XPCOM objects created/destroyed from static ctor/dtor: file /home/fischer/Projects/gecko-dev/xpcom/base/nsTraceRefcnt.cpp, line 167
12-03 02:58:32.856: I/Gecko(14848): [14848] WARNING: XPCOM objects created/destroyed from static ctor/dtor: file /home/fischer/Projects/gecko-dev/xpcom/base/nsTraceRefcnt.cpp, line 167
12-03 02:58:32.856: I/Gecko(14848): [14848] WARNING: XPCOM objects created/destroyed from static ctor/dtor: file /home/fischer/Projects/gecko-dev/xpcom/base/nsTraceRefcnt.cpp, line 167
12-03 02:58:32.856: I/Gecko(14848): [14848] WARNING: XPCOM objects created/destroyed from static ctor/dtor: file /home/fischer/Projects/gecko-dev/xpcom/base/nsTraceRefcnt.cpp, line 167
12-03 02:58:32.856: I/Gecko(14848): [14848] WARNING: XPCOM objects created/destroyed from static ctor/dtor: file /home/fischer/Projects/gecko-dev/xpcom/base/nsTraceRefcnt.cpp, line 167
12-03 02:58:32.856: I/Gecko(14848): [14848] WARNING: XPCOM objects created/destroyed from static ctor/dtor: file /home/fischer/Projects/gecko-dev/xpcom/base/nsTraceRefcnt.cpp, line 167
12-03 02:58:32.856: I/Gecko(14848): [14848] WARNING: XPCOM objects created/destroyed from static ctor/dtor: file /home/fischer/Projects/gecko-dev/xpcom/base/nsTraceRefcnt.cpp, line 167
12-03 02:58:32.856: I/Gecko(14848): [14848] WARNING: XPCOM objects created/destroyed from static ctor/dtor: file /home/fischer/Projects/gecko-dev/xpcom/base/nsTraceRefcnt.cpp, line 167
12-03 02:58:32.856: I/Gecko(14848): [14848] WARNING: XPCOM objects created/destroyed from static ctor/dtor: file /home/fischer/Projects/gecko-dev/xpcom/base/nsTraceRefcnt.cpp, line 167
12-03 02:58:32.856: I/Gecko(14848): [14848] WARNING: XPCOM objects created/destroyed from static ctor/dtor: file /home/fischer/Projects/gecko-dev/xpcom/base/nsTraceRefcnt.cpp, line 167
12-03 02:58:32.856: I/Gecko(14848): [14848] WARNING: XPCOM objects created/destroyed from static ctor/dtor: file /home/fischer/Projects/gecko-dev/xpcom/base/nsTraceRefcnt.cpp, line 167
12-03 02:58:32.856: I/Gecko(14848): [14848] WARNING: XPCOM objects created/destroyed from static ctor/dtor: file /home/fischer/Projects/gecko-dev/xpcom/base/nsTraceRefcnt.cpp, line 167
12-03 02:58:32.856: I/Gecko(14848): [14848] WARNING: XPCOM objects created/destroyed from static ctor/dtor: file /home/fischer/Projects/gecko-dev/xpcom/base/nsTraceRefcnt.cpp, line 167
12-03 02:58:32.856: I/Gecko(14848): [14848] WARNING: XPCOM objects created/destroyed from static ctor/dtor: file /home/fischer/Projects/gecko-dev/xpcom/base/nsTraceRefcnt.cpp, line 167
12-03 02:58:32.856: I/Gecko(14848): [14848] WARNING: XPCOM objects created/destroyed from static ctor/dtor: file /home/fischer/Projects/gecko-dev/xpcom/base/nsTraceRefcnt.cpp, line 167
12-03 02:58:32.856: I/Gecko(14848): [14848] WARNING: XPCOM objects created/destroyed from static ctor/dtor: file /home/fischer/Projects/gecko-dev/xpcom/base/nsTraceRefcnt.cpp, line 167
12-03 02:58:32.856: I/Gecko(14848): [14848] WARNING: XPCOM objects created/destroyed from static ctor/dtor: file /home/fischer/Projects/gecko-dev/xpcom/base/nsTraceRefcnt.cpp, line 167
12-03 02:58:32.856: I/Gecko(14848): [14848] WARNING: XPCOM objects created/destroyed from static ctor/dtor: file /home/fischer/Projects/gecko-dev/xpcom/base/nsTraceRefcnt.cpp, line 167
12-03 02:58:32.856: I/Gecko(14848): [14848] WARNING: XPCOM objects created/destroyed from static ctor/dtor: file /home/fischer/Projects/gecko-dev/xpcom/base/nsTraceRefcnt.cpp, line 167
12-03 02:58:32.856: I/Gecko(14848): [14848] WARNING: XPCOM objects created/destroyed from static ctor/dtor: file /home/fischer/Projects/gecko-dev/xpcom/base/nsTraceRefcnt.cpp, line 167
12-03 02:58:32.856: I/Gecko(14848): [14848] WARNING: XPCOM objects created/destroyed from static ctor/dtor: file /home/fischer/Projects/gecko-dev/xpcom/base/nsTraceRefcnt.cpp, line 167
12-03 02:58:32.856: I/Gecko(14848): [14848] WARNING: XPCOM objects created/destroyed from static ctor/dtor: file /home/fischer/Projects/gecko-dev/xpcom/base/nsTraceRefcnt.cpp, line 167
12-03 02:58:32.856: I/Gecko(14848): [14848] WARNING: XPCOM objects created/destroyed from static ctor/dtor: file /home/fischer/Projects/gecko-dev/xpcom/base/nsTraceRefcnt.cpp, line 167
12-03 02:58:32.866: I/Gecko(14848): [14848] WARNING: XPCOM objects created/destroyed from static ctor/dtor: file /home/fischer/Projects/gecko-dev/xpcom/base/nsTraceRefcnt.cpp, line 167
12-03 02:58:32.866: I/Gecko(14848): [14848] WARNING: XPCOM objects created/destroyed from static ctor/dtor: file /home/fischer/Projects/gecko-dev/xpcom/base/nsTraceRefcnt.cpp, line 167
12-03 02:58:32.866: I/Gecko(14848): [14848] WARNING: XPCOM objects created/destroyed from static ctor/dtor: file /home/fischer/Projects/gecko-dev/xpcom/base/nsTraceRefcnt.cpp, line 167
12-03 02:58:32.866: I/Gecko(14848): [14848] WARNING: XPCOM objects created/destroyed from static ctor/dtor: file /home/fischer/Projects/gecko-dev/xpcom/base/nsTraceRefcnt.cpp, line 167
12-03 02:58:32.866: I/Gecko(14848): [14848] WARNING: XPCOM objects created/destroyed from static ctor/dtor: file /home/fischer/Projects/gecko-dev/xpcom/base/nsTraceRefcnt.cpp, line 167
12-03 02:58:32.866: I/Gecko(14848): [14848] WARNING: XPCOM objects created/destroyed from static ctor/dtor: file /home/fischer/Projects/gecko-dev/xpcom/base/nsTraceRefcnt.cpp, line 167
12-03 02:58:32.876: I/Gecko(14848): [14848] WARNING: XPCOM objects created/destroyed from static ctor/dtor: file /home/fischer/Projects/gecko-dev/xpcom/base/nsTraceRefcnt.cpp, line 167
12-03 02:58:32.876: I/Gecko(14848): [14848] WARNING: XPCOM objects created/destroyed from static ctor/dtor: file /home/fischer/Projects/gecko-dev/xpcom/base/nsTraceRefcnt.cpp, line 167
12-03 02:58:32.876: I/Gecko(14848): [14848] WARNING: XPCOM objects created/destroyed from static ctor/dtor: file /home/fischer/Projects/gecko-dev/xpcom/base/nsTraceRefcnt.cpp, line 167
12-03 02:58:32.876: I/Gecko(14848): [14848] WARNING: XPCOM objects created/destroyed from static ctor/dtor: file /home/fischer/Projects/gecko-dev/xpcom/base/nsTraceRefcnt.cpp, line 167
12-03 02:58:32.876: I/Gecko(14848): [14848] WARNING: XPCOM objects created/destroyed from static ctor/dtor: file /home/fischer/Projects/gecko-dev/xpcom/base/nsTraceRefcnt.cpp, line 167
12-03 02:58:32.876: I/Gecko(14848): [14848] WARNING: XPCOM objects created/destroyed from static ctor/dtor: file /home/fischer/Projects/gecko-dev/xpcom/base/nsTraceRefcnt.cpp, line 167
12-03 02:58:32.876: I/Gecko(14848): [14848] WARNING: XPCOM objects created/destroyed from static ctor/dtor: file /home/fischer/Projects/gecko-dev/xpcom/base/nsTraceRefcnt.cpp, line 167
12-03 02:58:32.876: I/Gecko(14848): [14848] WARNING: XPCOM objects created/destroyed from static ctor/dtor: file /home/fischer/Projects/gecko-dev/xpcom/base/nsTraceRefcnt.cpp, line 167
12-03 02:58:32.876: I/Gecko(14848): [14848] WARNING: '!compMgr', file /home/fischer/Projects/gecko-dev/xpcom/glue/nsComponentManagerUtils.cpp, line 63
12-03 02:58:32.886: I/Gecko(14848): [14848] WARNING: XPCOM objects created/destroyed from static ctor/dtor: file /home/fischer/Projects/gecko-dev/xpcom/base/nsTraceRefcnt.cpp, line 167
12-03 02:58:32.886: I/Gecko(14848): [14848] WARNING: XPCOM objects created/destroyed from static ctor/dtor: file /home/fischer/Projects/gecko-dev/xpcom/base/nsTraceRefcnt.cpp, line 167
12-03 02:58:32.886: I/Gecko(14848): [14848] WARNING: XPCOM objects created/destroyed from static ctor/dtor: file /home/fischer/Projects/gecko-dev/xpcom/base/nsTraceRefcnt.cpp, line 167
12-03 02:58:32.886: I/Gecko(14848): [14848] WARNING: XPCOM objects created/destroyed from static ctor/dtor: file /home/fischer/Projects/gecko-dev/xpcom/base/nsTraceRefcnt.cpp, line 167
12-03 02:58:32.886: I/Gecko(14848): [14848] WARNING: XPCOM objects created/destroyed from static ctor/dtor: file /home/fischer/Projects/gecko-dev/xpcom/base/nsTraceRefcnt.cpp, line 167
12-03 02:58:32.886: I/Gecko(14848): [14848] WARNING: XPCOM objects created/destroyed from static ctor/dtor: file /home/fischer/Projects/gecko-dev/xpcom/base/nsTraceRefcnt.cpp, line 167
12-03 02:58:32.886: I/Gecko(14848): [14848] WARNING: XPCOM objects created/destroyed from static ctor/dtor: file /home/fischer/Projects/gecko-dev/xpcom/base/nsTraceRefcnt.cpp, line 167
12-03 02:58:32.886: I/Gecko(14848): [14848] WARNING: XPCOM objects created/destroyed from static ctor/dtor: file /home/fischer/Projects/gecko-dev/xpcom/base/nsTraceRefcnt.cpp, line 167
12-03 02:58:32.886: I/Gecko(14848): [14848] WARNING: XPCOM objects created/destroyed from static ctor/dtor: file /home/fischer/Projects/gecko-dev/xpcom/base/nsTraceRefcnt.cpp, line 167
12-03 02:58:32.886: I/Gecko(14848): [14848] WARNING: XPCOM objects created/destroyed from static ctor/dtor: file /home/fischer/Projects/gecko-dev/xpcom/base/nsTraceRefcnt.cpp, line 167
12-03 02:58:32.886: I/Gecko(14848): [14848] WARNING: XPCOM objects created/destroyed from static ctor/dtor: file /home/fischer/Projects/gecko-dev/xpcom/base/nsTraceRefcnt.cpp, line 167
12-03 02:58:32.886: I/Gecko(14848): [14848] WARNING: XPCOM objects created/destroyed from static ctor/dtor: file /home/fischer/Projects/gecko-dev/xpcom/base/nsTraceRefcnt.cpp, line 167
12-03 02:58:32.886: I/Gecko(14848): [14848] WARNING: XPCOM objects created/destroyed from static ctor/dtor: file /home/fischer/Projects/gecko-dev/xpcom/base/nsTraceRefcnt.cpp, line 167
12-03 02:58:32.886: I/Gecko(14848): [14848] WARNING: XPCOM objects created/destroyed from static ctor/dtor: file /home/fischer/Projects/gecko-dev/xpcom/base/nsTraceRefcnt.cpp, line 167
12-03 02:58:32.886: I/Gecko(14848): [14848] WARNING: XPCOM objects created/destroyed from static ctor/dtor: file /home/fischer/Projects/gecko-dev/xpcom/base/nsTraceRefcnt.cpp, line 167
12-03 02:58:32.886: I/Gecko(14848): [14848] WARNING: XPCOM objects created/destroyed from static ctor/dtor: file /home/fischer/Projects/gecko-dev/xpcom/base/nsTraceRefcnt.cpp, line 167
12-03 02:58:32.886: I/Gecko(14848): [14848] WARNING: XPCOM objects created/destroyed from static ctor/dtor: file /home/fischer/Projects/gecko-dev/xpcom/base/nsTraceRefcnt.cpp, line 167
12-03 02:58:32.886: I/Gecko(14848): [14848] WARNING: XPCOM objects created/destroyed from static ctor/dtor: file /home/fischer/Projects/gecko-dev/xpcom/base/nsTraceRefcnt.cpp, line 167
12-03 02:58:32.886: I/Gecko(14848): [14848] WARNING: XPCOM objects created/destroyed from static ctor/dtor: file /home/fischer/Projects/gecko-dev/xpcom/base/nsTraceRefcnt.cpp, line 167
12-03 02:58:32.886: I/Gecko(14848): [14848] WARNING: XPCOM objects created/destroyed from static ctor/dtor: file /home/fischer/Projects/gecko-dev/xpcom/base/nsTraceRefcnt.cpp, line 167
12-03 02:58:32.886: I/Gecko(14848): [14848] WARNING: XPCOM objects created/destroyed from static ctor/dtor: file /home/fischer/Projects/gecko-dev/xpcom/base/nsTraceRefcnt.cpp, line 167
12-03 02:58:32.886: I/Gecko(14848): [14848] WARNING: XPCOM objects created/destroyed from static ctor/dtor: file /home/fischer/Projects/gecko-dev/xpcom/base/nsTraceRefcnt.cpp, line 167
12-03 02:58:32.886: I/Gecko(14848): [14848] WARNING: XPCOM objects created/destroyed from static ctor/dtor: file /home/fischer/Projects/gecko-dev/xpcom/base/nsTraceRefcnt.cpp, line 167
12-03 02:58:32.886: I/Gecko(14848): [14848] WARNING: XPCOM objects created/destroyed from static ctor/dtor: file /home/fischer/Projects/gecko-dev/xpcom/base/nsTraceRefcnt.cpp, line 167
12-03 02:58:32.886: I/Gecko(14848): [14848] WARNING: XPCOM objects created/destroyed from static ctor/dtor: file /home/fischer/Projects/gecko-dev/xpcom/base/nsTraceRefcnt.cpp, line 167
12-03 02:58:32.886: I/Gecko(14848): [14848] WARNING: XPCOM objects created/destroyed from static ctor/dtor: file /home/fischer/Projects/gecko-dev/xpcom/base/nsTraceRefcnt.cpp, line 167
12-03 02:58:32.886: I/Gecko(14848): [14848] WARNING: XPCOM objects created/destroyed from static ctor/dtor: file /home/fischer/Projects/gecko-dev/xpcom/base/nsTraceRefcnt.cpp, line 167
12-03 02:58:32.886: I/Gecko(14848): [14848] WARNING: XPCOM objects created/destroyed from static ctor/dtor: file /home/fischer/Projects/gecko-dev/xpcom/base/nsTraceRefcnt.cpp, line 167
12-03 02:58:32.886: I/Gecko(14848): [14848] WARNING: XPCOM objects created/destroyed from static ctor/dtor: file /home/fischer/Projects/gecko-dev/xpcom/base/nsTraceRefcnt.cpp, line 167
12-03 02:58:32.886: I/Gecko(14848): [14848] WARNING: XPCOM objects created/destroyed from static ctor/dtor: file /home/fischer/Projects/gecko-dev/xpcom/base/nsTraceRefcnt.cpp, line 167
12-03 02:58:32.886: I/Gecko(14848): [14848] WARNING: XPCOM objects created/destroyed from static ctor/dtor: file /home/fischer/Projects/gecko-dev/xpcom/base/nsTraceRefcnt.cpp, line 167
12-03 02:58:32.886: I/Gecko(14848): [14848] WARNING: XPCOM objects created/destroyed from static ctor/dtor: file /home/fischer/Projects/gecko-dev/xpcom/base/nsTraceRefcnt.cpp, line 167
12-03 02:58:32.886: I/Gecko(14848): [14848] WARNING: XPCOM objects created/destroyed from static ctor/dtor: file /home/fischer/Projects/gecko-dev/xpcom/base/nsTraceRefcnt.cpp, line 167
12-03 02:58:32.886: I/Gecko(14848): [14848] WARNING: XPCOM objects created/destroyed from static ctor/dtor: file /home/fischer/Projects/gecko-dev/xpcom/base/nsTraceRefcnt.cpp, line 167
12-03 02:58:32.886: I/Gecko(14848): [14848] WARNING: XPCOM objects created/destroyed from static ctor/dtor: file /home/fischer/Projects/gecko-dev/xpcom/base/nsTraceRefcnt.cpp, line 167
12-03 02:58:32.886: I/Gecko(14848): [14848] WARNING: XPCOM objects created/destroyed from static ctor/dtor: file /home/fischer/Projects/gecko-dev/xpcom/base/nsTraceRefcnt.cpp, line 167
12-03 02:58:32.886: I/Gecko(14848): [14848] WARNING: XPCOM objects created/destroyed from static ctor/dtor: file /home/fischer/Projects/gecko-dev/xpcom/base/nsTraceRefcnt.cpp, line 167
12-03 02:58:32.886: I/Gecko(14848): [14848] WARNING: XPCOM objects created/destroyed from static ctor/dtor: file /home/fischer/Projects/gecko-dev/xpcom/base/nsTraceRefcnt.cpp, line 167
12-03 02:58:32.886: I/Gecko(14848): [14848] WARNING: XPCOM objects created/destroyed from static ctor/dtor: file /home/fischer/Projects/gecko-dev/xpcom/base/nsTraceRefcnt.cpp, line 167
12-03 02:58:32.886: I/Gecko(14848): [14848] WARNING: XPCOM objects created/destroyed from static ctor/dtor: file /home/fischer/Projects/gecko-dev/xpcom/base/nsTraceRefcnt.cpp, line 167
12-03 02:58:32.886: I/Gecko(14848): [14848] WARNING: XPCOM objects created/destroyed from static ctor/dtor: file /home/fischer/Projects/gecko-dev/xpcom/base/nsTraceRefcnt.cpp, line 167
12-03 02:58:32.886: I/Gecko(14848): [14848] WARNING: XPCOM objects created/destroyed from static ctor/dtor: file /home/fischer/Projects/gecko-dev/xpcom/base/nsTraceRefcnt.cpp, line 167
12-03 02:58:32.886: I/Gecko(14848): [14848] WARNING: XPCOM objects created/destroyed from static ctor/dtor: file /home/fischer/Projects/gecko-dev/xpcom/base/nsTraceRefcnt.cpp, line 167
12-03 02:58:32.886: I/Gecko(14848): [14848] WARNING: XPCOM objects created/destroyed from static ctor/dtor: file /home/fischer/Projects/gecko-dev/xpcom/base/nsTraceRefcnt.cpp, line 167
12-03 02:58:32.886: I/Gecko(14848): [14848] WARNING: XPCOM objects created/destroyed from static ctor/dtor: file /home/fischer/Projects/gecko-dev/xpcom/base/nsTraceRefcnt.cpp, line 167
12-03 02:58:32.886: W/(14848): could not open framebuffer
12-03 02:58:32.896: I/Gecko(14860): [14860] WARNING: Tried to RegisterCallback without an AtExitManager: file /home/fischer/Projects/gecko-dev/ipc/chromium/src/base/at_exit.cc, line 40
12-03 02:58:33.126: I/qdutils(14848): Right Split=0
12-03 02:58:33.126: D/qdhwcomposer(14848): int qhwc::adRead(): /sys/class/graphics/fb2/ad could not be opened : No such file or directory
12-03 02:58:33.126: I/qdhwcomposer(14848): Initializing Qualcomm Hardware Composer
12-03 02:58:33.126: I/qdhwcomposer(14848): MDP version: 500
12-03 02:58:33.126: D/qdhwcomposer(14848): hwc_getDisplayAttributes disp = 0, width = 1080
12-03 02:58:33.126: D/qdhwcomposer(14848): hwc_getDisplayAttributes disp = 0, height = 1920
12-03 02:58:33.126: E/qdhwcomposer(14848): Unknown display attribute 0
12-03 02:58:33.126: I/PowerHAL(14848): power_init
12-03 02:58:33.126: D/qdhwcomposer(14848): hwc_blank: Unblanking display: 0
12-03 02:58:33.126: D/qdhwcomposer(14848): hwc_blank: Done unblanking display: 0
12-03 02:58:33.126: W/Gonk(14848): Could not open boot animation
12-03 02:58:33.126: W/Gonk(14848): Show solid color frame for bootAnim
12-03 02:58:33.166: I/GeckoConsole(14848): Failed to load native module at path '/system/b2g/components/libtest656331.so': (80004005) dlopen failed: library "/system/b2g/components/libtest656331.so" not found
12-03 02:58:33.166: I/GeckoConsole(14848): Failed to load native module at path '/system/b2g/components/libtestcompnoaslr.so': (80004005) dlopen failed: library "/system/b2g/components/libtestcompnoaslr.so" not found
12-03 02:58:33.166: I/GeckoConsole(14848): Failed to load native module at path '/system/b2g/components/libtestcomponent.so': (80004005) dlopen failed: library "/system/b2g/components/libtestcomponent.so" not found
12-03 02:58:33.186: D/qdutils(14848): DEBUG_CALC_FPS: 0
12-03 02:58:33.186: D/qdutils(14848): period: 10
12-03 02:58:33.186: D/qdutils(14848): ignorethresh_us: 500000
12-03 02:58:33.426: I/Gecko(14848): [14848] WARNING: NS_ENSURE_TRUE(lowMemFd != -1) failed: file ../../../../gecko-dev/widget/gonk/GonkMemoryPressureMonitoring.cpp, line 130
12-03 02:58:33.736: I/Gecko(14848): [14848] WARNING: Failed to create Addons Manager.: file /home/fischer/Projects/gecko-dev/toolkit/xre/nsXREDirProvider.cpp, line 883
12-03 02:58:34.556: I/VolumeManager(14848): changing state from 'Uninitialized' to 'Starting'
12-03 02:58:34.556: I/VolumeManager(14848): Connected to vold
12-03 02:58:34.556: I/VolumeManager(14848): Volume sdcard (1): changing state from Init to Mounted @ '/mnt/shell/emulated/0' (1 observers) mountGeneration = 1, locked = 0
12-03 02:58:34.556: I/VolumeManager(14848): READY: Volume: sdcard (1) is Mounted and inserted @ /mnt/shell/emulated/0 gen 1 locked 0
12-03 02:58:34.556: I/VolumeManager(14848): READY:   Sharing x Mounting n Formating n Unmounting n
12-03 02:58:34.556: I/VolumeManager(14848): changing state from 'Starting' to 'Volumes Ready'
12-03 02:58:34.566: I/AutoMounter(14848): UpdateState: ums:A0C0E0 mtp:A1C0E0 mode:0 usb:1 tryToShare:0 state:IDLE
12-03 02:58:34.566: I/AutoMounter(14848): UpdateState: Volume sdcard is Mounted and inserted @ /mnt/shell/emulated/0 gen 1 locked 0 sharing x
12-03 02:58:34.586: W/AudioFlinger(13184): Thread AudioOut_3 cannot connect to the power manager service
12-03 02:58:34.586: W/AudioFlinger(13184): Thread AudioOut_2 cannot connect to the power manager service
12-03 02:58:34.586: W/AudioFlinger(13184): Thread AudioOut_2 cannot connect to the power manager service
12-03 02:58:34.586: E/AudioFlinger(13184): no wake lock to update!
12-03 02:58:34.586: W/AudioFlinger(13184): Thread AudioOut_3 cannot connect to the power manager service
12-03 02:58:34.586: E/AudioFlinger(13184): no wake lock to update!
12-03 02:58:34.626: I/Gecko(14848): MobileConnectionService: init complete
12-03 02:58:34.806: I/Gecko(14848): 1449129514822	Marionette	INFO	Marionette enabled via build flag and pref
12-03 02:58:36.566: I/Gecko(14848): 1449129516575	Marionette	INFO	Listening on port 2828
12-03 02:58:36.726: V/EventHub(14848): Opening device: /dev/input/event5
12-03 02:58:36.726: V/EventHub(14848): Created descriptor: raw=:0000:0000:name:msm8974-taiko-mtp-snd-card Headset Jack, cooked=c8e3782483b4837ead6602e20483c46ff801112c
12-03 02:58:36.726: V/EventHub(14848): add device 1: /dev/input/event5
12-03 02:58:36.726: V/EventHub(14848):   bus:        0000
12-03 02:58:36.726: V/EventHub(14848):   vendor      0000
12-03 02:58:36.726: V/EventHub(14848):   product     0000
12-03 02:58:36.726: V/EventHub(14848):   version     0000
12-03 02:58:36.726: V/EventHub(14848):   name:       "msm8974-taiko-mtp-snd-card Headset Jack"
12-03 02:58:36.726: V/EventHub(14848):   location:   "ALSA"
12-03 02:58:36.726: V/EventHub(14848):   unique id:  ""
12-03 02:58:36.726: V/EventHub(14848):   descriptor: "c8e3782483b4837ead6602e20483c46ff801112c"
12-03 02:58:36.726: V/EventHub(14848):   driver:     v1.0.1
12-03 02:58:36.726: D/EventHub(14848): No input device configuration file found for device 'msm8974-taiko-mtp-snd-card Headset Jack'.
12-03 02:58:36.726: I/EventHub(14848): New device: id=1, fd=63, path='/dev/input/event5', name='msm8974-taiko-mtp-snd-card Headset Jack', classes=0x80, configuration='', keyLayout='', keyCharacterMap='', builtinKeyboard=false, usingSuspendBlockIoctl=true, usingClockIoctl=true
12-03 02:58:36.726: V/EventHub(14848): Opening device: /dev/input/event4
12-03 02:58:36.726: V/EventHub(14848): Created descriptor: raw=:0000:0000:name:msm8974-taiko-mtp-snd-card Button Jack, cooked=96fe62b244c555351ec576b282232e787fb42bab
12-03 02:58:36.726: V/EventHub(14848): add device 2: /dev/input/event4
12-03 02:58:36.726: V/EventHub(14848):   bus:        0000
12-03 02:58:36.726: V/EventHub(14848):   vendor      0000
12-03 02:58:36.726: V/EventHub(14848):   product     0000
12-03 02:58:36.726: V/EventHub(14848):   version     0000
12-03 02:58:36.726: V/EventHub(14848):   name:       "msm8974-taiko-mtp-snd-card Button Jack"
12-03 02:58:36.726: V/EventHub(14848):   location:   "ALSA"
12-03 02:58:36.726: V/EventHub(14848):   unique id:  ""
12-03 02:58:36.726: V/EventHub(14848):   descriptor: "96fe62b244c555351ec576b282232e787fb42bab"
12-03 02:58:36.726: V/EventHub(14848):   driver:     v1.0.1
12-03 02:58:36.726: D/EventHub(14848): No input device configuration file found for device 'msm8974-taiko-mtp-snd-card Button Jack'.
12-03 02:58:36.726: W/EventHub(14848): Unable to disable kernel key repeat for /dev/input/event4: Function not implemented
12-03 02:58:36.726: I/EventHub(14848): New device: id=2, fd=62, path='/dev/input/event4', name='msm8974-taiko-mtp-snd-card Button Jack', classes=0x1, configuration='', keyLayout='/system/usr/keylayout/msm8974-taiko-mtp-snd-card_Button_Jack.kl', keyCharacterMap='/system/usr/keychars/msm8974-taiko-mtp-snd-card_Button_Jack.kcm', builtinKeyboard=false, usingSuspendBlockIoctl=true, usingClockIoctl=true
12-03 02:58:36.726: V/EventHub(14848): Opening device: /dev/input/event3
12-03 02:58:36.726: V/EventHub(14848): Created descriptor: raw=:0001:0001:, cooked=485d69228e24f5e46da1598745890b214130dbc4
12-03 02:58:36.726: V/EventHub(14848): add device 3: /dev/input/event3
12-03 02:58:36.726: V/EventHub(14848):   bus:        0000
12-03 02:58:36.726: V/EventHub(14848):   vendor      0001
12-03 02:58:36.726: V/EventHub(14848):   product     0001
12-03 02:58:36.726: V/EventHub(14848):   version     0001
12-03 02:58:36.726: V/EventHub(14848):   name:       "hs_detect"
12-03 02:58:36.726: V/EventHub(14848):   location:   ""
12-03 02:58:36.726: V/EventHub(14848):   unique id:  ""
12-03 02:58:36.726: V/EventHub(14848):   descriptor: "485d69228e24f5e46da1598745890b214130dbc4"
12-03 02:58:36.726: V/EventHub(14848):   driver:     v1.0.1
12-03 02:58:36.726: D/EventHub(14848): No input device configuration file found for device 'hs_detect'.
12-03 02:58:36.726: I/libsensor1(14848): sensor1_init_once: Setting log level to 4
12-03 02:58:36.726: I/qcom_sensors_hal(14848): hal_init: Setting log level to 4
12-03 02:58:36.726: W/EventHub(14848): Unable to disable kernel key repeat for /dev/input/event3: Function not implemented
12-03 02:58:36.726: I/EventHub(14848): New device: id=3, fd=65, path='/dev/input/event3', name='hs_detect', classes=0x81, configuration='', keyLayout='/system/usr/keylayout/hs_detect.kl', keyCharacterMap='/system/usr/keychars/hs_detect.kcm', builtinKeyboard=false, usingSuspendBlockIoctl=true, usingClockIoctl=true
12-03 02:58:36.726: V/EventHub(14848): Opening device: /dev/input/event1
12-03 02:58:36.726: V/EventHub(14848): Created descriptor: raw=:0000:0000:name:touch_dev, cooked=4e2720e99bd2b59adae8529881343531fff7c98e
12-03 02:58:36.726: V/EventHub(14848): add device 4: /dev/input/event1
12-03 02:58:36.726: V/EventHub(14848):   bus:        0000
12-03 02:58:36.726: V/EventHub(14848):   vendor      0000
12-03 02:58:36.726: V/EventHub(14848):   product     0000
12-03 02:58:36.726: V/EventHub(14848):   version     0000
12-03 02:58:36.726: V/EventHub(14848):   name:       "touch_dev"
12-03 02:58:36.726: V/EventHub(14848):   location:   ""
12-03 02:58:36.726: V/EventHub(14848):   unique id:  ""
12-03 02:58:36.726: V/EventHub(14848):   descriptor: "4e2720e99bd2b59adae8529881343531fff7c98e"
12-03 02:58:36.726: V/EventHub(14848):   driver:     v1.0.1
12-03 02:58:36.736: I/EventHub(14848): New device: id=4, fd=72, path='/dev/input/event1', name='touch_dev', classes=0x14, configuration='/system/usr/idc/touch_dev.idc', keyLayout='', keyCharacterMap='', builtinKeyboard=false, usingSuspendBlockIoctl=true, usingClockIoctl=true
12-03 02:58:36.736: V/EventHub(14848): Opening device: /dev/input/event0
12-03 02:58:36.736: V/EventHub(14848): Created descriptor: raw=:0000:0000:name:qpnp_pon, cooked=fb60d4f4370f5dbe8267b63d38dea852987571ab
12-03 02:58:36.736: V/EventHub(14848): add device 5: /dev/input/event0
12-03 02:58:36.736: V/EventHub(14848):   bus:        0000
12-03 02:58:36.736: V/EventHub(14848):   vendor      0000
12-03 02:58:36.736: V/EventHub(14848):   product     0000
12-03 02:58:36.736: V/EventHub(14848):   version     0000
12-03 02:58:36.736: V/EventHub(14848):   name:       "qpnp_pon"
12-03 02:58:36.736: V/EventHub(14848):   location:   "qpnp_pon/input0"
12-03 02:58:36.736: V/EventHub(14848):   unique id:  ""
12-03 02:58:36.736: V/EventHub(14848):   descriptor: "fb60d4f4370f5dbe8267b63d38dea852987571ab"
12-03 02:58:36.736: V/EventHub(14848):   driver:     v1.0.1
12-03 02:58:36.736: D/EventHub(14848): No input device configuration file found for device 'qpnp_pon'.
12-03 02:58:36.736: W/EventHub(14848): Unable to disable kernel key repeat for /dev/input/event0: Function not implemented
12-03 02:58:36.736: I/EventHub(14848): New device: id=5, fd=74, path='/dev/input/event0', name='qpnp_pon', classes=0x1, configuration='', keyLayout='/system/usr/keylayout/qpnp_pon.kl', keyCharacterMap='/system/usr/keychars/qpnp_pon.kcm', builtinKeyboard=false, usingSuspendBlockIoctl=true, usingClockIoctl=true
12-03 02:58:36.736: V/EventHub(14848): Opening device: /dev/input/event2
12-03 02:58:36.736: V/EventHub(14848): Created descriptor: raw=:0001:0001:, cooked=485d69228e24f5e46da1598745890b214130dbc4
12-03 02:58:36.736: V/EventHub(14848): add device 6: /dev/input/event2
12-03 02:58:36.736: V/EventHub(14848):   bus:        0019
12-03 02:58:36.736: V/EventHub(14848):   vendor      0001
12-03 02:58:36.736: V/EventHub(14848):   product     0001
12-03 02:58:36.736: V/EventHub(14848):   version     0100
12-03 02:58:36.736: V/EventHub(14848):   name:       "gpio-keys"
12-03 02:58:36.736: V/EventHub(14848):   location:   "gpio-keys/input0"
12-03 02:58:36.736: V/EventHub(14848):   unique id:  ""
12-03 02:58:36.736: V/EventHub(14848):   descriptor: "485d69228e24f5e46da1598745890b214130dbc4"
12-03 02:58:36.736: V/EventHub(14848):   driver:     v1.0.1
12-03 02:58:36.736: D/EventHub(14848): No input device configuration file found for device 'gpio-keys'.
12-03 02:58:36.736: W/EventHub(14848): Unable to disable kernel key repeat for /dev/input/event2: Function not implemented
12-03 02:58:36.736: I/EventHub(14848): New device: id=6, fd=76, path='/dev/input/event2', name='gpio-keys', classes=0x81, configuration='', keyLayout='/system/usr/keylayout/gpio-keys.kl', keyCharacterMap='/system/usr/keychars/gpio-keys.kcm', builtinKeyboard=false, usingSuspendBlockIoctl=true, usingClockIoctl=true
12-03 02:58:36.736: V/EventHub(14848): Created descriptor: raw=:0000:0000:uniqueId:<virtual>name:Virtual, cooked=a718a782d34bc767f4689c232d64d527998ea7fd
12-03 02:58:36.746: V/EventHub(14848): Reporting device opened: id=-1, name=<virtual>
12-03 02:58:36.746: V/EventHub(14848): Reporting device opened: id=6, name=/dev/input/event2
12-03 02:58:36.746: V/EventHub(14848): Reporting device opened: id=5, name=/dev/input/event0
12-03 02:58:36.746: V/EventHub(14848): Reporting device opened: id=4, name=/dev/input/event1
12-03 02:58:36.746: V/EventHub(14848): Reporting device opened: id=3, name=/dev/input/event3
12-03 02:58:36.746: V/EventHub(14848): Reporting device opened: id=2, name=/dev/input/event4
12-03 02:58:36.746: V/EventHub(14848): Reporting device opened: id=1, name=/dev/input/event5
12-03 02:58:36.746: I/InputReader(14848): Device added: id=-1, name='Virtual', sources=0x00000301
12-03 02:58:36.746: I/InputReader(14848): Device added: id=6, name='gpio-keys', sources=0x80000101
12-03 02:58:36.746: I/InputReader(14848): Device added: id=5, name='qpnp_pon', sources=0x00000101
12-03 02:58:36.746: I/InputReader(14848): Device reconfigured: id=4, name='touch_dev', size 1080x1920, orientation 0, mode 1, display id 0
12-03 02:58:36.756: I/InputReader(14848): Device added: id=4, name='touch_dev', sources=0x00001002
12-03 02:58:36.756: I/InputReader(14848): Device added: id=3, name='hs_detect', sources=0x80000101
12-03 02:58:36.756: I/InputReader(14848): Device added: id=2, name='msm8974-taiko-mtp-snd-card Button Jack', sources=0x00000101
12-03 02:58:36.756: I/InputReader(14848): Device added: id=1, name='msm8974-taiko-mtp-snd-card Headset Jack', sources=0x80000000
12-03 02:58:36.826: I/HWComposer(14848): Creating new instance
12-03 02:58:36.826: I/qdhwcomposer(14848): hwc_registerProcs
12-03 02:58:36.826: I/qdhwcomposer(14848): Initializing UEVENT Thread
12-03 02:58:36.826: I/qdhwcomposer(14848): Initializing VSYNC Thread
12-03 02:58:36.826: I/Gecko(14848): ++DOCSHELL 0xadfc9000 == 1 [pid = 14848] [id = 1]
12-03 02:58:36.836: I/qdhwcomposer(14848): vsync_loop: Reading vsync for dpy=0 from /sys/class/graphics/fb0/vsync_event
12-03 02:58:36.836: I/qdhwcomposer(14848): vsync_loop: Reading vsync for dpy=1 from /sys/class/graphics/fb1/vsync_event
12-03 02:58:36.846: I/Gecko(14848): ++DOMWINDOW == 1 (0xadfc9400) [pid = 14848] [serial = 1] [outer = 0x0]
12-03 02:58:36.846: I/Gecko(14848): ++DOMWINDOW == 2 (0xadfca000) [pid = 14848] [serial = 2] [outer = 0xadfc9400]
12-03 02:58:38.486: I/Gecko(14848): AlarmService: init()
12-03 02:58:38.496: I/Gecko(14848): AlarmService: _restoreAlarmsFromDb()
12-03 02:58:38.686: W/GeckoConsole(14848): [JavaScript Warning: "Empty string passed to getElementById()." {file: "chrome://b2g/content/shell.html" line: 0}]
12-03 02:58:39.496: I/Gecko(14848): -*-*- Webapps.jsm : init
12-03 02:58:39.506: I/Gecko(14848): -*-*- Webapps.jsm : loadAndUpdateApps
12-03 02:58:39.766: I/Gecko(14848): [14848] WARNING: NS_ENSURE_TRUE(startupCache) failed: file /home/fischer/Projects/gecko-dev/dom/xbl/nsXBLDocumentInfo.cpp, line 199
12-03 02:58:39.776: I/Gecko(14848): [14848] WARNING: NS_ENSURE_TRUE(startupCache) failed: file /home/fischer/Projects/gecko-dev/dom/xbl/nsXBLDocumentInfo.cpp, line 267
12-03 02:58:39.806: I/Gecko(14848): [Parent 14848] WARNING: Unable to printf the requested string due to error.: file /home/fischer/Projects/gecko-dev/ipc/chromium/src/base/string_util.cc, line 427
12-03 02:58:39.816: I/Gecko(14848): [Parent 14848] WARNING: Unable to printf the requested string due to error.: file /home/fischer/Projects/gecko-dev/ipc/chromium/src/base/string_util.cc, line 427
12-03 02:58:39.816: I/Gecko(14848): [Parent 14848] WARNING: Unable to printf the requested string due to error.: file /home/fischer/Projects/gecko-dev/ipc/chromium/src/base/string_util.cc, line 427
12-03 02:58:39.816: I/Gecko(14848): [Parent 14848] WARNING: Unable to printf the requested string due to error.: file /home/fischer/Projects/gecko-dev/ipc/chromium/src/base/string_util.cc, line 427
12-03 02:58:40.106: I/Gecko(14848): -*-*- Webapps.jsm : _readManifests of bluetooth.gaiamobile.org
12-03 02:58:40.106: I/Gecko(14848): -*-*- Webapps.jsm : Find no manifestCache of bluetooth.gaiamobile.org. The manifest file used to be named manifest.json, so fallback on /system/b2g/webapps/bluetooth.gaiamobile.org
12-03 02:58:40.186: I/Gecko(14860): [Child 14860] WARNING: '!compMgr', file /home/fischer/Projects/gecko-dev/xpcom/glue/nsComponentManagerUtils.cpp, line 63
12-03 02:58:40.186: I/Gecko(14860): [Child 14860] WARNING: NS_ENSURE_TRUE(InitStaticMembers()) failed: file /home/fischer/Projects/gecko-dev/modules/libpref/Preferences.cpp, line 1355
12-03 02:58:40.206: I/Gecko(14848): -*-*- Webapps.jsm : Find fallback manifestCache on manifest.webapp of id = bluetooth.gaiamobile.org
12-03 02:58:40.226: I/Gecko(14848): -*-*- Webapps.jsm : _readManifests of bookmark.gaiamobile.org
12-03 02:58:40.226: I/Gecko(14848): -*-*- Webapps.jsm : Find no manifestCache of bookmark.gaiamobile.org. The manifest file used to be named manifest.json, so fallback on /system/b2g/webapps/bookmark.gaiamobile.org
12-03 02:58:40.236: I/Gecko(14848): ###!!! [Parent][OnMaybeDequeueOne] Error: Channel closing: too late to send/recv, messages will be lost
12-03 02:58:40.236: I/Gecko(14848): -*-*- Webapps.jsm : Find fallback manifestCache on manifest.webapp of id = bookmark.gaiamobile.org
12-03 02:58:40.246: I/Gecko(14848): -*-*- Webapps.jsm : _readManifests of calendar.gaiamobile.org
12-03 02:58:40.256: I/Gecko(14848): -*-*- Webapps.jsm : Find no manifestCache of calendar.gaiamobile.org. The manifest file used to be named manifest.json, so fallback on /system/b2g/webapps/calendar.gaiamobile.org
12-03 02:58:40.266: I/Gecko(14848): -*-*- Webapps.jsm : Find fallback manifestCache on manifest.webapp of id = calendar.gaiamobile.org
12-03 02:58:40.266: I/Gecko(14848): -*-*- Webapps.jsm : _readManifests of callscreen.gaiamobile.org
12-03 02:58:40.276: I/Gecko(14848): -*-*- Webapps.jsm : Find no manifestCache of callscreen.gaiamobile.org. The manifest file used to be named manifest.json, so fallback on /system/b2g/webapps/callscreen.gaiamobile.org
12-03 02:58:40.286: I/(Nuwa)(14860): Failed to load native module at path '/system/b2g/components/libtest656331.so': (80004005) dlopen failed: library "/system/b2g/components/libtest656331.so" not found
12-03 02:58:40.286: I/(Nuwa)(14860): Failed to load native module at path '/system/b2g/components/libtestcompnoaslr.so': (80004005) dlopen failed: library "/system/b2g/components/libtestcompnoaslr.so" not found
12-03 02:58:40.286: I/Gecko(14848): -*-*- Webapps.jsm : Find fallback manifestCache on manifest.webapp of id = callscreen.gaiamobile.org
12-03 02:58:40.286: I/(Nuwa)(14860): Failed to load native module at path '/system/b2g/components/libtestcomponent.so': (80004005) dlopen failed: library "/system/b2g/components/libtestcomponent.so" not found
12-03 02:58:40.296: I/Gecko(14848): -*-*- Webapps.jsm : _readManifests of camera.gaiamobile.org
12-03 02:58:40.296: I/Gecko(14848): -*-*- Webapps.jsm : Find no manifestCache of camera.gaiamobile.org. The manifest file used to be named manifest.json, so fallback on /system/b2g/webapps/camera.gaiamobile.org
12-03 02:58:40.356: I/Gecko(14848): -*-*- Webapps.jsm : Find fallback manifestCache on manifest.webapp of id = camera.gaiamobile.org
12-03 02:58:40.366: I/Gecko(14848): -*-*- Webapps.jsm : _readManifests of clock.gaiamobile.org
12-03 02:58:40.366: I/Gecko(14848): -*-*- Webapps.jsm : Find no manifestCache of clock.gaiamobile.org. The manifest file used to be named manifest.json, so fallback on /system/b2g/webapps/clock.gaiamobile.org
12-03 02:58:40.426: I/Gecko(14848): -*-*- Webapps.jsm : Find fallback manifestCache on manifest.webapp of id = clock.gaiamobile.org
12-03 02:58:40.446: I/Gecko(14848): -*-*- Webapps.jsm : _readManifests of communications.gaiamobile.org
12-03 02:58:40.446: I/Gecko(14848): -*-*- Webapps.jsm : Find no manifestCache of communications.gaiamobile.org. The manifest file used to be named manifest.json, so fallback on /system/b2g/webapps/communications.gaiamobile.org
12-03 02:58:40.636: I/Gecko(14848): [Parent 14848] WARNING: Bluetooth is already disabled, or the toggling failed.: file ../../../../gecko-dev/dom/bluetooth/common/BluetoothService.cpp, line 506
12-03 02:58:40.636: I/Gecko(14848): [Parent 14848] WARNING: No observer registered for path /B2G/bluetooth/adapter: file ../../../../gecko-dev/dom/bluetooth/common/BluetoothService.cpp, line 397
12-03 02:58:40.656: I/Gecko(14848): -*-*- Webapps.jsm : Find fallback manifestCache on manifest.webapp of id = communications.gaiamobile.org
12-03 02:58:40.676: I/Gecko(14848): -*-*- Webapps.jsm : _readManifests of costcontrol.gaiamobile.org
12-03 02:58:40.676: I/Gecko(14848): -*-*- Webapps.jsm : Find no manifestCache of costcontrol.gaiamobile.org. The manifest file used to be named manifest.json, so fallback on /system/b2g/webapps/costcontrol.gaiamobile.org
12-03 02:58:40.736: I/Gecko(14848): AlarmService: Callback after getting alarms from database: []
12-03 02:58:40.736: I/Gecko(14848): AlarmService: Current alarm: null
12-03 02:58:40.736: I/Gecko(14848): AlarmService: Alarm queue: []
12-03 02:58:40.746: I/Gecko(14848): -*-*- Webapps.jsm : Find fallback manifestCache on manifest.webapp of id = costcontrol.gaiamobile.org
12-03 02:58:40.746: I/Gecko(14848): -*-*- Webapps.jsm : _readManifests of default_theme.gaiamobile.org
12-03 02:58:40.756: I/Gecko(14848): -*-*- Webapps.jsm : Find no manifestCache of default_theme.gaiamobile.org. The manifest file used to be named manifest.json, so fallback on /system/b2g/webapps/default_theme.gaiamobile.org
12-03 02:58:40.786: I/Gecko(14848): -*-*- Webapps.jsm : Find fallback manifestCache on manifest.webapp of id = default_theme.gaiamobile.org
12-03 02:58:40.796: I/Gecko(14848): -*-*- Webapps.jsm : _readManifests of download.gaiamobile.org
12-03 02:58:40.796: I/Gecko(14848): -*-*- Webapps.jsm : Find no manifestCache of download.gaiamobile.org. The manifest file used to be named manifest.json, so fallback on /system/b2g/webapps/download.gaiamobile.org
12-03 02:58:40.816: I/Gecko(14848): -*-*- Webapps.jsm : Find fallback manifestCache on manifest.webapp of id = download.gaiamobile.org
12-03 02:58:40.826: I/Gecko(14848): -*-*- Webapps.jsm : _readManifests of email.gaiamobile.org
12-03 02:58:40.826: I/Gecko(14848): -*-*- Webapps.jsm : Find no manifestCache of email.gaiamobile.org. The manifest file used to be named manifest.json, so fallback on /system/b2g/webapps/email.gaiamobile.org
12-03 02:58:40.866: I/Gecko(14860): [Child 14860] WARNING: NS_ENSURE_SUCCESS(rv, rv) failed with result 0x80004005: file /home/fischer/Projects/gecko-dev/toolkit/xre/nsXREDirProvider.cpp, line 1412
12-03 02:58:40.886: I/Gecko(14848): -*-*- Webapps.jsm : Find fallback manifestCache on manifest.webapp of id = email.gaiamobile.org
12-03 02:58:40.896: I/Gecko(14848): -*-*- Webapps.jsm : _readManifests of emergency-call.gaiamobile.org
12-03 02:58:40.896: I/Gecko(14848): -*-*- Webapps.jsm : Find no manifestCache of emergency-call.gaiamobile.org. The manifest file used to be named manifest.json, so fallback on /system/b2g/webapps/emergency-call.gaiamobile.org
12-03 02:58:40.916: I/Gecko(14848): -*-*- Webapps.jsm : Find fallback manifestCache on manifest.webapp of id = emergency-call.gaiamobile.org
12-03 02:58:40.926: I/Gecko(14848): -*-*- Webapps.jsm : _readManifests of findmydevice.gaiamobile.org
12-03 02:58:40.926: I/Gecko(14848): -*-*- Webapps.jsm : Find no manifestCache of findmydevice.gaiamobile.org. The manifest file used to be named manifest.json, so fallback on /system/b2g/webapps/findmydevice.gaiamobile.org
12-03 02:58:40.946: I/Gecko(14848): -*-*- Webapps.jsm : Find fallback manifestCache on manifest.webapp of id = findmydevice.gaiamobile.org
12-03 02:58:40.946: I/Gecko(14848): -*-*- Webapps.jsm : _readManifests of fl.gaiamobile.org
12-03 02:58:40.956: I/Gecko(14848): -*-*- Webapps.jsm : Find no manifestCache of fl.gaiamobile.org. The manifest file used to be named manifest.json, so fallback on /system/b2g/webapps/fl.gaiamobile.org
12-03 02:58:40.966: I/Gecko(14848): -*-*- Webapps.jsm : Find fallback manifestCache on manifest.webapp of id = fl.gaiamobile.org
12-03 02:58:40.976: I/Gecko(14848): -*-*- Webapps.jsm : _readManifests of fm.gaiamobile.org
12-03 02:58:40.976: I/Gecko(14848): -*-*- Webapps.jsm : Find no manifestCache of fm.gaiamobile.org. The manifest file used to be named manifest.json, so fallback on /system/b2g/webapps/fm.gaiamobile.org
12-03 02:58:40.986: I/Gecko(14848): -*-*- Webapps.jsm : Find fallback manifestCache on manifest.webapp of id = fm.gaiamobile.org
12-03 02:58:41.006: I/Gecko(14848): -*-*- Webapps.jsm : _readManifests of ftu.gaiamobile.org
12-03 02:58:41.006: I/Gecko(14848): -*-*- Webapps.jsm : Find no manifestCache of ftu.gaiamobile.org. The manifest file used to be named manifest.json, so fallback on /system/b2g/webapps/ftu.gaiamobile.org
12-03 02:58:41.106: I/Gecko(14848): -*-*- Webapps.jsm : Find fallback manifestCache on manifest.webapp of id = ftu.gaiamobile.org
12-03 02:58:41.116: I/Gecko(14848): -*-*- Webapps.jsm : _readManifests of gallery.gaiamobile.org
12-03 02:58:41.116: I/Gecko(14848): -*-*- Webapps.jsm : Find no manifestCache of gallery.gaiamobile.org. The manifest file used to be named manifest.json, so fallback on /system/b2g/webapps/gallery.gaiamobile.org
12-03 02:58:41.146: I/Gecko(14848): -*-*- Webapps.jsm : Find fallback manifestCache on manifest.webapp of id = gallery.gaiamobile.org
12-03 02:58:41.146: I/Gecko(14848): -*-*- Webapps.jsm : _readManifests of homescreen.gaiamobile.org
12-03 02:58:41.156: I/Gecko(14848): -*-*- Webapps.jsm : Find no manifestCache of homescreen.gaiamobile.org. The manifest file used to be named manifest.json, so fallback on /system/b2g/webapps/homescreen.gaiamobile.org
12-03 02:58:41.166: I/Gecko(14848): -*-*- Webapps.jsm : Find fallback manifestCache on manifest.webapp of id = homescreen.gaiamobile.org
12-03 02:58:41.176: I/Gecko(14848): -*-*- Webapps.jsm : _readManifests of keyboard.gaiamobile.org
12-03 02:58:41.176: I/Gecko(14848): -*-*- Webapps.jsm : Find no manifestCache of keyboard.gaiamobile.org. The manifest file used to be named manifest.json, so fallback on /system/b2g/webapps/keyboard.gaiamobile.org
12-03 02:58:41.186: I/Gecko(14860): [Child 14860] WARNING: Unable to printf the requested string due to error.: file /home/fischer/Projects/gecko-dev/ipc/chromium/src/base/string_util.cc, line 427
12-03 02:58:41.196: I/Gecko(14848): -*-*- Webapps.jsm : Find fallback manifestCache on manifest.webapp of id = keyboard.gaiamobile.org
12-03 02:58:41.206: I/Gecko(14848): -*-*- Webapps.jsm : _readManifests of marketplace.firefox.com
12-03 02:58:41.206: I/Gecko(14848): -*-*- Webapps.jsm : Find no manifestCache of marketplace.firefox.com. The manifest file used to be named manifest.json, so fallback on /data/local/webapps/marketplace.firefox.com
12-03 02:58:41.226: I/Gecko(14860): [Child 14860] WARNING: ENSURE_MAIN_PROCESS failed. Cannot SetCString from content process: b2g.safe_mode: file /home/fischer/Projects/gecko-dev/modules/libpref/Preferences.cpp, line 1489
12-03 02:58:41.236: I/Gecko(14860): [Child 14860] WARNING: NS_ENSURE_TRUE(lowMemFd != -1) failed: file ../../../../gecko-dev/widget/gonk/GonkMemoryPressureMonitoring.cpp, line 130
12-03 02:58:41.276: I/Gecko(14848): -*-*- Webapps.jsm : Find fallback manifestCache on manifest.webapp of id = marketplace.firefox.com
12-03 02:58:41.276: I/Gecko(14848): -*-*- Webapps.jsm : _readManifests of music.gaiamobile.org
12-03 02:58:41.276: I/Gecko(14848): -*-*- Webapps.jsm : Find no manifestCache of music.gaiamobile.org. The manifest file used to be named manifest.json, so fallback on /system/b2g/webapps/music.gaiamobile.org
12-03 02:58:41.296: I/Gecko(14848): -*-*- Webapps.jsm : Find fallback manifestCache on manifest.webapp of id = music.gaiamobile.org
12-03 02:58:41.306: I/Gecko(14848): -*-*- Webapps.jsm : _readManifests of network-alerts.gaiamobile.org
12-03 02:58:41.306: I/Gecko(14848): -*-*- Webapps.jsm : Find no manifestCache of network-alerts.gaiamobile.org. The manifest file used to be named manifest.json, so fallback on /system/b2g/webapps/network-alerts.gaiamobile.org
12-03 02:58:41.336: I/Gecko(14848): -*-*- Webapps.jsm : Find fallback manifestCache on manifest.webapp of id = network-alerts.gaiamobile.org
12-03 02:58:41.336: I/Gecko(14848): -*-*- Webapps.jsm : _readManifests of operatorvariant.gaiamobile.org
12-03 02:58:41.336: I/Gecko(14848): -*-*- Webapps.jsm : Find no manifestCache of operatorvariant.gaiamobile.org. The manifest file used to be named manifest.json, so fallback on /system/b2g/webapps/operatorvariant.gaiamobile.org
12-03 02:58:41.356: I/Gonk(14848): RIL[0]: OnConnectSuccess
12-03 02:58:41.356: I/Gecko(14848): -*-*- Webapps.jsm : Find fallback manifestCache on manifest.webapp of id = operatorvariant.gaiamobile.org
12-03 02:58:41.356: I/Gecko(14848): -*-*- Webapps.jsm : _readManifests of pdfjs.gaiamobile.org
12-03 02:58:41.356: I/Gecko(14848): -*-*- Webapps.jsm : Find no manifestCache of pdfjs.gaiamobile.org. The manifest file used to be named manifest.json, so fallback on /system/b2g/webapps/pdfjs.gaiamobile.org
12-03 02:58:41.436: I/Gecko(14860): ++DOCSHELL 0xb0a98400 == 1 [pid = 14860] [id = 1]
12-03 02:58:41.446: W/AudioPolicyManagerBase(13184): setPhoneState() setting same state 0
12-03 02:58:41.466: I/Gecko(14848): -*-*- Webapps.jsm : Find fallback manifestCache on manifest.webapp of id = pdfjs.gaiamobile.org
12-03 02:58:41.496: I/Gecko(14848): -*-*- Webapps.jsm : _readManifests of ringtones.gaiamobile.org
12-03 02:58:41.506: I/Gecko(14848): -*-*- Webapps.jsm : Find no manifestCache of ringtones.gaiamobile.org. The manifest file used to be named manifest.json, so fallback on /system/b2g/webapps/ringtones.gaiamobile.org
12-03 02:58:41.556: I/Gecko(14860): ++DOMWINDOW == 1 (0xb0a98800) [pid = 14860] [serial = 1] [outer = 0x0]
12-03 02:58:41.566: I/Gecko(14848): -*-*- Webapps.jsm : Find fallback manifestCache on manifest.webapp of id = ringtones.gaiamobile.org
12-03 02:58:41.566: I/Gecko(14848): -*-*- Webapps.jsm : _readManifests of search.gaiamobile.org
12-03 02:58:41.566: I/Gecko(14848): -*-*- Webapps.jsm : Find no manifestCache of search.gaiamobile.org. The manifest file used to be named manifest.json, so fallback on /system/b2g/webapps/search.gaiamobile.org
12-03 02:58:41.586: I/Gecko(14848): -*-*- Webapps.jsm : Find fallback manifestCache on manifest.webapp of id = search.gaiamobile.org
12-03 02:58:41.586: I/Gecko(14848): -*-*- Webapps.jsm : _readManifests of settings.gaiamobile.org
12-03 02:58:41.606: I/rmt_storage(170): rmt_storage_connect_cb: clnt_h=0xc conn_h=0xb8b63160
12-03 02:58:41.606: I/rmt_storage(170): rmt_storage_rw_iovec_cb: /boot/modem_fs1: clnt_h=0x1: req_h=0x10 msg_id=3: R/W request received
