12-02 21:35:29.839: I/Gecko(8643): [8643] WARNING: XPCOM objects created/destroyed from static ctor/dtor: file /home/fischer/Projects/gecko-dev/xpcom/base/nsTraceRefcnt.cpp, line 167
12-02 21:35:29.839: I/Gecko(8643): [8643] WARNING: XPCOM objects created/destroyed from static ctor/dtor: file /home/fischer/Projects/gecko-dev/xpcom/base/nsTraceRefcnt.cpp, line 167
12-02 21:35:29.839: I/Gecko(8643): [8643] WARNING: XPCOM objects created/destroyed from static ctor/dtor: file /home/fischer/Projects/gecko-dev/xpcom/base/nsTraceRefcnt.cpp, line 167
12-02 21:35:29.839: I/Gecko(8643): [8643] WARNING: XPCOM objects created/destroyed from static ctor/dtor: file /home/fischer/Projects/gecko-dev/xpcom/base/nsTraceRefcnt.cpp, line 167
12-02 21:35:29.839: I/Gecko(8643): [8643] WARNING: XPCOM objects created/destroyed from static ctor/dtor: file /home/fischer/Projects/gecko-dev/xpcom/base/nsTraceRefcnt.cpp, line 167
12-02 21:35:29.839: I/Gecko(8643): [8643] WARNING: XPCOM objects created/destroyed from static ctor/dtor: file /home/fischer/Projects/gecko-dev/xpcom/base/nsTraceRefcnt.cpp, line 167
12-02 21:35:29.839: I/Gecko(8643): [8643] WARNING: XPCOM objects created/destroyed from static ctor/dtor: file /home/fischer/Projects/gecko-dev/xpcom/base/nsTraceRefcnt.cpp, line 167
12-02 21:35:29.839: I/Gecko(8643): [8643] WARNING: XPCOM objects created/destroyed from static ctor/dtor: file /home/fischer/Projects/gecko-dev/xpcom/base/nsTraceRefcnt.cpp, line 167
12-02 21:35:29.839: I/Gecko(8643): [8643] WARNING: XPCOM objects created/destroyed from static ctor/dtor: file /home/fischer/Projects/gecko-dev/xpcom/base/nsTraceRefcnt.cpp, line 167
12-02 21:35:29.839: I/Gecko(8643): [8643] WARNING: XPCOM objects created/destroyed from static ctor/dtor: file /home/fischer/Projects/gecko-dev/xpcom/base/nsTraceRefcnt.cpp, line 167
12-02 21:35:29.839: I/Gecko(8643): [8643] WARNING: XPCOM objects created/destroyed from static ctor/dtor: file /home/fischer/Projects/gecko-dev/xpcom/base/nsTraceRefcnt.cpp, line 167
12-02 21:35:29.839: I/Gecko(8643): [8643] WARNING: XPCOM objects created/destroyed from static ctor/dtor: file /home/fischer/Projects/gecko-dev/xpcom/base/nsTraceRefcnt.cpp, line 167
12-02 21:35:29.839: I/Gecko(8643): [8643] WARNING: XPCOM objects created/destroyed from static ctor/dtor: file /home/fischer/Projects/gecko-dev/xpcom/base/nsTraceRefcnt.cpp, line 167
12-02 21:35:29.839: I/Gecko(8643): [8643] WARNING: XPCOM objects created/destroyed from static ctor/dtor: file /home/fischer/Projects/gecko-dev/xpcom/base/nsTraceRefcnt.cpp, line 167
12-02 21:35:29.839: I/Gecko(8643): [8643] WARNING: XPCOM objects created/destroyed from static ctor/dtor: file /home/fischer/Projects/gecko-dev/xpcom/base/nsTraceRefcnt.cpp, line 167
12-02 21:35:29.839: I/Gecko(8643): [8643] WARNING: XPCOM objects created/destroyed from static ctor/dtor: file /home/fischer/Projects/gecko-dev/xpcom/base/nsTraceRefcnt.cpp, line 167
12-02 21:35:29.839: I/Gecko(8643): [8643] WARNING: XPCOM objects created/destroyed from static ctor/dtor: file /home/fischer/Projects/gecko-dev/xpcom/base/nsTraceRefcnt.cpp, line 167
12-02 21:35:29.839: I/Gecko(8643): [8643] WARNING: XPCOM objects created/destroyed from static ctor/dtor: file /home/fischer/Projects/gecko-dev/xpcom/base/nsTraceRefcnt.cpp, line 167
12-02 21:35:29.839: I/Gecko(8643): [8643] WARNING: XPCOM objects created/destroyed from static ctor/dtor: file /home/fischer/Projects/gecko-dev/xpcom/base/nsTraceRefcnt.cpp, line 167
12-02 21:35:29.839: I/Gecko(8643): [8643] WARNING: XPCOM objects created/destroyed from static ctor/dtor: file /home/fischer/Projects/gecko-dev/xpcom/base/nsTraceRefcnt.cpp, line 167
12-02 21:35:29.839: I/Gecko(8643): [8643] WARNING: XPCOM objects created/destroyed from static ctor/dtor: file /home/fischer/Projects/gecko-dev/xpcom/base/nsTraceRefcnt.cpp, line 167
12-02 21:35:29.839: I/Gecko(8643): [8643] WARNING: XPCOM objects created/destroyed from static ctor/dtor: file /home/fischer/Projects/gecko-dev/xpcom/base/nsTraceRefcnt.cpp, line 167
12-02 21:35:29.839: I/Gecko(8643): [8643] WARNING: XPCOM objects created/destroyed from static ctor/dtor: file /home/fischer/Projects/gecko-dev/xpcom/base/nsTraceRefcnt.cpp, line 167
12-02 21:35:29.839: I/Gecko(8643): [8643] WARNING: XPCOM objects created/destroyed from static ctor/dtor: file /home/fischer/Projects/gecko-dev/xpcom/base/nsTraceRefcnt.cpp, line 167
12-02 21:35:29.839: I/Gecko(8643): [8643] WARNING: XPCOM objects created/destroyed from static ctor/dtor: file /home/fischer/Projects/gecko-dev/xpcom/base/nsTraceRefcnt.cpp, line 167
12-02 21:35:29.839: I/Gecko(8643): [8643] WARNING: XPCOM objects created/destroyed from static ctor/dtor: file /home/fischer/Projects/gecko-dev/xpcom/base/nsTraceRefcnt.cpp, line 167
12-02 21:35:29.839: I/Gecko(8643): [8643] WARNING: XPCOM objects created/destroyed from static ctor/dtor: file /home/fischer/Projects/gecko-dev/xpcom/base/nsTraceRefcnt.cpp, line 167
12-02 21:35:29.839: I/Gecko(8643): [8643] WARNING: XPCOM objects created/destroyed from static ctor/dtor: file /home/fischer/Projects/gecko-dev/xpcom/base/nsTraceRefcnt.cpp, line 167
12-02 21:35:29.839: I/Gecko(8643): [8643] WARNING: XPCOM objects created/destroyed from static ctor/dtor: file /home/fischer/Projects/gecko-dev/xpcom/base/nsTraceRefcnt.cpp, line 167
12-02 21:35:29.839: I/Gecko(8643): [8643] WARNING: XPCOM objects created/destroyed from static ctor/dtor: file /home/fischer/Projects/gecko-dev/xpcom/base/nsTraceRefcnt.cpp, line 167
12-02 21:35:29.839: I/Gecko(8643): [8643] WARNING: XPCOM objects created/destroyed from static ctor/dtor: file /home/fischer/Projects/gecko-dev/xpcom/base/nsTraceRefcnt.cpp, line 167
12-02 21:35:29.839: I/Gecko(8643): [8643] WARNING: XPCOM objects created/destroyed from static ctor/dtor: file /home/fischer/Projects/gecko-dev/xpcom/base/nsTraceRefcnt.cpp, line 167
12-02 21:35:29.839: I/Gecko(8643): [8643] WARNING: XPCOM objects created/destroyed from static ctor/dtor: file /home/fischer/Projects/gecko-dev/xpcom/base/nsTraceRefcnt.cpp, line 167
12-02 21:35:29.839: I/Gecko(8643): [8643] WARNING: '!compMgr', file /home/fischer/Projects/gecko-dev/xpcom/glue/nsComponentManagerUtils.cpp, line 63
12-02 21:35:29.859: I/Gecko(8643): [8643] WARNING: XPCOM objects created/destroyed from static ctor/dtor: file /home/fischer/Projects/gecko-dev/xpcom/base/nsTraceRefcnt.cpp, line 167
12-02 21:35:29.859: I/Gecko(8643): [8643] WARNING: XPCOM objects created/destroyed from static ctor/dtor: file /home/fischer/Projects/gecko-dev/xpcom/base/nsTraceRefcnt.cpp, line 167
12-02 21:35:29.859: I/Gecko(8643): [8643] WARNING: XPCOM objects created/destroyed from static ctor/dtor: file /home/fischer/Projects/gecko-dev/xpcom/base/nsTraceRefcnt.cpp, line 167
12-02 21:35:29.859: I/Gecko(8643): [8643] WARNING: XPCOM objects created/destroyed from static ctor/dtor: file /home/fischer/Projects/gecko-dev/xpcom/base/nsTraceRefcnt.cpp, line 167
12-02 21:35:29.859: I/Gecko(8643): [8643] WARNING: XPCOM objects created/destroyed from static ctor/dtor: file /home/fischer/Projects/gecko-dev/xpcom/base/nsTraceRefcnt.cpp, line 167
12-02 21:35:29.859: I/Gecko(8643): [8643] WARNING: XPCOM objects created/destroyed from static ctor/dtor: file /home/fischer/Projects/gecko-dev/xpcom/base/nsTraceRefcnt.cpp, line 167
12-02 21:35:29.859: I/Gecko(8643): [8643] WARNING: XPCOM objects created/destroyed from static ctor/dtor: file /home/fischer/Projects/gecko-dev/xpcom/base/nsTraceRefcnt.cpp, line 167
12-02 21:35:29.859: I/Gecko(8643): [8643] WARNING: XPCOM objects created/destroyed from static ctor/dtor: file /home/fischer/Projects/gecko-dev/xpcom/base/nsTraceRefcnt.cpp, line 167
12-02 21:35:29.859: I/Gecko(8643): [8643] WARNING: XPCOM objects created/destroyed from static ctor/dtor: file /home/fischer/Projects/gecko-dev/xpcom/base/nsTraceRefcnt.cpp, line 167
12-02 21:35:29.859: I/Gecko(8643): [8643] WARNING: XPCOM objects created/destroyed from static ctor/dtor: file /home/fischer/Projects/gecko-dev/xpcom/base/nsTraceRefcnt.cpp, line 167
12-02 21:35:29.859: I/Gecko(8643): [8643] WARNING: XPCOM objects created/destroyed from static ctor/dtor: file /home/fischer/Projects/gecko-dev/xpcom/base/nsTraceRefcnt.cpp, line 167
12-02 21:35:29.859: I/Gecko(8643): [8643] WARNING: XPCOM objects created/destroyed from static ctor/dtor: file /home/fischer/Projects/gecko-dev/xpcom/base/nsTraceRefcnt.cpp, line 167
12-02 21:35:29.859: I/Gecko(8643): [8643] WARNING: XPCOM objects created/destroyed from static ctor/dtor: file /home/fischer/Projects/gecko-dev/xpcom/base/nsTraceRefcnt.cpp, line 167
12-02 21:35:29.859: I/Gecko(8643): [8643] WARNING: XPCOM objects created/destroyed from static ctor/dtor: file /home/fischer/Projects/gecko-dev/xpcom/base/nsTraceRefcnt.cpp, line 167
12-02 21:35:29.859: I/Gecko(8643): [8643] WARNING: XPCOM objects created/destroyed from static ctor/dtor: file /home/fischer/Projects/gecko-dev/xpcom/base/nsTraceRefcnt.cpp, line 167
12-02 21:35:29.859: I/Gecko(8643): [8643] WARNING: XPCOM objects created/destroyed from static ctor/dtor: file /home/fischer/Projects/gecko-dev/xpcom/base/nsTraceRefcnt.cpp, line 167
12-02 21:35:29.859: I/Gecko(8643): [8643] WARNING: XPCOM objects created/destroyed from static ctor/dtor: file /home/fischer/Projects/gecko-dev/xpcom/base/nsTraceRefcnt.cpp, line 167
12-02 21:35:29.859: I/Gecko(8643): [8643] WARNING: XPCOM objects created/destroyed from static ctor/dtor: file /home/fischer/Projects/gecko-dev/xpcom/base/nsTraceRefcnt.cpp, line 167
12-02 21:35:29.859: I/Gecko(8643): [8643] WARNING: XPCOM objects created/destroyed from static ctor/dtor: file /home/fischer/Projects/gecko-dev/xpcom/base/nsTraceRefcnt.cpp, line 167
12-02 21:35:29.859: I/Gecko(8643): [8643] WARNING: XPCOM objects created/destroyed from static ctor/dtor: file /home/fischer/Projects/gecko-dev/xpcom/base/nsTraceRefcnt.cpp, line 167
12-02 21:35:29.859: I/Gecko(8643): [8643] WARNING: XPCOM objects created/destroyed from static ctor/dtor: file /home/fischer/Projects/gecko-dev/xpcom/base/nsTraceRefcnt.cpp, line 167
12-02 21:35:29.859: I/Gecko(8643): [8643] WARNING: XPCOM objects created/destroyed from static ctor/dtor: file /home/fischer/Projects/gecko-dev/xpcom/base/nsTraceRefcnt.cpp, line 167
12-02 21:35:29.859: I/Gecko(8643): [8643] WARNING: XPCOM objects created/destroyed from static ctor/dtor: file /home/fischer/Projects/gecko-dev/xpcom/base/nsTraceRefcnt.cpp, line 167
12-02 21:35:29.859: I/Gecko(8643): [8643] WARNING: XPCOM objects created/destroyed from static ctor/dtor: file /home/fischer/Projects/gecko-dev/xpcom/base/nsTraceRefcnt.cpp, line 167
12-02 21:35:29.859: I/Gecko(8643): [8643] WARNING: XPCOM objects created/destroyed from static ctor/dtor: file /home/fischer/Projects/gecko-dev/xpcom/base/nsTraceRefcnt.cpp, line 167
12-02 21:35:29.859: I/Gecko(8643): [8643] WARNING: XPCOM objects created/destroyed from static ctor/dtor: file /home/fischer/Projects/gecko-dev/xpcom/base/nsTraceRefcnt.cpp, line 167
12-02 21:35:29.859: I/Gecko(8643): [8643] WARNING: XPCOM objects created/destroyed from static ctor/dtor: file /home/fischer/Projects/gecko-dev/xpcom/base/nsTraceRefcnt.cpp, line 167
12-02 21:35:29.859: I/Gecko(8643): [8643] WARNING: XPCOM objects created/destroyed from static ctor/dtor: file /home/fischer/Projects/gecko-dev/xpcom/base/nsTraceRefcnt.cpp, line 167
12-02 21:35:29.859: I/Gecko(8643): [8643] WARNING: XPCOM objects created/destroyed from static ctor/dtor: file /home/fischer/Projects/gecko-dev/xpcom/base/nsTraceRefcnt.cpp, line 167
12-02 21:35:29.859: I/Gecko(8643): [8643] WARNING: XPCOM objects created/destroyed from static ctor/dtor: file /home/fischer/Projects/gecko-dev/xpcom/base/nsTraceRefcnt.cpp, line 167
12-02 21:35:29.859: I/Gecko(8643): [8643] WARNING: XPCOM objects created/destroyed from static ctor/dtor: file /home/fischer/Projects/gecko-dev/xpcom/base/nsTraceRefcnt.cpp, line 167
12-02 21:35:29.859: I/Gecko(8643): [8643] WARNING: XPCOM objects created/destroyed from static ctor/dtor: file /home/fischer/Projects/gecko-dev/xpcom/base/nsTraceRefcnt.cpp, line 167
12-02 21:35:29.859: I/Gecko(8643): [8643] WARNING: XPCOM objects created/destroyed from static ctor/dtor: file /home/fischer/Projects/gecko-dev/xpcom/base/nsTraceRefcnt.cpp, line 167
12-02 21:35:29.859: I/Gecko(8643): [8643] WARNING: XPCOM objects created/destroyed from static ctor/dtor: file /home/fischer/Projects/gecko-dev/xpcom/base/nsTraceRefcnt.cpp, line 167
12-02 21:35:29.859: I/Gecko(8643): [8643] WARNING: XPCOM objects created/destroyed from static ctor/dtor: file /home/fischer/Projects/gecko-dev/xpcom/base/nsTraceRefcnt.cpp, line 167
12-02 21:35:29.859: I/Gecko(8643): [8643] WARNING: XPCOM objects created/destroyed from static ctor/dtor: file /home/fischer/Projects/gecko-dev/xpcom/base/nsTraceRefcnt.cpp, line 167
12-02 21:35:29.859: I/Gecko(8643): [8643] WARNING: XPCOM objects created/destroyed from static ctor/dtor: file /home/fischer/Projects/gecko-dev/xpcom/base/nsTraceRefcnt.cpp, line 167
12-02 21:35:29.859: I/Gecko(8643): [8643] WARNING: XPCOM objects created/destroyed from static ctor/dtor: file /home/fischer/Projects/gecko-dev/xpcom/base/nsTraceRefcnt.cpp, line 167
12-02 21:35:29.859: I/Gecko(8643): [8643] WARNING: XPCOM objects created/destroyed from static ctor/dtor: file /home/fischer/Projects/gecko-dev/xpcom/base/nsTraceRefcnt.cpp, line 167
12-02 21:35:29.859: I/Gecko(8643): [8643] WARNING: XPCOM objects created/destroyed from static ctor/dtor: file /home/fischer/Projects/gecko-dev/xpcom/base/nsTraceRefcnt.cpp, line 167
12-02 21:35:29.859: I/Gecko(8643): [8643] WARNING: XPCOM objects created/destroyed from static ctor/dtor: file /home/fischer/Projects/gecko-dev/xpcom/base/nsTraceRefcnt.cpp, line 167
12-02 21:35:29.859: I/Gecko(8643): [8643] WARNING: XPCOM objects created/destroyed from static ctor/dtor: file /home/fischer/Projects/gecko-dev/xpcom/base/nsTraceRefcnt.cpp, line 167
12-02 21:35:29.859: I/Gecko(8643): [8643] WARNING: XPCOM objects created/destroyed from static ctor/dtor: file /home/fischer/Projects/gecko-dev/xpcom/base/nsTraceRefcnt.cpp, line 167
12-02 21:35:29.859: I/Gecko(8643): [8643] WARNING: XPCOM objects created/destroyed from static ctor/dtor: file /home/fischer/Projects/gecko-dev/xpcom/base/nsTraceRefcnt.cpp, line 167
12-02 21:35:29.859: I/Gecko(8643): [8643] WARNING: XPCOM objects created/destroyed from static ctor/dtor: file /home/fischer/Projects/gecko-dev/xpcom/base/nsTraceRefcnt.cpp, line 167
12-02 21:35:29.859: W/(8643): could not open framebuffer
12-02 21:35:29.869: I/Gecko(8666): [8666] WARNING: Tried to RegisterCallback without an AtExitManager: file /home/fischer/Projects/gecko-dev/ipc/chromium/src/base/at_exit.cc, line 40
12-02 21:35:30.099: I/qdutils(8643): Right Split=0
12-02 21:35:30.099: D/qdhwcomposer(8643): int qhwc::adRead(): /sys/class/graphics/fb2/ad could not be opened : No such file or directory
12-02 21:35:30.099: I/qdhwcomposer(8643): Initializing Qualcomm Hardware Composer
12-02 21:35:30.099: I/qdhwcomposer(8643): MDP version: 500
12-02 21:35:30.099: D/qdhwcomposer(8643): hwc_getDisplayAttributes disp = 0, width = 1080
12-02 21:35:30.099: D/qdhwcomposer(8643): hwc_getDisplayAttributes disp = 0, height = 1920
12-02 21:35:30.099: E/qdhwcomposer(8643): Unknown display attribute 0
12-02 21:35:30.099: I/PowerHAL(8643): power_init
12-02 21:35:30.099: D/qdhwcomposer(8643): hwc_blank: Unblanking display: 0
12-02 21:35:30.099: D/qdhwcomposer(8643): hwc_blank: Done unblanking display: 0
12-02 21:35:30.099: W/Gonk(8643): Could not open boot animation
12-02 21:35:30.099: W/Gonk(8643): Show solid color frame for bootAnim
12-02 21:35:30.119: E/mm-camera(198): stats_module_stop_session: list =0xb7a54418, remove port =0xb7a49d90 name=stats_sink from module=0xb7a33778, name=stats
12-02 21:35:30.119: E/mm-camera(198): stats_module_stop_session: 1 port =0xb7a49d90 name=stats_sink 
12-02 21:35:30.119: E/mm-camera(198): stats_module_stop_session: 2 port =0xb7a49d90 name=stats_sink 
12-02 21:35:30.119: I/mm-camera(198): gyro_module_stop_session: Enter
12-02 21:35:30.119: I/mm-camera(198): gyro_module_stop_session: Deinit DSPS
12-02 21:35:30.119: I/mm-camera(198): gyro_module_stop_session: Exit successful
12-02 21:35:30.119: E/mm-camera(198): stats_module_stop_session: 3 port =0xb7a49d90 name=stats_sink 
12-02 21:35:30.119: E/mm-camera(198): cpp_module_stop_session:453, info: stopping session 1 ...
12-02 21:35:30.119: E/mm-camera(198): cpp_thread_process_pipe_message:359, CPP_THREAD_MSG_ABORT: cpp_thread exiting..
12-02 21:35:30.129: E/mm-camera(198): cpp_module_stop_session:495, info: session 1 stopped.
12-02 21:35:30.129: E/mm-camera(198): c2d_module_stop_session:322, info: stopping session 1 ...
12-02 21:35:30.129: E/mm-camera(198): c2d_module_stop_session:327, info: stopping c2d_thread...
12-02 21:35:30.129: E/mm-camera(198): c2d_module_post_msg_to_thread:381, msg.type=1
12-02 21:35:30.129: E/mm-camera(198): c2d_thread_process_pipe_message:503, C2D_THREAD_MSG_ABORT: c2d_thread exiting..
12-02 21:35:30.129: E/mm-camera(198): c2d_module_stop_session:339, closing c2d subdev...
12-02 21:35:30.129: E/mm-camera(198): c2d_module_stop_session:361, info: session 1 stopped.
12-02 21:35:30.129: D/QCamera3HWI(8644): static int8_t qcamera::QCamera3HardwareInterface::lookupFwkName(const qcamera::QCamera3HardwareInterface::QCameraMap*, int, int): Cannot find matching framework type
12-02 21:35:30.129: D/QCamera3HWI(8644): static int8_t qcamera::QCamera3HardwareInterface::lookupFwkName(const qcamera::QCamera3HardwareInterface::QCameraMap*, int, int): Cannot find matching framework type
12-02 21:35:30.129: D/QCamera3HWI(8644): static int8_t qcamera::QCamera3HardwareInterface::lookupFwkName(const qcamera::QCamera3HardwareInterface::QCameraMap*, int, int): Cannot find matching framework type
12-02 21:35:30.129: D/QCamera3HWI(8644): static int8_t qcamera::QCamera3HardwareInterface::lookupFwkName(const qcamera::QCamera3HardwareInterface::QCameraMap*, int, int): Cannot find matching framework type
12-02 21:35:30.129: D/QCamera3HWI(8644): static int8_t qcamera::QCamera3HardwareInterface::lookupFwkName(const qcamera::QCamera3HardwareInterface::QCameraMap*, int, int): Cannot find matching framework type
12-02 21:35:30.129: D/QCamera3HWI(8644): static int8_t qcamera::QCamera3HardwareInterface::lookupFwkName(const qcamera::QCamera3HardwareInterface::QCameraMap*, int, int): Cannot find matching framework type
12-02 21:35:30.129: D/QCamera3HWI(8644): static int8_t qcamera::QCamera3HardwareInterface::lookupFwkName(const qcamera::QCamera3HardwareInterface::QCameraMap*, int, int): Cannot find matching framework type
12-02 21:35:30.129: D/QCamera3HWI(8644): static int8_t qcamera::QCamera3HardwareInterface::lookupFwkName(const qcamera::QCamera3HardwareInterface::QCameraMap*, int, int): Cannot find matching framework type
12-02 21:35:30.129: D/QCamera3HWI(8644): static int8_t qcamera::QCamera3HardwareInterface::lookupFwkName(const qcamera::QCamera3HardwareInterface::QCameraMap*, int, int): Cannot find matching framework type
12-02 21:35:30.129: E/mm-camera-intf(8644): mm_camera_open: dev name = /dev/video2, cam_idx = 2
12-02 21:35:30.129: E/mm-camera-sensor(198): module_sensor_start_session:577 session 2
12-02 21:35:30.149: I/GeckoConsole(8643): Failed to load native module at path '/system/b2g/components/libtest656331.so': (80004005) dlopen failed: library "/system/b2g/components/libtest656331.so" not found
12-02 21:35:30.149: I/GeckoConsole(8643): Failed to load native module at path '/system/b2g/components/libtestcompnoaslr.so': (80004005) dlopen failed: library "/system/b2g/components/libtestcompnoaslr.so" not found
12-02 21:35:30.149: I/GeckoConsole(8643): Failed to load native module at path '/system/b2g/components/libtestcomponent.so': (80004005) dlopen failed: library "/system/b2g/components/libtestcomponent.so" not found
12-02 21:35:30.149: D/qdutils(8643): DEBUG_CALC_FPS: 0
12-02 21:35:30.149: D/qdutils(8643): period: 10
12-02 21:35:30.149: D/qdutils(8643): ignorethresh_us: 500000
12-02 21:35:30.359: E/mm-camera-sensor(198): module_sensor_init_session:471 ois device is not supported
12-02 21:35:30.359: I/mm-camera(198): gyro_module_start_session: Enter
12-02 21:35:30.359: I/mm-camera(198): gyro_module_start_session: Init DSPS
12-02 21:35:30.359: I/mm-camera(198): gyro_module_start_session: Exit successful
12-02 21:35:30.359: I/mm-camera(198): gyro_module_get_port: Exit successful
12-02 21:35:30.359: E/mm-camera(198): cpp_module_start_session:352, info: starting session 2
12-02 21:35:30.379: E/mm-camera(198): cpp_thread_func:55: cpp_thread entering the polling loop...
12-02 21:35:30.379: E/mm-camera(198): cpp_module_start_session:422, info: cpp_thread created.
12-02 21:35:30.379: E/mm-camera(198): cpp_module_start_session:425, info: session 2 started.
12-02 21:35:30.379: E/mm-camera(198): c2d_module_start_session:246, info: starting session 2
12-02 21:35:30.379: E/mm-camera(198): c2d_module_start_session:284, info: c2d_thread created.
12-02 21:35:30.389: E/mm-camera(198): c2d_module_start_session:306, info: session 2 started.
12-02 21:35:30.389: E/mm-camera-sensor(198): module_module_set_session_data:2435 max delay 2 report dSelay 1
12-02 21:35:30.389: E/mm-camera(198): module_faceproc_set_session_data:1826] Per frame control 2 1
12-02 21:35:30.389: E/mm-camera(198): c2d_thread_func:39: c2d_thread entering the polling loop...
12-02 21:35:30.389: E/mm-camera-intf(8644): mm_camera_open:  opened, break out while loop
12-02 21:35:30.389: E/mm-camera(198): mct_pipeline_process_set:command=800000b
12-02 21:35:30.389: E/mm-camera(198): mct_pipeline_get_stream: no children
12-02 21:35:30.389: E/mm-camera(198): mct_pipeline_process_set:1370: Couldn't find stream
12-02 21:35:30.389: E/mm-camera-sensor(198): module_sensor_stop_session:630 session 2
12-02 21:35:30.399: I/Gecko(8643): [8643] WARNING: NS_ENSURE_TRUE(lowMemFd != -1) failed: file ../../../../gecko-dev/widget/gonk/GonkMemoryPressureMonitoring.cpp, line 130
12-02 21:35:30.479: E/mm-camera(198): stats_module_stop_session: list =0xb7a4ff60, remove port =0xb7a458d8 name=stats_sink from module=0xb7a33778, name=stats
12-02 21:35:30.479: E/mm-camera(198): stats_module_stop_session: 1 port =0xb7a458d8 name=stats_sink 
12-02 21:35:30.479: E/mm-camera(198): stats_module_stop_session: 2 port =0xb7a458d8 name=stats_sink 
12-02 21:35:30.479: I/mm-camera(198): gyro_module_stop_session: Enter
12-02 21:35:30.479: I/mm-camera(198): gyro_module_stop_session: Deinit DSPS
12-02 21:35:30.479: I/mm-camera(198): gyro_module_stop_session: Exit successful
12-02 21:35:30.479: E/mm-camera(198): stats_module_stop_session: 3 port =0xb7a458d8 name=stats_sink 
12-02 21:35:30.479: E/mm-camera(198): cpp_module_stop_session:453, info: stopping session 2 ...
12-02 21:35:30.479: E/mm-camera(198): cpp_thread_process_pipe_message:359, CPP_THREAD_MSG_ABORT: cpp_thread exiting..
12-02 21:35:30.489: E/mm-camera(198): cpp_module_stop_session:495, info: session 2 stopped.
12-02 21:35:30.489: E/mm-camera(198): c2d_module_stop_session:322, info: stopping session 2 ...
12-02 21:35:30.489: E/mm-camera(198): c2d_module_stop_session:327, info: stopping c2d_thread...
12-02 21:35:30.489: E/mm-camera(198): c2d_module_post_msg_to_thread:381, msg.type=1
12-02 21:35:30.489: E/mm-camera(198): c2d_thread_process_pipe_message:503, C2D_THREAD_MSG_ABORT: c2d_thread exiting..
12-02 21:35:30.489: E/mm-camera(198): c2d_module_stop_session:339, closing c2d subdev...
12-02 21:35:30.489: E/mm-camera(198): c2d_module_stop_session:361, info: session 2 stopped.
12-02 21:35:30.489: D/QCamera3HWI(8644): static int8_t qcamera::QCamera3HardwareInterface::lookupFwkName(const qcamera::QCamera3HardwareInterface::QCameraMap*, int, int): Cannot find matching framework type
12-02 21:35:30.489: D/QCamera3HWI(8644): static int8_t qcamera::QCamera3HardwareInterface::lookupFwkName(const qcamera::QCamera3HardwareInterface::QCameraMap*, int, int): Cannot find matching framework type
12-02 21:35:30.489: D/QCamera3HWI(8644): static int8_t qcamera::QCamera3HardwareInterface::lookupFwkName(const qcamera::QCamera3HardwareInterface::QCameraMap*, int, int): Cannot find matching framework type
12-02 21:35:30.489: D/QCamera3HWI(8644): static int8_t qcamera::QCamera3HardwareInterface::lookupFwkName(const qcamera::QCamera3HardwareInterface::QCameraMap*, int, int): Cannot find matching framework type
12-02 21:35:30.489: D/QCamera3HWI(8644): static int8_t qcamera::QCamera3HardwareInterface::lookupFwkName(const qcamera::QCamera3HardwareInterface::QCameraMap*, int, int): Cannot find matching framework type
12-02 21:35:30.489: D/QCamera3HWI(8644): static int8_t qcamera::QCamera3HardwareInterface::lookupFwkName(const qcamera::QCamera3HardwareInterface::QCameraMap*, int, int): Cannot find matching framework type
12-02 21:35:30.489: D/QCamera3HWI(8644): static int8_t qcamera::QCamera3HardwareInterface::lookupFwkName(const qcamera::QCamera3HardwareInterface::QCameraMap*, int, int): Cannot find matching framework type
12-02 21:35:30.489: D/QCamera3HWI(8644): static int8_t qcamera::QCamera3HardwareInterface::lookupFwkName(const qcamera::QCamera3HardwareInterface::QCameraMap*, int, int): Cannot find matching framework type
12-02 21:35:30.489: I/CameraService(8644): Loaded "QCamera Module" camera module
12-02 21:35:30.489: I/AudioPolicyManagerBase(8644): loadAudioPolicyConfig() loaded /system/etc/audio_policy.conf
12-02 21:35:30.499: D/audio_hw_primary(8644): adev_open: enter
12-02 21:35:30.589: D/(8644): [ACDB Command]->SW Minor/Major version mismatch warning /etc/Bluetooth_cal.acdb
12-02 21:35:30.589: D/(8644): [ACDB Command]->ACDB Sw Major = 2, ACDB Sw Minor = 0
12-02 21:35:30.589: D/(8644): [ACDB Command]->ACDB File Major = 1, ACDB File Minor = 3
12-02 21:35:30.589: D/(8644): [ACDB Command]->SW Minor/Major version mismatch warning /etc/General_cal.acdb
12-02 21:35:30.589: D/(8644): [ACDB Command]->ACDB Sw Major = 2, ACDB Sw Minor = 0
12-02 21:35:30.589: D/(8644): [ACDB Command]->ACDB File Major = 1, ACDB File Minor = 3
12-02 21:35:30.589: D/(8644): [ACDB Command]->SW Minor/Major version mismatch warning /etc/Global_cal.acdb
12-02 21:35:30.589: D/(8644): [ACDB Command]->ACDB Sw Major = 2, ACDB Sw Minor = 0
12-02 21:35:30.589: D/(8644): [ACDB Command]->ACDB File Major = 1, ACDB File Minor = 3
12-02 21:35:30.589: D/(8644): [ACDB Command]->SW Minor/Major version mismatch warning /etc/Handset_cal.acdb
12-02 21:35:30.589: D/(8644): [ACDB Command]->ACDB Sw Major = 2, ACDB Sw Minor = 0
12-02 21:35:30.589: D/(8644): [ACDB Command]->ACDB File Major = 1, ACDB File Minor = 3
12-02 21:35:30.589: D/(8644): [ACDB Command]->SW Minor/Major version mismatch warning /etc/Hdmi_cal.acdb
12-02 21:35:30.589: D/(8644): [ACDB Command]->ACDB Sw Major = 2, ACDB Sw Minor = 0
12-02 21:35:30.589: D/(8644): [ACDB Command]->ACDB File Major = 1, ACDB File Minor = 3
12-02 21:35:30.589: D/(8644): [ACDB Command]->SW Minor/Major version mismatch warning /etc/Headset_cal.acdb
12-02 21:35:30.589: D/(8644): [ACDB Command]->ACDB Sw Major = 2, ACDB Sw Minor = 0
12-02 21:35:30.589: D/(8644): [ACDB Command]->ACDB File Major = 1, ACDB File Minor = 3
12-02 21:35:30.589: D/(8644): [ACPH]->Online service registered with ACPH
12-02 21:35:30.589: E/Diag_Lib(8644):  Diag_LSM_Init: Failed to open handle to diag driver, error = 2
12-02 21:35:30.589: E/Diag_Lib(8644):  diagpkt_tbl_reg: Registration failed.
12-02 21:35:30.589: D/(8644): [ACPH]->ACPH init success
12-02 21:35:30.589: D/(8644): [ACPH]->DSP RTC service registered with ACPH
12-02 21:35:30.599: D/(8644): [ACPH]->ADIE RTC service registered with ACPH
12-02 21:35:30.599: D/(8644): ACDBFILE_MGR: Property for the pid 00012E47 not found
12-02 21:35:30.599: D/(8644): ACDB_COMMAND: Failed to fetch the property info for pid 00012E47 
12-02 21:35:30.599: E/ACDB-LOADER(8644): Error: ACDB get adm topologies returned = -18
12-02 21:35:30.599: D/(8644): ACDBFILE_MGR: Property for the pid 00012E48 not found
12-02 21:35:30.599: D/(8644): ACDB_COMMAND: Failed to fetch the property info for pid 00012E48 
12-02 21:35:30.599: E/ACDB-LOADER(8644): Error: ACDB get asm topologies returned = -18
12-02 21:35:30.609: D/(8644): Failed to fetch the lookup information of the device 00000067 
12-02 21:35:30.609: E/ACDB-LOADER(8644): Error: ACDB ANC returned = -1
12-02 21:35:30.609: I/AudioFlinger(8644): loadHwModule() Loaded primary audio interface from QCOM Audio HAL (audio) handle 1
12-02 21:35:30.609: I/AudioFlinger(8644): HAL output buffer size 240 frames, normal mix buffer size 960 frames
12-02 21:35:30.609: I/AudioMixer(8644): found effect "Multichannel Downmix To Stereo" from The Android Open Source Project
12-02 21:35:30.609: E/MonoPipe(8644): Failed to fetch local time frequency when constructing a MonoPipe (res = -32).  getNextWriteTimestamp calls will be non-functional
12-02 21:35:30.609: I/AudioFlinger(8644): Using module 1 has the primary audio interface
12-02 21:35:30.609: I/AudioFlinger(8644): AudioFlinger's thread 0xb5e18008 ready to run
12-02 21:35:30.609: W/AudioFlinger(8644): Thread AudioOut_2 cannot connect to the power manager service
12-02 21:35:30.609: D/audio_hw_primary(8644): out_set_parameters: enter: usecase(1: low-latency-playback) kvpairs: routing=2
12-02 21:35:30.609: W/AudioFlinger(8644): Thread AudioOut_2 cannot connect to the power manager service
12-02 21:35:30.609: W/AudioFlinger(8644): Thread AudioOut_2 cannot connect to the power manager service
12-02 21:35:30.609: E/AudioFlinger(8644): no wake lock to update!
12-02 21:35:30.609: I/AudioFlinger(8644): HAL output buffer size 960 frames, normal mix buffer size 960 frames
12-02 21:35:30.609: I/AudioMixer(8644): found effect "Multichannel Downmix To Stereo" from The Android Open Source Project
12-02 21:35:30.609: I/AudioFlinger(8644): AudioFlinger's thread 0xb5baa008 ready to run
12-02 21:35:30.609: W/AudioFlinger(8644): Thread AudioOut_3 cannot connect to the power manager service
12-02 21:35:30.609: W/AudioFlinger(8644): Thread AudioOut_3 cannot connect to the power manager service
12-02 21:35:30.609: D/audio_hw_primary(8644): out_set_parameters: enter: usecase(0: deep-buffer-playback) kvpairs: routing=2
12-02 21:35:30.609: W/AudioFlinger(8644): Thread AudioOut_3 cannot connect to the power manager service
12-02 21:35:30.609: E/AudioFlinger(8644): no wake lock to update!
12-02 21:35:30.609: I/audio_a2dp_hw(8644): adev_open:  adev_open in A2dp_hw module
12-02 21:35:30.609: I/AudioFlinger(8644): loadHwModule() Loaded a2dp audio interface from A2DP Audio HW HAL (audio) handle 4
12-02 21:35:30.609: I/AudioFlinger(8644): loadHwModule() Loaded usb audio interface from USB audio HW HAL (audio) handle 5
12-02 21:35:30.609: I/r_submix(8644): adev_open(name=audio_hw_if)
12-02 21:35:30.609: I/r_submix(8644): adev_init_check()
12-02 21:35:30.609: I/AudioFlinger(8644): loadHwModule() Loaded r_submix audio interface from Wifi Display audio HAL (audio) handle 6
12-02 21:35:30.609: I/AudioPolicyService(8644): Loaded audio policy from LEGACY Audio Policy HAL (audio_policy)
12-02 21:35:30.709: I/Gecko(8643): [8643] WARNING: Failed to create Addons Manager.: file /home/fischer/Projects/gecko-dev/toolkit/xre/nsXREDirProvider.cpp, line 883
12-02 21:35:31.529: I/VolumeManager(8643): changing state from 'Uninitialized' to 'Starting'
12-02 21:35:31.529: I/VolumeManager(8643): Connected to vold
12-02 21:35:31.529: I/VolumeManager(8643): Volume sdcard (1): changing state from Init to Mounted @ '/mnt/shell/emulated/0' (1 observers) mountGeneration = 1, locked = 0
12-02 21:35:31.529: I/VolumeManager(8643): READY: Volume: sdcard (1) is Mounted and inserted @ /mnt/shell/emulated/0 gen 1 locked 0
12-02 21:35:31.529: I/VolumeManager(8643): READY:   Sharing x Mounting n Formating n Unmounting n
12-02 21:35:31.529: I/VolumeManager(8643): changing state from 'Starting' to 'Volumes Ready'
12-02 21:35:31.539: I/AutoMounter(8643): UpdateState: ums:A0C0E0 mtp:A1C0E0 mode:0 usb:1 tryToShare:0 state:IDLE
12-02 21:35:31.539: I/AutoMounter(8643): UpdateState: Volume sdcard is Mounted and inserted @ /mnt/shell/emulated/0 gen 1 locked 0 sharing x
12-02 21:35:31.609: I/Gecko(8643): MobileConnectionService: init complete
12-02 21:35:31.789: I/Gecko(8643): 1449110131794	Marionette	INFO	Marionette enabled via build flag and pref
12-02 21:35:33.539: I/Gecko(8643): 1449110133548	Marionette	INFO	Listening on port 2828
12-02 21:35:33.699: V/EventHub(8643): Opening device: /dev/input/event5
12-02 21:35:33.699: V/EventHub(8643): Created descriptor: raw=:0000:0000:name:msm8974-taiko-mtp-snd-card Headset Jack, cooked=c8e3782483b4837ead6602e20483c46ff801112c
12-02 21:35:33.699: V/EventHub(8643): add device 1: /dev/input/event5
12-02 21:35:33.699: V/EventHub(8643):   bus:        0000
12-02 21:35:33.699: V/EventHub(8643):   vendor      0000
12-02 21:35:33.699: V/EventHub(8643):   product     0000
12-02 21:35:33.699: V/EventHub(8643):   version     0000
12-02 21:35:33.699: V/EventHub(8643):   name:       "msm8974-taiko-mtp-snd-card Headset Jack"
12-02 21:35:33.699: V/EventHub(8643):   location:   "ALSA"
12-02 21:35:33.699: V/EventHub(8643):   unique id:  ""
12-02 21:35:33.699: V/EventHub(8643):   descriptor: "c8e3782483b4837ead6602e20483c46ff801112c"
12-02 21:35:33.699: V/EventHub(8643):   driver:     v1.0.1
12-02 21:35:33.699: D/EventHub(8643): No input device configuration file found for device 'msm8974-taiko-mtp-snd-card Headset Jack'.
12-02 21:35:33.699: I/EventHub(8643): New device: id=1, fd=63, path='/dev/input/event5', name='msm8974-taiko-mtp-snd-card Headset Jack', classes=0x80, configuration='', keyLayout='', keyCharacterMap='', builtinKeyboard=false, usingSuspendBlockIoctl=true, usingClockIoctl=true
12-02 21:35:33.699: V/EventHub(8643): Opening device: /dev/input/event4
12-02 21:35:33.699: V/EventHub(8643): Created descriptor: raw=:0000:0000:name:msm8974-taiko-mtp-snd-card Button Jack, cooked=96fe62b244c555351ec576b282232e787fb42bab
12-02 21:35:33.699: V/EventHub(8643): add device 2: /dev/input/event4
12-02 21:35:33.699: V/EventHub(8643):   bus:        0000
12-02 21:35:33.699: V/EventHub(8643):   vendor      0000
12-02 21:35:33.699: V/EventHub(8643):   product     0000
12-02 21:35:33.699: V/EventHub(8643):   version     0000
12-02 21:35:33.699: V/EventHub(8643):   name:       "msm8974-taiko-mtp-snd-card Button Jack"
12-02 21:35:33.699: V/EventHub(8643):   location:   "ALSA"
12-02 21:35:33.699: V/EventHub(8643):   unique id:  ""
12-02 21:35:33.699: V/EventHub(8643):   descriptor: "96fe62b244c555351ec576b282232e787fb42bab"
12-02 21:35:33.699: V/EventHub(8643):   driver:     v1.0.1
12-02 21:35:33.699: D/EventHub(8643): No input device configuration file found for device 'msm8974-taiko-mtp-snd-card Button Jack'.
12-02 21:35:33.699: I/libsensor1(8643): sensor1_init_once: Setting log level to 4
12-02 21:35:33.699: I/qcom_sensors_hal(8643): hal_init: Setting log level to 4
12-02 21:35:33.709: W/EventHub(8643): Unable to disable kernel key repeat for /dev/input/event4: Function not implemented
12-02 21:35:33.709: I/EventHub(8643): New device: id=2, fd=61, path='/dev/input/event4', name='msm8974-taiko-mtp-snd-card Button Jack', classes=0x1, configuration='', keyLayout='/system/usr/keylayout/msm8974-taiko-mtp-snd-card_Button_Jack.kl', keyCharacterMap='/system/usr/keychars/msm8974-taiko-mtp-snd-card_Button_Jack.kcm', builtinKeyboard=false, usingSuspendBlockIoctl=true, usingClockIoctl=true
12-02 21:35:33.709: V/EventHub(8643): Opening device: /dev/input/event3
12-02 21:35:33.709: V/EventHub(8643): Created descriptor: raw=:0001:0001:, cooked=485d69228e24f5e46da1598745890b214130dbc4
12-02 21:35:33.709: V/EventHub(8643): add device 3: /dev/input/event3
12-02 21:35:33.709: V/EventHub(8643):   bus:        0000
12-02 21:35:33.709: V/EventHub(8643):   vendor      0001
12-02 21:35:33.709: V/EventHub(8643):   product     0001
12-02 21:35:33.709: V/EventHub(8643):   version     0001
12-02 21:35:33.709: V/EventHub(8643):   name:       "hs_detect"
12-02 21:35:33.709: V/EventHub(8643):   location:   ""
12-02 21:35:33.709: V/EventHub(8643):   unique id:  ""
12-02 21:35:33.709: V/EventHub(8643):   descriptor: "485d69228e24f5e46da1598745890b214130dbc4"
12-02 21:35:33.709: V/EventHub(8643):   driver:     v1.0.1
12-02 21:35:33.709: D/EventHub(8643): No input device configuration file found for device 'hs_detect'.
12-02 21:35:33.709: W/EventHub(8643): Unable to disable kernel key repeat for /dev/input/event3: Function not implemented
12-02 21:35:33.709: I/EventHub(8643): New device: id=3, fd=72, path='/dev/input/event3', name='hs_detect', classes=0x81, configuration='', keyLayout='/system/usr/keylayout/hs_detect.kl', keyCharacterMap='/system/usr/keychars/hs_detect.kcm', builtinKeyboard=false, usingSuspendBlockIoctl=true, usingClockIoctl=true
12-02 21:35:33.709: V/EventHub(8643): Opening device: /dev/input/event1
12-02 21:35:33.709: V/EventHub(8643): Created descriptor: raw=:0000:0000:name:touch_dev, cooked=4e2720e99bd2b59adae8529881343531fff7c98e
12-02 21:35:33.709: V/EventHub(8643): add device 4: /dev/input/event1
12-02 21:35:33.709: V/EventHub(8643):   bus:        0000
12-02 21:35:33.709: V/EventHub(8643):   vendor      0000
12-02 21:35:33.709: V/EventHub(8643):   product     0000
12-02 21:35:33.709: V/EventHub(8643):   version     0000
12-02 21:35:33.709: V/EventHub(8643):   name:       "touch_dev"
12-02 21:35:33.709: V/EventHub(8643):   location:   ""
12-02 21:35:33.709: V/EventHub(8643):   unique id:  ""
12-02 21:35:33.709: V/EventHub(8643):   descriptor: "4e2720e99bd2b59adae8529881343531fff7c98e"
12-02 21:35:33.709: V/EventHub(8643):   driver:     v1.0.1
12-02 21:35:33.709: I/EventHub(8643): New device: id=4, fd=73, path='/dev/input/event1', name='touch_dev', classes=0x14, configuration='/system/usr/idc/touch_dev.idc', keyLayout='', keyCharacterMap='', builtinKeyboard=false, usingSuspendBlockIoctl=true, usingClockIoctl=true
12-02 21:35:33.709: V/EventHub(8643): Opening device: /dev/input/event0
12-02 21:35:33.709: V/EventHub(8643): Created descriptor: raw=:0000:0000:name:qpnp_pon, cooked=fb60d4f4370f5dbe8267b63d38dea852987571ab
12-02 21:35:33.709: V/EventHub(8643): add device 5: /dev/input/event0
12-02 21:35:33.709: V/EventHub(8643):   bus:        0000
12-02 21:35:33.709: V/EventHub(8643):   vendor      0000
12-02 21:35:33.709: V/EventHub(8643):   product     0000
12-02 21:35:33.709: V/EventHub(8643):   version     0000
12-02 21:35:33.709: V/EventHub(8643):   name:       "qpnp_pon"
12-02 21:35:33.709: V/EventHub(8643):   location:   "qpnp_pon/input0"
12-02 21:35:33.709: V/EventHub(8643):   unique id:  ""
12-02 21:35:33.709: V/EventHub(8643):   descriptor: "fb60d4f4370f5dbe8267b63d38dea852987571ab"
12-02 21:35:33.709: V/EventHub(8643):   driver:     v1.0.1
12-02 21:35:33.709: D/EventHub(8643): No input device configuration file found for device 'qpnp_pon'.
12-02 21:35:33.709: W/EventHub(8643): Unable to disable kernel key repeat for /dev/input/event0: Function not implemented
12-02 21:35:33.709: I/EventHub(8643): New device: id=5, fd=74, path='/dev/input/event0', name='qpnp_pon', classes=0x1, configuration='', keyLayout='/system/usr/keylayout/qpnp_pon.kl', keyCharacterMap='/system/usr/keychars/qpnp_pon.kcm', builtinKeyboard=false, usingSuspendBlockIoctl=true, usingClockIoctl=true
12-02 21:35:33.709: V/EventHub(8643): Opening device: /dev/input/event2
12-02 21:35:33.709: V/EventHub(8643): Created descriptor: raw=:0001:0001:, cooked=485d69228e24f5e46da1598745890b214130dbc4
12-02 21:35:33.709: V/EventHub(8643): add device 6: /dev/input/event2
12-02 21:35:33.709: V/EventHub(8643):   bus:        0019
12-02 21:35:33.709: V/EventHub(8643):   vendor      0001
12-02 21:35:33.709: V/EventHub(8643):   product     0001
12-02 21:35:33.709: V/EventHub(8643):   version     0100
12-02 21:35:33.709: V/EventHub(8643):   name:       "gpio-keys"
12-02 21:35:33.709: V/EventHub(8643):   location:   "gpio-keys/input0"
12-02 21:35:33.709: V/EventHub(8643):   unique id:  ""
12-02 21:35:33.709: V/EventHub(8643):   descriptor: "485d69228e24f5e46da1598745890b214130dbc4"
12-02 21:35:33.709: V/EventHub(8643):   driver:     v1.0.1
12-02 21:35:33.709: D/EventHub(8643): No input device configuration file found for device 'gpio-keys'.
12-02 21:35:33.709: W/EventHub(8643): Unable to disable kernel key repeat for /dev/input/event2: Function not implemented
12-02 21:35:33.709: I/EventHub(8643): New device: id=6, fd=75, path='/dev/input/event2', name='gpio-keys', classes=0x81, configuration='', keyLayout='/system/usr/keylayout/gpio-keys.kl', keyCharacterMap='/system/usr/keychars/gpio-keys.kcm', builtinKeyboard=false, usingSuspendBlockIoctl=true, usingClockIoctl=true
12-02 21:35:33.709: V/EventHub(8643): Created descriptor: raw=:0000:0000:uniqueId:<virtual>name:Virtual, cooked=a718a782d34bc767f4689c232d64d527998ea7fd
12-02 21:35:33.719: V/EventHub(8643): Reporting device opened: id=-1, name=<virtual>
12-02 21:35:33.719: V/EventHub(8643): Reporting device opened: id=6, name=/dev/input/event2
12-02 21:35:33.719: V/EventHub(8643): Reporting device opened: id=5, name=/dev/input/event0
12-02 21:35:33.719: V/EventHub(8643): Reporting device opened: id=4, name=/dev/input/event1
12-02 21:35:33.719: V/EventHub(8643): Reporting device opened: id=3, name=/dev/input/event3
12-02 21:35:33.719: V/EventHub(8643): Reporting device opened: id=2, name=/dev/input/event4
12-02 21:35:33.719: V/EventHub(8643): Reporting device opened: id=1, name=/dev/input/event5
12-02 21:35:33.719: I/InputReader(8643): Device added: id=-1, name='Virtual', sources=0x00000301
12-02 21:35:33.719: I/InputReader(8643): Device added: id=6, name='gpio-keys', sources=0x80000101
12-02 21:35:33.719: I/InputReader(8643): Device added: id=5, name='qpnp_pon', sources=0x00000101
12-02 21:35:33.719: I/InputReader(8643): Device reconfigured: id=4, name='touch_dev', size 1080x1920, orientation 0, mode 1, display id 0
12-02 21:35:33.719: I/InputReader(8643): Device added: id=4, name='touch_dev', sources=0x00001002
12-02 21:35:33.719: I/InputReader(8643): Device added: id=3, name='hs_detect', sources=0x80000101
12-02 21:35:33.719: I/InputReader(8643): Device added: id=2, name='msm8974-taiko-mtp-snd-card Button Jack', sources=0x00000101
12-02 21:35:33.719: I/InputReader(8643): Device added: id=1, name='msm8974-taiko-mtp-snd-card Headset Jack', sources=0x80000000
12-02 21:35:33.809: I/HWComposer(8643): Creating new instance
12-02 21:35:33.809: I/qdhwcomposer(8643): hwc_registerProcs
12-02 21:35:33.809: I/qdhwcomposer(8643): Initializing UEVENT Thread
12-02 21:35:33.809: I/qdhwcomposer(8643): Initializing VSYNC Thread
12-02 21:35:33.809: I/qdhwcomposer(8643): vsync_loop: Reading vsync for dpy=0 from /sys/class/graphics/fb0/vsync_event
12-02 21:35:33.809: I/qdhwcomposer(8643): vsync_loop: Reading vsync for dpy=1 from /sys/class/graphics/fb1/vsync_event
12-02 21:35:33.809: I/Gecko(8643): ++DOCSHELL 0xadfc4000 == 1 [pid = 8643] [id = 1]
12-02 21:35:33.819: I/Gecko(8643): ++DOMWINDOW == 1 (0xadfc4400) [pid = 8643] [serial = 1] [outer = 0x0]
12-02 21:35:33.819: I/Gecko(8643): ++DOMWINDOW == 2 (0xadfc5000) [pid = 8643] [serial = 2] [outer = 0xadfc4400]
12-02 21:35:34.439: I/Gecko(8643): [8643] WARNING: NS_ENSURE_SUCCESS(rv, rv) failed with result 0x80520012: file /home/fischer/Projects/gecko-dev/extensions/cookie/nsPermissionManager.cpp, line 2609
12-02 21:35:34.619: I/GeckoDump(8643): Error getting tracking ID [Exception... "Component returned failure code: 0x8000ffff (NS_ERROR_UNEXPECTED) [nsIPrefBranch.getIntPref]"  nsresult: "0x8000ffff (NS_ERROR_UNEXPECTED)"  location: "JS frame :: chrome://b2g/content/settings.js :: setUpdateTrackingId :: line 294"  data: no]
12-02 21:35:35.399: I/Gecko(8643): AlarmService: init()
12-02 21:35:35.399: I/Gecko(8643): AlarmService: _restoreAlarmsFromDb()
12-02 21:35:35.589: W/GeckoConsole(8643): [JavaScript Warning: "Empty string passed to getElementById()." {file: "chrome://b2g/content/shell.html" line: 0}]
12-02 21:35:36.619: I/Gecko(8643): [8643] WARNING: NS_ENSURE_TRUE(startupCache) failed: file /home/fischer/Projects/gecko-dev/dom/xbl/nsXBLDocumentInfo.cpp, line 199
12-02 21:35:36.619: I/Gecko(8643): [8643] WARNING: NS_ENSURE_TRUE(startupCache) failed: file /home/fischer/Projects/gecko-dev/dom/xbl/nsXBLDocumentInfo.cpp, line 267
12-02 21:35:36.669: I/Gecko(8643): [Parent 8643] WARNING: Unable to printf the requested string due to error.: file /home/fischer/Projects/gecko-dev/ipc/chromium/src/base/string_util.cc, line 427
12-02 21:35:36.669: I/Gecko(8643): [Parent 8643] WARNING: Unable to printf the requested string due to error.: file /home/fischer/Projects/gecko-dev/ipc/chromium/src/base/string_util.cc, line 427
12-02 21:35:36.669: I/Gecko(8643): [Parent 8643] WARNING: Unable to printf the requested string due to error.: file /home/fischer/Projects/gecko-dev/ipc/chromium/src/base/string_util.cc, line 427
12-02 21:35:36.669: I/Gecko(8643): [Parent 8643] WARNING: Unable to printf the requested string due to error.: file /home/fischer/Projects/gecko-dev/ipc/chromium/src/base/string_util.cc, line 427
12-02 21:35:36.959: I/Gecko(8666): [Child 8666] WARNING: '!compMgr', file /home/fischer/Projects/gecko-dev/xpcom/glue/nsComponentManagerUtils.cpp, line 63
12-02 21:35:36.959: I/Gecko(8666): [Child 8666] WARNING: NS_ENSURE_TRUE(InitStaticMembers()) failed: file /home/fischer/Projects/gecko-dev/modules/libpref/Preferences.cpp, line 1355
12-02 21:35:39.299: I/Gecko(8643): ###!!! [Parent][OnMaybeDequeueOne] Error: Channel closing: too late to send/recv, messages will be lost
12-02 21:35:39.339: I/Gecko(8643): -*-*- OfflineCacheInstaller.jsm : installCache
12-02 21:35:39.349: I/Gecko(8643): -*-*- OfflineCacheInstaller.jsm : cacheDir =[xpconnect wrapped nsIFile @ 0xac61b790 (native @ 0xadf24080)]
12-02 21:35:39.349: I/Gecko(8643): -*-*- OfflineCacheInstaller.jsm : cacheDir.path =/system/b2g/webapps/bluetooth.gaiamobile.org
12-02 21:35:39.349: I/Gecko(8643): -*-*- OfflineCacheInstaller.jsm : resourcesMetadata =[xpconnect wrapped nsIFile @ 0xac6b1940 (native @ 0xadf24110)]
12-02 21:35:39.349: I/Gecko(8643): -*-*- OfflineCacheInstaller.jsm : resourcesMetadata.path =/system/b2g/webapps/bluetooth.gaiamobile.org/resources_metadata.json
12-02 21:35:39.349: I/Gecko(8643): -*-*- OfflineCacheInstaller.jsm : cacheDir =[xpconnect wrapped nsIFile @ 0xac61b790 (native @ 0xadf24080)]
12-02 21:35:39.349: I/Gecko(8643): -*-*- OfflineCacheInstaller.jsm : cacheDir.path =/system/b2g/webapps/bluetooth.gaiamobile.org/cache
12-02 21:35:39.349: I/Gecko(8643): -*-*- OfflineCacheInstaller.jsm : cacheDir.exists() === false
12-02 21:35:39.529: I/Gecko(8643): -*-*- OfflineCacheInstaller.jsm : installCache
12-02 21:35:39.529: I/Gecko(8643): -*-*- OfflineCacheInstaller.jsm : cacheDir =[xpconnect wrapped nsIFile @ 0xaeb4b5e0 (native @ 0xac634080)]
12-02 21:35:39.529: I/Gecko(8643): -*-*- OfflineCacheInstaller.jsm : cacheDir.path =/system/b2g/webapps/bookmark.gaiamobile.org
12-02 21:35:39.529: I/Gecko(8643): -*-*- OfflineCacheInstaller.jsm : resourcesMetadata =[xpconnect wrapped nsIFile @ 0xaeb4b6d0 (native @ 0xadf24c50)]
12-02 21:35:39.529: I/Gecko(8643): -*-*- OfflineCacheInstaller.jsm : resourcesMetadata.path =/system/b2g/webapps/bookmark.gaiamobile.org/resources_metadata.json
12-02 21:35:39.529: I/Gecko(8643): -*-*- OfflineCacheInstaller.jsm : cacheDir =[xpconnect wrapped nsIFile @ 0xaeb4b5e0 (native @ 0xac634080)]
12-02 21:35:39.529: I/Gecko(8643): -*-*- OfflineCacheInstaller.jsm : cacheDir.path =/system/b2g/webapps/bookmark.gaiamobile.org/cache
12-02 21:35:39.529: I/Gecko(8643): -*-*- OfflineCacheInstaller.jsm : cacheDir.exists() === false
12-02 21:35:39.649: I/Gecko(8643): -*-*- OfflineCacheInstaller.jsm : installCache
12-02 21:35:39.649: I/Gecko(8643): -*-*- OfflineCacheInstaller.jsm : cacheDir =[xpconnect wrapped nsIFile @ 0xaebb7a30 (native @ 0xac634a10)]
12-02 21:35:39.649: I/Gecko(8643): -*-*- OfflineCacheInstaller.jsm : cacheDir.path =/system/b2g/webapps/calendar.gaiamobile.org
12-02 21:35:39.649: I/Gecko(8643): -*-*- OfflineCacheInstaller.jsm : resourcesMetadata =[xpconnect wrapped nsIFile @ 0xaebb7eb0 (native @ 0xadf25160)]
12-02 21:35:39.649: I/Gecko(8643): -*-*- OfflineCacheInstaller.jsm : resourcesMetadata.path =/system/b2g/webapps/calendar.gaiamobile.org/resources_metadata.json
12-02 21:35:39.649: I/Gecko(8643): -*-*- OfflineCacheInstaller.jsm : cacheDir =[xpconnect wrapped nsIFile @ 0xaebb7a30 (native @ 0xac634a10)]
12-02 21:35:39.649: I/Gecko(8643): -*-*- OfflineCacheInstaller.jsm : cacheDir.path =/system/b2g/webapps/calendar.gaiamobile.org/cache
12-02 21:35:39.649: I/Gecko(8643): -*-*- OfflineCacheInstaller.jsm : cacheDir.exists() === false
12-02 21:35:39.779: I/Gecko(8643): -*-*- OfflineCacheInstaller.jsm : installCache
12-02 21:35:39.779: I/Gecko(8643): -*-*- OfflineCacheInstaller.jsm : cacheDir =[xpconnect wrapped nsIFile @ 0xaf207d30 (native @ 0xac635280)]
12-02 21:35:39.779: I/Gecko(8643): -*-*- OfflineCacheInstaller.jsm : cacheDir.path =/system/b2g/webapps/callscreen.gaiamobile.org
12-02 21:35:39.779: I/Gecko(8643): -*-*- OfflineCacheInstaller.jsm : resourcesMetadata =[xpconnect wrapped nsIFile @ 0xaf20a400 (native @ 0xadf255e0)]
12-02 21:35:39.779: I/Gecko(8643): -*-*- OfflineCacheInstaller.jsm : resourcesMetadata.path =/system/b2g/webapps/callscreen.gaiamobile.org/resources_metadata.json
12-02 21:35:39.779: I/Gecko(8643): -*-*- OfflineCacheInstaller.jsm : cacheDir =[xpconnect wrapped nsIFile @ 0xaf207d30 (native @ 0xac635280)]
12-02 21:35:39.779: I/Gecko(8643): -*-*- OfflineCacheInstaller.jsm : cacheDir.path =/system/b2g/webapps/callscreen.gaiamobile.org/cache
12-02 21:35:39.779: I/Gecko(8643): -*-*- OfflineCacheInstaller.jsm : cacheDir.exists() === false
12-02 21:35:39.919: I/Gecko(8643): -*-*- OfflineCacheInstaller.jsm : installCache
12-02 21:35:39.919: I/Gecko(8643): -*-*- OfflineCacheInstaller.jsm : cacheDir =[xpconnect wrapped nsIFile @ 0xab6a3970 (native @ 0xac635af0)]
12-02 21:35:39.919: I/Gecko(8643): -*-*- OfflineCacheInstaller.jsm : cacheDir.path =/system/b2g/webapps/camera.gaiamobile.org
