?:??: W/?(?): --------- beginning of /dev/log/system
08-18 08:40:12.010: I/Vold(170): Vold 2.1 (the revenge) firing up
12-09 12:59:54.480: W/SocketClient(172): write error (Broken pipe)
12-09 13:14:01.926: W/SocketClient(172): write error (Broken pipe)
12-09 13:54:36.044: W/SocketClient(172): write error (Broken pipe)
12-09 14:05:19.470: W/SocketClient(172): write error (Broken pipe)
12-09 14:05:19.470: W/SocketClient(172): write error (Broken pipe)
12-09 14:05:19.470: W/SocketClient(172): --------- beginning of /dev/log/main
12-09 15:07:21.566: D/wpa_supplicant(12039): wlan0:    skip - SSID mismatch
12-09 15:07:21.566: D/wpa_supplicant(12039): wlan0: 15: d8:24:bd:08:be:2f ssid='xpowpa' wpa_ie_len=0 rsn_ie_len=20 caps=0x1011 level=-82
12-09 15:07:21.566: D/wpa_supplicant(12039): wlan0:    skip - SSID mismatch
12-09 15:07:21.566: D/wpa_supplicant(12039): wlan0: 16: d8:24:bd:08:be:2b ssid='Mozlando15' wpa_ie_len=0 rsn_ie_len=20 caps=0x1011 level=-82
12-09 15:07:21.566: D/wpa_supplicant(12039): wlan0:    skip - SSID mismatch
12-09 15:07:21.566: D/wpa_supplicant(12039): wlan0: 17: 20:c9:d0:ac:a5:1c ssid='' wpa_ie_len=22 rsn_ie_len=24 caps=0x1431 level=-78
12-09 15:07:21.566: D/wpa_supplicant(12039): wlan0:    skip - SSID not known
12-09 15:07:21.566: D/wpa_supplicant(12039): wlan0: 18: b8:8d:12:65:d7:fb ssid='' wpa_ie_len=22 rsn_ie_len=24 caps=0x1431 level=-81
12-09 15:07:21.566: D/wpa_supplicant(12039): wlan0:    skip - SSID not known
12-09 15:07:21.566: D/wpa_supplicant(12039): wlan0: 19: d8:24:bd:08:be:24 ssid='Mozlando15' wpa_ie_len=0 rsn_ie_len=20 caps=0x1431 level=-82
12-09 15:07:21.566: D/wpa_supplicant(12039): wlan0:    skip - SSID mismatch
12-09 15:07:21.566: D/wpa_supplicant(12039): wlan0: 20: d8:24:bd:08:be:23 ssid='MOZAVProd' wpa_ie_len=0 rsn_ie_len=20 caps=0x1431 level=-82
12-09 15:07:21.566: D/wpa_supplicant(12039): wlan0:    skip - SSID mismatch
12-09 15:07:21.566: D/wpa_supplicant(12039): wlan0: 21: 08:d0:9f:bf:ff:6e ssid='xpoconnect' wpa_ie_len=0 rsn_ie_len=0 caps=0x1001 level=-67
12-09 15:07:21.566: D/wpa_supplicant(12039): wlan0:    skip - SSID mismatch
12-09 15:07:21.566: D/wpa_supplicant(12039): wlan0: 22: 08:d0:9f:bf:ff:61 ssid='xpoconnect' wpa_ie_len=0 rsn_ie_len=0 caps=0x1421 level=-65
12-09 15:07:21.566: D/wpa_supplicant(12039): wlan0:    skip - SSID mismatch
12-09 15:07:21.566: D/wpa_supplicant(12039): wlan0: 23: 18:ef:63:35:0a:1e ssid='xpoconnect' wpa_ie_len=0 rsn_ie_len=0 caps=0x1001 level=-70
12-09 15:07:21.566: D/wpa_supplicant(12039): wlan0:    skip - SSID mismatch
12-09 15:07:21.566: D/wpa_supplicant(12039): wlan0: 24: 18:ef:63:35:0a:11 ssid='xpoconnect' wpa_ie_len=0 rsn_ie_len=0 caps=0x1421 level=-67
12-09 15:07:21.566: D/wpa_supplicant(12039): wlan0:    skip - SSID mismatch
12-09 15:07:21.566: D/wpa_supplicant(12039): wlan0: 25: f4:cf:e2:f8:be:5e ssid='xpoconnect' wpa_ie_len=0 rsn_ie_len=0 caps=0x1001 level=-81
12-09 15:07:21.566: D/wpa_supplicant(12039): wlan0:    skip - SSID mismatch
12-09 15:07:21.566: D/wpa_supplicant(12039): wlan0: 26: d8:24:bd:08:be:2e ssid='xpoconnect' wpa_ie_len=0 rsn_ie_len=0 caps=0x1001 level=-81
12-09 15:07:21.566: D/wpa_supplicant(12039): wlan0:    skip - SSID mismatch
12-09 15:07:21.566: D/wpa_supplicant(12039): wlan0: 27: d8:24:bd:08:be:21 ssid='xpoconnect' wpa_ie_len=0 rsn_ie_len=0 caps=0x1421 level=-81
12-09 15:07:21.566: D/wpa_supplicant(12039): wlan0:    skip - SSID mismatch
12-09 15:07:21.566: D/wpa_supplicant(12039): wlan0: Selecting BSS from priority group 1
12-09 15:07:21.566: D/wpa_supplicant(12039): wlan0: 0: 08:d0:9f:bf:ff:6d ssid='\x00' wpa_ie_len=0 rsn_ie_len=20 caps=0x1011 level=-67
12-09 15:07:21.566: D/wpa_supplicant(12039): wlan0:    skip - SSID mismatch
12-09 15:07:21.566: D/wpa_supplicant(12039): wlan0: 1: 08:d0:9f:bf:ff:6c ssid='MOZAVProd' wpa_ie_len=0 rsn_ie_len=20 caps=0x1011 level=-67
12-09 15:07:21.566: D/wpa_supplicant(12039): wlan0:    skip - SSID mismatch
12-09 15:07:21.566: D/wpa_supplicant(12039): wlan0: 2: 08:d0:9f:bf:ff:6f ssid='xpowpa' wpa_ie_len=0 rsn_ie_len=20 caps=0x1011 level=-67
12-09 15:07:21.566: D/wpa_supplicant(12039): wlan0:    skip - SSID mismatch
12-09 15:07:21.566: D/wpa_supplicant(12039): wlan0: 3: 08:d0:9f:bf:ff:6b ssid='Mozlando15' wpa_ie_len=0 rsn_ie_len=20 caps=0x1011 level=-67
12-09 15:07:21.566: D/wpa_supplicant(12039): wlan0:    skip - SSID mismatch
12-09 15:07:21.566: D/wpa_supplicant(12039): wlan0: 4: 08:d0:9f:bf:ff:63 ssid='MOZAVProd' wpa_ie_len=0 rsn_ie_len=20 caps=0x1431 level=-65
12-09 15:07:21.566: D/wpa_supplicant(12039): wlan0:    skip - SSID mismatch
12-09 15:07:21.566: D/wpa_supplicant(12039): wlan0: 5: 18:ef:63:35:0a:1c ssid='MOZAVProd' wpa_ie_len=0 rsn_ie_len=20 caps=0x1011 level=-70
12-09 15:07:21.566: D/wpa_supplicant(12039): wlan0:    skip - SSID mismatch
12-09 15:07:21.566: D/wpa_supplicant(12039): wlan0: 6: 18:ef:63:35:0a:1f ssid='xpowpa' wpa_ie_len=0 rsn_ie_len=20 caps=0x1011 level=-70
12-09 15:07:21.566: D/wpa_supplicant(12039): wlan0:    skip - SSID mismatch
12-09 15:07:21.566: D/wpa_supplicant(12039): wlan0: 7: 18:ef:63:35:0a:13 ssid='MOZAVProd' wpa_ie_len=0 rsn_ie_len=20 caps=0x1431 level=-66
12-09 15:07:21.566: D/wpa_supplicant(12039): wlan0:    skip - SSID mismatch
12-09 15:07:21.566: D/wpa_supplicant(12039): wlan0: 8: 08:d0:9f:bf:ff:64 ssid='Mozlando15' wpa_ie_len=0 rsn_ie_len=20 caps=0x1431 level=-66
12-09 15:07:21.566: D/wpa_supplicant(12039): wlan0:    skip - SSID mismatch
12-09 15:07:21.566: D/wpa_supplicant(12039): wlan0: 9: 18:ef:63:35:0a:14 ssid='Mozlando15' wpa_ie_len=0 rsn_ie_len=20 caps=0x1431 level=-66
12-09 15:07:21.566: D/wpa_supplicant(12039): wlan0:    skip - SSID mismatch
12-09 15:07:21.566: D/wpa_supplicant(12039): wlan0: 10: 18:ef:63:35:0a:1b ssid='Mozlando15' wpa_ie_len=0 rsn_ie_len=20 caps=0x1011 level=-71
12-09 15:07:21.566: D/wpa_supplicant(12039): wlan0:    skip - SSID mismatch
12-09 15:07:21.566: D/wpa_supplicant(12039): wlan0: 11: f4:cf:e2:f8:be:5f ssid='xpowpa' wpa_ie_len=0 rsn_ie_len=20 caps=0x1011 level=-80
12-09 15:07:21.566: D/wpa_supplicant(12039): wlan0:    skip - SSID mismatch
12-09 15:07:21.566: D/wpa_supplicant(12039): wlan0: 12: f4:cf:e2:f8:be:5d ssid='Mozlando15' wpa_ie_len=0 rsn_ie_len=20 caps=0x1011 level=-81
12-09 15:07:21.566: D/wpa_supplicant(12039): wlan0:    skip - SSID mismatch
12-09 15:07:21.566: D/wpa_supplicant(12039): wlan0: 13: d8:24:bd:08:be:2c ssid='MOZAVProd' wpa_ie_len=0 rsn_ie_len=20 caps=0x1011 level=-81
12-09 15:07:21.566: D/wpa_supplicant(12039): wlan0:    skip - SSID mismatch
12-09 15:07:21.566: D/wpa_supplicant(12039): wlan0: 14: d8:24:bd:08:be:2d ssid='\x00' wpa_ie_len=0 rsn_ie_len=20 caps=0x1011 level=-82
12-09 15:07:21.566: D/wpa_supplicant(12039): wlan0:    skip - SSID mismatch
12-09 15:07:21.566: D/wpa_supplicant(12039): wlan0: 15: d8:24:bd:08:be:2f ssid='xpowpa' wpa_ie_len=0 rsn_ie_len=20 caps=0x1011 level=-82
12-09 15:07:21.586: I/Gecko(11759): -*- WifiWorker component: Event coming in: CTRL-EVENT-BSS-ADDED 51 20:c9:d0:ac:a5:1c
12-09 15:07:21.596: D/wpa_supplicant(12039): wlan0:    skip - SSID mismatch
12-09 15:07:21.596: D/wpa_supplicant(12039): wlan0: 16: d8:24:bd:08:be:2b ssid='Mozlando15' wpa_ie_len=0 rsn_ie_len=20 caps=0x1011 level=-82
12-09 15:07:21.596: D/wpa_supplicant(12039): wlan0:    skip - SSID mismatch
12-09 15:07:21.596: D/wpa_supplicant(12039): wlan0: 17: 20:c9:d0:ac:a5:1c ssid='' wpa_ie_len=22 rsn_ie_len=24 caps=0x1431 level=-78
12-09 15:07:21.596: D/wpa_supplicant(12039): wlan0:    skip - SSID not known
12-09 15:07:21.596: D/wpa_supplicant(12039): wlan0: 18: b8:8d:12:65:d7:fb ssid='' wpa_ie_len=22 rsn_ie_len=24 caps=0x1431 level=-81
12-09 15:07:21.596: D/wpa_supplicant(12039): wlan0:    skip - SSID not known
12-09 15:07:21.596: D/wpa_supplicant(12039): wlan0: 19: d8:24:bd:08:be:24 ssid='Mozlando15' wpa_ie_len=0 rsn_ie_len=20 caps=0x1431 level=-82
12-09 15:07:21.596: D/wpa_supplicant(12039): wlan0:    skip - SSID mismatch
12-09 15:07:21.596: D/wpa_supplicant(12039): wlan0: 20: d8:24:bd:08:be:23 ssid='MOZAVProd' wpa_ie_len=0 rsn_ie_len=20 caps=0x1431 level=-82
12-09 15:07:21.596: D/wpa_supplicant(12039): wlan0:    skip - SSID mismatch
12-09 15:07:21.596: D/wpa_supplicant(12039): wlan0: 21: 08:d0:9f:bf:ff:6e ssid='xpoconnect' wpa_ie_len=0 rsn_ie_len=0 caps=0x1001 level=-67
12-09 15:07:21.596: D/wpa_supplicant(12039): wlan0:    skip - SSID mismatch
12-09 15:07:21.596: D/wpa_supplicant(12039): wlan0: 22: 08:d0:9f:bf:ff:61 ssid='xpoconnect' wpa_ie_len=0 rsn_ie_len=0 caps=0x1421 level=-65
12-09 15:07:21.596: D/wpa_supplicant(12039): wlan0:    skip - SSID mismatch
12-09 15:07:21.596: D/wpa_supplicant(12039): wlan0: 23: 18:ef:63:35:0a:1e ssid='xpoconnect' wpa_ie_len=0 rsn_ie_len=0 caps=0x1001 level=-70
12-09 15:07:21.596: D/wpa_supplicant(12039): wlan0:    skip - SSID mismatch
12-09 15:07:21.596: D/wpa_supplicant(12039): wlan0: 24: 18:ef:63:35:0a:11 ssid='xpoconnect' wpa_ie_len=0 rsn_ie_len=0 caps=0x1421 level=-67
12-09 15:07:21.596: D/wpa_supplicant(12039): wlan0:    skip - SSID mismatch
12-09 15:07:21.596: D/wpa_supplicant(12039): wlan0: 25: f4:cf:e2:f8:be:5e ssid='xpoconnect' wpa_ie_len=0 rsn_ie_len=0 caps=0x1001 level=-81
12-09 15:07:21.596: D/wpa_supplicant(12039): wlan0:    skip - SSID mismatch
12-09 15:07:21.596: D/wpa_supplicant(12039): wlan0: 26: d8:24:bd:08:be:2e ssid='xpoconnect' wpa_ie_len=0 rsn_ie_len=0 caps=0x1001 level=-81
12-09 15:07:21.596: D/wpa_supplicant(12039): wlan0:    skip - SSID mismatch
12-09 15:07:21.596: D/wpa_supplicant(12039): wlan0: 27: d8:24:bd:08:be:21 ssid='xpoconnect' wpa_ie_len=0 rsn_ie_len=0 caps=0x1421 level=-81
12-09 15:07:21.596: D/wpa_supplicant(12039): wlan0:    skip - SSID mismatch
12-09 15:07:21.596: D/wpa_supplicant(12039): wlan0: Selecting BSS from priority group 0
12-09 15:07:21.596: D/wpa_supplicant(12039): wlan0: 0: 08:d0:9f:bf:ff:6d ssid='\x00' wpa_ie_len=0 rsn_ie_len=20 caps=0x1011 level=-67
12-09 15:07:21.596: D/wpa_supplicant(12039): wlan0:    skip - SSID mismatch
12-09 15:07:21.596: D/wpa_supplicant(12039): wlan0: 1: 08:d0:9f:bf:ff:6c ssid='MOZAVProd' wpa_ie_len=0 rsn_ie_len=20 caps=0x1011 level=-67
12-09 15:07:21.596: D/wpa_supplicant(12039): wlan0:    skip - SSID mismatch
12-09 15:07:21.616: D/wpa_supplicant(12039): wlan0: 2: 08:d0:9f:bf:ff:6f ssid='xpowpa' wpa_ie_len=0 rsn_ie_len=20 caps=0x1011 level=-67
12-09 15:07:21.616: D/wpa_supplicant(12039): wlan0:    skip - SSID mismatch
12-09 15:07:21.616: D/wpa_supplicant(12039): wlan0: 3: 08:d0:9f:bf:ff:6b ssid='Mozlando15' wpa_ie_len=0 rsn_ie_len=20 caps=0x1011 level=-67
12-09 15:07:21.616: D/wpa_supplicant(12039): wlan0:    skip - SSID mismatch
12-09 15:07:21.616: D/wpa_supplicant(12039): wlan0: 4: 08:d0:9f:bf:ff:63 ssid='MOZAVProd' wpa_ie_len=0 rsn_ie_len=20 caps=0x1431 level=-65
12-09 15:07:21.616: D/wpa_supplicant(12039): wlan0:    skip - SSID mismatch
12-09 15:07:21.616: D/wpa_supplicant(12039): wlan0: 5: 18:ef:63:35:0a:1c ssid='MOZAVProd' wpa_ie_len=0 rsn_ie_len=20 caps=0x1011 level=-70
12-09 15:07:21.616: D/wpa_supplicant(12039): wlan0:    skip - SSID mismatch
12-09 15:07:21.616: D/wpa_supplicant(12039): wlan0: 6: 18:ef:63:35:0a:1f ssid='xpowpa' wpa_ie_len=0 rsn_ie_len=20 caps=0x1011 level=-70
12-09 15:07:21.616: D/wpa_supplicant(12039): wlan0:    skip - SSID mismatch
12-09 15:07:21.616: D/wpa_supplicant(12039): wlan0: 7: 18:ef:63:35:0a:13 ssid='MOZAVProd' wpa_ie_len=0 rsn_ie_len=20 caps=0x1431 level=-66
12-09 15:07:21.616: D/wpa_supplicant(12039): wlan0:    skip - SSID mismatch
12-09 15:07:21.616: D/wpa_supplicant(12039): wlan0: 8: 08:d0:9f:bf:ff:64 ssid='Mozlando15' wpa_ie_len=0 rsn_ie_len=20 caps=0x1431 level=-66
12-09 15:07:21.616: D/wpa_supplicant(12039): wlan0:    skip - SSID mismatch
12-09 15:07:21.616: D/wpa_supplicant(12039): wlan0: 9: 18:ef:63:35:0a:14 ssid='Mozlando15' wpa_ie_len=0 rsn_ie_len=20 caps=0x1431 level=-66
12-09 15:07:21.616: D/wpa_supplicant(12039): wlan0:    skip - SSID mismatch
12-09 15:07:21.616: D/wpa_supplicant(12039): wlan0: 10: 18:ef:63:35:0a:1b ssid='Mozlando15' wpa_ie_len=0 rsn_ie_len=20 caps=0x1011 level=-71
12-09 15:07:21.616: D/wpa_supplicant(12039): wlan0:    skip - SSID mismatch
12-09 15:07:21.616: D/wpa_supplicant(12039): wlan0: 11: f4:cf:e2:f8:be:5f ssid='xpowpa' wpa_ie_len=0 rsn_ie_len=20 caps=0x1011 level=-80
12-09 15:07:21.616: D/wpa_supplicant(12039): wlan0:    skip - SSID mismatch
12-09 15:07:21.616: D/wpa_supplicant(12039): wlan0: 12: f4:cf:e2:f8:be:5d ssid='Mozlando15' wpa_ie_len=0 rsn_ie_len=20 caps=0x1011 level=-81
12-09 15:07:21.616: D/wpa_supplicant(12039): wlan0:    skip - SSID mismatch
12-09 15:07:21.616: D/wpa_supplicant(12039): wlan0: 13: d8:24:bd:08:be:2c ssid='MOZAVProd' wpa_ie_len=0 rsn_ie_len=20 caps=0x1011 level=-81
12-09 15:07:21.616: D/wpa_supplicant(12039): wlan0:    skip - SSID mismatch
12-09 15:07:21.616: D/wpa_supplicant(12039): wlan0: 14: d8:24:bd:08:be:2d ssid='\x00' wpa_ie_len=0 rsn_ie_len=20 caps=0x1011 level=-82
12-09 15:07:21.616: D/wpa_supplicant(12039): wlan0:    skip - SSID mismatch
12-09 15:07:21.616: D/wpa_supplicant(12039): wlan0: 15: d8:24:bd:08:be:2f ssid='xpowpa' wpa_ie_len=0 rsn_ie_len=20 caps=0x1011 level=-82
12-09 15:07:21.616: D/wpa_supplicant(12039): wlan0:    skip - SSID mismatch
12-09 15:07:21.616: D/wpa_supplicant(12039): wlan0: 16: d8:24:bd:08:be:2b ssid='Mozlando15' wpa_ie_len=0 rsn_ie_len=20 caps=0x1011 level=-82
12-09 15:07:21.616: D/wpa_supplicant(12039): wlan0:    skip - SSID mismatch
12-09 15:07:21.616: D/wpa_supplicant(12039): wlan0: 17: 20:c9:d0:ac:a5:1c ssid='' wpa_ie_len=22 rsn_ie_len=24 caps=0x1431 level=-78
12-09 15:07:21.616: D/wpa_supplicant(12039): wlan0:    skip - SSID not known
12-09 15:07:21.616: D/wpa_supplicant(12039): wlan0: 18: b8:8d:12:65:d7:fb ssid='' wpa_ie_len=22 rsn_ie_len=24 caps=0x1431 level=-81
12-09 15:07:21.616: D/wpa_supplicant(12039): wlan0:    skip - SSID not known
12-09 15:07:21.616: D/wpa_supplicant(12039): wlan0: 19: d8:24:bd:08:be:24 ssid='Mozlando15' wpa_ie_len=0 rsn_ie_len=20 caps=0x1431 level=-82
12-09 15:07:21.616: D/wpa_supplicant(12039): wlan0:    skip - SSID mismatch
12-09 15:07:21.616: D/wpa_supplicant(12039): wlan0: 20: d8:24:bd:08:be:23 ssid='MOZAVProd' wpa_ie_len=0 rsn_ie_len=20 caps=0x1431 level=-82
12-09 15:07:21.616: D/wpa_supplicant(12039): wlan0:    skip - SSID mismatch
12-09 15:07:21.616: D/wpa_supplicant(12039): wlan0: 21: 08:d0:9f:bf:ff:6e ssid='xpoconnect' wpa_ie_len=0 rsn_ie_len=0 caps=0x1001 level=-67
12-09 15:07:21.616: D/wpa_supplicant(12039): wlan0:    skip - SSID mismatch
12-09 15:07:21.616: D/wpa_supplicant(12039): wlan0: 22: 08:d0:9f:bf:ff:61 ssid='xpoconnect' wpa_ie_len=0 rsn_ie_len=0 caps=0x1421 level=-65
12-09 15:07:21.616: D/wpa_supplicant(12039): wlan0:    skip - SSID mismatch
12-09 15:07:21.616: D/wpa_supplicant(12039): wlan0: 23: 18:ef:63:35:0a:1e ssid='xpoconnect' wpa_ie_len=0 rsn_ie_len=0 caps=0x1001 level=-70
12-09 15:07:21.616: D/wpa_supplicant(12039): wlan0:    skip - SSID mismatch
12-09 15:07:21.616: D/wpa_supplicant(12039): wlan0: 24: 18:ef:63:35:0a:11 ssid='xpoconnect' wpa_ie_len=0 rsn_ie_len=0 caps=0x1421 level=-67
12-09 15:07:21.616: D/wpa_supplicant(12039): wlan0:    skip - SSID mismatch
12-09 15:07:21.616: D/wpa_supplicant(12039): wlan0: 25: f4:cf:e2:f8:be:5e ssid='xpoconnect' wpa_ie_len=0 rsn_ie_len=0 caps=0x1001 level=-81
12-09 15:07:21.616: D/wpa_supplicant(12039): wlan0:    skip - SSID mismatch
12-09 15:07:21.616: D/wpa_supplicant(12039): wlan0: 26: d8:24:bd:08:be:2e ssid='xpoconnect' wpa_ie_len=0 rsn_ie_len=0 caps=0x1001 level=-81
12-09 15:07:21.616: D/wpa_supplicant(12039): wlan0:    skip - SSID mismatch
12-09 15:07:21.616: D/wpa_supplicant(12039): wlan0: 27: d8:24:bd:08:be:21 ssid='xpoconnect' wpa_ie_len=0 rsn_ie_len=0 caps=0x1421 level=-81
12-09 15:07:21.616: D/wpa_supplicant(12039): wlan0:    skip - SSID mismatch
12-09 15:07:21.616: D/wpa_supplicant(12039): wlan0: No suitable network found
12-09 15:07:21.616: D/wpa_supplicant(12039): wlan0: Setting scan request: 5 sec 0 usec
12-09 15:07:21.616: D/wpa_supplicant(12039): wlan0: Checking for other virtual interfaces sharing same radio (phy0) in event_scan_results
12-09 15:07:21.616: D/wpa_supplicant(12039): wlan0: P2P: Station mode scan operation not pending anymore (sta_scan_pending=0 p2p_cb_on_scan_complete=0)
12-09 15:07:21.616: D/wpa_supplicant(12039): RTM_NEWLINK: operstate=0 ifi_flags=0x11003 ([UP][LOWER_UP])
12-09 15:07:21.616: D/wpa_supplicant(12039): RTM_NEWLINK, IFLA_IFNAME: Interface 'wlan0' added
12-09 15:07:21.616: D/wpa_supplicant(12039): nl80211: if_removed already cleared - ignore event
12-09 15:07:21.646: I/Gecko(11759): -*- WifiWorker component: Event coming in: CTRL-EVENT-BSS-ADDED 52 b8:8d:12:65:d7:fb
12-09 15:07:21.656: I/Gecko(11759): -*- WifiWorker component: Event coming in: CTRL-EVENT-BSS-ADDED 53 d8:24:bd:08:be:23
12-09 15:07:21.656: I/Gecko(11759): -*- WifiWorker component: Event coming in: CTRL-EVENT-BSS-ADDED 54 d8:24:bd:08:be:21
12-09 15:07:21.656: I/Gecko(11759): -*- WifiWorker component: Event coming in: CTRL-EVENT-SCAN-RESULTS
12-09 15:07:21.656: I/Gecko(11759): -*- WifiWorker component: Notifying of scan results available
12-09 15:07:21.656: I/Gecko(11759): -*- WifiWorker component: Scan results available, but we don't need them
12-09 15:07:24.036: V/EventHub(11759): /dev/input/event1 got: time=17340.339242, type=3, code=57, value=345
12-09 15:07:24.036: V/EventHub(11759): event time 17340339242000, now 17340342622835
12-09 15:07:24.036: V/EventHub(11759): /dev/input/event1 got: time=17340.339242, type=3, code=53, value=814
12-09 15:07:24.036: V/EventHub(11759): event time 17340339242000, now 17340342622835
12-09 15:07:24.036: V/EventHub(11759): /dev/input/event1 got: time=17340.339242, type=3, code=54, value=1679
12-09 15:07:24.036: V/EventHub(11759): event time 17340339242000, now 17340342622835
12-09 15:07:24.036: V/EventHub(11759): /dev/input/event1 got: time=17340.339242, type=0, code=0, value=0
12-09 15:07:24.036: V/EventHub(11759): event time 17340339242000, now 17340342622835
12-09 15:07:24.126: V/EventHub(11759): /dev/input/event1 got: time=17340.430105, type=3, code=57, value=-1
12-09 15:07:24.126: V/EventHub(11759): event time 17340430105000, now 17340432583197
12-09 15:07:24.126: V/EventHub(11759): /dev/input/event1 got: time=17340.430105, type=0, code=0, value=0
12-09 15:07:24.126: V/EventHub(11759): event time 17340430105000, now 17340432583197
12-09 15:07:24.196: I/Gecko(11759): [Parent 11759] WARNING: No Document in SetRequestContext; can not query loadgroup; sending reports may fail.: file /Users/foxbrush/Projects/gecko-dev-appcache/dom/security/nsCSPContext.cpp, line 603
12-09 15:07:25.336: V/EventHub(11759): /dev/input/event1 got: time=17341.640300, type=3, code=57, value=346
12-09 15:07:25.336: V/EventHub(11759): event time 17341640300000, now 17341642891630
12-09 15:07:25.336: V/EventHub(11759): /dev/input/event1 got: time=17341.640300, type=3, code=53, value=824
12-09 15:07:25.336: V/EventHub(11759): event time 17341640300000, now 17341642891630
12-09 15:07:25.336: V/EventHub(11759): /dev/input/event1 got: time=17341.640300, type=3, code=58, value=46
12-09 15:07:25.336: V/EventHub(11759): event time 17341640300000, now 17341642891630
12-09 15:07:25.336: V/EventHub(11759): /dev/input/event1 got: time=17341.640300, type=3, code=48, value=4
12-09 15:07:25.336: V/EventHub(11759): event time 17341640300000, now 17341642891630
12-09 15:07:25.336: V/EventHub(11759): /dev/input/event1 got: time=17341.640300, type=0, code=0, value=0
12-09 15:07:25.336: V/EventHub(11759): event time 17341640300000, now 17341642891630
12-09 15:07:25.436: V/EventHub(11759): /dev/input/event1 got: time=17341.739766, type=3, code=57, value=-1
12-09 15:07:25.436: V/EventHub(11759): event time 17341739766000, now 17341742262509
12-09 15:07:25.436: V/EventHub(11759): /dev/input/event1 got: time=17341.739766, type=0, code=0, value=0
12-09 15:07:25.436: V/EventHub(11759): event time 17341739766000, now 17341742262509
12-09 15:07:25.496: I/Gecko(11759): [Parent 11759] WARNING: No Document in SetRequestContext; can not query loadgroup; sending reports may fail.: file /Users/foxbrush/Projects/gecko-dev-appcache/dom/security/nsCSPContext.cpp, line 603
12-09 15:07:25.536: I/Gecko(11759): [Parent 11759] WARNING: No Document in SetRequestContext; can not query loadgroup; sending reports may fail.: file /Users/foxbrush/Projects/gecko-dev-appcache/dom/security/nsCSPContext.cpp, line 603
12-09 15:07:25.606: I/Gecko(11759): [Parent 11759] WARNING: No Document in SetRequestContext; can not query loadgroup; sending reports may fail.: file /Users/foxbrush/Projects/gecko-dev-appcache/dom/security/nsCSPContext.cpp, line 603
12-09 15:07:25.606: I/Gecko(11759): [Parent 11759] WARNING: No Document in SetRequestContext; can not query loadgroup; sending reports may fail.: file /Users/foxbrush/Projects/gecko-dev-appcache/dom/security/nsCSPContext.cpp, line 603
12-09 15:07:25.616: I/Gecko(11759): [Parent 11759] WARNING: No Document in SetRequestContext; can not query loadgroup; sending reports may fail.: file /Users/foxbrush/Projects/gecko-dev-appcache/dom/security/nsCSPContext.cpp, line 603
12-09 15:07:25.616: I/Gecko(11759): [Parent 11759] WARNING: No Document in SetRequestContext; can not query loadgroup; sending reports may fail.: file /Users/foxbrush/Projects/gecko-dev-appcache/dom/security/nsCSPContext.cpp, line 603
12-09 15:07:25.656: I/Gecko(11759): [Parent 11759] WARNING: No Document in SetRequestContext; can not query loadgroup; sending reports may fail.: file /Users/foxbrush/Projects/gecko-dev-appcache/dom/security/nsCSPContext.cpp, line 603
12-09 15:07:25.656: I/Gecko(11759): [Parent 11759] WARNING: No Document in SetRequestContext; can not query loadgroup; sending reports may fail.: file /Users/foxbrush/Projects/gecko-dev-appcache/dom/security/nsCSPContext.cpp, line 603
12-09 15:07:25.656: I/Gecko(11759): [Parent 11759] WARNING: No Document in SetRequestContext; can not query loadgroup; sending reports may fail.: file /Users/foxbrush/Projects/gecko-dev-appcache/dom/security/nsCSPContext.cpp, line 603
12-09 15:07:25.666: I/Gecko(11759): [Parent 11759] WARNING: No Document in SetRequestContext; can not query loadgroup; sending reports may fail.: file /Users/foxbrush/Projects/gecko-dev-appcache/dom/security/nsCSPContext.cpp, line 603
12-09 15:07:25.706: I/Gecko(11759): [Parent 11759] WARNING: No Document in SetRequestContext; can not query loadgroup; sending reports may fail.: file /Users/foxbrush/Projects/gecko-dev-appcache/dom/security/nsCSPContext.cpp, line 603
12-09 15:07:25.716: I/Gecko(11759): [Parent 11759] WARNING: No Document in SetRequestContext; can not query loadgroup; sending reports may fail.: file /Users/foxbrush/Projects/gecko-dev-appcache/dom/security/nsCSPContext.cpp, line 603
12-09 15:07:25.716: I/Gecko(11759): [Parent 11759] WARNING: No Document in SetRequestContext; can not query loadgroup; sending reports may fail.: file /Users/foxbrush/Projects/gecko-dev-appcache/dom/security/nsCSPContext.cpp, line 603
12-09 15:07:25.726: I/Gecko(11759): [Parent 11759] WARNING: No Document in SetRequestContext; can not query loadgroup; sending reports may fail.: file /Users/foxbrush/Projects/gecko-dev-appcache/dom/security/nsCSPContext.cpp, line 603
12-09 15:07:25.726: I/Gecko(11759): [Parent 11759] WARNING: No Document in SetRequestContext; can not query loadgroup; sending reports may fail.: file /Users/foxbrush/Projects/gecko-dev-appcache/dom/security/nsCSPContext.cpp, line 603
12-09 15:07:25.776: I/Gecko(11759): [Parent 11759] WARNING: No Document in SetRequestContext; can not query loadgroup; sending reports may fail.: file /Users/foxbrush/Projects/gecko-dev-appcache/dom/security/nsCSPContext.cpp, line 603
12-09 15:07:25.796: I/Gecko(11759): [Parent 11759] WARNING: No Document in SetRequestContext; can not query loadgroup; sending reports may fail.: file /Users/foxbrush/Projects/gecko-dev-appcache/dom/security/nsCSPContext.cpp, line 603
12-09 15:07:25.806: I/Gecko(11759): [Parent 11759] WARNING: No Document in SetRequestContext; can not query loadgroup; sending reports may fail.: file /Users/foxbrush/Projects/gecko-dev-appcache/dom/security/nsCSPContext.cpp, line 603
12-09 15:07:26.616: D/wpa_supplicant(12039): wlan0: Starting AP scan for wildcard SSID
12-09 15:07:26.616: D/wpa_supplicant(12039): wlan0: nl80211: scan request
12-09 15:07:26.616: V/EventHub(11759): /dev/input/event1 got: time=17342.924908, type=3, code=57, value=347
12-09 15:07:26.616: V/EventHub(11759): event time 17342924908000, now 17342927528187
12-09 15:07:26.616: V/EventHub(11759): /dev/input/event1 got: time=17342.924908, type=3, code=53, value=828
12-09 15:07:26.616: V/EventHub(11759): event time 17342924908000, now 17342927528187
12-09 15:07:26.616: V/EventHub(11759): /dev/input/event1 got: time=17342.924908, type=3, code=54, value=1685
12-09 15:07:26.616: V/EventHub(11759): event time 17342924908000, now 17342927528187
12-09 15:07:26.616: V/EventHub(11759): /dev/input/event1 got: time=17342.924908, type=3, code=58, value=47
12-09 15:07:26.616: V/EventHub(11759): event time 17342924908000, now 17342927528187
12-09 15:07:26.616: V/EventHub(11759): /dev/input/event1 got: time=17342.924908, type=3, code=48, value=5
12-09 15:07:26.616: V/EventHub(11759): event time 17342924908000, now 17342927528187
12-09 15:07:26.616: V/EventHub(11759): /dev/input/event1 got: time=17342.924908, type=0, code=0, value=0
12-09 15:07:26.616: V/EventHub(11759): event time 17342924908000, now 17342927528187
12-09 15:07:26.666: D/wpa_supplicant(12039): Scan requested (ret=0) - scan timeout 30 seconds
12-09 15:07:26.666: D/wpa_supplicant(12039): nl80211: Drv Event 33 (NL80211_CMD_TRIGGER_SCAN) received for wlan0
12-09 15:07:26.666: D/wpa_supplicant(12039): wlan0: nl80211: Scan trigger
12-09 15:07:26.716: V/EventHub(11759): /dev/input/event1 got: time=17343.024412, type=3, code=57, value=-1
12-09 15:07:26.716: V/EventHub(11759): event time 17343024412000, now 17343026942194
12-09 15:07:26.716: V/EventHub(11759): /dev/input/event1 got: time=17343.024412, type=0, code=0, value=0
12-09 15:07:26.716: V/EventHub(11759): event time 17343024412000, now 17343026942194
12-09 15:07:26.776: I/Gecko(11759): [Parent 11759] WARNING: No Document in SetRequestContext; can not query loadgroup; sending reports may fail.: file /Users/foxbrush/Projects/gecko-dev-appcache/dom/security/nsCSPContext.cpp, line 603
12-09 15:07:27.706: D/wpa_supplicant(12039): nl80211: Drv Event 34 (NL80211_CMD_NEW_SCAN_RESULTS) received for wlan0
12-09 15:07:27.706: D/wpa_supplicant(12039): wlan0: nl80211: New scan results available
12-09 15:07:27.706: D/wpa_supplicant(12039): wlan0: Event SCAN_RESULTS (3) received
12-09 15:07:27.706: D/wpa_supplicant(12039): nl80211: Received scan results (31 BSSes)
12-09 15:07:27.706: D/wpa_supplicant(12039): nl80211: Survey data missing
12-09 15:07:27.706: D/wpa_supplicant(12039): wlan0: BSS: Start scan result update 26
12-09 15:07:27.706: D/wpa_supplicant(12039): wlan0: BSS: Add new id 55 BSSID b8:8d:12:65:d7:fc SSID ''
12-09 15:07:27.706: D/wpa_supplicant(12039): CTRL_IFACE monitor send - hexdump(len=41): 2f 64 61 74 61 2f 6d 69 73 63 2f 77 69 66 69 2f 73 6f 63 6b 65 74 73 2f 77 70 61 5f 63 74 72 6c ...
12-09 15:07:27.716: I/Gecko(11759): -*- WifiWorker component: Event coming in: CTRL-EVENT-BSS-ADDED 55 b8:8d:12:65:d7:fc
12-09 15:07:27.716: D/wpa_supplicant(12039): wlan0: BSS: Add new id 56 BSSID 08:d0:9f:87:e0:e4 SSID 'Mozlando15'
12-09 15:07:27.716: D/wpa_supplicant(12039): CTRL_IFACE monitor send - hexdump(len=41): 2f 64 61 74 61 2f 6d 69 73 63 2f 77 69 66 69 2f 73 6f 63 6b 65 74 73 2f 77 70 61 5f 63 74 72 6c ...
12-09 15:07:27.726: D/wpa_supplicant(12039): wlan0: BSS: Add new id 57 BSSID 08:d0:9f:87:e0:e3 SSID 'MOZAVProd'
12-09 15:07:27.726: D/wpa_supplicant(12039): CTRL_IFACE monitor send - hexdump(len=41): 2f 64 61 74 61 2f 6d 69 73 63 2f 77 69 66 69 2f 73 6f 63 6b 65 74 73 2f 77 70 61 5f 63 74 72 6c ...
12-09 15:07:27.726: D/wpa_supplicant(12039): wlan0: BSS: Remove id 44 BSSID 20:c9:d0:ab:5e:5c SSID '' due to no match in scan
12-09 15:07:27.726: D/wpa_supplicant(12039): CTRL_IFACE monitor send - hexdump(len=41): 2f 64 61 74 61 2f 6d 69 73 63 2f 77 69 66 69 2f 73 6f 63 6b 65 74 73 2f 77 70 61 5f 63 74 72 6c ...
12-09 15:07:27.726: D/wpa_supplicant(12039): BSS: last_scan_res_used=31/32 last_scan_full=0
12-09 15:07:27.726: D/wpa_supplicant(12039): wlan0: New scan results available
12-09 15:07:27.726: D/wpa_supplicant(12039): CTRL_IFACE monitor send - hexdump(len=41): 2f 64 61 74 61 2f 6d 69 73 63 2f 77 69 66 69 2f 73 6f 63 6b 65 74 73 2f 77 70 61 5f 63 74 72 6c ...
12-09 15:07:27.726: D/wpa_supplicant(12039): wlan0: Selecting BSS from priority group 2
12-09 15:07:27.726: D/wpa_supplicant(12039): wlan0: 0: 08:d0:9f:bf:ff:64 ssid='Mozlando15' wpa_ie_len=0 rsn_ie_len=20 caps=0x1431 level=-63
12-09 15:07:27.726: D/wpa_supplicant(12039): wlan0:    skip - SSID mismatch
12-09 15:07:27.726: D/wpa_supplicant(12039): wlan0: 1: 08:d0:9f:bf:ff:6f ssid='xpowpa' wpa_ie_len=0 rsn_ie_len=20 caps=0x1011 level=-68
12-09 15:07:27.726: D/wpa_supplicant(12039): wlan0:    skip - SSID mismatch
12-09 15:07:27.726: D/wpa_supplicant(12039): wlan0: 2: 08:d0:9f:bf:ff:6b ssid='Mozlando15' wpa_ie_len=0 rsn_ie_len=20 caps=0x1011 level=-68
12-09 15:07:27.726: D/wpa_supplicant(12039): wlan0:    skip - SSID mismatch
12-09 15:07:27.726: D/wpa_supplicant(12039): wlan0: 3: 08:d0:9f:bf:ff:6c ssid='MOZAVProd' wpa_ie_len=0 rsn_ie_len=20 caps=0x1011 level=-68
12-09 15:07:27.726: D/wpa_supplicant(12039): wlan0:    skip - SSID mismatch
12-09 15:07:27.726: D/wpa_supplicant(12039): wlan0: 4: 08:d0:9f:bf:ff:63 ssid='MOZAVProd' wpa_ie_len=0 rsn_ie_len=20 caps=0x1431 level=-64
12-09 15:07:27.726: D/wpa_supplicant(12039): wlan0:    skip - SSID mismatch
12-09 15:07:27.726: D/wpa_supplicant(12039): wlan0: 5: 08:d0:9f:bf:ff:6d ssid='\x00' wpa_ie_len=0 rsn_ie_len=20 caps=0x1011 level=-69
12-09 15:07:27.726: D/wpa_supplicant(12039): wlan0:    skip - SSID mismatch
12-09 15:07:27.726: D/wpa_supplicant(12039): wlan0: 6: 18:ef:63:35:0a:13 ssid='MOZAVProd' wpa_ie_len=0 rsn_ie_len=20 caps=0x1431 level=-65
12-09 15:07:27.726: D/wpa_supplicant(12039): wlan0:    skip - SSID mismatch
12-09 15:07:27.726: D/wpa_supplicant(12039): wlan0: 7: 18:ef:63:35:0a:14 ssid='Mozlando15' wpa_ie_len=0 rsn_ie_len=20 caps=0x1431 level=-65
12-09 15:07:27.726: D/wpa_supplicant(12039): wlan0:    skip - SSID mismatch
12-09 15:07:27.726: D/wpa_supplicant(12039): wlan0: 8: 18:ef:63:35:0a:1d ssid='\x00' wpa_ie_len=0 rsn_ie_len=20 caps=0x1011 level=-73
12-09 15:07:27.726: D/wpa_supplicant(12039): wlan0:    skip - SSID mismatch
12-09 15:07:27.726: D/wpa_supplicant(12039): wlan0: 9: 18:ef:63:35:0a:1b ssid='Mozlando15' wpa_ie_len=0 rsn_ie_len=20 caps=0x1011 level=-73
12-09 15:07:27.726: D/wpa_supplicant(12039): wlan0:    skip - SSID mismatch
12-09 15:07:27.726: D/wpa_supplicant(12039): wlan0: 10: 18:ef:63:35:0a:1c ssid='MOZAVProd' wpa_ie_len=0 rsn_ie_len=20 caps=0x1011 level=-73
12-09 15:07:27.726: D/wpa_supplicant(12039): wlan0:    skip - SSID mismatch
12-09 15:07:27.726: D/wpa_supplicant(12039): wlan0: 11: 18:ef:63:35:0a:1f ssid='xpowpa' wpa_ie_len=0 rsn_ie_len=20 caps=0x1011 level=-74
12-09 15:07:27.726: D/wpa_supplicant(12039): wlan0:    skip - SSID mismatch
12-09 15:07:27.726: D/wpa_supplicant(12039): wlan0: 12: f4:cf:e2:f8:be:5d ssid='Mozlando15' wpa_ie_len=0 rsn_ie_len=20 caps=0x1011 level=-81
12-09 15:07:27.726: D/wpa_supplicant(12039): wlan0:    skip - SSID mismatch
12-09 15:07:27.726: D/wpa_supplicant(12039): wlan0: 13: f4:cf:e2:f8:be:5f ssid='xpowpa' wpa_ie_len=0 rsn_ie_len=20 caps=0x1011 level=-81
12-09 15:07:27.726: D/wpa_supplicant(12039): wlan0:    skip - SSID mismatch
12-09 15:07:27.726: D/wpa_supplicant(12039): wlan0: 14: b8:8d:12:65:d7:fb ssid='' wpa_ie_len=22 rsn_ie_len=24 caps=0x1431 level=-79
12-09 15:07:27.726: D/wpa_supplicant(12039): wlan0:    skip - SSID not known
12-09 15:07:27.726: D/wpa_supplicant(12039): wlan0: 15: 20:c9:d0:ac:a5:1c ssid='' wpa_ie_len=22 rsn_ie_len=24 caps=0x1431 level=-80
12-09 15:07:27.726: D/wpa_supplicant(12039): wlan0:    skip - SSID not known
12-09 15:07:27.726: D/wpa_supplicant(12039): wlan0: 16: d8:24:bd:08:be:2f ssid='xpowpa' wpa_ie_len=0 rsn_ie_len=20 caps=0x1011 level=-85
12-09 15:07:27.726: D/wpa_supplicant(12039): wlan0:    skip - SSID mismatch
12-09 15:07:27.726: D/wpa_supplicant(12039): wlan0: 17: d8:24:bd:08:be:2b ssid='Mozlando15' wpa_ie_len=0 rsn_ie_len=20 caps=0x1011 level=-85
12-09 15:07:27.726: D/wpa_supplicant(12039): wlan0:    skip - SSID mismatch
12-09 15:07:27.726: D/wpa_supplicant(12039): wlan0: 18: d8:24:bd:08:be:2c ssid='MOZAVProd' wpa_ie_len=0 rsn_ie_len=20 caps=0x1011 level=-85
12-09 15:07:27.726: D/wpa_supplicant(12039): wlan0:    skip - SSID mismatch
12-09 15:07:27.726: D/wpa_supplicant(12039): wlan0: 19: b8:8d:12:65:d7:fc ssid='' wpa_ie_len=22 rsn_ie_len=24 caps=0x1511 level=-85
12-09 15:07:27.726: D/wpa_supplicant(12039): wlan0:    skip - SSID not known
12-09 15:07:27.726: D/wpa_supplicant(12039): wlan0: 20: d8:24:bd:08:be:2d ssid='\x00' wpa_ie_len=0 rsn_ie_len=20 caps=0x1011 level=-85
12-09 15:07:27.726: D/wpa_supplicant(12039): wlan0:    skip - SSID mismatch
12-09 15:07:27.726: D/wpa_supplicant(12039): wlan0: 21: d8:24:bd:08:be:24 ssid='Mozlando15' wpa_ie_len=0 rsn_ie_len=20 caps=0x1431 level=-81
12-09 15:07:27.726: D/wpa_supplicant(12039): wlan0:    skip - SSID mismatch
12-09 15:07:27.726: D/wpa_supplicant(12039): wlan0: 22: d8:24:bd:08:be:23 ssid='MOZAVProd' wpa_ie_len=0 rsn_ie_len=20 caps=0x1431 level=-82
12-09 15:07:27.726: D/wpa_supplicant(12039): wlan0:    skip - SSID mismatch
12-09 15:07:27.726: D/wpa_supplicant(12039): wlan0: 23: 08:d0:9f:87:e0:e4 ssid='Mozlando15' wpa_ie_len=0 rsn_ie_len=20 caps=0x1431 level=-83
12-09 15:07:27.726: D/wpa_supplicant(12039): wlan0:    skip - SSID mismatch
12-09 15:07:27.726: D/wpa_supplicant(12039): wlan0: 24: 08:d0:9f:87:e0:e3 ssid='MOZAVProd' wpa_ie_len=0 rsn_ie_len=20 caps=0x1431 level=-83
12-09 15:07:27.726: D/wpa_supplicant(12039): wlan0:    skip - SSID mismatch
12-09 15:07:27.726: D/wpa_supplicant(12039): wlan0: 25: 08:d0:9f:bf:ff:61 ssid='xpoconnect' wpa_ie_len=0 rsn_ie_len=0 caps=0x1421 level=-63
12-09 15:07:27.726: D/wpa_supplicant(12039): wlan0:    skip - SSID mismatch
12-09 15:07:27.726: D/wpa_supplicant(12039): wlan0: 26: 08:d0:9f:bf:ff:6e ssid='xpoconnect' wpa_ie_len=0 rsn_ie_len=0 caps=0x1001 level=-68
12-09 15:07:27.726: D/wpa_supplicant(12039): wlan0:    skip - SSID mismatch
12-09 15:07:27.726: D/wpa_supplicant(12039): wlan0: 27: 18:ef:63:35:0a:11 ssid='xpoconnect' wpa_ie_len=0 rsn_ie_len=0 caps=0x1421 level=-66
12-09 15:07:27.726: D/wpa_supplicant(12039): wlan0:    skip - SSID mismatch
12-09 15:07:27.726: D/wpa_supplicant(12039): wlan0: 28: 18:ef:63:35:0a:1e ssid='xpoconnect' wpa_ie_len=0 rsn_ie_len=0 caps=0x1001 level=-74
12-09 15:07:27.726: D/wpa_supplicant(12039): wlan0:    skip - SSID mismatch
12-09 15:07:27.726: D/wpa_supplicant(12039): wlan0: 29: f4:cf:e2:f8:be:5e ssid='xpoconnect' wpa_ie_len=0 rsn_ie_len=0 caps=0x1001 level=-80
12-09 15:07:27.726: D/wpa_supplicant(12039): wlan0:    skip - SSID mismatch
12-09 15:07:27.726: D/wpa_supplicant(12039): wlan0: 30: d8:24:bd:08:be:2e ssid='xpoconnect' wpa_ie_len=0 rsn_ie_len=0 caps=0x1001 level=-85
12-09 15:07:27.726: D/wpa_supplicant(12039): wlan0:    skip - SSID mismatch
12-09 15:07:27.726: D/wpa_supplicant(12039): wlan0: Selecting BSS from priority group 1
12-09 15:07:27.726: D/wpa_supplicant(12039): wlan0: 0: 08:d0:9f:bf:ff:64 ssid='Mozlando15' wpa_ie_len=0 rsn_ie_len=20 caps=0x1431 level=-63
12-09 15:07:27.726: D/wpa_supplicant(12039): wlan0:    skip - SSID mismatch
12-09 15:07:27.726: D/wpa_supplicant(12039): wlan0: 1: 08:d0:9f:bf:ff:6f ssid='xpowpa' wpa_ie_len=0 rsn_ie_len=20 caps=0x1011 level=-68
12-09 15:07:27.726: D/wpa_supplicant(12039): wlan0:    skip - SSID mismatch
12-09 15:07:27.726: D/wpa_supplicant(12039): wlan0: 2: 08:d0:9f:bf:ff:6b ssid='Mozlando15' wpa_ie_len=0 rsn_ie_len=20 caps=0x1011 level=-68
12-09 15:07:27.726: D/wpa_supplicant(12039): wlan0:    skip - SSID mismatch
12-09 15:07:27.726: D/wpa_supplicant(12039): wlan0: 3: 08:d0:9f:bf:ff:6c ssid='MOZAVProd' wpa_ie_len=0 rsn_ie_len=20 caps=0x1011 level=-68
12-09 15:07:27.726: D/wpa_supplicant(12039): wlan0:    skip - SSID mismatch
12-09 15:07:27.726: D/wpa_supplicant(12039): wlan0: 4: 08:d0:9f:bf:ff:63 ssid='MOZAVProd' wpa_ie_len=0 rsn_ie_len=20 caps=0x1431 level=-64
12-09 15:07:27.726: D/wpa_supplicant(12039): wlan0:    skip - SSID mismatch
12-09 15:07:27.726: D/wpa_supplicant(12039): wlan0: 5: 08:d0:9f:bf:ff:6d ssid='\x00' wpa_ie_len=0 rsn_ie_len=20 caps=0x1011 level=-69
12-09 15:07:27.726: D/wpa_supplicant(12039): wlan0:    skip - SSID mismatch
12-09 15:07:27.726: D/wpa_supplicant(12039): wlan0: 6: 18:ef:63:35:0a:13 ssid='MOZAVProd' wpa_ie_len=0 rsn_ie_len=20 caps=0x1431 level=-65
12-09 15:07:27.726: D/wpa_supplicant(12039): wlan0:    skip - SSID mismatch
12-09 15:07:27.726: D/wpa_supplicant(12039): wlan0: 7: 18:ef:63:35:0a:14 ssid='Mozlando15' wpa_ie_len=0 rsn_ie_len=20 caps=0x1431 level=-65
12-09 15:07:27.726: D/wpa_supplicant(12039): wlan0:    skip - SSID mismatch
12-09 15:07:27.726: D/wpa_supplicant(12039): wlan0: 8: 18:ef:63:35:0a:1d ssid='\x00' wpa_ie_len=0 rsn_ie_len=20 caps=0x1011 level=-73
12-09 15:07:27.726: D/wpa_supplicant(12039): wlan0:    skip - SSID mismatch
12-09 15:07:27.726: D/wpa_supplicant(12039): wlan0: 9: 18:ef:63:35:0a:1b ssid='Mozlando15' wpa_ie_len=0 rsn_ie_len=20 caps=0x1011 level=-73
12-09 15:07:27.726: D/wpa_supplicant(12039): wlan0:    skip - SSID mismatch
12-09 15:07:27.726: D/wpa_supplicant(12039): wlan0: 10: 18:ef:63:35:0a:1c ssid='MOZAVProd' wpa_ie_len=0 rsn_ie_len=20 caps=0x1011 level=-73
12-09 15:07:27.726: D/wpa_supplicant(12039): wlan0:    skip - SSID mismatch
12-09 15:07:27.726: D/wpa_supplicant(12039): wlan0: 11: 18:ef:63:35:0a:1f ssid='xpowpa' wpa_ie_len=0 rsn_ie_len=20 caps=0x1011 level=-74
12-09 15:07:27.726: D/wpa_supplicant(12039): wlan0:    skip - SSID mismatch
12-09 15:07:27.726: D/wpa_supplicant(12039): wlan0: 12: f4:cf:e2:f8:be:5d ssid='Mozlando15' wpa_ie_len=0 rsn_ie_len=20 caps=0x1011 level=-81
12-09 15:07:27.726: D/wpa_supplicant(12039): wlan0:    skip - SSID mismatch
12-09 15:07:27.726: D/wpa_supplicant(12039): wlan0: 13: f4:cf:e2:f8:be:5f ssid='xpowpa' wpa_ie_len=0 rsn_ie_len=20 caps=0x1011 level=-81
12-09 15:07:27.726: D/wpa_supplicant(12039): wlan0:    skip - SSID mismatch
12-09 15:07:27.726: D/wpa_supplicant(12039): wlan0: 14: b8:8d:12:65:d7:fb ssid='' wpa_ie_len=22 rsn_ie_len=24 caps=0x1431 level=-79
12-09 15:07:27.726: D/wpa_supplicant(12039): wlan0:    skip - SSID not known
12-09 15:07:27.726: D/wpa_supplicant(12039): wlan0: 15: 20:c9:d0:ac:a5:1c ssid='' wpa_ie_len=22 rsn_ie_len=24 caps=0x1431 level=-80
12-09 15:07:27.726: D/wpa_supplicant(12039): wlan0:    skip - SSID not known
12-09 15:07:27.726: D/wpa_supplicant(12039): wlan0: 16: d8:24:bd:08:be:2f ssid='xpowpa' wpa_ie_len=0 rsn_ie_len=20 caps=0x1011 level=-85
12-09 15:07:27.726: D/wpa_supplicant(12039): wlan0:    skip - SSID mismatch
12-09 15:07:27.726: D/wpa_supplicant(12039): wlan0: 17: d8:24:bd:08:be:2b ssid='Mozlando15' wpa_ie_len=0 rsn_ie_len=20 caps=0x1011 level=-85
12-09 15:07:27.726: D/wpa_supplicant(12039): wlan0:    skip - SSID mismatch
12-09 15:07:27.726: D/wpa_supplicant(12039): wlan0: 18: d8:24:bd:08:be:2c ssid='MOZAVProd' wpa_ie_len=0 rsn_ie_len=20 caps=0x1011 level=-85
12-09 15:07:27.726: D/wpa_supplicant(12039): wlan0:    skip - SSID mismatch
12-09 15:07:27.726: D/wpa_supplicant(12039): wlan0: 19: b8:8d:12:65:d7:fc ssid='' wpa_ie_len=22 rsn_ie_len=24 caps=0x1511 level=-85
12-09 15:07:27.726: D/wpa_supplicant(12039): wlan0:    skip - SSID not known
12-09 15:07:27.726: D/wpa_supplicant(12039): wlan0: 20: d8:24:bd:08:be:2d ssid='\x00' wpa_ie_len=0 rsn_ie_len=20 caps=0x1011 level=-85
12-09 15:07:27.726: D/wpa_supplicant(12039): wlan0:    skip - SSID mismatch
12-09 15:07:27.746: V/EventHub(11759): /dev/input/event1 got: time=17344.043059, type=3, code=57, value=348
12-09 15:07:27.746: V/EventHub(11759): event time 17344043059000, now 17344050564642
12-09 15:07:27.746: V/EventHub(11759): /dev/input/event1 got: time=17344.043059, type=3, code=53, value=816
12-09 15:07:27.746: V/EventHub(11759): event time 17344043059000, now 17344050564642
12-09 15:07:27.746: V/EventHub(11759): /dev/input/event1 got: time=17344.043059, type=3, code=54, value=1707
12-09 15:07:27.746: V/EventHub(11759): event time 17344043059000, now 17344050564642
12-09 15:07:27.746: V/EventHub(11759): /dev/input/event1 got: time=17344.043059, type=3, code=48, value=4
12-09 15:07:27.746: V/EventHub(11759): event time 17344043059000, now 17344050564642
12-09 15:07:27.746: V/EventHub(11759): /dev/input/event1 got: time=17344.043059, type=0, code=0, value=0
12-09 15:07:27.746: V/EventHub(11759): event time 17344043059000, now 17344050564642
12-09 15:07:27.756: D/wpa_supplicant(12039): wlan0: 21: d8:24:bd:08:be:24 ssid='Mozlando15' wpa_ie_len=0 rsn_ie_len=20 caps=0x1431 level=-81
12-09 15:07:27.756: D/wpa_supplicant(12039): wlan0:    skip - SSID mismatch
12-09 15:07:27.756: D/wpa_supplicant(12039): wlan0: 22: d8:24:bd:08:be:23 ssid='MOZAVProd' wpa_ie_len=0 rsn_ie_len=20 caps=0x1431 level=-82
12-09 15:07:27.756: D/wpa_supplicant(12039): wlan0:    skip - SSID mismatch
12-09 15:07:27.756: D/wpa_supplicant(12039): wlan0: 23: 08:d0:9f:87:e0:e4 ssid='Mozlando15' wpa_ie_len=0 rsn_ie_len=20 caps=0x1431 level=-83
12-09 15:07:27.756: D/wpa_supplicant(12039): wlan0:    skip - SSID mismatch
12-09 15:07:27.756: D/wpa_supplicant(12039): wlan0: 24: 08:d0:9f:87:e0:e3 ssid='MOZAVProd' wpa_ie_len=0 rsn_ie_len=20 caps=0x1431 level=-83
12-09 15:07:27.756: D/wpa_supplicant(12039): wlan0:    skip - SSID mismatch
12-09 15:07:27.756: D/wpa_supplicant(12039): wlan0: 25: 08:d0:9f:bf:ff:61 ssid='xpoconnect' wpa_ie_len=0 rsn_ie_len=0 caps=0x1421 level=-63
12-09 15:07:27.756: D/wpa_supplicant(12039): wlan0:    skip - SSID mismatch
12-09 15:07:27.756: D/wpa_supplicant(12039): wlan0: 26: 08:d0:9f:bf:ff:6e ssid='xpoconnect' wpa_ie_len=0 rsn_ie_len=0 caps=0x1001 level=-68
12-09 15:07:27.756: D/wpa_supplicant(12039): wlan0:    skip - SSID mismatch
12-09 15:07:27.756: D/wpa_supplicant(12039): wlan0: 27: 18:ef:63:35:0a:11 ssid='xpoconnect' wpa_ie_len=0 rsn_ie_len=0 caps=0x1421 level=-66
12-09 15:07:27.756: D/wpa_supplicant(12039): wlan0:    skip - SSID mismatch
12-09 15:07:27.756: D/wpa_supplicant(12039): wlan0: 28: 18:ef:63:35:0a:1e ssid='xpoconnect' wpa_ie_len=0 rsn_ie_len=0 caps=0x1001 level=-74
12-09 15:07:27.756: D/wpa_supplicant(12039): wlan0:    skip - SSID mismatch
12-09 15:07:27.756: D/wpa_supplicant(12039): wlan0: 29: f4:cf:e2:f8:be:5e ssid='xpoconnect' wpa_ie_len=0 rsn_ie_len=0 caps=0x1001 level=-80
12-09 15:07:27.756: D/wpa_supplicant(12039): wlan0:    skip - SSID mismatch
12-09 15:07:27.756: D/wpa_supplicant(12039): wlan0: 30: d8:24:bd:08:be:2e ssid='xpoconnect' wpa_ie_len=0 rsn_ie_len=0 caps=0x1001 level=-85
12-09 15:07:27.756: D/wpa_supplicant(12039): wlan0:    skip - SSID mismatch
12-09 15:07:27.756: D/wpa_supplicant(12039): wlan0: Selecting BSS from priority group 0
12-09 15:07:27.756: D/wpa_supplicant(12039): wlan0: 0: 08:d0:9f:bf:ff:64 ssid='Mozlando15' wpa_ie_len=0 rsn_ie_len=20 caps=0x1431 level=-63
12-09 15:07:27.756: D/wpa_supplicant(12039): wlan0:    skip - SSID mismatch
12-09 15:07:27.756: D/wpa_supplicant(12039): wlan0: 1: 08:d0:9f:bf:ff:6f ssid='xpowpa' wpa_ie_len=0 rsn_ie_len=20 caps=0x1011 level=-68
12-09 15:07:27.756: D/wpa_supplicant(12039): wlan0:    skip - SSID mismatch
12-09 15:07:27.756: D/wpa_supplicant(12039): wlan0: 2: 08:d0:9f:bf:ff:6b ssid='Mozlando15' wpa_ie_len=0 rsn_ie_len=20 caps=0x1011 level=-68
12-09 15:07:27.756: D/wpa_supplicant(12039): wlan0:    skip - SSID mismatch
12-09 15:07:27.756: D/wpa_supplicant(12039): wlan0: 3: 08:d0:9f:bf:ff:6c ssid='MOZAVProd' wpa_ie_len=0 rsn_ie_len=20 caps=0x1011 level=-68
12-09 15:07:27.756: D/wpa_supplicant(12039): wlan0:    skip - SSID mismatch
12-09 15:07:27.756: D/wpa_supplicant(12039): wlan0: 4: 08:d0:9f:bf:ff:63 ssid='MOZAVProd' wpa_ie_len=0 rsn_ie_len=20 caps=0x1431 level=-64
12-09 15:07:27.756: D/wpa_supplicant(12039): wlan0:    skip - SSID mismatch
12-09 15:07:27.756: D/wpa_supplicant(12039): wlan0: 5: 08:d0:9f:bf:ff:6d ssid='\x00' wpa_ie_len=0 rsn_ie_len=20 caps=0x1011 level=-69
12-09 15:07:27.756: D/wpa_supplicant(12039): wlan0:    skip - SSID mismatch
12-09 15:07:27.756: D/wpa_supplicant(12039): wlan0: 6: 18:ef:63:35:0a:13 ssid='MOZAVProd' wpa_ie_len=0 rsn_ie_len=20 caps=0x1431 level=-65
12-09 15:07:27.756: D/wpa_supplicant(12039): wlan0:    skip - SSID mismatch
12-09 15:07:27.756: D/wpa_supplicant(12039): wlan0: 7: 18:ef:63:35:0a:14 ssid='Mozlando15' wpa_ie_len=0 rsn_ie_len=20 caps=0x1431 level=-65
12-09 15:07:27.756: D/wpa_supplicant(12039): wlan0:    skip - SSID mismatch
12-09 15:07:27.756: D/wpa_supplicant(12039): wlan0: 8: 18:ef:63:35:0a:1d ssid='\x00' wpa_ie_len=0 rsn_ie_len=20 caps=0x1011 level=-73
12-09 15:07:27.756: D/wpa_supplicant(12039): wlan0:    skip - SSID mismatch
12-09 15:07:27.756: D/wpa_supplicant(12039): wlan0: 9: 18:ef:63:35:0a:1b ssid='Mozlando15' wpa_ie_len=0 rsn_ie_len=20 caps=0x1011 level=-73
12-09 15:07:27.756: D/wpa_supplicant(12039): wlan0:    skip - SSID mismatch
12-09 15:07:27.756: D/wpa_supplicant(12039): wlan0: 10: 18:ef:63:35:0a:1c ssid='MOZAVProd' wpa_ie_len=0 rsn_ie_len=20 caps=0x1011 level=-73
12-09 15:07:27.756: D/wpa_supplicant(12039): wlan0:    skip - SSID mismatch
12-09 15:07:27.756: D/wpa_supplicant(12039): wlan0: 11: 18:ef:63:35:0a:1f ssid='xpowpa' wpa_ie_len=0 rsn_ie_len=20 caps=0x1011 level=-74
12-09 15:07:27.756: D/wpa_supplicant(12039): wlan0:    skip - SSID mismatch
12-09 15:07:27.756: D/wpa_supplicant(12039): wlan0: 12: f4:cf:e2:f8:be:5d ssid='Mozlando15' wpa_ie_len=0 rsn_ie_len=20 caps=0x1011 level=-81
12-09 15:07:27.756: D/wpa_supplicant(12039): wlan0:    skip - SSID mismatch
12-09 15:07:27.756: D/wpa_supplicant(12039): wlan0: 13: f4:cf:e2:f8:be:5f ssid='xpowpa' wpa_ie_len=0 rsn_ie_len=20 caps=0x1011 level=-81
12-09 15:07:27.756: D/wpa_supplicant(12039): wlan0:    skip - SSID mismatch
12-09 15:07:27.756: D/wpa_supplicant(12039): wlan0: 14: b8:8d:12:65:d7:fb ssid='' wpa_ie_len=22 rsn_ie_len=24 caps=0x1431 level=-79
12-09 15:07:27.756: D/wpa_supplicant(12039): wlan0:    skip - SSID not known
12-09 15:07:27.756: D/wpa_supplicant(12039): wlan0: 15: 20:c9:d0:ac:a5:1c ssid='' wpa_ie_len=22 rsn_ie_len=24 caps=0x1431 level=-80
12-09 15:07:27.756: D/wpa_supplicant(12039): wlan0:    skip - SSID not known
12-09 15:07:27.756: D/wpa_supplicant(12039): wlan0: 16: d8:24:bd:08:be:2f ssid='xpowpa' wpa_ie_len=0 rsn_ie_len=20 caps=0x1011 level=-85
12-09 15:07:27.756: D/wpa_supplicant(12039): wlan0:    skip - SSID mismatch
12-09 15:07:27.756: D/wpa_supplicant(12039): wlan0: 17: d8:24:bd:08:be:2b ssid='Mozlando15' wpa_ie_len=0 rsn_ie_len=20 caps=0x1011 level=-85
12-09 15:07:27.756: D/wpa_supplicant(12039): wlan0:    skip - SSID mismatch
12-09 15:07:27.756: D/wpa_supplicant(12039): wlan0: 18: d8:24:bd:08:be:2c ssid='MOZAVProd' wpa_ie_len=0 rsn_ie_len=20 caps=0x1011 level=-85
12-09 15:07:27.756: D/wpa_supplicant(12039): wlan0:    skip - SSID mismatch
12-09 15:07:27.756: D/wpa_supplicant(12039): wlan0: 19: b8:8d:12:65:d7:fc ssid='' wpa_ie_len=22 rsn_ie_len=24 caps=0x1511 level=-85
12-09 15:07:27.756: D/wpa_supplicant(12039): wlan0:    skip - SSID not known
12-09 15:07:27.756: D/wpa_supplicant(12039): wlan0: 20: d8:24:bd:08:be:2d ssid='\x00' wpa_ie_len=0 rsn_ie_len=20 caps=0x1011 level=-85
12-09 15:07:27.756: D/wpa_supplicant(12039): wlan0:    skip - SSID mismatch
12-09 15:07:27.756: D/wpa_supplicant(12039): wlan0: 21: d8:24:bd:08:be:24 ssid='Mozlando15' wpa_ie_len=0 rsn_ie_len=20 caps=0x1431 level=-81
12-09 15:07:27.756: D/wpa_supplicant(12039): wlan0:    skip - SSID mismatch
12-09 15:07:27.766: D/wpa_supplicant(12039): wlan0: 22: d8:24:bd:08:be:23 ssid='MOZAVProd' wpa_ie_len=0 rsn_ie_len=20 caps=0x1431 level=-82
12-09 15:07:27.766: D/wpa_supplicant(12039): wlan0:    skip - SSID mismatch
12-09 15:07:27.766: D/wpa_supplicant(12039): wlan0: 23: 08:d0:9f:87:e0:e4 ssid='Mozlando15' wpa_ie_len=0 rsn_ie_len=20 caps=0x1431 level=-83
12-09 15:07:27.766: D/wpa_supplicant(12039): wlan0:    skip - SSID mismatch
12-09 15:07:27.766: D/wpa_supplicant(12039): wlan0: 24: 08:d0:9f:87:e0:e3 ssid='MOZAVProd' wpa_ie_len=0 rsn_ie_len=20 caps=0x1431 level=-83
12-09 15:07:27.766: D/wpa_supplicant(12039): wlan0:    skip - SSID mismatch
12-09 15:07:27.766: D/wpa_supplicant(12039): wlan0: 25: 08:d0:9f:bf:ff:61 ssid='xpoconnect' wpa_ie_len=0 rsn_ie_len=0 caps=0x1421 level=-63
12-09 15:07:27.766: D/wpa_supplicant(12039): wlan0:    skip - SSID mismatch
12-09 15:07:27.766: D/wpa_supplicant(12039): wlan0: 26: 08:d0:9f:bf:ff:6e ssid='xpoconnect' wpa_ie_len=0 rsn_ie_len=0 caps=0x1001 level=-68
12-09 15:07:27.766: D/wpa_supplicant(12039): wlan0:    skip - SSID mismatch
12-09 15:07:27.766: D/wpa_supplicant(12039): wlan0: 27: 18:ef:63:35:0a:11 ssid='xpoconnect' wpa_ie_len=0 rsn_ie_len=0 caps=0x1421 level=-66
12-09 15:07:27.766: D/wpa_supplicant(12039): wlan0:    skip - SSID mismatch
12-09 15:07:27.766: D/wpa_supplicant(12039): wlan0: 28: 18:ef:63:35:0a:1e ssid='xpoconnect' wpa_ie_len=0 rsn_ie_len=0 caps=0x1001 level=-74
12-09 15:07:27.766: D/wpa_supplicant(12039): wlan0:    skip - SSID mismatch
12-09 15:07:27.766: D/wpa_supplicant(12039): wlan0: 29: f4:cf:e2:f8:be:5e ssid='xpoconnect' wpa_ie_len=0 rsn_ie_len=0 caps=0x1001 level=-80
12-09 15:07:27.766: D/wpa_supplicant(12039): wlan0:    skip - SSID mismatch
12-09 15:07:27.766: D/wpa_supplicant(12039): wlan0: 30: d8:24:bd:08:be:2e ssid='xpoconnect' wpa_ie_len=0 rsn_ie_len=0 caps=0x1001 level=-85
12-09 15:07:27.766: D/wpa_supplicant(12039): wlan0:    skip - SSID mismatch
12-09 15:07:27.766: D/wpa_supplicant(12039): wlan0: No suitable network found
12-09 15:07:27.766: D/wpa_supplicant(12039): wlan0: Setting scan request: 5 sec 0 usec
12-09 15:07:27.766: D/wpa_supplicant(12039): wlan0: Checking for other virtual interfaces sharing same radio (phy0) in event_scan_results
