12-09 15:07:33.676: V/EventHub(11759): /dev/input/event1 got: time=17349.982041, type=3, code=54, value=1196
12-09 15:07:33.676: V/EventHub(11759): event time 17349982041000, now 17349984512609
12-09 15:07:33.676: V/EventHub(11759): /dev/input/event1 got: time=17349.982041, type=0, code=0, value=0
12-09 15:07:33.676: V/EventHub(11759): event time 17349982041000, now 17349984512609
12-09 15:07:33.686: V/EventHub(11759): /dev/input/event1 got: time=17349.990341, type=3, code=54, value=1204
12-09 15:07:33.686: V/EventHub(11759): event time 17349990341000, now 17349992802974
12-09 15:07:33.686: V/EventHub(11759): /dev/input/event1 got: time=17349.990341, type=0, code=0, value=0
12-09 15:07:33.686: V/EventHub(11759): event time 17349990341000, now 17349992802974
12-09 15:07:33.696: V/EventHub(11759): /dev/input/event1 got: time=17349.998738, type=3, code=54, value=1213
12-09 15:07:33.696: V/EventHub(11759): event time 17349998738000, now 17350001205786
12-09 15:07:33.696: V/EventHub(11759): /dev/input/event1 got: time=17349.998738, type=0, code=0, value=0
12-09 15:07:33.696: V/EventHub(11759): event time 17349998738000, now 17350001205786
12-09 15:07:33.696: V/EventHub(11759): /dev/input/event1 got: time=17350.007051, type=3, code=54, value=1222
12-09 15:07:33.696: V/EventHub(11759): event time 17350007051000, now 17350009520786
12-09 15:07:33.696: V/EventHub(11759): /dev/input/event1 got: time=17350.007051, type=0, code=0, value=0
12-09 15:07:33.696: V/EventHub(11759): event time 17350007051000, now 17350009520786
12-09 15:07:33.706: V/EventHub(11759): /dev/input/event1 got: time=17350.015460, type=3, code=54, value=1230
12-09 15:07:33.706: V/EventHub(11759): event time 17350015460000, now 17350017940317
12-09 15:07:33.706: V/EventHub(11759): /dev/input/event1 got: time=17350.015460, type=0, code=0, value=0
12-09 15:07:33.706: V/EventHub(11759): event time 17350015460000, now 17350017940317
12-09 15:07:33.716: V/EventHub(11759): /dev/input/event1 got: time=17350.023770, type=3, code=53, value=735
12-09 15:07:33.716: V/EventHub(11759): event time 17350023770000, now 17350026243911
12-09 15:07:33.716: V/EventHub(11759): /dev/input/event1 got: time=17350.023770, type=3, code=54, value=1237
12-09 15:07:33.716: V/EventHub(11759): event time 17350023770000, now 17350026243911
12-09 15:07:33.716: V/EventHub(11759): /dev/input/event1 got: time=17350.023770, type=0, code=0, value=0
12-09 15:07:33.716: V/EventHub(11759): event time 17350023770000, now 17350026243911
12-09 15:07:33.726: V/EventHub(11759): /dev/input/event1 got: time=17350.032184, type=3, code=54, value=1244
12-09 15:07:33.726: V/EventHub(11759): event time 17350032184000, now 17350034679328
12-09 15:07:33.726: V/EventHub(11759): /dev/input/event1 got: time=17350.032184, type=0, code=0, value=0
12-09 15:07:33.726: V/EventHub(11759): event time 17350032184000, now 17350034679328
12-09 15:07:33.736: V/EventHub(11759): /dev/input/event1 got: time=17350.040570, type=3, code=54, value=1251
12-09 15:07:33.736: V/EventHub(11759): event time 17350040570000, now 17350043056359
12-09 15:07:33.736: V/EventHub(11759): /dev/input/event1 got: time=17350.040570, type=0, code=0, value=0
12-09 15:07:33.736: V/EventHub(11759): event time 17350040570000, now 17350043056359
12-09 15:07:33.746: V/EventHub(11759): /dev/input/event1 got: time=17350.048887, type=3, code=53, value=734
12-09 15:07:33.746: V/EventHub(11759): event time 17350048887000, now 17350051383390
12-09 15:07:33.746: V/EventHub(11759): /dev/input/event1 got: time=17350.048887, type=3, code=54, value=1259
12-09 15:07:33.746: V/EventHub(11759): event time 17350048887000, now 17350051383390
12-09 15:07:33.746: V/EventHub(11759): /dev/input/event1 got: time=17350.048887, type=0, code=0, value=0
12-09 15:07:33.746: V/EventHub(11759): event time 17350048887000, now 17350051383390
12-09 15:07:33.746: V/EventHub(11759): /dev/input/event1 got: time=17350.057227, type=3, code=53, value=733
12-09 15:07:33.746: V/EventHub(11759): event time 17350057227000, now 17350059704744
12-09 15:07:33.746: V/EventHub(11759): /dev/input/event1 got: time=17350.057227, type=3, code=54, value=1267
12-09 15:07:33.746: V/EventHub(11759): event time 17350057227000, now 17350059704744
12-09 15:07:33.756: V/EventHub(11759): /dev/input/event1 got: time=17350.057227, type=0, code=0, value=0
12-09 15:07:33.756: V/EventHub(11759): event time 17350057227000, now 17350059704744
12-09 15:07:33.756: V/EventHub(11759): /dev/input/event1 got: time=17350.065602, type=3, code=54, value=1274
12-09 15:07:33.756: V/EventHub(11759): event time 17350065602000, now 17350068097505
12-09 15:07:33.756: V/EventHub(11759): /dev/input/event1 got: time=17350.065602, type=0, code=0, value=0
12-09 15:07:33.756: V/EventHub(11759): event time 17350065602000, now 17350068097505
12-09 15:07:33.766: V/EventHub(11759): /dev/input/event1 got: time=17350.073976, type=3, code=54, value=1280
12-09 15:07:33.766: V/EventHub(11759): event time 17350073976000, now 17350076477817
12-09 15:07:33.766: V/EventHub(11759): /dev/input/event1 got: time=17350.073976, type=0, code=0, value=0
12-09 15:07:33.766: V/EventHub(11759): event time 17350073976000, now 17350076477817
12-09 15:07:33.776: V/EventHub(11759): /dev/input/event1 got: time=17350.082317, type=3, code=54, value=1286
12-09 15:07:33.776: V/EventHub(11759): event time 17350082317000, now 17350084829119
12-09 15:07:33.776: V/EventHub(11759): /dev/input/event1 got: time=17350.082317, type=0, code=0, value=0
12-09 15:07:33.776: V/EventHub(11759): event time 17350082317000, now 17350084829119
12-09 15:07:33.786: V/EventHub(11759): /dev/input/event1 got: time=17350.090723, type=3, code=54, value=1291
12-09 15:07:33.786: V/EventHub(11759): event time 17350090723000, now 17350093286307
12-09 15:07:33.786: V/EventHub(11759): /dev/input/event1 got: time=17350.090723, type=0, code=0, value=0
12-09 15:07:33.786: V/EventHub(11759): event time 17350090723000, now 17350093286307
12-09 15:07:33.796: V/EventHub(11759): /dev/input/event1 got: time=17350.099044, type=3, code=54, value=1296
12-09 15:07:33.796: V/EventHub(11759): event time 17350099044000, now 17350101575005
12-09 15:07:33.796: V/EventHub(11759): /dev/input/event1 got: time=17350.099044, type=0, code=0, value=0
12-09 15:07:33.796: V/EventHub(11759): event time 17350099044000, now 17350101575005
12-09 15:07:33.796: V/EventHub(11759): /dev/input/event1 got: time=17350.107443, type=3, code=54, value=1300
12-09 15:07:33.806: V/EventHub(11759): event time 17350107443000, now 17350109949015
12-09 15:07:33.806: V/EventHub(11759): /dev/input/event1 got: time=17350.107443, type=0, code=0, value=0
12-09 15:07:33.806: V/EventHub(11759): event time 17350107443000, now 17350109949015
12-09 15:07:33.806: V/EventHub(11759): /dev/input/event1 got: time=17350.115765, type=3, code=54, value=1303
12-09 15:07:33.806: V/EventHub(11759): event time 17350115765000, now 17350118268859
12-09 15:07:33.806: V/EventHub(11759): /dev/input/event1 got: time=17350.115765, type=0, code=0, value=0
12-09 15:07:33.806: V/EventHub(11759): event time 17350115765000, now 17350118268859
12-09 15:07:33.816: V/EventHub(11759): /dev/input/event1 got: time=17350.124169, type=3, code=54, value=1307
12-09 15:07:33.816: V/EventHub(11759): event time 17350124169000, now 17350126708650
12-09 15:07:33.816: V/EventHub(11759): /dev/input/event1 got: time=17350.124169, type=0, code=0, value=0
12-09 15:07:33.816: V/EventHub(11759): event time 17350124169000, now 17350126708650
12-09 15:07:33.826: V/EventHub(11759): /dev/input/event1 got: time=17350.132485, type=3, code=54, value=1310
12-09 15:07:33.826: V/EventHub(11759): event time 17350132485000, now 17350135013807
12-09 15:07:33.826: V/EventHub(11759): /dev/input/event1 got: time=17350.132485, type=0, code=0, value=0
12-09 15:07:33.826: V/EventHub(11759): event time 17350132485000, now 17350135013807
12-09 15:07:33.836: V/EventHub(11759): /dev/input/event1 got: time=17350.140802, type=3, code=54, value=1313
12-09 15:07:33.836: V/EventHub(11759): event time 17350140802000, now 17350143357088
12-09 15:07:33.836: V/EventHub(11759): /dev/input/event1 got: time=17350.140802, type=0, code=0, value=0
12-09 15:07:33.836: V/EventHub(11759): event time 17350140802000, now 17350143357088
12-09 15:07:33.846: V/EventHub(11759): /dev/input/event1 got: time=17350.149191, type=3, code=54, value=1315
12-09 15:07:33.846: V/EventHub(11759): event time 17350149191000, now 17350151756724
12-09 15:07:33.846: V/EventHub(11759): /dev/input/event1 got: time=17350.149191, type=0, code=0, value=0
12-09 15:07:33.846: V/EventHub(11759): event time 17350149191000, now 17350151756724
12-09 15:07:33.856: V/EventHub(11759): /dev/input/event1 got: time=17350.157605, type=3, code=54, value=1318
12-09 15:07:33.856: V/EventHub(11759): event time 17350157605000, now 17350160151151
12-09 15:07:33.856: V/EventHub(11759): /dev/input/event1 got: time=17350.157605, type=0, code=0, value=0
12-09 15:07:33.856: V/EventHub(11759): event time 17350157605000, now 17350160151151
12-09 15:07:33.856: V/EventHub(11759): /dev/input/event1 got: time=17350.165919, type=3, code=54, value=1320
12-09 15:07:33.856: V/EventHub(11759): event time 17350165919000, now 17350168528754
12-09 15:07:33.856: V/EventHub(11759): /dev/input/event1 got: time=17350.165919, type=0, code=0, value=0
12-09 15:07:33.856: V/EventHub(11759): event time 17350165919000, now 17350168528754
12-09 15:07:33.866: V/EventHub(11759): /dev/input/event1 got: time=17350.174260, type=3, code=54, value=1322
12-09 15:07:33.866: V/EventHub(11759): event time 17350174260000, now 17350176786255
12-09 15:07:33.866: V/EventHub(11759): /dev/input/event1 got: time=17350.174260, type=0, code=0, value=0
12-09 15:07:33.866: V/EventHub(11759): event time 17350174260000, now 17350176786255
12-09 15:07:33.876: V/EventHub(11759): /dev/input/event1 got: time=17350.182645, type=3, code=54, value=1324
12-09 15:07:33.876: V/EventHub(11759): event time 17350182645000, now 17350185136151
12-09 15:07:33.876: V/EventHub(11759): /dev/input/event1 got: time=17350.182645, type=0, code=0, value=0
12-09 15:07:33.876: V/EventHub(11759): event time 17350182645000, now 17350185136151
12-09 15:07:33.886: V/EventHub(11759): /dev/input/event1 got: time=17350.190973, type=3, code=54, value=1327
12-09 15:07:33.886: V/EventHub(11759): event time 17350190973000, now 17350193456463
12-09 15:07:33.886: V/EventHub(11759): /dev/input/event1 got: time=17350.190973, type=0, code=0, value=0
12-09 15:07:33.886: V/EventHub(11759): event time 17350190973000, now 17350193456463
12-09 15:07:33.896: V/EventHub(11759): /dev/input/event1 got: time=17350.199363, type=3, code=54, value=1329
12-09 15:07:33.896: V/EventHub(11759): event time 17350199363000, now 17350201929588
12-09 15:07:33.896: V/EventHub(11759): /dev/input/event1 got: time=17350.199363, type=0, code=0, value=0
12-09 15:07:33.896: V/EventHub(11759): event time 17350199363000, now 17350201929588
12-09 15:07:33.906: V/EventHub(11759): /dev/input/event1 got: time=17350.207718, type=3, code=54, value=1331
12-09 15:07:33.906: V/EventHub(11759): event time 17350207718000, now 17350210199588
12-09 15:07:33.906: V/EventHub(11759): /dev/input/event1 got: time=17350.207718, type=0, code=0, value=0
12-09 15:07:33.906: V/EventHub(11759): event time 17350207718000, now 17350210199588
12-09 15:07:33.906: V/EventHub(11759): /dev/input/event1 got: time=17350.216086, type=3, code=54, value=1335
12-09 15:07:33.906: V/EventHub(11759): event time 17350216086000, now 17350218608650
12-09 15:07:33.906: V/EventHub(11759): /dev/input/event1 got: time=17350.216086, type=0, code=0, value=0
12-09 15:07:33.906: V/EventHub(11759): event time 17350216086000, now 17350218608650
12-09 15:07:33.916: V/EventHub(11759): /dev/input/event1 got: time=17350.224522, type=3, code=54, value=1338
12-09 15:07:33.916: V/EventHub(11759): event time 17350224522000, now 17350227260213
12-09 15:07:33.916: V/EventHub(11759): /dev/input/event1 got: time=17350.224522, type=0, code=0, value=0
12-09 15:07:33.916: V/EventHub(11759): event time 17350224522000, now 17350227260213
12-09 15:07:33.926: V/EventHub(11759): /dev/input/event1 got: time=17350.232845, type=3, code=54, value=1342
12-09 15:07:33.926: V/EventHub(11759): event time 17350232845000, now 17350235362036
12-09 15:07:33.926: V/EventHub(11759): /dev/input/event1 got: time=17350.232845, type=0, code=0, value=0
12-09 15:07:33.926: V/EventHub(11759): event time 17350232845000, now 17350235362036
12-09 15:07:33.936: V/EventHub(11759): /dev/input/event1 got: time=17350.241246, type=3, code=54, value=1345
12-09 15:07:33.936: V/EventHub(11759): event time 17350241246000, now 17350245205161
12-09 15:07:33.936: V/EventHub(11759): /dev/input/event1 got: time=17350.241246, type=0, code=0, value=0
12-09 15:07:33.936: V/EventHub(11759): event time 17350241246000, now 17350245205161
12-09 15:07:33.946: V/EventHub(11759): /dev/input/event1 got: time=17350.249585, type=3, code=54, value=1349
12-09 15:07:33.946: V/EventHub(11759): event time 17350249585000, now 17350252103547
12-09 15:07:33.946: V/EventHub(11759): /dev/input/event1 got: time=17350.249585, type=0, code=0, value=0
12-09 15:07:33.946: V/EventHub(11759): event time 17350249585000, now 17350252103547
12-09 15:07:33.956: V/EventHub(11759): /dev/input/event1 got: time=17350.257924, type=3, code=54, value=1352
12-09 15:07:33.956: V/EventHub(11759): event time 17350257924000, now 17350260389745
12-09 15:07:33.956: V/EventHub(11759): /dev/input/event1 got: time=17350.257924, type=0, code=0, value=0
12-09 15:07:33.956: V/EventHub(11759): event time 17350257924000, now 17350260389745
12-09 15:07:33.956: V/EventHub(11759): /dev/input/event1 got: time=17350.266310, type=3, code=54, value=1356
12-09 15:07:33.956: V/EventHub(11759): event time 17350266310000, now 17350268816723
12-09 15:07:33.956: V/EventHub(11759): /dev/input/event1 got: time=17350.266310, type=0, code=0, value=0
12-09 15:07:33.956: V/EventHub(11759): event time 17350266310000, now 17350268816723
12-09 15:07:33.966: V/EventHub(11759): /dev/input/event1 got: time=17350.274645, type=3, code=54, value=1360
12-09 15:07:33.966: V/EventHub(11759): event time 17350274645000, now 17350277141671
12-09 15:07:33.966: V/EventHub(11759): /dev/input/event1 got: time=17350.274645, type=0, code=0, value=0
12-09 15:07:33.966: V/EventHub(11759): event time 17350274645000, now 17350277141671
12-09 15:07:33.976: V/EventHub(11759): /dev/input/event1 got: time=17350.283012, type=3, code=54, value=1366
12-09 15:07:33.976: V/EventHub(11759): event time 17350283012000, now 17350285506411
12-09 15:07:33.976: V/EventHub(11759): /dev/input/event1 got: time=17350.283012, type=0, code=0, value=0
12-09 15:07:33.976: V/EventHub(11759): event time 17350283012000, now 17350285506411
12-09 15:07:33.986: V/EventHub(11759): /dev/input/event1 got: time=17350.291383, type=3, code=54, value=1374
12-09 15:07:33.986: V/EventHub(11759): event time 17350291383000, now 17350293877036
12-09 15:07:33.986: V/EventHub(11759): /dev/input/event1 got: time=17350.291383, type=0, code=0, value=0
12-09 15:07:33.986: V/EventHub(11759): event time 17350291383000, now 17350293877036
12-09 15:07:33.996: V/EventHub(11759): /dev/input/event1 got: time=17350.299716, type=3, code=54, value=1380
12-09 15:07:33.996: V/EventHub(11759): event time 17350299716000, now 17350302308963
12-09 15:07:33.996: V/EventHub(11759): /dev/input/event1 got: time=17350.299716, type=0, code=0, value=0
12-09 15:07:33.996: V/EventHub(11759): event time 17350299716000, now 17350302308963
12-09 15:07:34.006: V/EventHub(11759): /dev/input/event1 got: time=17350.308130, type=3, code=54, value=1386
12-09 15:07:34.006: V/EventHub(11759): event time 17350308130000, now 17350310655005
12-09 15:07:34.006: V/EventHub(11759): /dev/input/event1 got: time=17350.308130, type=0, code=0, value=0
12-09 15:07:34.006: V/EventHub(11759): event time 17350308130000, now 17350310655005
12-09 15:07:34.006: V/EventHub(11759): /dev/input/event1 got: time=17350.316448, type=3, code=54, value=1391
12-09 15:07:34.006: V/EventHub(11759): event time 17350316448000, now 17350319008963
12-09 15:07:34.006: V/EventHub(11759): /dev/input/event1 got: time=17350.316448, type=0, code=0, value=0
12-09 15:07:34.006: V/EventHub(11759): event time 17350316448000, now 17350319008963
12-09 15:07:34.016: V/EventHub(11759): /dev/input/event1 got: time=17350.324871, type=3, code=54, value=1395
12-09 15:07:34.016: V/EventHub(11759): event time 17350324871000, now 17350327388077
12-09 15:07:34.016: V/EventHub(11759): /dev/input/event1 got: time=17350.324871, type=0, code=0, value=0
12-09 15:07:34.016: V/EventHub(11759): event time 17350324871000, now 17350327388077
12-09 15:07:34.026: V/EventHub(11759): /dev/input/event1 got: time=17350.333147, type=3, code=54, value=1398
12-09 15:07:34.026: V/EventHub(11759): event time 17350333147000, now 17350335640421
12-09 15:07:34.026: V/EventHub(11759): /dev/input/event1 got: time=17350.333147, type=0, code=0, value=0
12-09 15:07:34.026: V/EventHub(11759): event time 17350333147000, now 17350335640421
12-09 15:07:34.036: V/EventHub(11759): /dev/input/event1 got: time=17350.341544, type=3, code=54, value=1400
12-09 15:07:34.036: V/EventHub(11759): event time 17350341544000, now 17350344061880
12-09 15:07:34.036: V/EventHub(11759): /dev/input/event1 got: time=17350.341544, type=0, code=0, value=0
12-09 15:07:34.036: V/EventHub(11759): event time 17350341544000, now 17350344061880
12-09 15:07:34.046: V/EventHub(11759): /dev/input/event1 got: time=17350.349862, type=3, code=54, value=1402
12-09 15:07:34.046: V/EventHub(11759): event time 17350349862000, now 17350352365213
12-09 15:07:34.046: V/EventHub(11759): /dev/input/event1 got: time=17350.349862, type=0, code=0, value=0
12-09 15:07:34.046: V/EventHub(11759): event time 17350349862000, now 17350352365213
12-09 15:07:34.056: V/EventHub(11759): /dev/input/event1 got: time=17350.358229, type=3, code=54, value=1403
12-09 15:07:34.056: V/EventHub(11759): event time 17350358229000, now 17350360744224
12-09 15:07:34.056: V/EventHub(11759): /dev/input/event1 got: time=17350.358229, type=0, code=0, value=0
12-09 15:07:34.056: V/EventHub(11759): event time 17350358229000, now 17350360744224
12-09 15:07:34.056: V/EventHub(11759): /dev/input/event1 got: time=17350.366582, type=3, code=54, value=1405
12-09 15:07:34.056: V/EventHub(11759): event time 17350366582000, now 17350369074952
12-09 15:07:34.056: V/EventHub(11759): /dev/input/event1 got: time=17350.366582, type=0, code=0, value=0
12-09 15:07:34.056: V/EventHub(11759): event time 17350366582000, now 17350369074952
12-09 15:07:34.066: V/EventHub(11759): /dev/input/event1 got: time=17350.374919, type=3, code=54, value=1407
12-09 15:07:34.066: V/EventHub(11759): event time 17350374919000, now 17350377400421
12-09 15:07:34.066: V/EventHub(11759): /dev/input/event1 got: time=17350.374919, type=0, code=0, value=0
12-09 15:07:34.066: V/EventHub(11759): event time 17350374919000, now 17350377400421
12-09 15:07:34.076: V/EventHub(11759): /dev/input/event1 got: time=17350.383310, type=3, code=54, value=1411
12-09 15:07:34.076: V/EventHub(11759): event time 17350383310000, now 17350385809171
12-09 15:07:34.076: V/EventHub(11759): /dev/input/event1 got: time=17350.383310, type=0, code=0, value=0
12-09 15:07:34.076: V/EventHub(11759): event time 17350383310000, now 17350385809171
12-09 15:07:34.086: V/EventHub(11759): /dev/input/event1 got: time=17350.391642, type=3, code=54, value=1414
12-09 15:07:34.086: V/EventHub(11759): event time 17350391642000, now 17350394118026
12-09 15:07:34.086: V/EventHub(11759): /dev/input/event1 got: time=17350.391642, type=0, code=0, value=0
12-09 15:07:34.086: V/EventHub(11759): event time 17350391642000, now 17350394118026
12-09 15:07:34.096: V/EventHub(11759): /dev/input/event1 got: time=17350.400052, type=3, code=54, value=1417
12-09 15:07:34.096: V/EventHub(11759): event time 17350400052000, now 17350402562869
12-09 15:07:34.096: V/EventHub(11759): /dev/input/event1 got: time=17350.400052, type=3, code=58, value=44
12-09 15:07:34.096: V/EventHub(11759): event time 17350400052000, now 17350402562869
12-09 15:07:34.096: V/EventHub(11759): /dev/input/event1 got: time=17350.400052, type=0, code=0, value=0
12-09 15:07:34.096: V/EventHub(11759): event time 17350400052000, now 17350402562869
12-09 15:07:34.106: V/EventHub(11759): /dev/input/event1 got: time=17350.408355, type=3, code=54, value=1419
12-09 15:07:34.106: V/EventHub(11759): event time 17350408355000, now 17350410831411
12-09 15:07:34.106: V/EventHub(11759): /dev/input/event1 got: time=17350.408355, type=0, code=0, value=0
12-09 15:07:34.106: V/EventHub(11759): event time 17350408355000, now 17350410831411
12-09 15:07:34.106: V/EventHub(11759): /dev/input/event1 got: time=17350.416760, type=3, code=54, value=1420
12-09 15:07:34.106: V/EventHub(11759): event time 17350416760000, now 17350419267713
12-09 15:07:34.106: V/EventHub(11759): /dev/input/event1 got: time=17350.416760, type=0, code=0, value=0
12-09 15:07:34.106: V/EventHub(11759): event time 17350416760000, now 17350419267713
12-09 15:07:34.116: V/EventHub(11759): /dev/input/event1 got: time=17350.425103, type=3, code=54, value=1421
12-09 15:07:34.116: V/EventHub(11759): event time 17350425103000, now 17350427591307
12-09 15:07:34.116: V/EventHub(11759): /dev/input/event1 got: time=17350.425103, type=0, code=0, value=0
12-09 15:07:34.116: V/EventHub(11759): event time 17350425103000, now 17350427591307
12-09 15:07:34.126: V/EventHub(11759): /dev/input/event1 got: time=17350.433479, type=3, code=54, value=1422
12-09 15:07:34.126: V/EventHub(11759): event time 17350433479000, now 17350435968390
12-09 15:07:34.126: V/EventHub(11759): /dev/input/event1 got: time=17350.433479, type=0, code=0, value=0
12-09 15:07:34.126: V/EventHub(11759): event time 17350433479000, now 17350435968390
12-09 15:07:34.136: V/EventHub(11759): /dev/input/event1 got: time=17350.441849, type=3, code=54, value=1423
12-09 15:07:34.136: V/EventHub(11759): event time 17350441849000, now 17350444342401
12-09 15:07:34.136: V/EventHub(11759): /dev/input/event1 got: time=17350.441849, type=0, code=0, value=0
12-09 15:07:34.136: V/EventHub(11759): event time 17350441849000, now 17350444342401
12-09 15:07:34.156: V/EventHub(11759): /dev/input/event1 got: time=17350.458555, type=3, code=53, value=732
12-09 15:07:34.156: V/EventHub(11759): event time 17350458555000, now 17350461055057
12-09 15:07:34.156: V/EventHub(11759): /dev/input/event1 got: time=17350.458555, type=0, code=0, value=0
12-09 15:07:34.156: V/EventHub(11759): event time 17350458555000, now 17350461055057
12-09 15:07:34.156: V/EventHub(11759): /dev/input/event1 got: time=17350.466947, type=3, code=54, value=1424
12-09 15:07:34.156: V/EventHub(11759): event time 17350466947000, now 17350469458129
12-09 15:07:34.156: V/EventHub(11759): /dev/input/event1 got: time=17350.466947, type=0, code=0, value=0
12-09 15:07:34.156: V/EventHub(11759): event time 17350466947000, now 17350469458129
12-09 15:07:34.166: V/EventHub(11759): /dev/input/event1 got: time=17350.475289, type=3, code=54, value=1425
12-09 15:07:34.166: V/EventHub(11759): event time 17350475289000, now 17350477791671
12-09 15:07:34.166: V/EventHub(11759): /dev/input/event1 got: time=17350.475289, type=0, code=0, value=0
12-09 15:07:34.166: V/EventHub(11759): event time 17350475289000, now 17350477791671
12-09 15:07:34.176: V/EventHub(11759): /dev/input/event1 got: time=17350.483692, type=3, code=54, value=1426
12-09 15:07:34.176: V/EventHub(11759): event time 17350483692000, now 17350486200473
12-09 15:07:34.176: V/EventHub(11759): /dev/input/event1 got: time=17350.483692, type=0, code=0, value=0
12-09 15:07:34.176: V/EventHub(11759): event time 17350483692000, now 17350486200473
12-09 15:07:34.186: V/EventHub(11759): /dev/input/event1 got: time=17350.492053, type=3, code=54, value=1427
12-09 15:07:34.186: V/EventHub(11759): event time 17350492053000, now 17350494536307
12-09 15:07:34.186: V/EventHub(11759): /dev/input/event1 got: time=17350.492053, type=0, code=0, value=0
12-09 15:07:34.186: V/EventHub(11759): event time 17350492053000, now 17350494536307
12-09 15:07:34.196: V/EventHub(11759): /dev/input/event1 got: time=17350.500466, type=3, code=54, value=1428
12-09 15:07:34.196: V/EventHub(11759): event time 17350500466000, now 17350503002036
12-09 15:07:34.196: V/EventHub(11759): /dev/input/event1 got: time=17350.500466, type=0, code=0, value=0
12-09 15:07:34.196: V/EventHub(11759): event time 17350500466000, now 17350503002036
12-09 15:07:34.206: V/EventHub(11759): /dev/input/event1 got: time=17350.508747, type=3, code=54, value=1429
12-09 15:07:34.206: V/EventHub(11759): event time 17350508747000, now 17350511238390
12-09 15:07:34.206: V/EventHub(11759): /dev/input/event1 got: time=17350.508747, type=0, code=0, value=0
12-09 15:07:34.206: V/EventHub(11759): event time 17350508747000, now 17350511238390
12-09 15:07:34.206: V/EventHub(11759): /dev/input/event1 got: time=17350.517155, type=3, code=53, value=731
12-09 15:07:34.206: V/EventHub(11759): event time 17350517155000, now 17350519648702
12-09 15:07:34.206: V/EventHub(11759): /dev/input/event1 got: time=17350.517155, type=3, code=54, value=1430
12-09 15:07:34.206: V/EventHub(11759): event time 17350517155000, now 17350519648702
12-09 15:07:34.206: V/EventHub(11759): /dev/input/event1 got: time=17350.517155, type=0, code=0, value=0
12-09 15:07:34.206: V/EventHub(11759): event time 17350517155000, now 17350519648702
12-09 15:07:34.216: V/EventHub(11759): /dev/input/event1 got: time=17350.525506, type=3, code=53, value=730
12-09 15:07:34.216: V/EventHub(11759): event time 17350525506000, now 17350527993754
12-09 15:07:34.216: V/EventHub(11759): /dev/input/event1 got: time=17350.525506, type=0, code=0, value=0
12-09 15:07:34.216: V/EventHub(11759): event time 17350525506000, now 17350527993754
12-09 15:07:34.236: V/EventHub(11759): /dev/input/event1 got: time=17350.542238, type=3, code=54, value=1431
12-09 15:07:34.236: V/EventHub(11759): event time 17350542238000, now 17350544726619
12-09 15:07:34.236: V/EventHub(11759): /dev/input/event1 got: time=17350.542238, type=0, code=0, value=0
12-09 15:07:34.236: V/EventHub(11759): event time 17350542238000, now 17350544726619
12-09 15:07:34.246: V/EventHub(11759): /dev/input/event1 got: time=17350.550630, type=3, code=54, value=1432
12-09 15:07:34.246: V/EventHub(11759): event time 17350550630000, now 17350553171671
12-09 15:07:34.246: V/EventHub(11759): /dev/input/event1 got: time=17350.550630, type=0, code=0, value=0
12-09 15:07:34.246: V/EventHub(11759): event time 17350550630000, now 17350553171671
12-09 15:07:34.256: V/EventHub(11759): /dev/input/event1 got: time=17350.558947, type=3, code=54, value=1433
12-09 15:07:34.256: V/EventHub(11759): event time 17350558947000, now 17350561428807
12-09 15:07:34.256: V/EventHub(11759): /dev/input/event1 got: time=17350.558947, type=0, code=0, value=0
12-09 15:07:34.256: V/EventHub(11759): event time 17350558947000, now 17350561428807
12-09 15:07:34.256: V/EventHub(11759): /dev/input/event1 got: time=17350.567340, type=3, code=54, value=1434
12-09 15:07:34.256: V/EventHub(11759): event time 17350567340000, now 17350569816046
12-09 15:07:34.256: V/EventHub(11759): /dev/input/event1 got: time=17350.567340, type=0, code=0, value=0
12-09 15:07:34.256: V/EventHub(11759): event time 17350567340000, now 17350569816046
12-09 15:07:34.326: V/EventHub(11759): /dev/input/event1 got: time=17350.633673, type=3, code=57, value=-1
12-09 15:07:34.326: V/EventHub(11759): event time 17350633673000, now 17350636221723
12-09 15:07:34.326: V/EventHub(11759): /dev/input/event1 got: time=17350.633673, type=0, code=0, value=0
12-09 15:07:34.326: V/EventHub(11759): event time 17350633673000, now 17350636221723
12-09 15:07:48.176: V/EventHub(11759): /dev/input/event1 got: time=17364.480363, type=3, code=57, value=353
12-09 15:07:48.176: V/EventHub(11759): event time 17364480363000, now 17364482874070
12-09 15:07:48.176: V/EventHub(11759): /dev/input/event1 got: time=17364.480363, type=3, code=53, value=206
12-09 15:07:48.176: V/EventHub(11759): event time 17364480363000, now 17364482874070
12-09 15:07:48.176: V/EventHub(11759): /dev/input/event1 got: time=17364.480363, type=3, code=54, value=674
12-09 15:07:48.176: V/EventHub(11759): event time 17364480363000, now 17364482874070
12-09 15:07:48.176: V/EventHub(11759): /dev/input/event1 got: time=17364.480363, type=3, code=58, value=53
12-09 15:07:48.176: V/EventHub(11759): event time 17364480363000, now 17364482874070
12-09 15:07:48.176: V/EventHub(11759): /dev/input/event1 got: time=17364.480363, type=3, code=48, value=6
12-09 15:07:48.176: V/EventHub(11759): event time 17364480363000, now 17364482874070
12-09 15:07:48.176: V/EventHub(11759): /dev/input/event1 got: time=17364.480363, type=0, code=0, value=0
12-09 15:07:48.176: V/EventHub(11759): event time 17364480363000, now 17364482874070
12-09 15:07:48.176: I/Gecko(11759): [Parent 11759] WARNING: Found a non-root APZ with no handoff parent: file /Users/foxbrush/Projects/gecko-dev-appcache/gfx/layers/apz/src/APZCTreeManager.cpp, line 1561
12-09 15:07:48.236: V/EventHub(11759): /dev/input/event1 got: time=17364.538675, type=3, code=53, value=205
12-09 15:07:48.236: V/EventHub(11759): event time 17364538675000, now 17364541165946
12-09 15:07:48.236: V/EventHub(11759): /dev/input/event1 got: time=17364.538675, type=3, code=54, value=673
12-09 15:07:48.236: V/EventHub(11759): event time 17364538675000, now 17364541165946
12-09 15:07:48.236: V/EventHub(11759): /dev/input/event1 got: time=17364.538675, type=3, code=58, value=52
12-09 15:07:48.236: V/EventHub(11759): event time 17364538675000, now 17364541165946
12-09 15:07:48.236: V/EventHub(11759): /dev/input/event1 got: time=17364.538675, type=3, code=48, value=5
12-09 15:07:48.236: V/EventHub(11759): event time 17364538675000, now 17364541165946
12-09 15:07:48.236: V/EventHub(11759): /dev/input/event1 got: time=17364.538675, type=0, code=0, value=0
12-09 15:07:48.236: V/EventHub(11759): event time 17364538675000, now 17364541165946
12-09 15:07:48.236: V/EventHub(11759): /dev/input/event1 got: time=17364.546429, type=3, code=53, value=204
12-09 15:07:48.236: V/EventHub(11759): event time 17364546429000, now 17364548891775
12-09 15:07:48.236: V/EventHub(11759): /dev/input/event1 got: time=17364.546429, type=3, code=54, value=672
12-09 15:07:48.236: V/EventHub(11759): event time 17364546429000, now 17364548891775
12-09 15:07:48.236: V/EventHub(11759): /dev/input/event1 got: time=17364.546429, type=3, code=58, value=51
12-09 15:07:48.236: V/EventHub(11759): event time 17364546429000, now 17364548891775
12-09 15:07:48.236: V/EventHub(11759): /dev/input/event1 got: time=17364.546429, type=0, code=0, value=0
12-09 15:07:48.236: V/EventHub(11759): event time 17364546429000, now 17364548891775
12-09 15:07:48.246: V/EventHub(11759): /dev/input/event1 got: time=17364.554726, type=3, code=57, value=-1
12-09 15:07:48.246: V/EventHub(11759): event time 17364554726000, now 17364557178908
12-09 15:07:48.246: V/EventHub(11759): /dev/input/event1 got: time=17364.554726, type=0, code=0, value=0
12-09 15:07:48.246: V/EventHub(11759): event time 17364554726000, now 17364557178908
12-09 15:07:48.286: I/Gecko(11759): -*-*- Webapps.jsm : _readManifests of settings.gaiamobile.org
12-09 15:07:48.296: I/Gecko(11759): XXX FIXME : Dispatch a webapps-launch: undefined
12-09 15:07:48.416: I/Gecko(12651): ######################## extensions.js loaded
12-09 15:07:48.466: W/Settings(12651): [JavaScript Warning: "Use of nsIFile in content process is deprecated." {file: "jar:file:///system/b2g/omni.ja!/components/DirectoryProvider.js" line: 81}]
12-09 15:07:48.516: I/Gecko(12651): ++DOMWINDOW == 3 (0xaf972c00) [pid = 12651] [serial = 3] [outer = 0xb0c9e800]
12-09 15:07:48.946: I/Gecko(11759): [Parent 11759] WARNING: No Document in SetRequestContext; can not query loadgroup; sending reports may fail.: file /Users/foxbrush/Projects/gecko-dev-appcache/dom/security/nsCSPContext.cpp, line 603
12-09 15:07:48.946: I/Gecko(11759): [Parent 11759] WARNING: No Document in SetRequestContext; can not query loadgroup; sending reports may fail.: file /Users/foxbrush/Projects/gecko-dev-appcache/dom/security/nsCSPContext.cpp, line 603
12-09 15:07:48.956: I/Gecko(11759): [Parent 11759] WARNING: No Document in SetRequestContext; can not query loadgroup; sending reports may fail.: file /Users/foxbrush/Projects/gecko-dev-appcache/dom/security/nsCSPContext.cpp, line 603
12-09 15:07:48.956: I/Gecko(11759): [Parent 11759] WARNING: No Document in SetRequestContext; can not query loadgroup; sending reports may fail.: file /Users/foxbrush/Projects/gecko-dev-appcache/dom/security/nsCSPContext.cpp, line 603
12-09 15:07:48.966: I/Gecko(11759): [Parent 11759] WARNING: No Document in SetRequestContext; can not query loadgroup; sending reports may fail.: file /Users/foxbrush/Projects/gecko-dev-appcache/dom/security/nsCSPContext.cpp, line 603
12-09 15:07:49.296: I/Gecko(12651): [Child 12651] ###!!! ASSERTION: style context has old rule node: 'mRoots[i]->RuleNode()->RuleTree() == mRuleTree', file /Users/foxbrush/Projects/gecko-dev-appcache/layout/style/nsStyleSet.cpp, line 317
12-09 15:07:49.296: I/Gecko(12651): [Child 12651] ###!!! ASSERTION: old rule tree still referenced: 'Not Reached', file /Users/foxbrush/Projects/gecko-dev-appcache/layout/style/nsStyleSet.cpp, line 2227
12-09 15:07:49.386: I/Gecko(11759): [Parent 11759] WARNING: No Document in SetRequestContext; can not query loadgroup; sending reports may fail.: file /Users/foxbrush/Projects/gecko-dev-appcache/dom/security/nsCSPContext.cpp, line 603
12-09 15:07:49.396: I/Gecko(11759): [Parent 11759] WARNING: No Document in SetRequestContext; can not query loadgroup; sending reports may fail.: file /Users/foxbrush/Projects/gecko-dev-appcache/dom/security/nsCSPContext.cpp, line 603
12-09 15:07:50.296: I/Gecko(11759): [Parent 11759] WARNING: No Document in SetRequestContext; can not query loadgroup; sending reports may fail.: file /Users/foxbrush/Projects/gecko-dev-appcache/dom/security/nsCSPContext.cpp, line 603
12-09 15:07:50.366: I/Gecko(11759): [Parent 11759] WARNING: No Document in SetRequestContext; can not query loadgroup; sending reports may fail.: file /Users/foxbrush/Projects/gecko-dev-appcache/dom/security/nsCSPContext.cpp, line 603
12-09 15:07:50.736: I/Gecko(11759): [Parent 11759] WARNING: No Document in SetRequestContext; can not query loadgroup; sending reports may fail.: file /Users/foxbrush/Projects/gecko-dev-appcache/dom/security/nsCSPContext.cpp, line 603
12-09 15:07:50.736: I/Gecko(11759): [Parent 11759] WARNING: No Document in SetRequestContext; can not query loadgroup; sending reports may fail.: file /Users/foxbrush/Projects/gecko-dev-appcache/dom/security/nsCSPContext.cpp, line 603
12-09 15:07:50.766: I/Gecko(11759): [Parent 11759] WARNING: No Document in SetRequestContext; can not query loadgroup; sending reports may fail.: file /Users/foxbrush/Projects/gecko-dev-appcache/dom/security/nsCSPContext.cpp, line 603
12-09 15:07:50.876: I/Gecko(11759): XXX FIXME : Dispatch a mozChromeEvent: default-volume-channel-changed
12-09 15:07:51.026: I/Gecko(11759): [Parent 11759] WARNING: No Document in SetRequestContext; can not query loadgroup; sending reports may fail.: file /Users/foxbrush/Projects/gecko-dev-appcache/dom/security/nsCSPContext.cpp, line 603
12-09 15:07:51.036: I/Gecko(11759): [Parent 11759] WARNING: No Document in SetRequestContext; can not query loadgroup; sending reports may fail.: file /Users/foxbrush/Projects/gecko-dev-appcache/dom/security/nsCSPContext.cpp, line 603
12-09 15:07:51.066: I/Gecko(11759): [Parent 11759] WARNING: No Document in SetRequestContext; can not query loadgroup; sending reports may fail.: file /Users/foxbrush/Projects/gecko-dev-appcache/dom/security/nsCSPContext.cpp, line 603
12-09 15:07:51.396: V/EventHub(11759): /dev/input/event1 got: time=17367.703928, type=3, code=57, value=354
12-09 15:07:51.396: V/EventHub(11759): event time 17367703928000, now 17367706428905
12-09 15:07:51.396: V/EventHub(11759): /dev/input/event1 got: time=17367.703928, type=3, code=53, value=861
12-09 15:07:51.396: V/EventHub(11759): event time 17367703928000, now 17367706428905
12-09 15:07:51.396: V/EventHub(11759): /dev/input/event1 got: time=17367.703928, type=3, code=54, value=812
12-09 15:07:51.396: V/EventHub(11759): event time 17367703928000, now 17367706428905
12-09 15:07:51.396: V/EventHub(11759): /dev/input/event1 got: time=17367.703928, type=3, code=58, value=49
12-09 15:07:51.396: V/EventHub(11759): event time 17367703928000, now 17367706428905
12-09 15:07:51.396: V/EventHub(11759): /dev/input/event1 got: time=17367.703928, type=0, code=0, value=0
12-09 15:07:51.396: V/EventHub(11759): event time 17367703928000, now 17367706428905
12-09 15:07:51.476: I/Gecko(11759): [Parent 11759] WARNING: No Document in SetRequestContext; can not query loadgroup; sending reports may fail.: file /Users/foxbrush/Projects/gecko-dev-appcache/dom/security/nsCSPContext.cpp, line 603
12-09 15:07:51.476: V/EventHub(11759): /dev/input/event1 got: time=17367.786770, type=3, code=57, value=-1
12-09 15:07:51.476: V/EventHub(11759): event time 17367786770000, now 17367789258436
12-09 15:07:51.476: V/EventHub(11759): /dev/input/event1 got: time=17367.786770, type=0, code=0, value=0
12-09 15:07:51.476: V/EventHub(11759): event time 17367786770000, now 17367789258436
12-09 15:07:51.876: I/Gecko(11759): [Parent 11759] WARNING: No Document in SetRequestContext; can not query loadgroup; sending reports may fail.: file /Users/foxbrush/Projects/gecko-dev-appcache/dom/security/nsCSPContext.cpp, line 603
12-09 15:07:51.876: I/Gecko(11759): [Parent 11759] WARNING: No Document in SetRequestContext; can not query loadgroup; sending reports may fail.: file /Users/foxbrush/Projects/gecko-dev-appcache/dom/security/nsCSPContext.cpp, line 603
12-09 15:07:52.036: I/Gecko(12651): [Child 12651] WARNING: NS_ENSURE_SUCCESS(rv, rv) failed with result 0x80520012: file /Users/foxbrush/Projects/gecko-dev-appcache/layout/style/Loader.cpp, line 2121
12-09 15:07:52.246: I/Gecko(11759): [Parent 11759] WARNING: No Document in SetRequestContext; can not query loadgroup; sending reports may fail.: file /Users/foxbrush/Projects/gecko-dev-appcache/dom/security/nsCSPContext.cpp, line 603
12-09 15:07:52.276: I/Gecko(11759): [Parent 11759] WARNING: No Document in SetRequestContext; can not query loadgroup; sending reports may fail.: file /Users/foxbrush/Projects/gecko-dev-appcache/dom/security/nsCSPContext.cpp, line 603
12-09 15:07:52.276: I/Gecko(11759): [Parent 11759] WARNING: No Document in SetRequestContext; can not query loadgroup; sending reports may fail.: file /Users/foxbrush/Projects/gecko-dev-appcache/dom/security/nsCSPContext.cpp, line 603
12-09 15:07:52.276: I/Gecko(11759): [Parent 11759] WARNING: No Document in SetRequestContext; can not query loadgroup; sending reports may fail.: file /Users/foxbrush/Projects/gecko-dev-appcache/dom/security/nsCSPContext.cpp, line 603
12-09 15:07:52.306: I/Gecko(11759): [Parent 11759] WARNING: No Document in SetRequestContext; can not query loadgroup; sending reports may fail.: file /Users/foxbrush/Projects/gecko-dev-appcache/dom/security/nsCSPContext.cpp, line 603
12-09 15:07:52.476: I/Gecko(11759): [Parent 11759] WARNING: No Document in SetRequestContext; can not query loadgroup; sending reports may fail.: file /Users/foxbrush/Projects/gecko-dev-appcache/dom/security/nsCSPContext.cpp, line 603
12-09 15:07:52.546: I/Gecko(11759): [Parent 11759] WARNING: No Document in SetRequestContext; can not query loadgroup; sending reports may fail.: file /Users/foxbrush/Projects/gecko-dev-appcache/dom/security/nsCSPContext.cpp, line 603
12-09 15:07:52.706: I/Gecko(11759): [Parent 11759] WARNING: No Document in SetRequestContext; can not query loadgroup; sending reports may fail.: file /Users/foxbrush/Projects/gecko-dev-appcache/dom/security/nsCSPContext.cpp, line 603
12-09 15:07:52.776: I/Gecko(11759): [Parent 11759] WARNING: No Document in SetRequestContext; can not query loadgroup; sending reports may fail.: file /Users/foxbrush/Projects/gecko-dev-appcache/dom/security/nsCSPContext.cpp, line 603
12-09 15:07:52.786: I/Gecko(11759): [Parent 11759] WARNING: No Document in SetRequestContext; can not query loadgroup; sending reports may fail.: file /Users/foxbrush/Projects/gecko-dev-appcache/dom/security/nsCSPContext.cpp, line 603
12-09 15:07:52.796: I/Gecko(11759): [Parent 11759] WARNING: No Document in SetRequestContext; can not query loadgroup; sending reports may fail.: file /Users/foxbrush/Projects/gecko-dev-appcache/dom/security/nsCSPContext.cpp, line 603
12-09 15:07:52.796: I/Gecko(11759): [Parent 11759] WARNING: No Document in SetRequestContext; can not query loadgroup; sending reports may fail.: file /Users/foxbrush/Projects/gecko-dev-appcache/dom/security/nsCSPContext.cpp, line 603
12-09 15:07:52.816: I/Gecko(11759): [Parent 11759] WARNING: No Document in SetRequestContext; can not query loadgroup; sending reports may fail.: file /Users/foxbrush/Projects/gecko-dev-appcache/dom/security/nsCSPContext.cpp, line 603
12-09 15:07:52.816: I/Gecko(11759): [Parent 11759] WARNING: No Document in SetRequestContext; can not query loadgroup; sending reports may fail.: file /Users/foxbrush/Projects/gecko-dev-appcache/dom/security/nsCSPContext.cpp, line 603
12-09 15:07:52.856: I/Gecko(11759): [Parent 11759] WARNING: No Document in SetRequestContext; can not query loadgroup; sending reports may fail.: file /Users/foxbrush/Projects/gecko-dev-appcache/dom/security/nsCSPContext.cpp, line 603
12-09 15:07:53.236: I/Gecko(11759): [Parent 11759] WARNING: No Document in SetRequestContext; can not query loadgroup; sending reports may fail.: file /Users/foxbrush/Projects/gecko-dev-appcache/dom/security/nsCSPContext.cpp, line 603
12-09 15:07:53.476: I/Gecko(11759): -*-*- Webapps.jsm : _readManifests of bluetooth.gaiamobile.org
12-09 15:07:53.606: I/Gecko(11759): [Parent 11759] WARNING: No Document in SetRequestContext; can not query loadgroup; sending reports may fail.: file /Users/foxbrush/Projects/gecko-dev-appcache/dom/security/nsCSPContext.cpp, line 603
12-09 15:07:53.606: I/Gecko(11759): [Parent 11759] WARNING: No Document in SetRequestContext; can not query loadgroup; sending reports may fail.: file /Users/foxbrush/Projects/gecko-dev-appcache/dom/security/nsCSPContext.cpp, line 603
12-09 15:07:53.606: I/Gecko(11759): [Parent 11759] WARNING: No Document in SetRequestContext; can not query loadgroup; sending reports may fail.: file /Users/foxbrush/Projects/gecko-dev-appcache/dom/security/nsCSPContext.cpp, line 603
12-09 15:07:53.626: I/Gecko(11759): [Parent 11759] WARNING: No Document in SetRequestContext; can not query loadgroup; sending reports may fail.: file /Users/foxbrush/Projects/gecko-dev-appcache/dom/security/nsCSPContext.cpp, line 603
12-09 15:07:53.636: I/Gecko(12651): --DOMWINDOW == 2 (0xafc6a400) [pid = 12651] [serial = 2] [outer = 0x0] [url = about:blank]
12-09 15:07:53.936: I/Gecko(13114): [Child 13114] WARNING: NS_ENSURE_TRUE(XRE_IsParentProcess()) failed: file ../../../../../../Users/foxbrush/Projects/gecko-dev-appcache/dom/base/nsFrameMessageManager.cpp, line 1600
12-09 15:07:53.946: I/Gecko(11759): [Parent 11759] WARNING: No Document in SetRequestContext; can not query loadgroup; sending reports may fail.: file /Users/foxbrush/Projects/gecko-dev-appcache/dom/security/nsCSPContext.cpp, line 603
12-09 15:07:53.956: I/Gecko(11759): [Parent 11759] WARNING: No Document in SetRequestContext; can not query loadgroup; sending reports may fail.: file /Users/foxbrush/Projects/gecko-dev-appcache/dom/security/nsCSPContext.cpp, line 603
12-09 15:07:54.106: I/Gecko(11759): [Parent 11759] WARNING: No Document in SetRequestContext; can not query loadgroup; sending reports may fail.: file /Users/foxbrush/Projects/gecko-dev-appcache/dom/security/nsCSPContext.cpp, line 603
12-09 15:07:54.216: I/Gecko(11759): [Parent 11759] WARNING: No Document in SetRequestContext; can not query loadgroup; sending reports may fail.: file /Users/foxbrush/Projects/gecko-dev-appcache/dom/security/nsCSPContext.cpp, line 603
12-09 15:07:54.216: I/Gecko(11759): [Parent 11759] WARNING: No Document in SetRequestContext; can not query loadgroup; sending reports may fail.: file /Users/foxbrush/Projects/gecko-dev-appcache/dom/security/nsCSPContext.cpp, line 603
12-09 15:07:54.246: I/Gecko(11759): [Parent 11759] WARNING: No Document in SetRequestContext; can not query loadgroup; sending reports may fail.: file /Users/foxbrush/Projects/gecko-dev-appcache/dom/security/nsCSPContext.cpp, line 603
12-09 15:07:54.276: I/Gecko(11759): [Parent 11759] WARNING: No Document in SetRequestContext; can not query loadgroup; sending reports may fail.: file /Users/foxbrush/Projects/gecko-dev-appcache/dom/security/nsCSPContext.cpp, line 603
12-09 15:07:54.316: I/Gecko(12651): [Child 12651] WARNING: Bluetooth is already disabled, or the toggling failed.: file ../../../../../../Users/foxbrush/Projects/gecko-dev-appcache/dom/bluetooth/common/BluetoothService.cpp, line 506
12-09 15:07:54.346: I/Gecko(11759): [Parent 11759] WARNING: No Document in SetRequestContext; can not query loadgroup; sending reports may fail.: file /Users/foxbrush/Projects/gecko-dev-appcache/dom/security/nsCSPContext.cpp, line 603
12-09 15:07:54.376: I/Gecko(11759): [Parent 11759] WARNING: DirectoryDiskUsage ignores symlinks: file /Users/foxbrush/Projects/gecko-dev-appcache/dom/devicestorage/nsDeviceStorage.cpp, line 1185
12-09 15:07:54.376: I/Gecko(11759): [Parent 11759] WARNING: DirectoryDiskUsage ignores symlinks: file /Users/foxbrush/Projects/gecko-dev-appcache/dom/devicestorage/nsDeviceStorage.cpp, line 1185
12-09 15:07:54.376: I/Gecko(11759): [Parent 11759] WARNING: DirectoryDiskUsage ignores symlinks: file /Users/foxbrush/Projects/gecko-dev-appcache/dom/devicestorage/nsDeviceStorage.cpp, line 1185
12-09 15:07:54.376: I/Gecko(11759): [Parent 11759] WARNING: DirectoryDiskUsage ignores symlinks: file /Users/foxbrush/Projects/gecko-dev-appcache/dom/devicestorage/nsDeviceStorage.cpp, line 1185
12-09 15:07:54.386: I/Gecko(13114): ++DOMWINDOW == 2 (0xafc6a400) [pid = 13114] [serial = 2] [outer = 0xb0c9e800]
12-09 15:07:54.436: I/Gecko(13114): [Child 13114] WARNING: NS_ENSURE_TRUE(startupCache) failed: file /Users/foxbrush/Projects/gecko-dev-appcache/dom/xbl/nsXBLDocumentInfo.cpp, line 199
12-09 15:07:54.446: I/Gecko(13114): [Child 13114] WARNING: NS_ENSURE_TRUE(startupCache) failed: file /Users/foxbrush/Projects/gecko-dev-appcache/dom/xbl/nsXBLDocumentInfo.cpp, line 267
12-09 15:07:54.446: I/Gecko(11759): [Parent 11759] WARNING: No Document in SetRequestContext; can not query loadgroup; sending reports may fail.: file /Users/foxbrush/Projects/gecko-dev-appcache/dom/security/nsCSPContext.cpp, line 603
12-09 15:07:54.446: I/Gecko(11759): [Parent 11759] WARNING: No Document in SetRequestContext; can not query loadgroup; sending reports may fail.: file /Users/foxbrush/Projects/gecko-dev-appcache/dom/security/nsCSPContext.cpp, line 603
12-09 15:07:54.606: I/Gecko(11759): [Parent 11759] WARNING: No Document in SetRequestContext; can not query loadgroup; sending reports may fail.: file /Users/foxbrush/Projects/gecko-dev-appcache/dom/security/nsCSPContext.cpp, line 603
12-09 15:07:54.616: I/Gecko(11759): [Parent 11759] WARNING: No Document in SetRequestContext; can not query loadgroup; sending reports may fail.: file /Users/foxbrush/Projects/gecko-dev-appcache/dom/security/nsCSPContext.cpp, line 603
12-09 15:07:54.616: I/Gecko(11759): [Parent 11759] WARNING: No Document in SetRequestContext; can not query loadgroup; sending reports may fail.: file /Users/foxbrush/Projects/gecko-dev-appcache/dom/security/nsCSPContext.cpp, line 603
12-09 15:07:54.616: I/Gecko(11759): [Parent 11759] WARNING: No Document in SetRequestContext; can not query loadgroup; sending reports may fail.: file /Users/foxbrush/Projects/gecko-dev-appcache/dom/security/nsCSPContext.cpp, line 603
12-09 15:07:54.616: I/Gecko(11759): [Parent 11759] WARNING: No Document in SetRequestContext; can not query loadgroup; sending reports may fail.: file /Users/foxbrush/Projects/gecko-dev-appcache/dom/security/nsCSPContext.cpp, line 603
12-09 15:07:54.626: I/Gecko(11759): [Parent 11759] WARNING: No Document in SetRequestContext; can not query loadgroup; sending reports may fail.: file /Users/foxbrush/Projects/gecko-dev-appcache/dom/security/nsCSPContext.cpp, line 603
12-09 15:07:54.626: I/Gecko(11759): [Parent 11759] WARNING: No Document in SetRequestContext; can not query loadgroup; sending reports may fail.: file /Users/foxbrush/Projects/gecko-dev-appcache/dom/security/nsCSPContext.cpp, line 603
12-09 15:07:54.626: I/Gecko(11759): [Parent 11759] WARNING: No Document in SetRequestContext; can not query loadgroup; sending reports may fail.: file /Users/foxbrush/Projects/gecko-dev-appcache/dom/security/nsCSPContext.cpp, line 603
12-09 15:07:54.626: I/Gecko(11759): [Parent 11759] WARNING: No Document in SetRequestContext; can not query loadgroup; sending reports may fail.: file /Users/foxbrush/Projects/gecko-dev-appcache/dom/security/nsCSPContext.cpp, line 603
12-09 15:07:54.626: I/Gecko(11759): [Parent 11759] WARNING: No Document in SetRequestContext; can not query loadgroup; sending reports may fail.: file /Users/foxbrush/Projects/gecko-dev-appcache/dom/security/nsCSPContext.cpp, line 603
12-09 15:07:54.626: I/Gecko(11759): [Parent 11759] WARNING: No Document in SetRequestContext; can not query loadgroup; sending reports may fail.: file /Users/foxbrush/Projects/gecko-dev-appcache/dom/security/nsCSPContext.cpp, line 603
