12-03 22:32:13.583: I/Gecko(1610): [1610] WARNING: XPCOM objects created/destroyed from static ctor/dtor: file /home/fischer/Projects/gecko-dev/xpcom/base/nsTraceRefcnt.cpp, line 167
12-03 22:32:13.583: I/Gecko(1610): [1610] WARNING: XPCOM objects created/destroyed from static ctor/dtor: file /home/fischer/Projects/gecko-dev/xpcom/base/nsTraceRefcnt.cpp, line 167
12-03 22:32:13.583: I/Gecko(1610): [1610] WARNING: XPCOM objects created/destroyed from static ctor/dtor: file /home/fischer/Projects/gecko-dev/xpcom/base/nsTraceRefcnt.cpp, line 167
12-03 22:32:13.583: I/Gecko(1610): [1610] WARNING: XPCOM objects created/destroyed from static ctor/dtor: file /home/fischer/Projects/gecko-dev/xpcom/base/nsTraceRefcnt.cpp, line 167
12-03 22:32:13.583: I/Gecko(1610): [1610] WARNING: XPCOM objects created/destroyed from static ctor/dtor: file /home/fischer/Projects/gecko-dev/xpcom/base/nsTraceRefcnt.cpp, line 167
12-03 22:32:13.583: I/Gecko(1610): [1610] WARNING: XPCOM objects created/destroyed from static ctor/dtor: file /home/fischer/Projects/gecko-dev/xpcom/base/nsTraceRefcnt.cpp, line 167
12-03 22:32:13.583: I/Gecko(1610): [1610] WARNING: XPCOM objects created/destroyed from static ctor/dtor: file /home/fischer/Projects/gecko-dev/xpcom/base/nsTraceRefcnt.cpp, line 167
12-03 22:32:13.583: I/Gecko(1610): [1610] WARNING: XPCOM objects created/destroyed from static ctor/dtor: file /home/fischer/Projects/gecko-dev/xpcom/base/nsTraceRefcnt.cpp, line 167
12-03 22:32:13.583: I/Gecko(1610): [1610] WARNING: XPCOM objects created/destroyed from static ctor/dtor: file /home/fischer/Projects/gecko-dev/xpcom/base/nsTraceRefcnt.cpp, line 167
12-03 22:32:13.583: I/Gecko(1610): [1610] WARNING: XPCOM objects created/destroyed from static ctor/dtor: file /home/fischer/Projects/gecko-dev/xpcom/base/nsTraceRefcnt.cpp, line 167
12-03 22:32:13.583: I/Gecko(1610): [1610] WARNING: XPCOM objects created/destroyed from static ctor/dtor: file /home/fischer/Projects/gecko-dev/xpcom/base/nsTraceRefcnt.cpp, line 167
12-03 22:32:13.583: I/Gecko(1629): [1629] WARNING: Tried to RegisterCallback without an AtExitManager: file /home/fischer/Projects/gecko-dev/ipc/chromium/src/base/at_exit.cc, line 40
12-03 22:32:13.583: W/(1610): could not open framebuffer
12-03 22:32:13.803: E/mm-camera(198): stats_module_stop_session: list =0xb8897418, remove port =0xb888cd90 name=stats_sink from module=0xb8876778, name=stats
12-03 22:32:13.803: E/mm-camera(198): stats_module_stop_session: 1 port =0xb888cd90 name=stats_sink
12-03 22:32:13.803: E/mm-camera(198): stats_module_stop_session: 2 port =0xb888cd90 name=stats_sink
12-03 22:32:13.803: I/mm-camera(198): gyro_module_stop_session: Enter
12-03 22:32:13.813: I/mm-camera(198): gyro_module_stop_session: Deinit DSPS
12-03 22:32:13.813: I/mm-camera(198): gyro_module_stop_session: Exit successful
12-03 22:32:13.813: E/mm-camera(198): stats_module_stop_session: 3 port =0xb888cd90 name=stats_sink
12-03 22:32:13.813: E/mm-camera(198): cpp_module_stop_session:453, info: stopping session 1 ...
12-03 22:32:13.813: E/mm-camera(198): cpp_thread_process_pipe_message:359, CPP_THREAD_MSG_ABORT: cpp_thread exiting..
12-03 22:32:13.813: E/mm-camera(198): cpp_module_stop_session:495, info: session 1 stopped.
12-03 22:32:13.813: E/mm-camera(198): c2d_module_stop_session:322, info: stopping session 1 ...
12-03 22:32:13.813: E/mm-camera(198): c2d_module_stop_session:327, info: stopping c2d_thread...
12-03 22:32:13.813: E/mm-camera(198): c2d_module_post_msg_to_thread:381, msg.type=1
12-03 22:32:13.813: E/mm-camera(198): c2d_thread_process_pipe_message:503, C2D_THREAD_MSG_ABORT: c2d_thread exiting..
12-03 22:32:13.813: E/mm-camera(198): c2d_module_stop_session:339, closing c2d subdev...
12-03 22:32:13.813: E/mm-camera(198): c2d_module_stop_session:361, info: session 1 stopped.
12-03 22:32:13.813: D/QCamera3HWI(1613): static int8_t qcamera::QCamera3HardwareInterface::lookupFwkName(const qcamera::QCamera3HardwareInterface::QCameraMap*, int, int): Cannot find matching framework type
12-03 22:32:13.813: D/QCamera3HWI(1613): static int8_t qcamera::QCamera3HardwareInterface::lookupFwkName(const qcamera::QCamera3HardwareInterface::QCameraMap*, int, int): Cannot find matching framework type
12-03 22:32:13.813: D/QCamera3HWI(1613): static int8_t qcamera::QCamera3HardwareInterface::lookupFwkName(const qcamera::QCamera3HardwareInterface::QCameraMap*, int, int): Cannot find matching framework type
12-03 22:32:13.813: D/QCamera3HWI(1613): static int8_t qcamera::QCamera3HardwareInterface::lookupFwkName(const qcamera::QCamera3HardwareInterface::QCameraMap*, int, int): Cannot find matching framework type
12-03 22:32:13.813: D/QCamera3HWI(1613): static int8_t qcamera::QCamera3HardwareInterface::lookupFwkName(const qcamera::QCamera3HardwareInterface::QCameraMap*, int, int): Cannot find matching framework type
12-03 22:32:13.813: D/QCamera3HWI(1613): static int8_t qcamera::QCamera3HardwareInterface::lookupFwkName(const qcamera::QCamera3HardwareInterface::QCameraMap*, int, int): Cannot find matching framework type
12-03 22:32:13.813: D/QCamera3HWI(1613): static int8_t qcamera::QCamera3HardwareInterface::lookupFwkName(const qcamera::QCamera3HardwareInterface::QCameraMap*, int, int): Cannot find matching framework type
12-03 22:32:13.813: D/QCamera3HWI(1613): static int8_t qcamera::QCamera3HardwareInterface::lookupFwkName(const qcamera::QCamera3HardwareInterface::QCameraMap*, int, int): Cannot find matching framework type
12-03 22:32:13.813: D/QCamera3HWI(1613): static int8_t qcamera::QCamera3HardwareInterface::lookupFwkName(const qcamera::QCamera3HardwareInterface::QCameraMap*, int, int): Cannot find matching framework type
12-03 22:32:13.813: E/mm-camera-intf(1613): mm_camera_open: dev name = /dev/video2, cam_idx = 2
12-03 22:32:13.813: E/mm-camera-sensor(198): module_sensor_start_session:577 session 2
12-03 22:32:13.823: I/qdutils(1610): Right Split=0
12-03 22:32:13.823: D/qdhwcomposer(1610): int qhwc::adRead(): /sys/class/graphics/fb2/ad could not be opened : No such file or directory
12-03 22:32:13.823: I/qdhwcomposer(1610): Initializing Qualcomm Hardware Composer
12-03 22:32:13.823: I/qdhwcomposer(1610): MDP version: 500
12-03 22:32:13.823: D/qdhwcomposer(1610): hwc_getDisplayAttributes disp = 0, width = 1080
12-03 22:32:13.823: D/qdhwcomposer(1610): hwc_getDisplayAttributes disp = 0, height = 1920
12-03 22:32:13.823: E/qdhwcomposer(1610): Unknown display attribute 0
12-03 22:32:13.833: I/PowerHAL(1610): power_init
12-03 22:32:13.833: D/qdhwcomposer(1610): hwc_blank: Unblanking display: 0
12-03 22:32:13.833: D/qdhwcomposer(1610): hwc_blank: Done unblanking display: 0
12-03 22:32:13.833: W/Gonk(1610): Could not open boot animation
12-03 22:32:13.833: W/Gonk(1610): Show solid color frame for bootAnim
12-03 22:32:13.863: I/GeckoConsole(1610): Failed to load native module at path '/system/b2g/components/libtest656331.so': (80004005) dlopen failed: library "/system/b2g/components/libtest656331.so" not found
12-03 22:32:13.863: I/GeckoConsole(1610): Failed to load native module at path '/system/b2g/components/libtestcompnoaslr.so': (80004005) dlopen failed: library "/system/b2g/components/libtestcompnoaslr.so" not found
12-03 22:32:13.863: I/GeckoConsole(1610): Failed to load native module at path '/system/b2g/components/libtestcomponent.so': (80004005) dlopen failed: library "/system/b2g/components/libtestcomponent.so" not found
12-03 22:32:13.863: D/qdutils(1610): DEBUG_CALC_FPS: 0
12-03 22:32:13.863: D/qdutils(1610): period: 10
12-03 22:32:13.863: D/qdutils(1610): ignorethresh_us: 500000
12-03 22:32:14.043: E/mm-camera-sensor(198): module_sensor_init_session:471 ois device is not supported
12-03 22:32:14.043: I/mm-camera(198): gyro_module_start_session: Enter
12-03 22:32:14.043: I/mm-camera(198): gyro_module_start_session: Init DSPS
12-03 22:32:14.043: I/mm-camera(198): gyro_module_start_session: Exit successful
12-03 22:32:14.043: I/mm-camera(198): gyro_module_get_port: Exit successful
12-03 22:32:14.043: E/mm-camera(198): cpp_module_start_session:352, info: starting session 2
12-03 22:32:14.063: E/mm-camera(198): cpp_thread_func:55: cpp_thread entering the polling loop...
12-03 22:32:14.063: E/mm-camera(198): cpp_module_start_session:422, info: cpp_thread created.
12-03 22:32:14.063: E/mm-camera(198): cpp_module_start_session:425, info: session 2 started.
12-03 22:32:14.063: E/mm-camera(198): c2d_module_start_session:246, info: starting session 2
12-03 22:32:14.063: E/mm-camera(198): c2d_module_start_session:284, info: c2d_thread created.
12-03 22:32:14.063: E/mm-camera(198): c2d_module_start_session:306, info: session 2 started.
12-03 22:32:14.073: E/mm-camera-sensor(198): module_module_set_session_data:2435 max delay 2 report dSelay 1
12-03 22:32:14.073: E/mm-camera(198): module_faceproc_set_session_data:1826] Per frame control 2 1
12-03 22:32:14.073: E/mm-camera(198): c2d_thread_func:39: c2d_thread entering the polling loop...
12-03 22:32:14.073: E/mm-camera-intf(1613): mm_camera_open:  opened, break out while loop
12-03 22:32:14.073: E/mm-camera(198): mct_pipeline_process_set:command=800000b
12-03 22:32:14.073: E/mm-camera(198): mct_pipeline_get_stream: no children
12-03 22:32:14.073: E/mm-camera(198): mct_pipeline_process_set:1370: Couldn't find stream
12-03 22:32:14.073: E/mm-camera-sensor(198): module_sensor_stop_session:630 session 2
12-03 22:32:14.113: I/Gecko(1610): [1610] WARNING: NS_ENSURE_TRUE(lowMemFd != -1) failed: file ../../../../gecko-dev/widget/gonk/GonkMemoryPressureMonitoring.cpp, line 130
12-03 22:32:14.163: E/mm-camera(198): stats_module_stop_session: list =0xb8892f60, remove port =0xb88888d8 name=stats_sink from module=0xb8876778, name=stats
12-03 22:32:14.163: E/mm-camera(198): stats_module_stop_session: 1 port =0xb88888d8 name=stats_sink
12-03 22:32:14.163: E/mm-camera(198): stats_module_stop_session: 2 port =0xb88888d8 name=stats_sink
12-03 22:32:14.163: I/mm-camera(198): gyro_module_stop_session: Enter
12-03 22:32:14.163: I/mm-camera(198): gyro_module_stop_session: Deinit DSPS
12-03 22:32:14.163: I/mm-camera(198): gyro_module_stop_session: Exit successful
12-03 22:32:14.163: E/mm-camera(198): stats_module_stop_session: 3 port =0xb88888d8 name=stats_sink
12-03 22:32:14.163: E/mm-camera(198): cpp_module_stop_session:453, info: stopping session 2 ...
12-03 22:32:14.163: E/mm-camera(198): cpp_thread_process_pipe_message:359, CPP_THREAD_MSG_ABORT: cpp_thread exiting..
12-03 22:32:14.173: E/mm-camera(198): cpp_module_stop_session:495, info: session 2 stopped.
12-03 22:32:14.173: E/mm-camera(198): c2d_module_stop_session:322, info: stopping session 2 ...
12-03 22:32:14.173: E/mm-camera(198): c2d_module_stop_session:327, info: stopping c2d_thread...
12-03 22:32:14.173: E/mm-camera(198): c2d_module_post_msg_to_thread:381, msg.type=1
12-03 22:32:14.173: E/mm-camera(198): c2d_thread_process_pipe_message:503, C2D_THREAD_MSG_ABORT: c2d_thread exiting..
12-03 22:32:14.173: E/mm-camera(198): c2d_module_stop_session:339, closing c2d subdev...
12-03 22:32:14.173: E/mm-camera(198): c2d_module_stop_session:361, info: session 2 stopped.
12-03 22:32:14.173: D/QCamera3HWI(1613): static int8_t qcamera::QCamera3HardwareInterface::lookupFwkName(const qcamera::QCamera3HardwareInterface::QCameraMap*, int, int): Cannot find matching framework type
12-03 22:32:14.173: D/QCamera3HWI(1613): static int8_t qcamera::QCamera3HardwareInterface::lookupFwkName(const qcamera::QCamera3HardwareInterface::QCameraMap*, int, int): Cannot find matching framework type
12-03 22:32:14.173: D/QCamera3HWI(1613): static int8_t qcamera::QCamera3HardwareInterface::lookupFwkName(const qcamera::QCamera3HardwareInterface::QCameraMap*, int, int): Cannot find matching framework type
12-03 22:32:14.173: D/QCamera3HWI(1613): static int8_t qcamera::QCamera3HardwareInterface::lookupFwkName(const qcamera::QCamera3HardwareInterface::QCameraMap*, int, int): Cannot find matching framework type
12-03 22:32:14.173: D/QCamera3HWI(1613): static int8_t qcamera::QCamera3HardwareInterface::lookupFwkName(const qcamera::QCamera3HardwareInterface::QCameraMap*, int, int): Cannot find matching framework type
12-03 22:32:14.173: D/QCamera3HWI(1613): static int8_t qcamera::QCamera3HardwareInterface::lookupFwkName(const qcamera::QCamera3HardwareInterface::QCameraMap*, int, int): Cannot find matching framework type
12-03 22:32:14.173: D/QCamera3HWI(1613): static int8_t qcamera::QCamera3HardwareInterface::lookupFwkName(const qcamera::QCamera3HardwareInterface::QCameraMap*, int, int): Cannot find matching framework type
12-03 22:32:14.173: D/QCamera3HWI(1613): static int8_t qcamera::QCamera3HardwareInterface::lookupFwkName(const qcamera::QCamera3HardwareInterface::QCameraMap*, int, int): Cannot find matching framework type
12-03 22:32:14.173: I/CameraService(1613): Loaded "QCamera Module" camera module
12-03 22:32:14.173: I/AudioPolicyManagerBase(1613): loadAudioPolicyConfig() loaded /system/etc/audio_policy.conf
12-03 22:32:14.173: D/audio_hw_primary(1613): adev_open: enter
12-03 22:32:14.263: D/(1613): [ACDB Command]->SW Minor/Major version mismatch warning /etc/Bluetooth_cal.acdb
12-03 22:32:14.263: D/(1613): [ACDB Command]->ACDB Sw Major = 2, ACDB Sw Minor = 0
12-03 22:32:14.263: D/(1613): [ACDB Command]->ACDB File Major = 1, ACDB File Minor = 3
12-03 22:32:14.273: D/(1613): [ACDB Command]->SW Minor/Major version mismatch warning /etc/General_cal.acdb
12-03 22:32:14.273: D/(1613): [ACDB Command]->ACDB Sw Major = 2, ACDB Sw Minor = 0
12-03 22:32:14.273: D/(1613): [ACDB Command]->ACDB File Major = 1, ACDB File Minor = 3
12-03 22:32:14.273: D/(1613): [ACDB Command]->SW Minor/Major version mismatch warning /etc/Global_cal.acdb
12-03 22:32:14.273: D/(1613): [ACDB Command]->ACDB Sw Major = 2, ACDB Sw Minor = 0
12-03 22:32:14.273: D/(1613): [ACDB Command]->ACDB File Major = 1, ACDB File Minor = 3
12-03 22:32:14.273: D/(1613): [ACDB Command]->SW Minor/Major version mismatch warning /etc/Handset_cal.acdb
12-03 22:32:14.273: D/(1613): [ACDB Command]->ACDB Sw Major = 2, ACDB Sw Minor = 0
12-03 22:32:14.273: D/(1613): [ACDB Command]->ACDB File Major = 1, ACDB File Minor = 3
12-03 22:32:14.273: D/(1613): [ACDB Command]->SW Minor/Major version mismatch warning /etc/Hdmi_cal.acdb
12-03 22:32:14.273: D/(1613): [ACDB Command]->ACDB Sw Major = 2, ACDB Sw Minor = 0
12-03 22:32:14.273: D/(1613): [ACDB Command]->ACDB File Major = 1, ACDB File Minor = 3
12-03 22:32:14.273: D/(1613): [ACDB Command]->SW Minor/Major version mismatch warning /etc/Headset_cal.acdb
12-03 22:32:14.273: D/(1613): [ACDB Command]->ACDB Sw Major = 2, ACDB Sw Minor = 0
12-03 22:32:14.273: D/(1613): [ACDB Command]->ACDB File Major = 1, ACDB File Minor = 3
12-03 22:32:14.273: D/(1613): [ACPH]->Online service registered with ACPH
12-03 22:32:14.273: E/Diag_Lib(1613):  Diag_LSM_Init: Failed to open handle to diag driver, error = 2
12-03 22:32:14.273: E/Diag_Lib(1613):  diagpkt_tbl_reg: Registration failed.
12-03 22:32:14.273: D/(1613): [ACPH]->ACPH init success
12-03 22:32:14.273: D/(1613): [ACPH]->DSP RTC service registered with ACPH
12-03 22:32:14.273: D/(1613): [ACPH]->ADIE RTC service registered with ACPH
12-03 22:32:14.273: D/(1613): ACDBFILE_MGR: Property for the pid 00012E47 not found
12-03 22:32:14.273: D/(1613): ACDB_COMMAND: Failed to fetch the property info for pid 00012E47
12-03 22:32:14.273: E/ACDB-LOADER(1613): Error: ACDB get adm topologies returned = -18
12-03 22:32:14.273: D/(1613): ACDBFILE_MGR: Property for the pid 00012E48 not found
12-03 22:32:14.273: D/(1613): ACDB_COMMAND: Failed to fetch the property info for pid 00012E48
12-03 22:32:14.273: E/ACDB-LOADER(1613): Error: ACDB get asm topologies returned = -18
12-03 22:32:14.283: D/(1613): Failed to fetch the lookup information of the device 00000067
12-03 22:32:14.283: E/ACDB-LOADER(1613): Error: ACDB ANC returned = -1
12-03 22:32:14.283: I/AudioFlinger(1613): loadHwModule() Loaded primary audio interface from QCOM Audio HAL (audio) handle 1
12-03 22:32:14.283: I/AudioFlinger(1613): HAL output buffer size 240 frames, normal mix buffer size 960 frames
12-03 22:32:14.283: I/AudioMixer(1613): found effect "Multichannel Downmix To Stereo" from The Android Open Source Project
12-03 22:32:14.283: E/MonoPipe(1613): Failed to fetch local time frequency when constructing a MonoPipe (res = -32).  getNextWriteTimestamp calls will be non-functional
12-03 22:32:14.283: I/AudioFlinger(1613): Using module 1 has the primary audio interface
12-03 22:32:14.283: I/AudioFlinger(1613): AudioFlinger's thread 0xb5e76008 ready to run
12-03 22:32:14.283: W/AudioFlinger(1613): Thread AudioOut_2 cannot connect to the power manager service
12-03 22:32:14.283: D/audio_hw_primary(1613): out_set_parameters: enter: usecase(1: low-latency-playback) kvpairs: routing=2
12-03 22:32:14.303: W/AudioFlinger(1613): Thread AudioOut_2 cannot connect to the power manager service
12-03 22:32:14.303: W/AudioFlinger(1613): Thread AudioOut_2 cannot connect to the power manager service
12-03 22:32:14.303: E/AudioFlinger(1613): no wake lock to update!
12-03 22:32:14.303: I/AudioFlinger(1613): HAL output buffer size 960 frames, normal mix buffer size 960 frames
12-03 22:32:14.303: I/AudioMixer(1613): found effect "Multichannel Downmix To Stereo" from The Android Open Source Project
12-03 22:32:14.303: I/AudioFlinger(1613): AudioFlinger's thread 0xb5c08008 ready to run
12-03 22:32:14.303: W/AudioFlinger(1613): Thread AudioOut_3 cannot connect to the power manager service
12-03 22:32:14.303: D/audio_hw_primary(1613): out_set_parameters: enter: usecase(0: deep-buffer-playback) kvpairs: routing=2
12-03 22:32:14.303: W/AudioFlinger(1613): Thread AudioOut_3 cannot connect to the power manager service
12-03 22:32:14.303: W/AudioFlinger(1613): Thread AudioOut_3 cannot connect to the power manager service
12-03 22:32:14.303: E/AudioFlinger(1613): no wake lock to update!
12-03 22:32:14.303: I/audio_a2dp_hw(1613): adev_open:  adev_open in A2dp_hw module
12-03 22:32:14.303: I/AudioFlinger(1613): loadHwModule() Loaded a2dp audio interface from A2DP Audio HW HAL (audio) handle 4
12-03 22:32:14.303: I/AudioFlinger(1613): loadHwModule() Loaded usb audio interface from USB audio HW HAL (audio) handle 5
12-03 22:32:14.303: I/r_submix(1613): adev_open(name=audio_hw_if)
12-03 22:32:14.303: I/r_submix(1613): adev_init_check()
12-03 22:32:14.303: I/AudioFlinger(1613): loadHwModule() Loaded r_submix audio interface from Wifi Display audio HAL (audio) handle 6
12-03 22:32:14.303: I/AudioPolicyService(1613): Loaded audio policy from LEGACY Audio Policy HAL (audio_policy)
12-03 22:32:14.423: I/Gecko(1610): [1610] WARNING: Failed to create Addons Manager.: file /home/fischer/Projects/gecko-dev/toolkit/xre/nsXREDirProvider.cpp, line 883
12-03 22:32:15.243: I/VolumeManager(1610): changing state from 'Uninitialized' to 'Starting'
12-03 22:32:15.243: I/VolumeManager(1610): Connected to vold
12-03 22:32:15.243: I/VolumeManager(1610): Volume sdcard (1): changing state from Init to Mounted @ '/mnt/shell/emulated/0' (1 observers) mountGeneration = 1, locked = 0
12-03 22:32:15.243: I/VolumeManager(1610): READY: Volume: sdcard (1) is Mounted and inserted @ /mnt/shell/emulated/0 gen 1 locked 0
12-03 22:32:15.243: I/VolumeManager(1610): READY:   Sharing x Mounting n Formating n Unmounting n
12-03 22:32:15.243: I/VolumeManager(1610): changing state from 'Starting' to 'Volumes Ready'
12-03 22:32:15.253: I/AutoMounter(1610): UpdateState: ums:A0C0E0 mtp:A1C0E0 mode:0 usb:1 tryToShare:0 state:IDLE
12-03 22:32:15.253: I/AutoMounter(1610): UpdateState: Volume sdcard is Mounted and inserted @ /mnt/shell/emulated/0 gen 1 locked 0 sharing x
12-03 22:32:15.323: I/Gecko(1610): MobileConnectionService: init complete
12-03 22:32:15.503: I/Gecko(1610): 1449199935505  Marionette  INFO  Marionette enabled via build flag and pref
12-03 22:32:17.263: I/Gecko(1610): 1449199937269  Marionette  INFO  Listening on port 2828
12-03 22:32:17.423: V/EventHub(1610): Opening device: /dev/input/event5
12-03 22:32:17.423: V/EventHub(1610): Created descriptor: raw=:0000:0000:name:msm8974-taiko-mtp-snd-card Headset Jack, cooked=c8e3782483b4837ead6602e20483c46ff801112c
12-03 22:32:17.423: V/EventHub(1610): add device 1: /dev/input/event5
12-03 22:32:17.423: V/EventHub(1610):   bus:        0000
12-03 22:32:17.423: V/EventHub(1610):   vendor      0000
12-03 22:32:17.423: V/EventHub(1610):   product     0000
12-03 22:32:17.423: V/EventHub(1610):   version     0000
12-03 22:32:17.423: V/EventHub(1610):   name:       "msm8974-taiko-mtp-snd-card Headset Jack"
12-03 22:32:17.423: V/EventHub(1610):   location:   "ALSA"
12-03 22:32:17.423: V/EventHub(1610):   unique id:  ""
12-03 22:32:17.423: V/EventHub(1610):   descriptor: "c8e3782483b4837ead6602e20483c46ff801112c"
12-03 22:32:17.423: V/EventHub(1610):   driver:     v1.0.1
12-03 22:32:17.423: D/EventHub(1610): No input device configuration file found for device 'msm8974-taiko-mtp-snd-card Headset Jack'.
12-03 22:32:17.423: I/EventHub(1610): New device: id=1, fd=63, path='/dev/input/event5', name='msm8974-taiko-mtp-snd-card Headset Jack', classes=0x80, configuration='', keyLayout='', keyCharacterMap='', builtinKeyboard=false, usingSuspendBlockIoctl=true, usingClockIoctl=true
12-03 22:32:17.423: V/EventHub(1610): Opening device: /dev/input/event4
12-03 22:32:17.423: V/EventHub(1610): Created descriptor: raw=:0000:0000:name:msm8974-taiko-mtp-snd-card Button Jack, cooked=96fe62b244c555351ec576b282232e787fb42bab
12-03 22:32:17.423: V/EventHub(1610): add device 2: /dev/input/event4
12-03 22:32:17.423: V/EventHub(1610):   bus:        0000
12-03 22:32:17.423: V/EventHub(1610):   vendor      0000
12-03 22:32:17.423: V/EventHub(1610):   product     0000
12-03 22:32:17.423: V/EventHub(1610):   version     0000
12-03 22:32:17.423: V/EventHub(1610):   name:       "msm8974-taiko-mtp-snd-card Button Jack"
12-03 22:32:17.423: V/EventHub(1610):   location:   "ALSA"
12-03 22:32:17.423: V/EventHub(1610):   unique id:  ""
12-03 22:32:17.423: V/EventHub(1610):   descriptor: "96fe62b244c555351ec576b282232e787fb42bab"
12-03 22:32:17.423: V/EventHub(1610):   driver:     v1.0.1
12-03 22:32:17.423: D/EventHub(1610): No input device configuration file found for device 'msm8974-taiko-mtp-snd-card Button Jack'.
12-03 22:32:17.423: W/EventHub(1610): Unable to disable kernel key repeat for /dev/input/event4: Function not implemented
12-03 22:32:17.423: I/EventHub(1610): New device: id=2, fd=61, path='/dev/input/event4', name='msm8974-taiko-mtp-snd-card Button Jack', classes=0x1, configuration='', keyLayout='/system/usr/keylayout/msm8974-taiko-mtp-snd-card_Button_Jack.kl', keyCharacterMap='/system/usr/keychars/msm8974-taiko-mtp-snd-card_Button_Jack.kcm', builtinKeyboard=false, usingSuspendBlockIoctl=true, usingClockIoctl=true
12-03 22:32:17.423: I/libsensor1(1610): sensor1_init_once: Setting log level to 4
12-03 22:32:17.423: V/EventHub(1610): Opening device: /dev/input/event3
12-03 22:32:17.423: I/qcom_sensors_hal(1610): hal_init: Setting log level to 4
12-03 22:32:17.423: V/EventHub(1610): Created descriptor: raw=:0001:0001:, cooked=485d69228e24f5e46da1598745890b214130dbc4
12-03 22:32:17.423: V/EventHub(1610): add device 3: /dev/input/event3
12-03 22:32:17.423: V/EventHub(1610):   bus:        0000
12-03 22:32:17.423: V/EventHub(1610):   vendor      0001
12-03 22:32:17.423: V/EventHub(1610):   product     0001
12-03 22:32:17.423: V/EventHub(1610):   version     0001
12-03 22:32:17.423: V/EventHub(1610):   name:       "hs_detect"
12-03 22:32:17.423: V/EventHub(1610):   location:   ""
12-03 22:32:17.423: V/EventHub(1610):   unique id:  ""
12-03 22:32:17.423: V/EventHub(1610):   descriptor: "485d69228e24f5e46da1598745890b214130dbc4"
12-03 22:32:17.423: V/EventHub(1610):   driver:     v1.0.1
12-03 22:32:17.423: D/EventHub(1610): No input device configuration file found for device 'hs_detect'.
12-03 22:32:17.423: W/EventHub(1610): Unable to disable kernel key repeat for /dev/input/event3: Function not implemented
12-03 22:32:17.423: I/EventHub(1610): New device: id=3, fd=64, path='/dev/input/event3', name='hs_detect', classes=0x81, configuration='', keyLayout='/system/usr/keylayout/hs_detect.kl', keyCharacterMap='/system/usr/keychars/hs_detect.kcm', builtinKeyboard=false, usingSuspendBlockIoctl=true, usingClockIoctl=true
12-03 22:32:17.423: V/EventHub(1610): Opening device: /dev/input/event1
12-03 22:32:17.423: V/EventHub(1610): Created descriptor: raw=:0000:0000:name:touch_dev, cooked=4e2720e99bd2b59adae8529881343531fff7c98e
12-03 22:32:17.423: V/EventHub(1610): add device 4: /dev/input/event1
12-03 22:32:17.423: V/EventHub(1610):   bus:        0000
12-03 22:32:17.423: V/EventHub(1610):   vendor      0000
12-03 22:32:17.423: V/EventHub(1610):   product     0000
12-03 22:32:17.423: V/EventHub(1610):   version     0000
12-03 22:32:17.423: V/EventHub(1610):   name:       "touch_dev"
12-03 22:32:17.423: V/EventHub(1610):   location:   ""
12-03 22:32:17.423: V/EventHub(1610):   unique id:  ""
12-03 22:32:17.423: V/EventHub(1610):   descriptor: "4e2720e99bd2b59adae8529881343531fff7c98e"
12-03 22:32:17.423: V/EventHub(1610):   driver:     v1.0.1
12-03 22:32:17.423: I/EventHub(1610): New device: id=4, fd=73, path='/dev/input/event1', name='touch_dev', classes=0x14, configuration='/system/usr/idc/touch_dev.idc', keyLayout='', keyCharacterMap='', builtinKeyboard=false, usingSuspendBlockIoctl=true, usingClockIoctl=true
12-03 22:32:17.423: V/EventHub(1610): Opening device: /dev/input/event0
12-03 22:32:17.423: V/EventHub(1610): Created descriptor: raw=:0000:0000:name:qpnp_pon, cooked=fb60d4f4370f5dbe8267b63d38dea852987571ab
12-03 22:32:17.433: V/EventHub(1610): add device 5: /dev/input/event0
12-03 22:32:17.433: V/EventHub(1610):   bus:        0000
12-03 22:32:17.433: V/EventHub(1610):   vendor      0000
12-03 22:32:17.433: V/EventHub(1610):   product     0000
12-03 22:32:17.433: V/EventHub(1610):   version     0000
12-03 22:32:17.433: V/EventHub(1610):   name:       "qpnp_pon"
12-03 22:32:17.433: V/EventHub(1610):   location:   "qpnp_pon/input0"
12-03 22:32:17.433: V/EventHub(1610):   unique id:  ""
12-03 22:32:17.433: V/EventHub(1610):   descriptor: "fb60d4f4370f5dbe8267b63d38dea852987571ab"
12-03 22:32:17.433: V/EventHub(1610):   driver:     v1.0.1
12-03 22:32:17.433: D/EventHub(1610): No input device configuration file found for device 'qpnp_pon'.
12-03 22:32:17.433: W/EventHub(1610): Unable to disable kernel key repeat for /dev/input/event0: Function not implemented
12-03 22:32:17.433: I/EventHub(1610): New device: id=5, fd=74, path='/dev/input/event0', name='qpnp_pon', classes=0x1, configuration='', keyLayout='/system/usr/keylayout/qpnp_pon.kl', keyCharacterMap='/system/usr/keychars/qpnp_pon.kcm', builtinKeyboard=false, usingSuspendBlockIoctl=true, usingClockIoctl=true
12-03 22:32:17.433: V/EventHub(1610): Opening device: /dev/input/event2
12-03 22:32:17.433: V/EventHub(1610): Created descriptor: raw=:0001:0001:, cooked=485d69228e24f5e46da1598745890b214130dbc4
12-03 22:32:17.433: V/EventHub(1610): add device 6: /dev/input/event2
12-03 22:32:17.433: V/EventHub(1610):   bus:        0019
12-03 22:32:17.433: V/EventHub(1610):   vendor      0001
12-03 22:32:17.433: V/EventHub(1610):   product     0001
12-03 22:32:17.433: V/EventHub(1610):   version     0100
12-03 22:32:17.433: V/EventHub(1610):   name:       "gpio-keys"
12-03 22:32:17.433: V/EventHub(1610):   location:   "gpio-keys/input0"
12-03 22:32:17.433: V/EventHub(1610):   unique id:  ""
12-03 22:32:17.433: V/EventHub(1610):   descriptor: "485d69228e24f5e46da1598745890b214130dbc4"
12-03 22:32:17.433: V/EventHub(1610):   driver:     v1.0.1
12-03 22:32:17.433: D/EventHub(1610): No input device configuration file found for device 'gpio-keys'.
12-03 22:32:17.433: W/EventHub(1610): Unable to disable kernel key repeat for /dev/input/event2: Function not implemented
12-03 22:32:17.433: I/EventHub(1610): New device: id=6, fd=75, path='/dev/input/event2', name='gpio-keys', classes=0x81, configuration='', keyLayout='/system/usr/keylayout/gpio-keys.kl', keyCharacterMap='/system/usr/keychars/gpio-keys.kcm', builtinKeyboard=false, usingSuspendBlockIoctl=true, usingClockIoctl=true
12-03 22:32:17.433: V/EventHub(1610): Created descriptor: raw=:0000:0000:uniqueId:<virtual>name:Virtual, cooked=a718a782d34bc767f4689c232d64d527998ea7fd
12-03 22:32:17.443: V/EventHub(1610): Reporting device opened: id=-1, name=<virtual>
12-03 22:32:17.443: V/EventHub(1610): Reporting device opened: id=6, name=/dev/input/event2
12-03 22:32:17.443: V/EventHub(1610): Reporting device opened: id=5, name=/dev/input/event0
12-03 22:32:17.443: V/EventHub(1610): Reporting device opened: id=4, name=/dev/input/event1
12-03 22:32:17.443: V/EventHub(1610): Reporting device opened: id=3, name=/dev/input/event3
12-03 22:32:17.443: V/EventHub(1610): Reporting device opened: id=2, name=/dev/input/event4
12-03 22:32:17.443: V/EventHub(1610): Reporting device opened: id=1, name=/dev/input/event5
12-03 22:32:17.443: I/InputReader(1610): Device added: id=-1, name='Virtual', sources=0x00000301
12-03 22:32:17.443: I/InputReader(1610): Device added: id=6, name='gpio-keys', sources=0x80000101
12-03 22:32:17.443: I/InputReader(1610): Device added: id=5, name='qpnp_pon', sources=0x00000101
12-03 22:32:17.443: I/InputReader(1610): Device reconfigured: id=4, name='touch_dev', size 1080x1920, orientation 0, mode 1, display id 0
12-03 22:32:17.443: I/InputReader(1610): Device added: id=4, name='touch_dev', sources=0x00001002
12-03 22:32:17.443: I/InputReader(1610): Device added: id=3, name='hs_detect', sources=0x80000101
12-03 22:32:17.443: I/InputReader(1610): Device added: id=2, name='msm8974-taiko-mtp-snd-card Button Jack', sources=0x00000101
12-03 22:32:17.443: I/InputReader(1610): Device added: id=1, name='msm8974-taiko-mtp-snd-card Headset Jack', sources=0x80000000
12-03 22:32:17.513: I/HWComposer(1610): Creating new instance
12-03 22:32:17.513: I/qdhwcomposer(1610): hwc_registerProcs
12-03 22:32:17.523: I/qdhwcomposer(1610): Initializing UEVENT Thread
12-03 22:32:17.523: I/qdhwcomposer(1610): Initializing VSYNC Thread
12-03 22:32:17.523: I/qdhwcomposer(1610): vsync_loop: Reading vsync for dpy=0 from /sys/class/graphics/fb0/vsync_event
12-03 22:32:17.523: I/qdhwcomposer(1610): vsync_loop: Reading vsync for dpy=1 from /sys/class/graphics/fb1/vsync_event
12-03 22:32:17.523: I/Gecko(1610): ++DOCSHELL 0xadfc3000 == 1 [pid = 1610] [id = 1]
12-03 22:32:17.533: I/Gecko(1610): ++DOMWINDOW == 1 (0xadfc3400) [pid = 1610] [serial = 1] [outer = 0x0]
12-03 22:32:17.533: I/Gecko(1610): ++DOMWINDOW == 2 (0xadfc4000) [pid = 1610] [serial = 2] [outer = 0xadfc3400]
12-03 22:32:18.153: I/Gecko(1610): [1610] WARNING: NS_ENSURE_SUCCESS(rv, rv) failed with result 0x80520012: file /home/fischer/Projects/gecko-dev/extensions/cookie/nsPermissionManager.cpp, line 2609
12-03 22:32:18.323: I/GeckoDump(1610): Error getting tracking ID [Exception... "Component returned failure code: 0x8000ffff (NS_ERROR_UNEXPECTED) [nsIPrefBranch.getIntPref]"  nsresult: "0x8000ffff (NS_ERROR_UNEXPECTED)"  location: "JS frame :: chrome://b2g/content/settings.js :: setUpdateTrackingId :: line 294"  data: no]
12-03 22:32:19.103: I/Gecko(1610): AlarmService: init()
12-03 22:32:19.103: I/Gecko(1610): AlarmService: _restoreAlarmsFromDb()
12-03 22:32:19.293: W/GeckoConsole(1610): [JavaScript Warning: "Empty string passed to getElementById()." {file: "chrome://b2g/content/shell.html" line: 0}]
12-03 22:32:20.053: I/Gecko(1610): -*-*- Webapps.jsm : init
12-03 22:32:20.063: I/Gecko(1610): -*-*- Webapps.jsm : loadAndUpdateApps
12-03 22:32:20.323: I/Gecko(1610): [1610] WARNING: NS_ENSURE_TRUE(startupCache) failed: file /home/fischer/Projects/gecko-dev/dom/xbl/nsXBLDocumentInfo.cpp, line 199
12-03 22:32:20.323: I/Gecko(1610): [1610] WARNING: NS_ENSURE_TRUE(startupCache) failed: file /home/fischer/Projects/gecko-dev/dom/xbl/nsXBLDocumentInfo.cpp, line 267
12-03 22:32:20.373: I/Gecko(1610): [Parent 1610] WARNING: Unable to printf the requested string due to error.: file /home/fischer/Projects/gecko-dev/ipc/chromium/src/base/string_util.cc, line 427
12-03 22:32:20.373: I/Gecko(1610): [Parent 1610] WARNING: Unable to printf the requested string due to error.: file /home/fischer/Projects/gecko-dev/ipc/chromium/src/base/string_util.cc, line 427
12-03 22:32:20.373: I/Gecko(1610): [Parent 1610] WARNING: Unable to printf the requested string due to error.: file /home/fischer/Projects/gecko-dev/ipc/chromium/src/base/string_util.cc, line 427
12-03 22:32:20.373: I/Gecko(1610): [Parent 1610] WARNING: Unable to printf the requested string due to error.: file /home/fischer/Projects/gecko-dev/ipc/chromium/src/base/string_util.cc, line 427
12-03 22:32:20.583: I/Gecko(1610): -*-*- Webapps.jsm : runUpdate || !loadAppPermission
12-03 22:32:20.653: I/Gecko(1629): [Child 1629] WARNING: '!compMgr', file /home/fischer/Projects/gecko-dev/xpcom/glue/nsComponentManagerUtils.cpp, line 63
12-03 22:32:20.653: I/Gecko(1629): [Child 1629] WARNING: NS_ENSURE_TRUE(InitStaticMembers()) failed: file /home/fischer/Projects/gecko-dev/modules/libpref/Preferences.cpp, line 1355
12-03 22:32:21.453: I/Gecko(1610): -*-*- Webapps.jsm : updateOfflineCacheForApp and appId = bluetooth.gaiamobile.org
12-03 22:32:21.453: I/Gecko(1610): -*-*- Webapps.jsm : updateOfflineCacheForApp and app.manifestURL = app://bluetooth.gaiamobile.org/manifest.webapp
12-03 22:32:21.453: I/Gecko(1610): -*-*- Webapps.jsm : _readManifests of bluetooth.gaiamobile.org
12-03 22:32:21.463: I/Gecko(1610): -*-*- Webapps.jsm : Find no manifestCache of bluetooth.gaiamobile.org. The manifest file used to be named manifest.json, so fallback on /system/b2g/webapps/bluetooth.gaiamobile.org
12-03 22:32:21.463: I/Gecko(1610): -*-*- Webapps.jsm : _readManifests of bluetooth.gaiamobile.org
12-03 22:32:21.463: I/Gecko(1610): -*-*- Webapps.jsm : Find no manifestCache of bluetooth.gaiamobile.org. The manifest file used to be named manifest.json, so fallback on /system/b2g/webapps/bluetooth.gaiamobile.org
12-03 22:32:21.503: I/Gecko(1610): -*-*- Webapps.jsm : updateOfflineCacheForApp and appId = bookmark.gaiamobile.org
12-03 22:32:21.503: I/Gecko(1610): -*-*- Webapps.jsm : updateOfflineCacheForApp and app.manifestURL = app://bookmark.gaiamobile.org/manifest.webapp
12-03 22:32:21.503: I/Gecko(1610): -*-*- Webapps.jsm : _readManifests of bookmark.gaiamobile.org
12-03 22:32:21.513: I/Gecko(1610): -*-*- Webapps.jsm : Find no manifestCache of bookmark.gaiamobile.org. The manifest file used to be named manifest.json, so fallback on /system/b2g/webapps/bookmark.gaiamobile.org
12-03 22:32:21.513: I/Gecko(1610): -*-*- Webapps.jsm : _readManifests of bookmark.gaiamobile.org
12-03 22:32:21.513: I/Gecko(1610): -*-*- Webapps.jsm : Find no manifestCache of bookmark.gaiamobile.org. The manifest file used to be named manifest.json, so fallback on /system/b2g/webapps/bookmark.gaiamobile.org
12-03 22:32:21.523: I/Gecko(1610): -*-*- Webapps.jsm : updateOfflineCacheForApp and appId = calendar.gaiamobile.org
12-03 22:32:21.523: I/Gecko(1610): -*-*- Webapps.jsm : updateOfflineCacheForApp and app.manifestURL = app://calendar.gaiamobile.org/manifest.webapp
12-03 22:32:21.523: I/Gecko(1610): -*-*- Webapps.jsm : _readManifests of calendar.gaiamobile.org
12-03 22:32:21.533: I/Gecko(1610): -*-*- Webapps.jsm : Find no manifestCache of calendar.gaiamobile.org. The manifest file used to be named manifest.json, so fallback on /system/b2g/webapps/calendar.gaiamobile.org
12-03 22:32:21.533: I/Gecko(1610): -*-*- Webapps.jsm : _readManifests of calendar.gaiamobile.org
12-03 22:32:21.543: I/Gecko(1610): -*-*- Webapps.jsm : Find no manifestCache of calendar.gaiamobile.org. The manifest file used to be named manifest.json, so fallback on /system/b2g/webapps/calendar.gaiamobile.org
12-03 22:32:21.553: I/Gecko(1610): -*-*- Webapps.jsm : updateOfflineCacheForApp and appId = callscreen.gaiamobile.org
12-03 22:32:21.553: I/Gecko(1610): -*-*- Webapps.jsm : updateOfflineCacheForApp and app.manifestURL = app://callscreen.gaiamobile.org/manifest.webapp
12-03 22:32:21.553: I/Gecko(1610): -*-*- Webapps.jsm : _readManifests of callscreen.gaiamobile.org
12-03 22:32:21.553: I/Gecko(1610): -*-*- Webapps.jsm : Find no manifestCache of callscreen.gaiamobile.org. The manifest file used to be named manifest.json, so fallback on /system/b2g/webapps/callscreen.gaiamobile.org
12-03 22:32:21.553: I/Gecko(1610): -*-*- Webapps.jsm : _readManifests of callscreen.gaiamobile.org
12-03 22:32:21.563: I/Gecko(1610): -*-*- Webapps.jsm : Find no manifestCache of callscreen.gaiamobile.org. The manifest file used to be named manifest.json, so fallback on /system/b2g/webapps/callscreen.gaiamobile.org
12-03 22:32:21.573: I/Gecko(1610): -*-*- Webapps.jsm : updateOfflineCacheForApp and appId = camera.gaiamobile.org
12-03 22:32:21.573: I/Gecko(1610): -*-*- Webapps.jsm : updateOfflineCacheForApp and app.manifestURL = app://camera.gaiamobile.org/manifest.webapp
12-03 22:32:21.573: I/Gecko(1610): -*-*- Webapps.jsm : _readManifests of camera.gaiamobile.org
12-03 22:32:21.573: I/Gecko(1610): -*-*- Webapps.jsm : Find no manifestCache of camera.gaiamobile.org. The manifest file used to be named manifest.json, so fallback on /system/b2g/webapps/camera.gaiamobile.org
12-03 22:32:21.573: I/Gecko(1610): -*-*- Webapps.jsm : _readManifests of camera.gaiamobile.org
12-03 22:32:21.573: I/Gecko(1610): -*-*- Webapps.jsm : Find no manifestCache of camera.gaiamobile.org. The manifest file used to be named manifest.json, so fallback on /system/b2g/webapps/camera.gaiamobile.org
12-03 22:32:21.583: I/Gecko(1610): -*-*- Webapps.jsm : updateOfflineCacheForApp and appId = clock.gaiamobile.org
12-03 22:32:21.583: I/Gecko(1610): -*-*- Webapps.jsm : updateOfflineCacheForApp and app.manifestURL = app://clock.gaiamobile.org/manifest.webapp
12-03 22:32:21.583: I/Gecko(1610): -*-*- Webapps.jsm : _readManifests of clock.gaiamobile.org
12-03 22:32:21.583: I/Gecko(1610): -*-*- Webapps.jsm : Find no manifestCache of clock.gaiamobile.org. The manifest file used to be named manifest.json, so fallback on /system/b2g/webapps/clock.gaiamobile.org
12-03 22:32:21.593: I/Gecko(1610): -*-*- Webapps.jsm : _readManifests of clock.gaiamobile.org
12-03 22:32:21.593: I/Gecko(1610): -*-*- Webapps.jsm : Find no manifestCache of clock.gaiamobile.org. The manifest file used to be named manifest.json, so fallback on /system/b2g/webapps/clock.gaiamobile.org
12-03 22:32:21.603: I/Gecko(1610): -*-*- Webapps.jsm : updateOfflineCacheForApp and appId = communications.gaiamobile.org
12-03 22:32:21.603: I/Gecko(1610): -*-*- Webapps.jsm : updateOfflineCacheForApp and app.manifestURL = app://communications.gaiamobile.org/manifest.webapp
12-03 22:32:21.603: I/Gecko(1610): -*-*- Webapps.jsm : _readManifests of communications.gaiamobile.org
12-03 22:32:21.603: I/Gecko(1610): -*-*- Webapps.jsm : Find no manifestCache of communications.gaiamobile.org. The manifest file used to be named manifest.json, so fallback on /system/b2g/webapps/communications.gaiamobile.org
12-03 22:32:21.623: I/Gecko(1610): -*-*- Webapps.jsm : _readManifests of communications.gaiamobile.org
12-03 22:32:21.623: I/Gecko(1610): -*-*- Webapps.jsm : Find no manifestCache of communications.gaiamobile.org. The manifest file used to be named manifest.json, so fallback on /system/b2g/webapps/communications.gaiamobile.org
12-03 22:32:21.623: I/Gecko(1610): -*-*- Webapps.jsm : updateOfflineCacheForApp and appId = costcontrol.gaiamobile.org
12-03 22:32:21.623: I/Gecko(1610): -*-*- Webapps.jsm : updateOfflineCacheForApp and app.manifestURL = app://costcontrol.gaiamobile.org/manifest.webapp
12-03 22:32:21.623: I/Gecko(1610): -*-*- Webapps.jsm : _readManifests of costcontrol.gaiamobile.org
12-03 22:32:21.633: I/Gecko(1610): -*-*- Webapps.jsm : Find no manifestCache of costcontrol.gaiamobile.org. The manifest file used to be named manifest.json, so fallback on /system/b2g/webapps/costcontrol.gaiamobile.org
12-03 22:32:21.633: I/Gecko(1610): -*-*- Webapps.jsm : _readManifests of costcontrol.gaiamobile.org
12-03 22:32:21.633: I/Gecko(1610): -*-*- Webapps.jsm : Find no manifestCache of costcontrol.gaiamobile.org. The manifest file used to be named manifest.json, so fallback on /system/b2g/webapps/costcontrol.gaiamobile.org
12-03 22:32:21.643: I/Gecko(1610): -*-*- Webapps.jsm : updateOfflineCacheForApp and appId = default_theme.gaiamobile.org
12-03 22:32:21.643: I/Gecko(1610): -*-*- Webapps.jsm : updateOfflineCacheForApp and app.manifestURL = app://default_theme.gaiamobile.org/manifest.webapp
12-03 22:32:21.643: I/Gecko(1610): -*-*- Webapps.jsm : _readManifests of default_theme.gaiamobile.org
12-03 22:32:21.643: I/Gecko(1610): -*-*- Webapps.jsm : Find no manifestCache of default_theme.gaiamobile.org. The manifest file used to be named manifest.json, so fallback on /system/b2g/webapps/default_theme.gaiamobile.org
12-03 22:32:21.643: I/Gecko(1610): -*-*- Webapps.jsm : _readManifests of default_theme.gaiamobile.org
12-03 22:32:21.653: I/Gecko(1610): -*-*- Webapps.jsm : Find no manifestCache of default_theme.gaiamobile.org. The manifest file used to be named manifest.json, so fallback on /system/b2g/webapps/default_theme.gaiamobile.org
12-03 22:32:21.653: I/Gecko(1610): -*-*- Webapps.jsm : updateOfflineCacheForApp and appId = download.gaiamobile.org
12-03 22:32:21.653: I/Gecko(1610): -*-*- Webapps.jsm : updateOfflineCacheForApp and app.manifestURL = app://download.gaiamobile.org/manifest.webapp
12-03 22:32:21.653: I/Gecko(1610): -*-*- Webapps.jsm : _readManifests of download.gaiamobile.org
12-03 22:32:21.653: I/Gecko(1610): -*-*- Webapps.jsm : Find no manifestCache of download.gaiamobile.org. The manifest file used to be named manifest.json, so fallback on /system/b2g/webapps/download.gaiamobile.org
12-03 22:32:21.663: I/Gecko(1610): -*-*- Webapps.jsm : _readManifests of download.gaiamobile.org
12-03 22:32:21.663: I/Gecko(1610): -*-*- Webapps.jsm : Find no manifestCache of download.gaiamobile.org. The manifest file used to be named manifest.json, so fallback on /system/b2g/webapps/download.gaiamobile.org
12-03 22:32:21.673: I/Gecko(1610): -*-*- Webapps.jsm : updateOfflineCacheForApp and appId = email.gaiamobile.org
12-03 22:32:21.673: I/Gecko(1610): -*-*- Webapps.jsm : updateOfflineCacheForApp and app.manifestURL = app://email.gaiamobile.org/manifest.webapp
12-03 22:32:21.673: I/Gecko(1610): -*-*- Webapps.jsm : _readManifests of email.gaiamobile.org
12-03 22:32:21.673: I/Gecko(1610): -*-*- Webapps.jsm : Find no manifestCache of email.gaiamobile.org. The manifest file used to be named manifest.json, so fallback on /system/b2g/webapps/email.gaiamobile.org
12-03 22:32:21.673: I/Gecko(1610): -*-*- Webapps.jsm : _readManifests of email.gaiamobile.org
12-03 22:32:21.673: I/Gecko(1610): -*-*- Webapps.jsm : Find no manifestCache of email.gaiamobile.org. The manifest file used to be named manifest.json, so fallback on /system/b2g/webapps/email.gaiamobile.org
12-03 22:32:21.693: I/Gecko(1610): -*-*- Webapps.jsm : updateOfflineCacheForApp and appId = emergency-call.gaiamobile.org
12-03 22:32:21.693: I/Gecko(1610): -*-*- Webapps.jsm : updateOfflineCacheForApp and app.manifestURL = app://emergency-call.gaiamobile.org/manifest.webapp
12-03 22:32:21.693: I/Gecko(1610): -*-*- Webapps.jsm : _readManifests of emergency-call.gaiamobile.org
12-03 22:32:21.693: I/Gecko(1610): -*-*- Webapps.jsm : Find no manifestCache of emergency-call.gaiamobile.org. The manifest file used to be named manifest.json, so fallback on /system/b2g/webapps/emergency-call.gaiamobile.org
12-03 22:32:21.693: I/Gecko(1610): -*-*- Webapps.jsm : _readManifests of emergency-call.gaiamobile.org
12-03 22:32:21.703: I/Gecko(1610): -*-*- Webapps.jsm : Find no manifestCache of emergency-call.gaiamobile.org. The manifest file used to be named manifest.json, so fallback on /system/b2g/webapps/emergency-call.gaiamobile.org
12-03 22:32:21.703: I/Gecko(1610): -*-*- Webapps.jsm : updateOfflineCacheForApp and appId = findmydevice.gaiamobile.org
12-03 22:32:21.703: I/Gecko(1610): -*-*- Webapps.jsm : updateOfflineCacheForApp and app.manifestURL = app://findmydevice.gaiamobile.org/manifest.webapp
12-03 22:32:21.703: I/Gecko(1610): -*-*- Webapps.jsm : _readManifests of findmydevice.gaiamobile.org
12-03 22:32:21.703: I/Gecko(1610): -*-*- Webapps.jsm : Find no manifestCache of findmydevice.gaiamobile.org. The manifest file used to be named manifest.json, so fallback on /system/b2g/webapps/findmydevice.gaiamobile.org
12-03 22:32:21.713: I/Gecko(1610): -*-*- Webapps.jsm : _readManifests of findmydevice.gaiamobile.org
12-03 22:32:21.713: I/Gecko(1610): -*-*- Webapps.jsm : Find no manifestCache of findmydevice.gaiamobile.org. The manifest file used to be named manifest.json, so fallback on /system/b2g/webapps/findmydevice.gaiamobile.org
12-03 22:32:21.713: I/Gecko(1610): -*-*- Webapps.jsm : updateOfflineCacheForApp and appId = fl.gaiamobile.org
12-03 22:32:21.723: I/Gecko(1610): -*-*- Webapps.jsm : updateOfflineCacheForApp and app.manifestURL = app://fl.gaiamobile.org/manifest.webapp
12-03 22:32:21.723: I/Gecko(1610): -*-*- Webapps.jsm : _readManifests of fl.gaiamobile.org
12-03 22:32:21.723: I/Gecko(1610): -*-*- Webapps.jsm : Find no manifestCache of fl.gaiamobile.org. The manifest file used to be named manifest.json, so fallback on /system/b2g/webapps/fl.gaiamobile.org
12-03 22:32:21.723: I/Gecko(1610): -*-*- Webapps.jsm : _readManifests of fl.gaiamobile.org
12-03 22:32:21.723: I/Gecko(1610): -*-*- Webapps.jsm : Find no manifestCache of fl.gaiamobile.org. The manifest file used to be named manifest.json, so fallback on /system/b2g/webapps/fl.gaiamobile.org
12-03 22:32:21.733: I/Gecko(1610): -*-*- Webapps.jsm : updateOfflineCacheForApp and appId = fm.gaiamobile.org
12-03 22:32:21.733: I/Gecko(1610): -*-*- Webapps.jsm : updateOfflineCacheForApp and app.manifestURL = app://fm.gaiamobile.org/manifest.webapp
12-03 22:32:21.733: I/Gecko(1610): -*-*- Webapps.jsm : _readManifests of fm.gaiamobile.org
12-03 22:32:21.733: I/Gecko(1610): -*-*- Webapps.jsm : Find no manifestCache of fm.gaiamobile.org. The manifest file used to be named manifest.json, so fallback on /system/b2g/webapps/fm.gaiamobile.org
12-03 22:32:21.733: I/Gecko(1610): -*-*- Webapps.jsm : _readManifests of fm.gaiamobile.org
12-03 22:32:21.743: I/Gecko(1610): -*-*- Webapps.jsm : Find no manifestCache of fm.gaiamobile.org. The manifest file used to be named manifest.json, so fallback on /system/b2g/webapps/fm.gaiamobile.org
12-03 22:32:21.743: I/Gecko(1610): -*-*- Webapps.jsm : updateOfflineCacheForApp and appId = ftu.gaiamobile.org
12-03 22:32:21.743: I/Gecko(1610): -*-*- Webapps.jsm : updateOfflineCacheForApp and app.manifestURL = app://ftu.gaiamobile.org/manifest.webapp
12-03 22:32:21.743: I/Gecko(1610): -*-*- Webapps.jsm : _readManifests of ftu.gaiamobile.org
12-03 22:32:21.743: I/Gecko(1610): -*-*- Webapps.jsm : Find no manifestCache of ftu.gaiamobile.org. The manifest file used to be named manifest.json, so fallback on /system/b2g/webapps/ftu.gaiamobile.org
12-03 22:32:21.753: I/Gecko(1610): -*-*- Webapps.jsm : _readManifests of ftu.gaiamobile.org
12-03 22:32:21.753: I/Gecko(1610): -*-*- Webapps.jsm : Find no manifestCache of ftu.gaiamobile.org. The manifest file used to be named manifest.json, so fallback on /system/b2g/webapps/ftu.gaiamobile.org
12-03 22:32:21.753: I/Gecko(1610): -*-*- Webapps.jsm : updateOfflineCacheForApp and appId = gallery.gaiamobile.org
12-03 22:32:21.753: I/Gecko(1610): -*-*- Webapps.jsm : updateOfflineCacheForApp and app.manifestURL = app://gallery.gaiamobile.org/manifest.webapp
12-03 22:32:21.753: I/Gecko(1610): -*-*- Webapps.jsm : _readManifests of gallery.gaiamobile.org
12-03 22:32:21.763: I/Gecko(1610): -*-*- Webapps.jsm : Find no manifestCache of gallery.gaiamobile.org. The manifest file used to be named manifest.json, so fallback on /system/b2g/webapps/gallery.gaiamobile.org
12-03 22:32:21.763: I/Gecko(1610): -*-*- Webapps.jsm : _readManifests of gallery.gaiamobile.org
12-03 22:32:21.763: I/Gecko(1610): -*-*- Webapps.jsm : Find no manifestCache of gallery.gaiamobile.org. The manifest file used to be named manifest.json, so fallback on /system/b2g/webapps/gallery.gaiamobile.org
12-03 22:32:21.773: I/Gecko(1610): -*-*- Webapps.jsm : updateOfflineCacheForApp and appId = homescreen.gaiamobile.org
12-03 22:32:21.773: I/Gecko(1610): -*-*- Webapps.jsm : updateOfflineCacheForApp and app.manifestURL = app://homescreen.gaiamobile.org/manifest.webapp
12-03 22:32:21.773: I/Gecko(1610): -*-*- Webapps.jsm : _readManifests of homescreen.gaiamobile.org
12-03 22:32:21.773: I/Gecko(1610): -*-*- Webapps.jsm : Find no manifestCache of homescreen.gaiamobile.org. The manifest file used to be named manifest.json, so fallback on /system/b2g/webapps/homescreen.gaiamobile.org
12-03 22:32:21.773: I/Gecko(1610): -*-*- Webapps.jsm : _readManifests of homescreen.gaiamobile.org
12-03 22:32:21.773: I/Gecko(1610): -*-*- Webapps.jsm : Find no manifestCache of homescreen.gaiamobile.org. The manifest file used to be named manifest.json, so fallback on /system/b2g/webapps/homescreen.gaiamobile.org
12-03 22:32:21.783: I/Gecko(1610): -*-*- Webapps.jsm : updateOfflineCacheForApp and appId = keyboard.gaiamobile.org
12-03 22:32:21.783: I/Gecko(1610): -*-*- Webapps.jsm : updateOfflineCacheForApp and app.manifestURL = app://keyboard.gaiamobile.org/manifest.webapp
12-03 22:32:21.783: I/Gecko(1610): -*-*- Webapps.jsm : _readManifests of keyboard.gaiamobile.org
12-03 22:32:21.783: I/Gecko(1610): -*-*- Webapps.jsm : Find no manifestCache of keyboard.gaiamobile.org. The manifest file used to be named manifest.json, so fallback on /system/b2g/webapps/keyboard.gaiamobile.org
12-03 22:32:21.793: I/Gecko(1610): -*-*- Webapps.jsm : _readManifests of keyboard.gaiamobile.org
12-03 22:32:21.793: I/Gecko(1610): -*-*- Webapps.jsm : Find no manifestCache of keyboard.gaiamobile.org. The manifest file used to be named manifest.json, so fallback on /system/b2g/webapps/keyboard.gaiamobile.org
