12-03 22:43:39.023: E/qdhwcomposer(3446): Unknown display attribute 0
12-03 22:43:39.023: I/PowerHAL(3446): power_init
12-03 22:43:39.023: D/qdhwcomposer(3446): hwc_blank: Unblanking display: 0
12-03 22:43:39.023: D/qdhwcomposer(3446): hwc_blank: Done unblanking display: 0
12-03 22:43:39.023: W/Gonk(3446): Could not open boot animation
12-03 22:43:39.023: W/Gonk(3446): Show solid color frame for bootAnim
12-03 22:43:39.043: I/GeckoConsole(3446): Failed to load native module at path '/system/b2g/components/libtest656331.so': (80004005) dlopen failed: library "/system/b2g/components/libtest656331.so" not found
12-03 22:43:39.043: I/GeckoConsole(3446): Failed to load native module at path '/system/b2g/components/libtestcompnoaslr.so': (80004005) dlopen failed: library "/system/b2g/components/libtestcompnoaslr.so" not found
12-03 22:43:39.043: I/GeckoConsole(3446): Failed to load native module at path '/system/b2g/components/libtestcomponent.so': (80004005) dlopen failed: library "/system/b2g/components/libtestcomponent.so" not found
12-03 22:43:39.073: D/qdutils(3446): DEBUG_CALC_FPS: 0
12-03 22:43:39.073: D/qdutils(3446): period: 10
12-03 22:43:39.073: D/qdutils(3446): ignorethresh_us: 500000
12-03 22:43:39.373: I/Gecko(3446): [3446] WARNING: NS_ENSURE_TRUE(lowMemFd != -1) failed: file ../../../../gecko-dev/widget/gonk/GonkMemoryPressureMonitoring.cpp, line 130
12-03 22:43:39.673: I/Gecko(3446): [3446] WARNING: Failed to create Addons Manager.: file /home/fischer/Projects/gecko-dev/toolkit/xre/nsXREDirProvider.cpp, line 883
12-03 22:43:40.533: I/VolumeManager(3446): changing state from 'Uninitialized' to 'Starting'
12-03 22:43:40.533: I/VolumeManager(3446): Connected to vold
12-03 22:43:40.533: I/VolumeManager(3446): Volume sdcard (1): changing state from Init to Mounted @ '/mnt/shell/emulated/0' (1 observers) mountGeneration = 1, locked = 0
12-03 22:43:40.533: I/VolumeManager(3446): READY: Volume: sdcard (1) is Mounted and inserted @ /mnt/shell/emulated/0 gen 1 locked 0
12-03 22:43:40.533: I/VolumeManager(3446): READY:   Sharing x Mounting n Formating n Unmounting n
12-03 22:43:40.533: I/VolumeManager(3446): changing state from 'Starting' to 'Volumes Ready'
12-03 22:43:40.543: I/AutoMounter(3446): UpdateState: ums:A0C0E0 mtp:A1C0E0 mode:0 usb:1 tryToShare:0 state:IDLE
12-03 22:43:40.543: I/AutoMounter(3446): UpdateState: Volume sdcard is Mounted and inserted @ /mnt/shell/emulated/0 gen 1 locked 0 sharing x
12-03 22:43:40.583: W/AudioFlinger(1613): Thread AudioOut_2 cannot connect to the power manager service
12-03 22:43:40.583: W/AudioFlinger(1613): Thread AudioOut_3 cannot connect to the power manager service
12-03 22:43:40.583: W/AudioFlinger(1613): Thread AudioOut_2 cannot connect to the power manager service
12-03 22:43:40.583: E/AudioFlinger(1613): no wake lock to update!
12-03 22:43:40.583: W/AudioFlinger(1613): Thread AudioOut_3 cannot connect to the power manager service
12-03 22:43:40.583: E/AudioFlinger(1613): no wake lock to update!
12-03 22:43:40.643: I/Gecko(3446): MobileConnectionService: init complete
12-03 22:43:40.823: I/Gecko(3446): 1449200620828  Marionette  INFO  Marionette enabled via build flag and pref
12-03 22:43:42.563: I/Gecko(3446): 1449200622574  Marionette  INFO  Listening on port 2828
12-03 22:43:42.723: V/EventHub(3446): Opening device: /dev/input/event5
12-03 22:43:42.723: V/EventHub(3446): Created descriptor: raw=:0000:0000:name:msm8974-taiko-mtp-snd-card Headset Jack, cooked=c8e3782483b4837ead6602e20483c46ff801112c
12-03 22:43:42.723: V/EventHub(3446): add device 1: /dev/input/event5
12-03 22:43:42.723: V/EventHub(3446):   bus:        0000
12-03 22:43:42.723: V/EventHub(3446):   vendor      0000
12-03 22:43:42.723: V/EventHub(3446):   product     0000
12-03 22:43:42.723: V/EventHub(3446):   version     0000
12-03 22:43:42.723: V/EventHub(3446):   name:       "msm8974-taiko-mtp-snd-card Headset Jack"
12-03 22:43:42.723: V/EventHub(3446):   location:   "ALSA"
12-03 22:43:42.723: V/EventHub(3446):   unique id:  ""
12-03 22:43:42.723: V/EventHub(3446):   descriptor: "c8e3782483b4837ead6602e20483c46ff801112c"
12-03 22:43:42.723: V/EventHub(3446):   driver:     v1.0.1
12-03 22:43:42.723: D/EventHub(3446): No input device configuration file found for device 'msm8974-taiko-mtp-snd-card Headset Jack'.
12-03 22:43:42.723: I/EventHub(3446): New device: id=1, fd=63, path='/dev/input/event5', name='msm8974-taiko-mtp-snd-card Headset Jack', classes=0x80, configuration='', keyLayout='', keyCharacterMap='', builtinKeyboard=false, usingSuspendBlockIoctl=true, usingClockIoctl=true
12-03 22:43:42.723: V/EventHub(3446): Opening device: /dev/input/event4
12-03 22:43:42.723: V/EventHub(3446): Created descriptor: raw=:0000:0000:name:msm8974-taiko-mtp-snd-card Button Jack, cooked=96fe62b244c555351ec576b282232e787fb42bab
12-03 22:43:42.723: V/EventHub(3446): add device 2: /dev/input/event4
12-03 22:43:42.723: V/EventHub(3446):   bus:        0000
12-03 22:43:42.723: V/EventHub(3446):   vendor      0000
12-03 22:43:42.723: V/EventHub(3446):   product     0000
12-03 22:43:42.723: V/EventHub(3446):   version     0000
12-03 22:43:42.723: V/EventHub(3446):   name:       "msm8974-taiko-mtp-snd-card Button Jack"
12-03 22:43:42.723: V/EventHub(3446):   location:   "ALSA"
12-03 22:43:42.723: V/EventHub(3446):   unique id:  ""
12-03 22:43:42.723: V/EventHub(3446):   descriptor: "96fe62b244c555351ec576b282232e787fb42bab"
12-03 22:43:42.723: V/EventHub(3446):   driver:     v1.0.1
12-03 22:43:42.723: D/EventHub(3446): No input device configuration file found for device 'msm8974-taiko-mtp-snd-card Button Jack'.
12-03 22:43:42.723: I/libsensor1(3446): sensor1_init_once: Setting log level to 4
12-03 22:43:42.723: W/EventHub(3446): Unable to disable kernel key repeat for /dev/input/event4: Function not implemented
12-03 22:43:42.723: I/EventHub(3446): New device: id=2, fd=61, path='/dev/input/event4', name='msm8974-taiko-mtp-snd-card Button Jack', classes=0x1, configuration='', keyLayout='/system/usr/keylayout/msm8974-taiko-mtp-snd-card_Button_Jack.kl', keyCharacterMap='/system/usr/keychars/msm8974-taiko-mtp-snd-card_Button_Jack.kcm', builtinKeyboard=false, usingSuspendBlockIoctl=true, usingClockIoctl=true
12-03 22:43:42.723: I/qcom_sensors_hal(3446): hal_init: Setting log level to 4
12-03 22:43:42.723: V/EventHub(3446): Opening device: /dev/input/event3
12-03 22:43:42.723: V/EventHub(3446): Created descriptor: raw=:0001:0001:, cooked=485d69228e24f5e46da1598745890b214130dbc4
12-03 22:43:42.723: V/EventHub(3446): add device 3: /dev/input/event3
12-03 22:43:42.723: V/EventHub(3446):   bus:        0000
12-03 22:43:42.723: V/EventHub(3446):   vendor      0001
12-03 22:43:42.723: V/EventHub(3446):   product     0001
12-03 22:43:42.723: V/EventHub(3446):   version     0001
12-03 22:43:42.723: V/EventHub(3446):   name:       "hs_detect"
12-03 22:43:42.723: V/EventHub(3446):   location:   ""
12-03 22:43:42.723: V/EventHub(3446):   unique id:  ""
12-03 22:43:42.723: V/EventHub(3446):   descriptor: "485d69228e24f5e46da1598745890b214130dbc4"
12-03 22:43:42.723: V/EventHub(3446):   driver:     v1.0.1
12-03 22:43:42.723: D/EventHub(3446): No input device configuration file found for device 'hs_detect'.
12-03 22:43:42.733: W/EventHub(3446): Unable to disable kernel key repeat for /dev/input/event3: Function not implemented
12-03 22:43:42.733: I/EventHub(3446): New device: id=3, fd=71, path='/dev/input/event3', name='hs_detect', classes=0x81, configuration='', keyLayout='/system/usr/keylayout/hs_detect.kl', keyCharacterMap='/system/usr/keychars/hs_detect.kcm', builtinKeyboard=false, usingSuspendBlockIoctl=true, usingClockIoctl=true
12-03 22:43:42.733: V/EventHub(3446): Opening device: /dev/input/event1
12-03 22:43:42.733: V/EventHub(3446): Created descriptor: raw=:0000:0000:name:touch_dev, cooked=4e2720e99bd2b59adae8529881343531fff7c98e
12-03 22:43:42.733: V/EventHub(3446): add device 4: /dev/input/event1
12-03 22:43:42.733: V/EventHub(3446):   bus:        0000
12-03 22:43:42.733: V/EventHub(3446):   vendor      0000
12-03 22:43:42.733: V/EventHub(3446):   product     0000
12-03 22:43:42.733: V/EventHub(3446):   version     0000
12-03 22:43:42.733: V/EventHub(3446):   name:       "touch_dev"
12-03 22:43:42.733: V/EventHub(3446):   location:   ""
12-03 22:43:42.733: V/EventHub(3446):   unique id:  ""
12-03 22:43:42.733: V/EventHub(3446):   descriptor: "4e2720e99bd2b59adae8529881343531fff7c98e"
12-03 22:43:42.733: V/EventHub(3446):   driver:     v1.0.1
12-03 22:43:42.733: I/EventHub(3446): New device: id=4, fd=73, path='/dev/input/event1', name='touch_dev', classes=0x14, configuration='/system/usr/idc/touch_dev.idc', keyLayout='', keyCharacterMap='', builtinKeyboard=false, usingSuspendBlockIoctl=true, usingClockIoctl=true
12-03 22:43:42.733: V/EventHub(3446): Opening device: /dev/input/event0
12-03 22:43:42.733: V/EventHub(3446): Created descriptor: raw=:0000:0000:name:qpnp_pon, cooked=fb60d4f4370f5dbe8267b63d38dea852987571ab
12-03 22:43:42.733: V/EventHub(3446): add device 5: /dev/input/event0
12-03 22:43:42.733: V/EventHub(3446):   bus:        0000
12-03 22:43:42.733: V/EventHub(3446):   vendor      0000
12-03 22:43:42.733: V/EventHub(3446):   product     0000
12-03 22:43:42.733: V/EventHub(3446):   version     0000
12-03 22:43:42.733: V/EventHub(3446):   name:       "qpnp_pon"
12-03 22:43:42.733: V/EventHub(3446):   location:   "qpnp_pon/input0"
12-03 22:43:42.733: V/EventHub(3446):   unique id:  ""
12-03 22:43:42.733: V/EventHub(3446):   descriptor: "fb60d4f4370f5dbe8267b63d38dea852987571ab"
12-03 22:43:42.733: V/EventHub(3446):   driver:     v1.0.1
12-03 22:43:42.733: D/EventHub(3446): No input device configuration file found for device 'qpnp_pon'.
12-03 22:43:42.733: W/EventHub(3446): Unable to disable kernel key repeat for /dev/input/event0: Function not implemented
12-03 22:43:42.733: I/EventHub(3446): New device: id=5, fd=74, path='/dev/input/event0', name='qpnp_pon', classes=0x1, configuration='', keyLayout='/system/usr/keylayout/qpnp_pon.kl', keyCharacterMap='/system/usr/keychars/qpnp_pon.kcm', builtinKeyboard=false, usingSuspendBlockIoctl=true, usingClockIoctl=true
12-03 22:43:42.733: V/EventHub(3446): Opening device: /dev/input/event2
12-03 22:43:42.733: V/EventHub(3446): Created descriptor: raw=:0001:0001:, cooked=485d69228e24f5e46da1598745890b214130dbc4
12-03 22:43:42.733: V/EventHub(3446): add device 6: /dev/input/event2
12-03 22:43:42.733: V/EventHub(3446):   bus:        0019
12-03 22:43:42.733: V/EventHub(3446):   vendor      0001
12-03 22:43:42.733: V/EventHub(3446):   product     0001
12-03 22:43:42.733: V/EventHub(3446):   version     0100
12-03 22:43:42.733: V/EventHub(3446):   name:       "gpio-keys"
12-03 22:43:42.733: V/EventHub(3446):   location:   "gpio-keys/input0"
12-03 22:43:42.733: V/EventHub(3446):   unique id:  ""
12-03 22:43:42.733: V/EventHub(3446):   descriptor: "485d69228e24f5e46da1598745890b214130dbc4"
12-03 22:43:42.733: V/EventHub(3446):   driver:     v1.0.1
12-03 22:43:42.733: D/EventHub(3446): No input device configuration file found for device 'gpio-keys'.
12-03 22:43:42.733: W/EventHub(3446): Unable to disable kernel key repeat for /dev/input/event2: Function not implemented
12-03 22:43:42.733: I/EventHub(3446): New device: id=6, fd=75, path='/dev/input/event2', name='gpio-keys', classes=0x81, configuration='', keyLayout='/system/usr/keylayout/gpio-keys.kl', keyCharacterMap='/system/usr/keychars/gpio-keys.kcm', builtinKeyboard=false, usingSuspendBlockIoctl=true, usingClockIoctl=true
12-03 22:43:42.733: V/EventHub(3446): Created descriptor: raw=:0000:0000:uniqueId:<virtual>name:Virtual, cooked=a718a782d34bc767f4689c232d64d527998ea7fd
12-03 22:43:42.743: V/EventHub(3446): Reporting device opened: id=-1, name=<virtual>
12-03 22:43:42.743: V/EventHub(3446): Reporting device opened: id=6, name=/dev/input/event2
12-03 22:43:42.743: V/EventHub(3446): Reporting device opened: id=5, name=/dev/input/event0
12-03 22:43:42.743: V/EventHub(3446): Reporting device opened: id=4, name=/dev/input/event1
12-03 22:43:42.743: V/EventHub(3446): Reporting device opened: id=3, name=/dev/input/event3
12-03 22:43:42.743: V/EventHub(3446): Reporting device opened: id=2, name=/dev/input/event4
12-03 22:43:42.743: V/EventHub(3446): Reporting device opened: id=1, name=/dev/input/event5
12-03 22:43:42.743: I/InputReader(3446): Device added: id=-1, name='Virtual', sources=0x00000301
12-03 22:43:42.743: I/InputReader(3446): Device added: id=6, name='gpio-keys', sources=0x80000101
12-03 22:43:42.743: I/InputReader(3446): Device added: id=5, name='qpnp_pon', sources=0x00000101
12-03 22:43:42.743: I/InputReader(3446): Device reconfigured: id=4, name='touch_dev', size 1080x1920, orientation 0, mode 1, display id 0
12-03 22:43:42.743: I/InputReader(3446): Device added: id=4, name='touch_dev', sources=0x00001002
12-03 22:43:42.743: I/InputReader(3446): Device added: id=3, name='hs_detect', sources=0x80000101
12-03 22:43:42.743: I/InputReader(3446): Device added: id=2, name='msm8974-taiko-mtp-snd-card Button Jack', sources=0x00000101
12-03 22:43:42.743: I/InputReader(3446): Device added: id=1, name='msm8974-taiko-mtp-snd-card Headset Jack', sources=0x80000000
12-03 22:43:42.823: I/HWComposer(3446): Creating new instance
12-03 22:43:42.823: I/qdhwcomposer(3446): hwc_registerProcs
12-03 22:43:42.823: I/qdhwcomposer(3446): Initializing UEVENT Thread
12-03 22:43:42.823: I/qdhwcomposer(3446): Initializing VSYNC Thread
12-03 22:43:42.823: I/qdhwcomposer(3446): vsync_loop: Reading vsync for dpy=0 from /sys/class/graphics/fb0/vsync_event
12-03 22:43:42.823: I/qdhwcomposer(3446): vsync_loop: Reading vsync for dpy=1 from /sys/class/graphics/fb1/vsync_event
12-03 22:43:42.823: I/Gecko(3446): ++DOCSHELL 0xadfc6000 == 1 [pid = 3446] [id = 1]
12-03 22:43:42.833: I/Gecko(3446): ++DOMWINDOW == 1 (0xadfc6400) [pid = 3446] [serial = 1] [outer = 0x0]
12-03 22:43:42.833: I/Gecko(3446): ++DOMWINDOW == 2 (0xadfc7000) [pid = 3446] [serial = 2] [outer = 0xadfc6400]
12-03 22:43:44.423: I/Gecko(3446): AlarmService: init()
12-03 22:43:44.433: I/Gecko(3446): AlarmService: _restoreAlarmsFromDb()
12-03 22:43:44.623: W/GeckoConsole(3446): [JavaScript Warning: "Empty string passed to getElementById()." {file: "chrome://b2g/content/shell.html" line: 0}]
12-03 22:43:45.463: I/Gecko(3446): -*-*- Webapps.jsm : init
12-03 22:43:45.473: I/Gecko(3446): -*-*- Webapps.jsm : loadAndUpdateApps
12-03 22:43:45.733: I/Gecko(3446): [3446] WARNING: NS_ENSURE_TRUE(startupCache) failed: file /home/fischer/Projects/gecko-dev/dom/xbl/nsXBLDocumentInfo.cpp, line 199
12-03 22:43:45.743: I/Gecko(3446): [3446] WARNING: NS_ENSURE_TRUE(startupCache) failed: file /home/fischer/Projects/gecko-dev/dom/xbl/nsXBLDocumentInfo.cpp, line 267
12-03 22:43:45.773: I/Gecko(3446): [Parent 3446] WARNING: Unable to printf the requested string due to error.: file /home/fischer/Projects/gecko-dev/ipc/chromium/src/base/string_util.cc, line 427
12-03 22:43:45.773: I/Gecko(3446): [Parent 3446] WARNING: Unable to printf the requested string due to error.: file /home/fischer/Projects/gecko-dev/ipc/chromium/src/base/string_util.cc, line 427
12-03 22:43:45.773: I/Gecko(3446): [Parent 3446] WARNING: Unable to printf the requested string due to error.: file /home/fischer/Projects/gecko-dev/ipc/chromium/src/base/string_util.cc, line 427
12-03 22:43:45.773: I/Gecko(3446): [Parent 3446] WARNING: Unable to printf the requested string due to error.: file /home/fischer/Projects/gecko-dev/ipc/chromium/src/base/string_util.cc, line 427
12-03 22:43:46.073: I/Gecko(3446): -*-*- Webapps.jsm : _readManifests of bluetooth.gaiamobile.org
12-03 22:43:46.073: I/Gecko(3446): -*-*- Webapps.jsm : Find no manifestCache of bluetooth.gaiamobile.org. The manifest file used to be named manifest.json, so fallback on /system/b2g/webapps/bluetooth.gaiamobile.org
12-03 22:43:46.143: I/Gecko(3458): [Child 3458] WARNING: '!compMgr', file /home/fischer/Projects/gecko-dev/xpcom/glue/nsComponentManagerUtils.cpp, line 63
12-03 22:43:46.143: I/Gecko(3458): [Child 3458] WARNING: NS_ENSURE_TRUE(InitStaticMembers()) failed: file /home/fischer/Projects/gecko-dev/modules/libpref/Preferences.cpp, line 1355
12-03 22:43:46.173: I/Gecko(3446): -*-*- Webapps.jsm : Find fallback manifestCache on manifest.webapp of id = bluetooth.gaiamobile.org
12-03 22:43:46.193: I/Gecko(3446): -*-*- Webapps.jsm : _readManifests of bookmark.gaiamobile.org
12-03 22:43:46.193: I/Gecko(3446): -*-*- Webapps.jsm : Find no manifestCache of bookmark.gaiamobile.org. The manifest file used to be named manifest.json, so fallback on /system/b2g/webapps/bookmark.gaiamobile.org
12-03 22:43:46.203: I/Gecko(3446): ###!!! [Parent][OnMaybeDequeueOne] Error: Channel closing: too late to send/recv, messages will be lost
12-03 22:43:46.213: I/Gecko(3446): -*-*- Webapps.jsm : Find fallback manifestCache on manifest.webapp of id = bookmark.gaiamobile.org
12-03 22:43:46.223: I/Gecko(3446): -*-*- Webapps.jsm : _readManifests of calendar.gaiamobile.org
12-03 22:43:46.223: I/Gecko(3446): -*-*- Webapps.jsm : Find no manifestCache of calendar.gaiamobile.org. The manifest file used to be named manifest.json, so fallback on /system/b2g/webapps/calendar.gaiamobile.org
12-03 22:43:46.233: I/(Nuwa)(3458): Failed to load native module at path '/system/b2g/components/libtest656331.so': (80004005) dlopen failed: library "/system/b2g/components/libtest656331.so" not found
12-03 22:43:46.233: I/(Nuwa)(3458): Failed to load native module at path '/system/b2g/components/libtestcompnoaslr.so': (80004005) dlopen failed: library "/system/b2g/components/libtestcompnoaslr.so" not found
12-03 22:43:46.243: I/(Nuwa)(3458): Failed to load native module at path '/system/b2g/components/libtestcomponent.so': (80004005) dlopen failed: library "/system/b2g/components/libtestcomponent.so" not found
12-03 22:43:46.253: I/Gecko(3446): -*-*- Webapps.jsm : Find fallback manifestCache on manifest.webapp of id = calendar.gaiamobile.org
12-03 22:43:46.263: I/Gecko(3446): -*-*- Webapps.jsm : _readManifests of callscreen.gaiamobile.org
12-03 22:43:46.263: I/Gecko(3446): -*-*- Webapps.jsm : Find no manifestCache of callscreen.gaiamobile.org. The manifest file used to be named manifest.json, so fallback on /system/b2g/webapps/callscreen.gaiamobile.org
12-03 22:43:46.303: I/Gecko(3446): -*-*- Webapps.jsm : Find fallback manifestCache on manifest.webapp of id = callscreen.gaiamobile.org
12-03 22:43:46.303: I/Gecko(3446): -*-*- Webapps.jsm : _readManifests of camera.gaiamobile.org
12-03 22:43:46.313: I/Gecko(3446): -*-*- Webapps.jsm : Find no manifestCache of camera.gaiamobile.org. The manifest file used to be named manifest.json, so fallback on /system/b2g/webapps/camera.gaiamobile.org
12-03 22:43:46.493: I/Gecko(3446): [Parent 3446] WARNING: Bluetooth is already disabled, or the toggling failed.: file ../../../../gecko-dev/dom/bluetooth/common/BluetoothService.cpp, line 506
12-03 22:43:46.493: I/Gecko(3446): [Parent 3446] WARNING: No observer registered for path /B2G/bluetooth/adapter: file ../../../../gecko-dev/dom/bluetooth/common/BluetoothService.cpp, line 397
12-03 22:43:46.503: I/Gecko(3446): -*-*- Webapps.jsm : Find fallback manifestCache on manifest.webapp of id = camera.gaiamobile.org
12-03 22:43:46.513: I/Gecko(3446): -*-*- Webapps.jsm : _readManifests of clock.gaiamobile.org
12-03 22:43:46.513: I/Gecko(3446): -*-*- Webapps.jsm : Find no manifestCache of clock.gaiamobile.org. The manifest file used to be named manifest.json, so fallback on /system/b2g/webapps/clock.gaiamobile.org
12-03 22:43:46.543: I/Gecko(3446): -*-*- Webapps.jsm : Find fallback manifestCache on manifest.webapp of id = clock.gaiamobile.org
12-03 22:43:46.553: I/Gecko(3446): -*-*- Webapps.jsm : _readManifests of communications.gaiamobile.org
12-03 22:43:46.553: I/Gecko(3446): -*-*- Webapps.jsm : Find no manifestCache of communications.gaiamobile.org. The manifest file used to be named manifest.json, so fallback on /system/b2g/webapps/communications.gaiamobile.org
12-03 22:43:46.563: I/Gecko(3446): AlarmService: Callback after getting alarms from database: []
12-03 22:43:46.563: I/Gecko(3446): AlarmService: Current alarm: null
12-03 22:43:46.563: I/Gecko(3446): AlarmService: Alarm queue: []
12-03 22:43:46.583: I/Gecko(3446): -*-*- Webapps.jsm : Find fallback manifestCache on manifest.webapp of id = communications.gaiamobile.org
12-03 22:43:46.603: I/Gecko(3446): -*-*- Webapps.jsm : _readManifests of costcontrol.gaiamobile.org
12-03 22:43:46.613: I/Gecko(3446): -*-*- Webapps.jsm : Find no manifestCache of costcontrol.gaiamobile.org. The manifest file used to be named manifest.json, so fallback on /system/b2g/webapps/costcontrol.gaiamobile.org
12-03 22:43:46.673: I/Gecko(3446): -*-*- Webapps.jsm : Find fallback manifestCache on manifest.webapp of id = costcontrol.gaiamobile.org
12-03 22:43:46.683: I/Gecko(3446): -*-*- Webapps.jsm : _readManifests of default_theme.gaiamobile.org
12-03 22:43:46.683: I/Gecko(3446): -*-*- Webapps.jsm : Find no manifestCache of default_theme.gaiamobile.org. The manifest file used to be named manifest.json, so fallback on /system/b2g/webapps/default_theme.gaiamobile.org
12-03 22:43:46.713: I/Gecko(3446): -*-*- Webapps.jsm : Find fallback manifestCache on manifest.webapp of id = default_theme.gaiamobile.org
12-03 22:43:46.713: I/Gecko(3446): -*-*- Webapps.jsm : _readManifests of download.gaiamobile.org
12-03 22:43:46.723: I/Gecko(3446): -*-*- Webapps.jsm : Find no manifestCache of download.gaiamobile.org. The manifest file used to be named manifest.json, so fallback on /system/b2g/webapps/download.gaiamobile.org
12-03 22:43:46.743: I/Gecko(3458): [Child 3458] WARNING: NS_ENSURE_SUCCESS(rv, rv) failed with result 0x80004005: file /home/fischer/Projects/gecko-dev/toolkit/xre/nsXREDirProvider.cpp, line 1412
12-03 22:43:46.743: I/Gecko(3446): -*-*- Webapps.jsm : Find fallback manifestCache on manifest.webapp of id = download.gaiamobile.org
12-03 22:43:46.753: I/Gecko(3446): -*-*- Webapps.jsm : _readManifests of email.gaiamobile.org
12-03 22:43:46.763: I/Gecko(3446): -*-*- Webapps.jsm : Find no manifestCache of email.gaiamobile.org. The manifest file used to be named manifest.json, so fallback on /system/b2g/webapps/email.gaiamobile.org
12-03 22:43:46.783: I/Gecko(3446): -*-*- Webapps.jsm : Find fallback manifestCache on manifest.webapp of id = email.gaiamobile.org
12-03 22:43:46.783: I/Gecko(3446): -*-*- Webapps.jsm : _readManifests of emergency-call.gaiamobile.org
12-03 22:43:46.783: I/Gecko(3446): -*-*- Webapps.jsm : Find no manifestCache of emergency-call.gaiamobile.org. The manifest file used to be named manifest.json, so fallback on /system/b2g/webapps/emergency-call.gaiamobile.org
12-03 22:43:46.843: I/Gecko(3446): -*-*- Webapps.jsm : Find fallback manifestCache on manifest.webapp of id = emergency-call.gaiamobile.org
12-03 22:43:46.853: I/Gecko(3446): -*-*- Webapps.jsm : _readManifests of findmydevice.gaiamobile.org
12-03 22:43:46.853: I/Gecko(3446): -*-*- Webapps.jsm : Find no manifestCache of findmydevice.gaiamobile.org. The manifest file used to be named manifest.json, so fallback on /system/b2g/webapps/findmydevice.gaiamobile.org
12-03 22:43:46.863: I/Gecko(3446): -*-*- Webapps.jsm : Find fallback manifestCache on manifest.webapp of id = findmydevice.gaiamobile.org
12-03 22:43:46.873: I/Gecko(3446): -*-*- Webapps.jsm : _readManifests of fl.gaiamobile.org
12-03 22:43:46.873: I/Gecko(3446): -*-*- Webapps.jsm : Find no manifestCache of fl.gaiamobile.org. The manifest file used to be named manifest.json, so fallback on /system/b2g/webapps/fl.gaiamobile.org
12-03 22:43:46.923: I/Gecko(3446): -*-*- Webapps.jsm : Find fallback manifestCache on manifest.webapp of id = fl.gaiamobile.org
12-03 22:43:46.933: I/Gecko(3446): -*-*- Webapps.jsm : _readManifests of fm.gaiamobile.org
12-03 22:43:46.933: I/Gecko(3446): -*-*- Webapps.jsm : Find no manifestCache of fm.gaiamobile.org. The manifest file used to be named manifest.json, so fallback on /system/b2g/webapps/fm.gaiamobile.org
12-03 22:43:46.993: I/Gonk(3446): Connected to netd
12-03 22:43:47.043: I/Gecko(3458): [Child 3458] WARNING: Unable to printf the requested string due to error.: file /home/fischer/Projects/gecko-dev/ipc/chromium/src/base/string_util.cc, line 427
12-03 22:43:47.053: I/Gecko(3446): -*-*- Webapps.jsm : Find fallback manifestCache on manifest.webapp of id = fm.gaiamobile.org
12-03 22:43:47.063: I/Gecko(3446): -*-*- Webapps.jsm : _readManifests of ftu.gaiamobile.org
12-03 22:43:47.073: I/Gecko(3446): -*-*- Webapps.jsm : Find no manifestCache of ftu.gaiamobile.org. The manifest file used to be named manifest.json, so fallback on /system/b2g/webapps/ftu.gaiamobile.org
12-03 22:43:47.113: I/Gecko(3458): [Child 3458] WARNING: ENSURE_MAIN_PROCESS failed. Cannot SetCString from content process: b2g.safe_mode: file /home/fischer/Projects/gecko-dev/modules/libpref/Preferences.cpp, line 1489
12-03 22:43:47.113: I/Gecko(3458): [Child 3458] WARNING: NS_ENSURE_TRUE(lowMemFd != -1) failed: file ../../../../gecko-dev/widget/gonk/GonkMemoryPressureMonitoring.cpp, line 130
12-03 22:43:47.113: I/Gecko(3446): -*-*- Webapps.jsm : Find fallback manifestCache on manifest.webapp of id = ftu.gaiamobile.org
12-03 22:43:47.123: I/Gecko(3446): -*-*- Webapps.jsm : _readManifests of gallery.gaiamobile.org
12-03 22:43:47.133: I/Gecko(3446): -*-*- Webapps.jsm : Find no manifestCache of gallery.gaiamobile.org. The manifest file used to be named manifest.json, so fallback on /system/b2g/webapps/gallery.gaiamobile.org
12-03 22:43:47.163: I/Gecko(3446): -*-*- Webapps.jsm : Find fallback manifestCache on manifest.webapp of id = gallery.gaiamobile.org
12-03 22:43:47.163: I/Gecko(3446): -*-*- Webapps.jsm : _readManifests of homescreen.gaiamobile.org
12-03 22:43:47.163: I/Gecko(3446): -*-*- Webapps.jsm : Find no manifestCache of homescreen.gaiamobile.org. The manifest file used to be named manifest.json, so fallback on /system/b2g/webapps/homescreen.gaiamobile.org
12-03 22:43:47.243: I/Gecko(3446): -*-*- Webapps.jsm : Find fallback manifestCache on manifest.webapp of id = homescreen.gaiamobile.org
12-03 22:43:47.253: I/Gecko(3446): -*-*- Webapps.jsm : _readManifests of keyboard.gaiamobile.org
12-03 22:43:47.253: I/Gecko(3446): -*-*- Webapps.jsm : Find no manifestCache of keyboard.gaiamobile.org. The manifest file used to be named manifest.json, so fallback on /system/b2g/webapps/keyboard.gaiamobile.org
12-03 22:43:47.313: I/Gecko(3446): -*-*- Webapps.jsm : Find fallback manifestCache on manifest.webapp of id = keyboard.gaiamobile.org
12-03 22:43:47.313: I/Gecko(3446): -*-*- Webapps.jsm : _readManifests of marketplace.firefox.com
12-03 22:43:47.313: I/Gecko(3446): -*-*- Webapps.jsm : Find no manifestCache of marketplace.firefox.com. The manifest file used to be named manifest.json, so fallback on /data/local/webapps/marketplace.firefox.com
12-03 22:43:47.343: E/BandwidthController(171): No such iface wlan0 to delete
12-03 22:43:47.383: I/Gecko(3446): -*-*- Webapps.jsm : Find fallback manifestCache on manifest.webapp of id = marketplace.firefox.com
12-03 22:43:47.393: I/Gecko(3446): -*-*- Webapps.jsm : _readManifests of music.gaiamobile.org
12-03 22:43:47.393: I/Gecko(3446): -*-*- Webapps.jsm : Find no manifestCache of music.gaiamobile.org. The manifest file used to be named manifest.json, so fallback on /system/b2g/webapps/music.gaiamobile.org
12-03 22:43:47.413: I/Gecko(3458): ++DOCSHELL 0xb0a98400 == 1 [pid = 3458] [id = 1]
12-03 22:43:47.433: I/Gecko(3446): -*-*- Webapps.jsm : Find fallback manifestCache on manifest.webapp of id = music.gaiamobile.org
12-03 22:43:47.443: I/Gecko(3446): -*-*- Webapps.jsm : _readManifests of network-alerts.gaiamobile.org
12-03 22:43:47.443: I/Gecko(3446): -*-*- Webapps.jsm : Find no manifestCache of network-alerts.gaiamobile.org. The manifest file used to be named manifest.json, so fallback on /system/b2g/webapps/network-alerts.gaiamobile.org
12-03 22:43:47.453: I/Gecko(3458): ++DOMWINDOW == 1 (0xb0a98800) [pid = 3458] [serial = 1] [outer = 0x0]
12-03 22:43:47.463: I/Gecko(3446): -*-*- Webapps.jsm : Find fallback manifestCache on manifest.webapp of id = network-alerts.gaiamobile.org
12-03 22:43:47.473: I/Gecko(3446): -*-*- Webapps.jsm : _readManifests of operatorvariant.gaiamobile.org
12-03 22:43:47.473: I/Gecko(3446): -*-*- Webapps.jsm : Find no manifestCache of operatorvariant.gaiamobile.org. The manifest file used to be named manifest.json, so fallback on /system/b2g/webapps/operatorvariant.gaiamobile.org
12-03 22:43:47.503: I/Gecko(3446): -*-*- Webapps.jsm : Find fallback manifestCache on manifest.webapp of id = operatorvariant.gaiamobile.org
12-03 22:43:47.503: I/Gecko(3446): -*-*- Webapps.jsm : _readManifests of pdfjs.gaiamobile.org
12-03 22:43:47.503: I/Gecko(3446): -*-*- Webapps.jsm : Find no manifestCache of pdfjs.gaiamobile.org. The manifest file used to be named manifest.json, so fallback on /system/b2g/webapps/pdfjs.gaiamobile.org
12-03 22:43:47.563: I/Gecko(3446): -*-*- Webapps.jsm : Find fallback manifestCache on manifest.webapp of id = pdfjs.gaiamobile.org
12-03 22:43:47.583: I/Gecko(3446): -*-*- Webapps.jsm : _readManifests of ringtones.gaiamobile.org
12-03 22:43:47.583: I/Gecko(3446): -*-*- Webapps.jsm : Find no manifestCache of ringtones.gaiamobile.org. The manifest file used to be named manifest.json, so fallback on /system/b2g/webapps/ringtones.gaiamobile.org
12-03 22:43:47.703: I/Gecko(3446): -*-*- Webapps.jsm : Find fallback manifestCache on manifest.webapp of id = ringtones.gaiamobile.org
12-03 22:43:47.713: I/Gecko(3446): -*-*- Webapps.jsm : _readManifests of search.gaiamobile.org
12-03 22:43:47.713: I/Gecko(3446): -*-*- Webapps.jsm : Find no manifestCache of search.gaiamobile.org. The manifest file used to be named manifest.json, so fallback on /system/b2g/webapps/search.gaiamobile.org
12-03 22:43:47.753: I/Gecko(3446): -*-*- Webapps.jsm : Find fallback manifestCache on manifest.webapp of id = search.gaiamobile.org
12-03 22:43:47.763: I/Gonk(3446): RIL[0]: OnConnectSuccess
12-03 22:43:47.763: I/Gecko(3446): -*-*- Webapps.jsm : _readManifests of settings.gaiamobile.org
12-03 22:43:47.773: I/Gecko(3446): -*-*- Webapps.jsm : Find no manifestCache of settings.gaiamobile.org. The manifest file used to be named manifest.json, so fallback on /system/b2g/webapps/settings.gaiamobile.org
12-03 22:43:47.863: W/AudioPolicyManagerBase(1613): setPhoneState() setting same state 0
12-03 22:43:47.873: I/Gecko(3446): -*-*- Webapps.jsm : Find fallback manifestCache on manifest.webapp of id = settings.gaiamobile.org
12-03 22:43:47.883: I/Gecko(3458): ###################################### forms.js loaded
12-03 22:43:47.883: I/Gecko(3446): -*-*- Webapps.jsm : _readManifests of sharedtest.gaiamobile.org
12-03 22:43:47.893: I/Gecko(3446): -*-*- Webapps.jsm : Find no manifestCache of sharedtest.gaiamobile.org. The manifest file used to be named manifest.json, so fallback on /system/b2g/webapps/sharedtest.gaiamobile.org
12-03 22:43:47.893: I/Gecko(3458): ############################### browserElementPanning.js loaded
12-03 22:43:47.893: I/Gecko(3458): ###################################### BrowserElementCopyPaste.js loaded
12-03 22:43:47.933: I/Gecko(3458): ######################## BrowserElementChildPreload.js loaded
12-03 22:43:47.953: I/Gecko(3446): -*-*- Webapps.jsm : Find fallback manifestCache on manifest.webapp of id = sharedtest.gaiamobile.org
12-03 22:43:47.953: I/Gecko(3446): -*-*- Webapps.jsm : _readManifests of sms.gaiamobile.org
12-03 22:43:47.963: I/Gecko(3446): -*-*- Webapps.jsm : Find no manifestCache of sms.gaiamobile.org. The manifest file used to be named manifest.json, so fallback on /system/b2g/webapps/sms.gaiamobile.org
12-03 22:43:47.973: I/Gecko(3446): -*-*- Webapps.jsm : Find fallback manifestCache on manifest.webapp of id = sms.gaiamobile.org
12-03 22:43:47.983: I/Gecko(3446): -*-*- Webapps.jsm : _readManifests of sync.gaiamobile.org
12-03 22:43:47.983: I/Gecko(3446): -*-*- Webapps.jsm : Find no manifestCache of sync.gaiamobile.org. The manifest file used to be named manifest.json, so fallback on /system/b2g/webapps/sync.gaiamobile.org
12-03 22:43:48.003: I/Gecko(3446): -*-*- Webapps.jsm : Find fallback manifestCache on manifest.webapp of id = sync.gaiamobile.org
12-03 22:43:48.013: I/Gecko(3446): -*-*- Webapps.jsm : _readManifests of system.gaiamobile.org
12-03 22:43:48.013: I/rmt_storage(170): rmt_storage_connect_cb: clnt_h=0x16 conn_h=0xb8b63160
12-03 22:43:48.013: I/rmt_storage(170): rmt_storage_rw_iovec_cb: /boot/modem_fs1: clnt_h=0x1: req_h=0x1a msg_id=3: R/W request received
12-03 22:43:48.013: I/rmt_storage(170): wakelock acquired: 1, error no: 2
12-03 22:43:48.013: I/rmt_storage(170): rmt_storage_client_thread: /boot/modem_fs1: clnt_h=0x1 Unblock worker thread (th_id: -1196020016)
12-03 22:43:48.013: I/Gecko(3446): -*-*- Webapps.jsm : Find no manifestCache of system.gaiamobile.org. The manifest file used to be named manifest.json, so fallback on /system/b2g/webapps/system.gaiamobile.org
12-03 22:43:48.043: I/Gecko(3446): -*-*- Webapps.jsm : Find fallback manifestCache on manifest.webapp of id = system.gaiamobile.org
12-03 22:43:48.073: I/Gecko(3446): -*-*- Webapps.jsm : _readManifests of verticalhome.gaiamobile.org
12-03 22:43:48.073: I/Gecko(3446): -*-*- Webapps.jsm : Find no manifestCache of verticalhome.gaiamobile.org. The manifest file used to be named manifest.json, so fallback on /system/b2g/webapps/verticalhome.gaiamobile.org
12-03 22:43:48.093: I/Gecko(3446): -*-*- Webapps.jsm : Find fallback manifestCache on manifest.webapp of id = verticalhome.gaiamobile.org
12-03 22:43:48.103: I/rmt_storage(170): rmt_storage_client_thread: /boot/modem_fs1: clnt_h=0x1: req_h=0x1a msg_id=3: Bytes written = 1572864
12-03 22:43:48.103: I/rmt_storage(170): rmt_storage_client_thread: /boot/modem_fs1: clnt_h=0x1: req_h=0x1a msg_id=3: Send response: res=0 err=0
12-03 22:43:48.103: I/rmt_storage(170): rmt_storage_client_thread: /boot/modem_fs1: clnt_h=0x1 About to block rmt_storage client thread (th_id: -1196020016) wakelock released: 1, error no: 0
12-03 22:43:48.103: I/rmt_storage(170): rmt_storage_disconnect_cb: clnt_h=0x0x16 conn_h=0x0xb8b63160
12-03 22:43:48.123: I/Gecko(3446): -*-*- Webapps.jsm : _readManifests of video.gaiamobile.org
12-03 22:43:48.123: I/Gecko(3446): -*-*- Webapps.jsm : Find no manifestCache of video.gaiamobile.org. The manifest file used to be named manifest.json, so fallback on /system/b2g/webapps/video.gaiamobile.org
12-03 22:43:48.153: I/Gecko(3446): -*-*- Webapps.jsm : Find fallback manifestCache on manifest.webapp of id = video.gaiamobile.org
12-03 22:43:48.153: I/Gecko(3446): -*-*- Webapps.jsm : _readManifests of wallpaper.gaiamobile.org
12-03 22:43:48.153: I/Gecko(3446): -*-*- Webapps.jsm : Find no manifestCache of wallpaper.gaiamobile.org. The manifest file used to be named manifest.json, so fallback on /system/b2g/webapps/wallpaper.gaiamobile.org
12-03 22:43:48.173: D/SoftapController(171): Softap fwReload - Ok
12-03 22:43:48.183: I/Gecko(3446): -*-*- Webapps.jsm : Find fallback manifestCache on manifest.webapp of id = wallpaper.gaiamobile.org
12-03 22:43:48.193: I/Gecko(3446): -*-*- Webapps.jsm : _readManifests of wappush.gaiamobile.org
12-03 22:43:48.193: I/Gecko(3446): -*-*- Webapps.jsm : Find no manifestCache of wappush.gaiamobile.org. The manifest file used to be named manifest.json, so fallback on /system/b2g/webapps/wappush.gaiamobile.org
12-03 22:43:48.213: I/Gecko(3446): -*-*- Webapps.jsm : Find fallback manifestCache on manifest.webapp of id = wappush.gaiamobile.org
12-03 22:43:48.223: I/Gecko(3446): -*-*- Webapps.jsm : _readManifests of {616c4cc3-c84a-534e-8717-cd18e6e495af}
12-03 22:43:48.223: I/Gecko(3446): -*-*- Webapps.jsm : Find no manifestCache of {616c4cc3-c84a-534e-8717-cd18e6e495af}. The manifest file used to be named manifest.json, so fallback on /data/local/webapps/{616c4cc3-c84a-534e-8717-cd18e6e495af}
12-03 22:43:48.253: I/Gecko(3446): -*-*- Webapps.jsm : Find fallback manifestCache on manifest.webapp of id = {616c4cc3-c84a-534e-8717-cd18e6e495af}
12-03 22:43:48.253: I/Gecko(3446): -*-*- Webapps.jsm : _readManifests of {089a8980-1ed3-9045-9171-be7030cda3e3}
12-03 22:43:48.253: I/Gecko(3446): -*-*- Webapps.jsm : Find no manifestCache of {089a8980-1ed3-9045-9171-be7030cda3e3}. The manifest file used to be named manifest.json, so fallback on /data/local/webapps/{089a8980-1ed3-9045-9171-be7030cda3e3}
12-03 22:43:48.273: I/Gecko(3446): -*-*- Webapps.jsm : Find fallback manifestCache on manifest.webapp of id = {089a8980-1ed3-9045-9171-be7030cda3e3}
12-03 22:43:48.283: I/Gecko(3446): -*-*- Webapps.jsm : _readManifests of {3149d2d8-1ab6-7d4b-93dd-9e01eed97a59}
12-03 22:43:48.283: I/Gecko(3446): -*-*- Webapps.jsm : Find no manifestCache of {3149d2d8-1ab6-7d4b-93dd-9e01eed97a59}. The manifest file used to be named manifest.json, so fallback on /data/local/webapps/{3149d2d8-1ab6-7d4b-93dd-9e01eed97a59}
12-03 22:43:48.303: I/Gecko(3446): -*-*- Webapps.jsm : Find fallback manifestCache on manifest.webapp of id = {3149d2d8-1ab6-7d4b-93dd-9e01eed97a59}
12-03 22:43:48.303: I/Gecko(3446): -*-*- Webapps.jsm : _readManifests of {504a3154-1c64-d54f-9729-ffb6c3899d69}
12-03 22:43:48.303: I/Gecko(3446): -*-*- Webapps.jsm : Find no manifestCache of {504a3154-1c64-d54f-9729-ffb6c3899d69}. The manifest file used to be named manifest.json, so fallback on /data/local/webapps/{504a3154-1c64-d54f-9729-ffb6c3899d69}
12-03 22:43:48.313: I/Gecko(3446): -*-*- Webapps.jsm : Find fallback manifestCache on manifest.webapp of id = {504a3154-1c64-d54f-9729-ffb6c3899d69}
12-03 22:43:48.323: I/Gecko(3446): -*-*- Webapps.jsm : _readManifests of {53e8b09b-4cd6-9947-be98-ef6ecaa5638d}
12-03 22:43:48.323: I/Gecko(3446): -*-*- Webapps.jsm : Find no manifestCache of {53e8b09b-4cd6-9947-be98-ef6ecaa5638d}. The manifest file used to be named manifest.json, so fallback on /data/local/webapps/{53e8b09b-4cd6-9947-be98-ef6ecaa5638d}
12-03 22:43:48.333: I/Gecko(3446): -*-*- Webapps.jsm : Find fallback manifestCache on manifest.webapp of id = {53e8b09b-4cd6-9947-be98-ef6ecaa5638d}
12-03 22:43:48.333: I/Gecko(3446): -*-*- Webapps.jsm : _readManifests of {2819463a-30c5-be4e-8eb1-f4cd7b924261}
12-03 22:43:48.333: I/Gecko(3446): -*-*- Webapps.jsm : Find no manifestCache of {2819463a-30c5-be4e-8eb1-f4cd7b924261}. The manifest file used to be named manifest.json, so fallback on /data/local/webapps/{2819463a-30c5-be4e-8eb1-f4cd7b924261}
12-03 22:43:48.353: I/Gecko(3446): -*-*- Webapps.jsm : Find fallback manifestCache on manifest.webapp of id = {2819463a-30c5-be4e-8eb1-f4cd7b924261}
12-03 22:43:48.353: I/Gecko(3446): -*-*- Webapps.jsm : _readManifests of marketplace-dev.allizom.org
12-03 22:43:48.353: I/Gecko(3446): -*-*- Webapps.jsm : Find no manifestCache of marketplace-dev.allizom.org. The manifest file used to be named manifest.json, so fallback on /data/local/webapps/marketplace-dev.allizom.org
12-03 22:43:48.363: I/Gecko(3446): -*-*- Webapps.jsm : Find fallback manifestCache on manifest.webapp of id = marketplace-dev.allizom.org
12-03 22:43:48.363: I/Gecko(3446): -*-*- Webapps.jsm : _readManifests of in_app_pay_test.gaiamobile.org
12-03 22:43:48.373: I/Gecko(3446): -*-*- Webapps.jsm : Find no manifestCache of in_app_pay_test.gaiamobile.org. The manifest file used to be named manifest.json, so fallback on /system/b2g/webapps/in_app_pay_test.gaiamobile.org
12-03 22:43:48.403: I/Gecko(3446): -*-*- Webapps.jsm : Find fallback manifestCache on manifest.webapp of id = in_app_pay_test.gaiamobile.org
12-03 22:43:48.413: I/Gecko(3446): -*-*- Webapps.jsm : _readManifests of marketplace.allizom.org
12-03 22:43:48.413: I/Gecko(3446): -*-*- Webapps.jsm : Find no manifestCache of marketplace.allizom.org. The manifest file used to be named manifest.json, so fallback on /data/local/webapps/marketplace.allizom.org
12-03 22:43:48.423: I/Gecko(3446): -*-*- Webapps.jsm : Find fallback manifestCache on manifest.webapp of id = marketplace.allizom.org
12-03 22:43:48.433: I/Gecko(3446): -*-*- Webapps.jsm : _readManifests of {9e37efd2-6b9d-1143-91ea-6ea9763a56d0}
12-03 22:43:48.433: I/Gecko(3446): -*-*- Webapps.jsm : Find no manifestCache of {9e37efd2-6b9d-1143-91ea-6ea9763a56d0}. The manifest file used to be named manifest.json, so fallback on /data/local/webapps/{9e37efd2-6b9d-1143-91ea-6ea9763a56d0}
12-03 22:43:48.443: I/Gecko(3446): -*-*- Webapps.jsm : Find fallback manifestCache on manifest.webapp of id = {9e37efd2-6b9d-1143-91ea-6ea9763a56d0}
12-03 22:43:48.443: I/Gecko(3446): -*-*- Webapps.jsm : _readManifests of ds-test.gaiamobile.org
12-03 22:43:48.443: I/Gecko(3446): -*-*- Webapps.jsm : Find no manifestCache of ds-test.gaiamobile.org. The manifest file used to be named manifest.json, so fallback on /system/b2g/webapps/ds-test.gaiamobile.org
12-03 22:43:48.463: I/Gecko(3446): -*-*- Webapps.jsm : Find fallback manifestCache on manifest.webapp of id = ds-test.gaiamobile.org
12-03 22:43:48.463: I/Gecko(3446): -*-*- Webapps.jsm : _readManifests of geoloc.gaiamobile.org
12-03 22:43:48.463: I/Gecko(3446): -*-*- Webapps.jsm : Find no manifestCache of geoloc.gaiamobile.org. The manifest file used to be named manifest.json, so fallback on /system/b2g/webapps/geoloc.gaiamobile.org
12-03 22:43:48.533: I/Gecko(3446): -*-*- Webapps.jsm : Find fallback manifestCache on manifest.webapp of id = geoloc.gaiamobile.org
12-03 22:43:48.533: I/Gecko(3446): -*-*- Webapps.jsm : _readManifests of l20n-app.gaiamobile.org
12-03 22:43:48.543: I/Gecko(3446): -*-*- Webapps.jsm : Find no manifestCache of l20n-app.gaiamobile.org. The manifest file used to be named manifest.json, so fallback on /system/b2g/webapps/l20n-app.gaiamobile.org
12-03 22:43:48.553: I/Gecko(3446): -*-*- Webapps.jsm : Find fallback manifestCache on manifest.webapp of id = l20n-app.gaiamobile.org
12-03 22:43:48.563: I/Gecko(3446): -*-*- Webapps.jsm : _readManifests of membuster.gaiamobile.org
12-03 22:43:48.563: I/Gecko(3446): -*-*- Webapps.jsm : Find no manifestCache of membuster.gaiamobile.org. The manifest file used to be named manifest.json, so fallback on /system/b2g/webapps/membuster.gaiamobile.org
12-03 22:43:48.583: I/Gecko(3446): -*-*- Webapps.jsm : Find fallback manifestCache on manifest.webapp of id = membuster.gaiamobile.org
12-03 22:43:48.583: I/Gecko(3446): -*-*- Webapps.jsm : _readManifests of test-ime.gaiamobile.org
12-03 22:43:48.583: I/Gecko(3446): -*-*- Webapps.jsm : Find no manifestCache of test-ime.gaiamobile.org. The manifest file used to be named manifest.json, so fallback on /system/b2g/webapps/test-ime.gaiamobile.org
12-03 22:43:48.603: I/Gecko(3446): -*-*- Webapps.jsm : Find fallback manifestCache on manifest.webapp of id = test-ime.gaiamobile.org
12-03 22:43:48.603: I/Gecko(3446): -*-*- Webapps.jsm : _readManifests of share-receiver.gaiamobile.org
12-03 22:43:48.603: I/Gecko(3446): -*-*- Webapps.jsm : Find no manifestCache of share-receiver.gaiamobile.org. The manifest file used to be named manifest.json, so fallback on /system/b2g/webapps/share-receiver.gaiamobile.org
12-03 22:43:48.613: I/Gecko(3446): -*-*- Webapps.jsm : Find fallback manifestCache on manifest.webapp of id = share-receiver.gaiamobile.org
12-03 22:43:48.623: I/Gecko(3446): -*-*- Webapps.jsm : _readManifests of template.gaiamobile.org
12-03 22:43:48.623: I/Gecko(3446): -*-*- Webapps.jsm : Find no manifestCache of template.gaiamobile.org. The manifest file used to be named manifest.json, so fallback on /system/b2g/webapps/template.gaiamobile.org
12-03 22:43:48.633: I/Gecko(3446): -*-*- Webapps.jsm : Find fallback manifestCache on manifest.webapp of id = template.gaiamobile.org
12-03 22:43:48.633: I/Gecko(3446): -*-*- Webapps.jsm : _readManifests of test-agent.gaiamobile.org
12-03 22:43:48.633: I/Gecko(3446): -*-*- Webapps.jsm : Find no manifestCache of test-agent.gaiamobile.org. The manifest file used to be named manifest.json, so fallback on /system/b2g/webapps/test-agent.gaiamobile.org
12-03 22:43:48.643: I/Gecko(3446): -*-*- Webapps.jsm : Find fallback manifestCache on manifest.webapp of id = test-agent.gaiamobile.org
12-03 22:43:48.643: I/Gecko(3446): -*-*- Webapps.jsm : _readManifests of test-container.gaiamobile.org
12-03 22:43:48.653: I/Gecko(3446): -*-*- Webapps.jsm : Find no manifestCache of test-container.gaiamobile.org. The manifest file used to be named manifest.json, so fallback on /system/b2g/webapps/test-container.gaiamobile.org
12-03 22:43:48.663: I/Gecko(3446): -*-*- Webapps.jsm : Find fallback manifestCache on manifest.webapp of id = test-container.gaiamobile.org
12-03 22:43:48.663: I/Gecko(3446): -*-*- Webapps.jsm : _readManifests of test-iac-publisher.gaiamobile.org
12-03 22:43:48.663: I/Gecko(3446): -*-*- Webapps.jsm : Find no manifestCache of test-iac-publisher.gaiamobile.org. The manifest file used to be named manifest.json, so fallback on /system/b2g/webapps/test-iac-publisher.gaiamobile.org
12-03 22:43:48.673: I/Gecko(3446): -*-*- Webapps.jsm : Find fallback manifestCache on manifest.webapp of id = test-iac-publisher.gaiamobile.org
12-03 22:43:48.673: I/Gecko(3446): -*-*- Webapps.jsm : _readManifests of test-iac-subscriber.gaiamobile.org
12-03 22:43:48.683: I/Gecko(3446): -*-*- Webapps.jsm : Find no manifestCache of test-iac-subscriber.gaiamobile.org. The manifest file used to be named manifest.json, so fallback on /system/b2g/webapps/test-iac-subscriber.gaiamobile.org
12-03 22:43:48.683: I/Gecko(3446): [Parent 3446] WARNING: 'NS_FAILED(rv)', file /home/fischer/Projects/gecko-dev/dom/system/gonk/AudioManager.cpp, line 1452
12-03 22:43:48.683: I/Gecko(3446): [Parent 3446] WARNING: 'NS_FAILED(rv)', file /home/fischer/Projects/gecko-dev/dom/system/gonk/AudioManager.cpp, line 1419
12-03 22:43:48.693: I/Gecko(3446): -*-*- Webapps.jsm : Find fallback manifestCache on manifest.webapp of id = test-iac-subscriber.gaiamobile.org
12-03 22:43:48.693: I/Gecko(3446): -*-*- Webapps.jsm : _readManifests of test-otasp.gaiamobile.org
12-03 22:43:48.693: I/Gecko(3446): -*-*- Webapps.jsm : Find no manifestCache of test-otasp.gaiamobile.org. The manifest file used to be named manifest.json, so fallback on /system/b2g/webapps/test-otasp.gaiamobile.org
12-03 22:43:48.703: I/Gecko(3446): -*-*- Webapps.jsm : Find fallback manifestCache on manifest.webapp of id = test-otasp.gaiamobile.org
12-03 22:43:48.703: I/Gecko(3446): -*-*- Webapps.jsm : _readManifests of test-receiver-1.gaiamobile.org
12-03 22:43:48.713: I/Gecko(3446): -*-*- Webapps.jsm : Find no manifestCache of test-receiver-1.gaiamobile.org. The manifest file used to be named manifest.json, so fallback on /system/b2g/webapps/test-receiver-1.gaiamobile.org
12-03 22:43:48.723: I/Gecko(3446): -*-*- Webapps.jsm : Find fallback manifestCache on manifest.webapp of id = test-receiver-1.gaiamobile.org
12-03 22:43:48.723: I/Gecko(3446): -*-*- Webapps.jsm : _readManifests of test-receiver-2.gaiamobile.org
12-03 22:43:48.723: I/Gecko(3446): -*-*- Webapps.jsm : Find no manifestCache of test-receiver-2.gaiamobile.org. The manifest file used to be named manifest.json, so fallback on /system/b2g/webapps/test-receiver-2.gaiamobile.org
12-03 22:43:48.783: I/Gecko(3446): -*-*- Webapps.jsm : Find fallback manifestCache on manifest.webapp of id = test-receiver-2.gaiamobile.org
12-03 22:43:48.783: I/Gecko(3446): -*-*- Webapps.jsm : _readManifests of test-receiver-inline.gaiamobile.org
12-03 22:43:48.793: I/Gecko(3446): -*-*- Webapps.jsm : Find no manifestCache of test-receiver-inline.gaiamobile.org. The manifest file used to be named manifest.json, so fallback on /system/b2g/webapps/test-receiver-inline.gaiamobile.org
12-03 22:43:48.803: I/Gecko(3446): -*-*- Webapps.jsm : Find fallback manifestCache on manifest.webapp of id = test-receiver-inline.gaiamobile.org
12-03 22:43:48.803: I/Gecko(3446): -*-*- Webapps.jsm : _readManifests of test-startup-limit.gaiamobile.org
12-03 22:43:48.803: I/Gecko(3446): -*-*- Webapps.jsm : Find no manifestCache of test-startup-limit.gaiamobile.org. The manifest file used to be named manifest.json, so fallback on /system/b2g/webapps/test-startup-limit.gaiamobile.org
12-03 22:43:48.813: I/Gecko(3446): -*-*- Webapps.jsm : Find fallback manifestCache on manifest.webapp of id = test-startup-limit.gaiamobile.org
12-03 22:43:48.823: I/Gecko(3446): -*-*- Webapps.jsm : _readManifests of test-wappush.gaiamobile.org
12-03 22:43:48.823: I/Gecko(3446): -*-*- Webapps.jsm : Find no manifestCache of test-wappush.gaiamobile.org. The manifest file used to be named manifest.json, so fallback on /system/b2g/webapps/test-wappush.gaiamobile.org
12-03 22:43:48.843: I/Gecko(3446): -*-*- Webapps.jsm : Find fallback manifestCache on manifest.webapp of id = test-wappush.gaiamobile.org
12-03 22:43:48.843: I/Gecko(3446): -*-*- Webapps.jsm : _readManifests of uitest.gaiamobile.org
12-03 22:43:48.843: I/Gecko(3446): -*-*- Webapps.jsm : Find no manifestCache of uitest.gaiamobile.org. The manifest file used to be named manifest.json, so fallback on /system/b2g/webapps/uitest.gaiamobile.org
12-03 22:43:48.863: I/Gecko(3446): -*-*- Webapps.jsm : Find fallback manifestCache on manifest.webapp of id = uitest.gaiamobile.org
12-03 22:43:48.863: I/Gecko(3446): -*-*- Webapps.jsm : _readManifests of uitest-privileged.gaiamobile.org
12-03 22:43:48.863: I/Gecko(3446): -*-*- Webapps.jsm : Find no manifestCache of uitest-privileged.gaiamobile.org. The manifest file used to be named manifest.json, so fallback on /system/b2g/webapps/uitest-privileged.gaiamobile.org
12-03 22:43:48.883: I/Gecko(3446): -*-*- Webapps.jsm : Find fallback manifestCache on manifest.webapp of id = uitest-privileged.gaiamobile.org
12-03 22:43:48.883: I/Gecko(3446): -*-*- Webapps.jsm : _readManifests of contacts-manager.gaiamobile.org
12-03 22:43:48.883: I/Gecko(3446): -*-*- Webapps.jsm : Find no manifestCache of contacts-manager.gaiamobile.org. The manifest file used to be named manifest.json, so fallback on /system/b2g/webapps/contacts-manager.gaiamobile.org
