12-03 22:31:25.523: I/Gecko(435): [Parent 435] WARNING: No Document in SetRequestContext; can not query loadgroup; sending reports may fail.: file /home/fischer/Projects/gecko-dev/dom/security/nsCSPContext.cpp, line 603
12-03 22:31:25.533: I/Gecko(435): [Parent 435] WARNING: No Document in SetRequestContext; can not query loadgroup; sending reports may fail.: file /home/fischer/Projects/gecko-dev/dom/security/nsCSPContext.cpp, line 603
12-03 22:31:25.543: I/Gecko(435): [Parent 435] WARNING: No Document in SetRequestContext; can not query loadgroup; sending reports may fail.: file /home/fischer/Projects/gecko-dev/dom/security/nsCSPContext.cpp, line 603
12-03 22:31:25.573: I/Gecko(435): [Parent 435] WARNING: No Document in SetRequestContext; can not query loadgroup; sending reports may fail.: file /home/fischer/Projects/gecko-dev/dom/security/nsCSPContext.cpp, line 603
12-03 22:31:25.643: I/Gecko(435): [Parent 435] WARNING: No Document in SetRequestContext; can not query loadgroup; sending reports may fail.: file /home/fischer/Projects/gecko-dev/dom/security/nsCSPContext.cpp, line 603
12-03 22:31:26.083: I/Gecko(435): -*-*- Webapps.jsm : _readManifests of test-otasp.gaiamobile.org
12-03 22:31:26.353: E/Default Home Screen(718): Content JS ERROR: Failed to load icon [object Event]
12-03 22:31:26.353: E/Default Home Screen(718):     at proto._prepareIconLoader/this._image.onerror (app://homescreen.gaiamobile.org/shared/elements/gaia-site-icon/script.js:418:7)
12-03 22:31:26.363: I/Gecko(435): -*-*- Webapps.jsm : _readManifests of test-receiver-inline.gaiamobile.org
12-03 22:31:26.383: I/Gecko(435): -*-*- Webapps.jsm : _readManifests of test-wappush.gaiamobile.org
12-03 22:31:26.393: I/Gecko(435): -*-*- Webapps.jsm : _readManifests of uitest-privileged.gaiamobile.org
12-03 22:31:26.413: I/Gecko(435): -*-*- Webapps.jsm : _readManifests of contacts-ds-provider1.gaiamobile.org
12-03 22:31:26.423: I/Gecko(435): -*-*- Webapps.jsm : _readManifests of mobile-wallet.gaiamobile.org
12-03 22:31:26.433: I/Gecko(435): -*-*- Webapps.jsm : _readManifests of nfc-api-test.gaiamobile.org
12-03 22:31:26.443: I/Gecko(435): -*-*- Webapps.jsm : _readManifests of music-oga.gaiamobile.org
12-03 22:31:26.463: I/Gecko(435): -*-*- Webapps.jsm : _readManifests of {c401fc3f-cd01-c449-b88e-1b4c19e2454f}
12-03 22:31:26.633: D/wpa_supplicant(686): nl80211: Drv Event 34 (NL80211_CMD_NEW_SCAN_RESULTS) received for wlan0
12-03 22:31:26.633: D/wpa_supplicant(686): wlan0: nl80211: New scan results available
12-03 22:31:26.633: D/wpa_supplicant(686): wlan0: Event SCAN_RESULTS (3) received
12-03 22:31:26.633: D/wpa_supplicant(686): nl80211: Received scan results (75 BSSes)
12-03 22:31:26.633: D/wpa_supplicant(686): nl80211: Survey data missing
12-03 22:31:26.633: D/wpa_supplicant(686): wlan0: BSS: Start scan result update 3
12-03 22:31:26.633: D/wpa_supplicant(686): wlan0: BSS: Add new id 84 BSSID dc:38:e1:82:a1:c2 SSID ''
12-03 22:31:26.633: D/wpa_supplicant(686): CTRL_IFACE monitor send - hexdump(len=39): 2f 64 61 74 61 2f 6d 69 73 63 2f 77 69 66 69 2f 73 6f 63 6b 65 74 73 2f 77 70 61 5f 63 74 72 6c ...
12-03 22:31:26.633: D/wpa_supplicant(686): wlan0: BSS: Add new id 85 BSSID dc:38:e1:82:a1:c0 SSID 'Mozilla'
12-03 22:31:26.633: D/wpa_supplicant(686): CTRL_IFACE monitor send - hexdump(len=39): 2f 64 61 74 61 2f 6d 69 73 63 2f 77 69 66 69 2f 73 6f 63 6b 65 74 73 2f 77 70 61 5f 63 74 72 6c ...
12-03 22:31:26.633: D/wpa_supplicant(686): wlan0: BSS: Add new id 86 BSSID 3c:94:d5:7b:fb:08 SSID 'ateam'
12-03 22:31:26.633: D/wpa_supplicant(686): CTRL_IFACE monitor send - hexdump(len=39): 2f 64 61 74 61 2f 6d 69 73 63 2f 77 69 66 69 2f 73 6f 63 6b 65 74 73 2f 77 70 61 5f 63 74 72 6c ...
12-03 22:31:26.633: D/wpa_supplicant(686): wlan0: BSS: Add new id 87 BSSID 1c:aa:07:17:71:62 SSID 'JPMCVisitor'
12-03 22:31:26.633: D/wpa_supplicant(686): CTRL_IFACE monitor send - hexdump(len=39): 2f 64 61 74 61 2f 6d 69 73 63 2f 77 69 66 69 2f 73 6f 63 6b 65 74 73 2f 77 70 61 5f 63 74 72 6c ...
12-03 22:31:26.633: D/wpa_supplicant(686): wlan0: BSS: Add new id 88 BSSID 00:d0:41:ce:d1:0d SSID 'plusdrinks'
12-03 22:31:26.633: D/wpa_supplicant(686): CTRL_IFACE monitor send - hexdump(len=39): 2f 64 61 74 61 2f 6d 69 73 63 2f 77 69 66 69 2f 73 6f 63 6b 65 74 73 2f 77 70 61 5f 63 74 72 6c ...
12-03 22:31:26.633: D/wpa_supplicant(686): wlan0: BSS: Remove id 3 BSSID dc:38:e1:83:69:82 SSID '' due to no match in scan
12-03 22:31:26.633: D/wpa_supplicant(686): CTRL_IFACE monitor send - hexdump(len=39): 2f 64 61 74 61 2f 6d 69 73 63 2f 77 69 66 69 2f 73 6f 63 6b 65 74 73 2f 77 70 61 5f 63 74 72 6c ...
12-03 22:31:26.633: D/wpa_supplicant(686): wlan0: BSS: Remove id 17 BSSID dc:38:e1:82:8a:03 SSID '' due to no match in scan
12-03 22:31:26.633: D/wpa_supplicant(686): CTRL_IFACE monitor send - hexdump(len=39): 2f 64 61 74 61 2f 6d 69 73 63 2f 77 69 66 69 2f 73 6f 63 6b 65 74 73 2f 77 70 61 5f 63 74 72 6c ...
12-03 22:31:26.633: D/wpa_supplicant(686): wlan0: BSS: Remove id 21 BSSID dc:38:e1:82:19:83 SSID '' due to no match in scan
12-03 22:31:26.633: D/wpa_supplicant(686): CTRL_IFACE monitor send - hexdump(len=39): 2f 64 61 74 61 2f 6d 69 73 63 2f 77 69 66 69 2f 73 6f 63 6b 65 74 73 2f 77 70 61 5f 63 74 72 6c ...
12-03 22:31:26.633: D/wpa_supplicant(686): wlan0: BSS: Remove id 24 BSSID dc:38:e1:83:13:42 SSID '' due to no match in scan
12-03 22:31:26.633: D/wpa_supplicant(686): CTRL_IFACE monitor send - hexdump(len=39): 2f 64 61 74 61 2f 6d 69 73 63 2f 77 69 66 69 2f 73 6f 63 6b 65 74 73 2f 77 70 61 5f 63 74 72 6c ...
12-03 22:31:26.633: D/wpa_supplicant(686): wlan0: BSS: Remove id 29 BSSID 3c:94:d5:78:77:02 SSID '' due to no match in scan
12-03 22:31:26.633: D/wpa_supplicant(686): CTRL_IFACE monitor send - hexdump(len=39): 2f 64 61 74 61 2f 6d 69 73 63 2f 77 69 66 69 2f 73 6f 63 6b 65 74 73 2f 77 70 61 5f 63 74 72 6c ...
12-03 22:31:26.633: D/wpa_supplicant(686): wlan0: BSS: Remove id 30 BSSID 3c:94:d5:78:77:00 SSID 'Mozilla' due to no match in scan
12-03 22:31:26.633: D/wpa_supplicant(686): CTRL_IFACE monitor send - hexdump(len=39): 2f 64 61 74 61 2f 6d 69 73 63 2f 77 69 66 69 2f 73 6f 63 6b 65 74 73 2f 77 70 61 5f 63 74 72 6c ...
12-03 22:31:26.633: D/wpa_supplicant(686): wlan0: BSS: Remove id 33 BSSID 3c:94:d5:7b:b8:02 SSID '' due to no match in scan
12-03 22:31:26.633: D/wpa_supplicant(686): CTRL_IFACE monitor send - hexdump(len=39): 2f 64 61 74 61 2f 6d 69 73 63 2f 77 69 66 69 2f 73 6f 63 6b 65 74 73 2f 77 70 61 5f 63 74 72 6c ...
12-03 22:31:26.633: D/wpa_supplicant(686): wlan0: BSS: Remove id 34 BSSID 3c:94:d5:7b:b8:08 SSID 'ateam' due to no match in scan
12-03 22:31:26.633: D/wpa_supplicant(686): CTRL_IFACE monitor send - hexdump(len=39): 2f 64 61 74 61 2f 6d 69 73 63 2f 77 69 66 69 2f 73 6f 63 6b 65 74 73 2f 77 70 61 5f 63 74 72 6c ...
12-03 22:31:26.633: D/wpa_supplicant(686): wlan0: BSS: Remove id 35 BSSID dc:38:e1:82:a1:c3 SSID '' due to no match in scan
12-03 22:31:26.633: D/wpa_supplicant(686): CTRL_IFACE monitor send - hexdump(len=39): 2f 64 61 74 61 2f 6d 69 73 63 2f 77 69 66 69 2f 73 6f 63 6b 65 74 73 2f 77 70 61 5f 63 74 72 6c ...
12-03 22:31:26.633: D/wpa_supplicant(686): wlan0: BSS: Remove id 37 BSSID 3c:94:d5:7b:b8:00 SSID 'Mozilla' due to no match in scan
12-03 22:31:26.633: D/wpa_supplicant(686): CTRL_IFACE monitor send - hexdump(len=39): 2f 64 61 74 61 2f 6d 69 73 63 2f 77 69 66 69 2f 73 6f 63 6b 65 74 73 2f 77 70 61 5f 63 74 72 6c ...
12-03 22:31:26.633: D/wpa_supplicant(686): wlan0: BSS: Remove id 39 BSSID 1c:b7:2c:86:fa:a0 SSID 'VIP Night' due to no match in scan
12-03 22:31:26.633: D/wpa_supplicant(686): CTRL_IFACE monitor send - hexdump(len=39): 2f 64 61 74 61 2f 6d 69 73 63 2f 77 69 66 69 2f 73 6f 63 6b 65 74 73 2f 77 70 61 5f 63 74 72 6c ...
12-03 22:31:26.633: D/wpa_supplicant(686): wlan0: BSS: Remove id 64 BSSID 3c:94:d5:78:77:06 SSID 'Mozilla Guest' due to no match in scan
12-03 22:31:26.633: D/wpa_supplicant(686): CTRL_IFACE monitor send - hexdump(len=39): 2f 64 61 74 61 2f 6d 69 73 63 2f 77 69 66 69 2f 73 6f 63 6b 65 74 73 2f 77 70 61 5f 63 74 72 6c ...
12-03 22:31:26.633: D/wpa_supplicant(686): wlan0: BSS: Remove id 65 BSSID 3c:94:d5:78:77:04 SSID 'openwireless.org' due to no match in scan
12-03 22:31:26.633: D/wpa_supplicant(686): CTRL_IFACE monitor send - hexdump(len=39): 2f 64 61 74 61 2f 6d 69 73 63 2f 77 69 66 69 2f 73 6f 63 6b 65 74 73 2f 77 70 61 5f 63 74 72 6c ...
12-03 22:31:26.633: D/wpa_supplicant(686): wlan0: BSS: Remove id 66 BSSID 3c:94:d5:7b:b8:04 SSID 'openwireless.org' due to no match in scan
12-03 22:31:26.633: D/wpa_supplicant(686): CTRL_IFACE monitor send - hexdump(len=39): 2f 64 61 74 61 2f 6d 69 73 63 2f 77 69 66 69 2f 73 6f 63 6b 65 74 73 2f 77 70 61 5f 63 74 72 6c ...
12-03 22:31:26.633: D/wpa_supplicant(686): BSS: last_scan_res_used=75/128 last_scan_full=0
12-03 22:31:26.633: D/wpa_supplicant(686): wlan0: New scan results available
12-03 22:31:26.633: D/wpa_supplicant(686): CTRL_IFACE monitor send - hexdump(len=39): 2f 64 61 74 61 2f 6d 69 73 63 2f 77 69 66 69 2f 73 6f 63 6b 65 74 73 2f 77 70 61 5f 63 74 72 6c ...
12-03 22:31:26.633: D/wpa_supplicant(686): CTRL_IFACE monitor send - hexdump(len=39): 2f 64 61 74 61 2f 6d 69 73 63 2f 77 69 66 69 2f 73 6f 63 6b 65 74 73 2f 77 70 61 5f 63 74 72 6c ...
12-03 22:31:26.633: D/wpa_supplicant(686): WPS: AP 00:d0:41:ce:d1:0d type 0 added
12-03 22:31:26.633: D/wpa_supplicant(686): WPS: AP[0] 3c:1e:04:0a:2f:0e type=0 tries=0 last_attempt=-1 sec ago blacklist=0
12-03 22:31:26.633: D/wpa_supplicant(686): WPS: AP[1] 1c:b7:2c:86:fa:a0 type=0 tries=0 last_attempt=-1 sec ago blacklist=0
12-03 22:31:26.633: D/wpa_supplicant(686): WPS: AP[2] 00:d0:41:ce:d1:0d type=0 tries=0 last_attempt=-1 sec ago blacklist=0
12-03 22:31:26.633: D/wpa_supplicant(686): wlan0: No suitable network found
12-03 22:31:26.633: D/wpa_supplicant(686): wlan0: Short-circuit new scan request since there are no enabled networks
12-03 22:31:26.633: D/wpa_supplicant(686): wlan0: State: SCANNING -> INACTIVE
12-03 22:31:26.633: D/wpa_supplicant(686): CTRL_IFACE monitor send - hexdump(len=39): 2f 64 61 74 61 2f 6d 69 73 63 2f 77 69 66 69 2f 73 6f 63 6b 65 74 73 2f 77 70 61 5f 63 74 72 6c ...
12-03 22:31:26.633: D/wpa_supplicant(686): wlan0: Checking for other virtual interfaces sharing same radio (phy0) in event_scan_results
12-03 22:31:26.633: D/wpa_supplicant(686): wlan0: P2P: Station mode scan operation not pending anymore (sta_scan_pending=0 p2p_cb_on_scan_complete=0)
12-03 22:31:26.633: D/wpa_supplicant(686): RTM_NEWLINK: operstate=0 ifi_flags=0x11003 ([UP][LOWER_UP])
12-03 22:31:26.633: D/wpa_supplicant(686): RTM_NEWLINK, IFLA_IFNAME: Interface 'wlan0' added
12-03 22:31:26.633: D/wpa_supplicant(686): nl80211: if_removed already cleared - ignore event
12-03 22:31:26.643: I/Gecko(435): -*- WifiWorker component: Event coming in: CTRL-EVENT-BSS-ADDED 84 dc:38:e1:82:a1:c2
12-03 22:31:26.643: I/Gecko(435): -*- WifiWorker component: Event coming in: CTRL-EVENT-BSS-ADDED 85 dc:38:e1:82:a1:c0
12-03 22:31:26.643: I/Gecko(435): -*- WifiWorker component: Event coming in: CTRL-EVENT-BSS-ADDED 86 3c:94:d5:7b:fb:08
12-03 22:31:26.653: I/Gecko(435): -*- WifiWorker component: Event coming in: CTRL-EVENT-BSS-ADDED 87 1c:aa:07:17:71:62
12-03 22:31:26.653: I/Gecko(435): -*- WifiWorker component: Event coming in: CTRL-EVENT-BSS-ADDED 88 00:d0:41:ce:d1:0d
12-03 22:31:26.653: I/Gecko(435): -*- WifiWorker component: Event coming in: CTRL-EVENT-BSS-REMOVED 3 dc:38:e1:83:69:82
12-03 22:31:26.653: I/Gecko(435): -*- WifiWorker component: Event coming in: CTRL-EVENT-BSS-REMOVED 17 dc:38:e1:82:8a:03
12-03 22:31:26.653: I/Gecko(435): -*- WifiWorker component: Event coming in: CTRL-EVENT-BSS-REMOVED 21 dc:38:e1:82:19:83
12-03 22:31:26.653: I/Gecko(435): -*- WifiWorker component: Event coming in: CTRL-EVENT-BSS-REMOVED 24 dc:38:e1:83:13:42
12-03 22:31:26.653: I/Gecko(435): -*- WifiWorker component: Event coming in: CTRL-EVENT-BSS-REMOVED 29 3c:94:d5:78:77:02
12-03 22:31:26.653: I/Gecko(435): -*- WifiWorker component: Event coming in: CTRL-EVENT-BSS-REMOVED 30 3c:94:d5:78:77:00
12-03 22:31:26.653: I/Gecko(435): -*- WifiWorker component: Event coming in: CTRL-EVENT-BSS-REMOVED 33 3c:94:d5:7b:b8:02
12-03 22:31:26.653: I/Gecko(435): -*- WifiWorker component: Event coming in: CTRL-EVENT-BSS-REMOVED 34 3c:94:d5:7b:b8:08
12-03 22:31:26.653: I/Gecko(435): -*- WifiWorker component: Event coming in: CTRL-EVENT-BSS-REMOVED 35 dc:38:e1:82:a1:c3
12-03 22:31:26.653: I/Gecko(435): -*- WifiWorker component: Event coming in: CTRL-EVENT-BSS-REMOVED 37 3c:94:d5:7b:b8:00
12-03 22:31:26.653: I/Gecko(435): -*- WifiWorker component: Event coming in: CTRL-EVENT-BSS-REMOVED 39 1c:b7:2c:86:fa:a0
12-03 22:31:26.653: I/Gecko(435): -*- WifiWorker component: Event coming in: CTRL-EVENT-BSS-REMOVED 64 3c:94:d5:78:77:06
12-03 22:31:26.653: I/Gecko(435): -*- WifiWorker component: Event coming in: CTRL-EVENT-BSS-REMOVED 65 3c:94:d5:78:77:04
12-03 22:31:26.653: I/Gecko(435): -*- WifiWorker component: Event coming in: CTRL-EVENT-BSS-REMOVED 66 3c:94:d5:7b:b8:04
12-03 22:31:26.653: I/Gecko(435): -*- WifiWorker component: Event coming in: CTRL-EVENT-SCAN-RESULTS
12-03 22:31:26.653: I/Gecko(435): -*- WifiWorker component: Notifying of scan results available
12-03 22:31:26.653: I/Gecko(435): -*- WifiWorker component: Scan results are available! Asking for them.
12-03 22:31:26.653: D/wpa_supplicant(686): RX ctrl_iface - hexdump(len=12): 53 43 41 4e 5f 52 45 53 55 4c 54 53
12-03 22:31:26.653: D/wpa_supplicant(686): wlan0: Control interface command 'SCAN_RESULTS'
12-03 22:31:26.653: I/Gecko(435): -*- WifiWorker component: Event coming in: WPS-AP-AVAILABLE
12-03 22:31:26.653: I/Gecko(435): -*- WifiWorker component: Event coming in: CTRL-EVENT-STATE-CHANGE id=-1 state=2 BSSID=00:00:00:00:00:00 SSID=
12-03 22:31:26.653: I/Gecko(435): -*- WifiWorker component: State change: SCANNING -> INACTIVE
12-03 22:31:26.653: D/wpa_supplicant(686): RX ctrl_iface - hexdump(len=19): 44 52 49 56 45 52 20 53 43 41 4e 2d 50 41 53 53 49 56 45
12-03 22:31:26.653: D/wpa_supplicant(686): wlan0: Control interface command 'DRIVER SCAN-PASSIVE'
12-03 22:31:26.653: D/wpa_supplicant(686): wpa_driver_nl80211_driver_cmd  len = 0, 0
12-03 22:31:27.143: D/Default Home Screen(718): Content JS DEBUG: Bug 1211266: getIcon retry 1 for http://fischerliu.net63.net/hostedappcache/manifest.webapp
12-03 22:31:27.143: D/Default Home Screen(718):     at proto.refresh/getImage/</this._iconFetchTimeout< (app://homescreen.gaiamobile.org/shared/elements/gaia-site-icon/script.js:580:1)
12-03 22:31:27.153: I/Gecko(435): -*-*- Webapps.jsm : _readManifests of {c297ba8c-3f18-e542-a561-2f07804d4f61}
12-03 22:31:27.153: I/Gecko(754): --DOMWINDOW == 2 (0xafa6b800) [pid = 754] [serial = 2] [outer = 0x0] [url = about:blank]
12-03 22:31:28.573: I/Gecko(435): -*-*- Webapps.jsm : _readManifests of bluetooth.gaiamobile.org
12-03 22:31:29.013: I/Gecko(1367): [Child 1367] WARNING: NS_ENSURE_TRUE(XRE_IsParentProcess()) failed: file ../../../../gecko-dev/dom/base/nsFrameMessageManager.cpp, line 1600
12-03 22:31:29.353: I/Gecko(1367): ++DOMWINDOW == 2 (0xafa6b800) [pid = 1367] [serial = 2] [outer = 0xb0a98800]
12-03 22:31:29.413: I/Gecko(1367): [Child 1367] WARNING: NS_ENSURE_TRUE(startupCache) failed: file /home/fischer/Projects/gecko-dev/dom/xbl/nsXBLDocumentInfo.cpp, line 199
12-03 22:31:29.413: I/Gecko(1367): [Child 1367] WARNING: NS_ENSURE_TRUE(startupCache) failed: file /home/fischer/Projects/gecko-dev/dom/xbl/nsXBLDocumentInfo.cpp, line 267
12-03 22:31:29.863: I/(Preallocated app)(1367): PAC file installed from data: URI
12-03 22:31:30.203: D/Default Home Screen(718): Content JS DEBUG: Bug 1211266: getIcon retry 2 for app://sms.gaiamobile.org/manifest.webapp
12-03 22:31:30.203: D/Default Home Screen(718):     at proto.refresh/getImage/</this._iconFetchTimeout< (app://homescreen.gaiamobile.org/shared/elements/gaia-site-icon/script.js:580:1)
12-03 22:31:30.223: I/Gecko(435): -*-*- Webapps.jsm : _readManifests of sms.gaiamobile.org
12-03 22:31:31.083: D/Default Home Screen(718): Content JS DEBUG: Bug 1211266: getIcon retry 2 for app://communications.gaiamobile.org/manifest.webapp/contacts
12-03 22:31:31.083: D/Default Home Screen(718):     at proto.refresh/getImage/</this._iconFetchTimeout< (app://homescreen.gaiamobile.org/shared/elements/gaia-site-icon/script.js:580:1)
12-03 22:31:31.093: D/Default Home Screen(718): Content JS DEBUG: Bug 1211266: getIcon retry 2 for app://email.gaiamobile.org/manifest.webapp
12-03 22:31:31.093: D/Default Home Screen(718):     at proto.refresh/getImage/</this._iconFetchTimeout< (app://homescreen.gaiamobile.org/shared/elements/gaia-site-icon/script.js:580:1)
12-03 22:31:31.093: I/Gecko(435): -*-*- Webapps.jsm : _readManifests of communications.gaiamobile.org
12-03 22:31:31.103: D/Default Home Screen(718): Content JS DEBUG: Bug 1211266: getIcon retry 2 for app://search.gaiamobile.org/manifest.webapp
12-03 22:31:31.103: D/Default Home Screen(718):     at proto.refresh/getImage/</this._iconFetchTimeout< (app://homescreen.gaiamobile.org/shared/elements/gaia-site-icon/script.js:580:1)
12-03 22:31:31.113: D/Default Home Screen(718): Content JS DEBUG: Bug 1211266: getIcon retry 2 for app://camera.gaiamobile.org/manifest.webapp
12-03 22:31:31.113: D/Default Home Screen(718):     at proto.refresh/getImage/</this._iconFetchTimeout< (app://homescreen.gaiamobile.org/shared/elements/gaia-site-icon/script.js:580:1)
12-03 22:31:31.113: I/Gecko(435): -*-*- Webapps.jsm : _readManifests of email.gaiamobile.org
12-03 22:31:31.123: D/Default Home Screen(718): Content JS DEBUG: Bug 1211266: getIcon retry 2 for app://gallery.gaiamobile.org/manifest.webapp
12-03 22:31:31.123: D/Default Home Screen(718):     at proto.refresh/getImage/</this._iconFetchTimeout< (app://homescreen.gaiamobile.org/shared/elements/gaia-site-icon/script.js:580:1)
12-03 22:31:31.123: D/Default Home Screen(718): Content JS DEBUG: Bug 1211266: getIcon retry 2 for app://music.gaiamobile.org/manifest.webapp
12-03 22:31:31.123: D/Default Home Screen(718):     at proto.refresh/getImage/</this._iconFetchTimeout< (app://homescreen.gaiamobile.org/shared/elements/gaia-site-icon/script.js:580:1)
12-03 22:31:31.123: I/Gecko(435): -*-*- Webapps.jsm : _readManifests of search.gaiamobile.org
12-03 22:31:31.133: D/Default Home Screen(718): Content JS DEBUG: Bug 1211266: getIcon retry 2 for app://video.gaiamobile.org/manifest.webapp
12-03 22:31:31.133: D/Default Home Screen(718):     at proto.refresh/getImage/</this._iconFetchTimeout< (app://homescreen.gaiamobile.org/shared/elements/gaia-site-icon/script.js:580:1)
12-03 22:31:31.143: I/Gecko(435): -*-*- Webapps.jsm : _readManifests of camera.gaiamobile.org
12-03 22:31:31.153: I/Gecko(435): -*-*- Webapps.jsm : _readManifests of gallery.gaiamobile.org
12-03 22:31:31.163: I/Gecko(435): -*-*- Webapps.jsm : _readManifests of music.gaiamobile.org
12-03 22:31:31.183: I/Gecko(435): -*-*- Webapps.jsm : _readManifests of video.gaiamobile.org
12-03 22:31:31.373: D/Default Home Screen(718): Content JS DEBUG: Bug 1211266: getIcon retry 2 for https://marketplace.firefox.com/packaged.webapp
12-03 22:31:31.373: D/Default Home Screen(718):     at proto.refresh/getImage/</this._iconFetchTimeout< (app://homescreen.gaiamobile.org/shared/elements/gaia-site-icon/script.js:580:1)
12-03 22:31:31.383: I/Gecko(435): -*-*- Webapps.jsm : _readManifests of marketplace.firefox.com
12-03 22:31:31.403: D/Default Home Screen(718): Content JS DEBUG: Bug 1211266: getIcon retry 2 for app://calendar.gaiamobile.org/manifest.webapp
12-03 22:31:31.403: D/Default Home Screen(718):     at proto.refresh/getImage/</this._iconFetchTimeout< (app://homescreen.gaiamobile.org/shared/elements/gaia-site-icon/script.js:580:1)
12-03 22:31:31.413: I/Gecko(435): -*-*- Webapps.jsm : _readManifests of calendar.gaiamobile.org
12-03 22:31:31.563: D/Default Home Screen(718): Content JS DEBUG: Bug 1211266: getIcon retry 2 for app://clock.gaiamobile.org/manifest.webapp
12-03 22:31:31.563: D/Default Home Screen(718):     at proto.refresh/getImage/</this._iconFetchTimeout< (app://homescreen.gaiamobile.org/shared/elements/gaia-site-icon/script.js:580:1)
12-03 22:31:31.583: I/Gecko(435): -*-*- Webapps.jsm : _readManifests of clock.gaiamobile.org
12-03 22:31:31.593: D/Default Home Screen(718): Content JS DEBUG: Bug 1211266: getIcon retry 2 for app://settings.gaiamobile.org/manifest.webapp
12-03 22:31:31.593: D/Default Home Screen(718):     at proto.refresh/getImage/</this._iconFetchTimeout< (app://homescreen.gaiamobile.org/shared/elements/gaia-site-icon/script.js:580:1)
12-03 22:31:31.623: I/Gecko(435): -*-*- Webapps.jsm : _readManifests of settings.gaiamobile.org
12-03 22:31:32.243: D/Default Home Screen(718): Content JS DEBUG: Bug 1211266: getIcon retry 2 for http://fischerliu.net63.net/hostedappcache/manifest.webapp
12-03 22:31:32.243: D/Default Home Screen(718):     at proto.refresh/getImage/</this._iconFetchTimeout< (app://homescreen.gaiamobile.org/shared/elements/gaia-site-icon/script.js:580:1)
12-03 22:31:32.603: I/Gecko(435): -*-*- Webapps.jsm : _readManifests of {c297ba8c-3f18-e542-a561-2f07804d4f61}
12-03 22:31:33.823: I/ServiceManager(168): service 'android.security.keystore' died
12-03 22:31:33.823: I/ServiceManager(168): service 'SurfaceFlinger' died
12-03 22:31:33.823: I/ServiceManager(168): service 'permission' died
12-03 22:31:33.823: I/ServiceManager(168): service 'display.qservice' died
12-03 22:32:11.923: I/Gecko(1553): [1553] WARNING: XPCOM objects created/destroyed from static ctor/dtor: file /home/fischer/Projects/gecko-dev/xpcom/base/nsTraceRefcnt.cpp, line 167
12-03 22:32:11.923: I/Gecko(1553): [1553] WARNING: XPCOM objects created/destroyed from static ctor/dtor: file /home/fischer/Projects/gecko-dev/xpcom/base/nsTraceRefcnt.cpp, line 167
12-03 22:32:11.923: I/Gecko(1553): [1553] WARNING: XPCOM objects created/destroyed from static ctor/dtor: file /home/fischer/Projects/gecko-dev/xpcom/base/nsTraceRefcnt.cpp, line 167
12-03 22:32:11.923: I/Gecko(1553): [1553] WARNING: XPCOM objects created/destroyed from static ctor/dtor: file /home/fischer/Projects/gecko-dev/xpcom/base/nsTraceRefcnt.cpp, line 167
12-03 22:32:11.923: I/Gecko(1553): [1553] WARNING: XPCOM objects created/destroyed from static ctor/dtor: file /home/fischer/Projects/gecko-dev/xpcom/base/nsTraceRefcnt.cpp, line 167
12-03 22:32:11.923: I/Gecko(1553): [1553] WARNING: XPCOM objects created/destroyed from static ctor/dtor: file /home/fischer/Projects/gecko-dev/xpcom/base/nsTraceRefcnt.cpp, line 167
12-03 22:32:11.933: I/Gecko(1553): [1553] WARNING: XPCOM objects created/destroyed from static ctor/dtor: file /home/fischer/Projects/gecko-dev/xpcom/base/nsTraceRefcnt.cpp, line 167
12-03 22:32:11.933: I/Gecko(1553): [1553] WARNING: XPCOM objects created/destroyed from static ctor/dtor: file /home/fischer/Projects/gecko-dev/xpcom/base/nsTraceRefcnt.cpp, line 167
12-03 22:32:11.943: I/Gecko(1553): [1553] WARNING: XPCOM objects created/destroyed from static ctor/dtor: file /home/fischer/Projects/gecko-dev/xpcom/base/nsTraceRefcnt.cpp, line 167
12-03 22:32:11.943: I/Gecko(1553): [1553] WARNING: XPCOM objects created/destroyed from static ctor/dtor: file /home/fischer/Projects/gecko-dev/xpcom/base/nsTraceRefcnt.cpp, line 167
12-03 22:32:11.943: I/Gecko(1553): [1553] WARNING: XPCOM objects created/destroyed from static ctor/dtor: file /home/fischer/Projects/gecko-dev/xpcom/base/nsTraceRefcnt.cpp, line 167
12-03 22:32:11.943: I/Gecko(1553): [1553] WARNING: XPCOM objects created/destroyed from static ctor/dtor: file /home/fischer/Projects/gecko-dev/xpcom/base/nsTraceRefcnt.cpp, line 167
12-03 22:32:11.943: I/Gecko(1553): [1553] WARNING: XPCOM objects created/destroyed from static ctor/dtor: file /home/fischer/Projects/gecko-dev/xpcom/base/nsTraceRefcnt.cpp, line 167
12-03 22:32:11.943: I/Gecko(1553): [1553] WARNING: XPCOM objects created/destroyed from static ctor/dtor: file /home/fischer/Projects/gecko-dev/xpcom/base/nsTraceRefcnt.cpp, line 167
12-03 22:32:11.943: I/Gecko(1553): [1553] WARNING: XPCOM objects created/destroyed from static ctor/dtor: file /home/fischer/Projects/gecko-dev/xpcom/base/nsTraceRefcnt.cpp, line 167
12-03 22:32:11.943: I/Gecko(1553): [1553] WARNING: XPCOM objects created/destroyed from static ctor/dtor: file /home/fischer/Projects/gecko-dev/xpcom/base/nsTraceRefcnt.cpp, line 167
12-03 22:32:11.943: I/Gecko(1553): [1553] WARNING: XPCOM objects created/destroyed from static ctor/dtor: file /home/fischer/Projects/gecko-dev/xpcom/base/nsTraceRefcnt.cpp, line 167
12-03 22:32:11.943: I/Gecko(1553): [1553] WARNING: XPCOM objects created/destroyed from static ctor/dtor: file /home/fischer/Projects/gecko-dev/xpcom/base/nsTraceRefcnt.cpp, line 167
12-03 22:32:11.943: I/Gecko(1553): [1553] WARNING: XPCOM objects created/destroyed from static ctor/dtor: file /home/fischer/Projects/gecko-dev/xpcom/base/nsTraceRefcnt.cpp, line 167
12-03 22:32:11.943: I/Gecko(1553): [1553] WARNING: XPCOM objects created/destroyed from static ctor/dtor: file /home/fischer/Projects/gecko-dev/xpcom/base/nsTraceRefcnt.cpp, line 167
12-03 22:32:11.943: I/Gecko(1553): [1553] WARNING: XPCOM objects created/destroyed from static ctor/dtor: file /home/fischer/Projects/gecko-dev/xpcom/base/nsTraceRefcnt.cpp, line 167
12-03 22:32:11.943: I/Gecko(1553): [1553] WARNING: XPCOM objects created/destroyed from static ctor/dtor: file /home/fischer/Projects/gecko-dev/xpcom/base/nsTraceRefcnt.cpp, line 167
12-03 22:32:11.943: I/Gecko(1553): [1553] WARNING: XPCOM objects created/destroyed from static ctor/dtor: file /home/fischer/Projects/gecko-dev/xpcom/base/nsTraceRefcnt.cpp, line 167
12-03 22:32:11.943: I/Gecko(1553): [1553] WARNING: XPCOM objects created/destroyed from static ctor/dtor: file /home/fischer/Projects/gecko-dev/xpcom/base/nsTraceRefcnt.cpp, line 167
12-03 22:32:11.943: I/Gecko(1553): [1553] WARNING: XPCOM objects created/destroyed from static ctor/dtor: file /home/fischer/Projects/gecko-dev/xpcom/base/nsTraceRefcnt.cpp, line 167
12-03 22:32:11.943: I/Gecko(1553): [1553] WARNING: XPCOM objects created/destroyed from static ctor/dtor: file /home/fischer/Projects/gecko-dev/xpcom/base/nsTraceRefcnt.cpp, line 167
12-03 22:32:11.943: I/Gecko(1553): [1553] WARNING: XPCOM objects created/destroyed from static ctor/dtor: file /home/fischer/Projects/gecko-dev/xpcom/base/nsTraceRefcnt.cpp, line 167
12-03 22:32:11.943: I/Gecko(1553): [1553] WARNING: XPCOM objects created/destroyed from static ctor/dtor: file /home/fischer/Projects/gecko-dev/xpcom/base/nsTraceRefcnt.cpp, line 167
12-03 22:32:11.943: I/Gecko(1553): [1553] WARNING: XPCOM objects created/destroyed from static ctor/dtor: file /home/fischer/Projects/gecko-dev/xpcom/base/nsTraceRefcnt.cpp, line 167
12-03 22:32:11.943: I/Gecko(1553): [1553] WARNING: XPCOM objects created/destroyed from static ctor/dtor: file /home/fischer/Projects/gecko-dev/xpcom/base/nsTraceRefcnt.cpp, line 167
12-03 22:32:11.943: I/Gecko(1553): [1553] WARNING: XPCOM objects created/destroyed from static ctor/dtor: file /home/fischer/Projects/gecko-dev/xpcom/base/nsTraceRefcnt.cpp, line 167
12-03 22:32:11.943: I/Gecko(1553): [1553] WARNING: XPCOM objects created/destroyed from static ctor/dtor: file /home/fischer/Projects/gecko-dev/xpcom/base/nsTraceRefcnt.cpp, line 167
12-03 22:32:11.943: I/Gecko(1553): [1553] WARNING: XPCOM objects created/destroyed from static ctor/dtor: file /home/fischer/Projects/gecko-dev/xpcom/base/nsTraceRefcnt.cpp, line 167
12-03 22:32:11.943: I/Gecko(1553): [1553] WARNING: XPCOM objects created/destroyed from static ctor/dtor: file /home/fischer/Projects/gecko-dev/xpcom/base/nsTraceRefcnt.cpp, line 167
12-03 22:32:11.943: I/Gecko(1553): [1553] WARNING: XPCOM objects created/destroyed from static ctor/dtor: file /home/fischer/Projects/gecko-dev/xpcom/base/nsTraceRefcnt.cpp, line 167
12-03 22:32:11.943: I/Gecko(1553): [1553] WARNING: XPCOM objects created/destroyed from static ctor/dtor: file /home/fischer/Projects/gecko-dev/xpcom/base/nsTraceRefcnt.cpp, line 167
12-03 22:32:11.943: I/Gecko(1553): [1553] WARNING: XPCOM objects created/destroyed from static ctor/dtor: file /home/fischer/Projects/gecko-dev/xpcom/base/nsTraceRefcnt.cpp, line 167
12-03 22:32:11.943: I/Gecko(1553): [1553] WARNING: XPCOM objects created/destroyed from static ctor/dtor: file /home/fischer/Projects/gecko-dev/xpcom/base/nsTraceRefcnt.cpp, line 167
12-03 22:32:11.943: I/Gecko(1553): [1553] WARNING: XPCOM objects created/destroyed from static ctor/dtor: file /home/fischer/Projects/gecko-dev/xpcom/base/nsTraceRefcnt.cpp, line 167
12-03 22:32:11.943: I/Gecko(1553): [1553] WARNING: XPCOM objects created/destroyed from static ctor/dtor: file /home/fischer/Projects/gecko-dev/xpcom/base/nsTraceRefcnt.cpp, line 167
12-03 22:32:11.943: I/Gecko(1553): [1553] WARNING: XPCOM objects created/destroyed from static ctor/dtor: file /home/fischer/Projects/gecko-dev/xpcom/base/nsTraceRefcnt.cpp, line 167
12-03 22:32:11.943: I/Gecko(1553): [1553] WARNING: XPCOM objects created/destroyed from static ctor/dtor: file /home/fischer/Projects/gecko-dev/xpcom/base/nsTraceRefcnt.cpp, line 167
12-03 22:32:11.943: I/Gecko(1553): [1553] WARNING: XPCOM objects created/destroyed from static ctor/dtor: file /home/fischer/Projects/gecko-dev/xpcom/base/nsTraceRefcnt.cpp, line 167
12-03 22:32:11.943: I/Gecko(1553): [1553] WARNING: XPCOM objects created/destroyed from static ctor/dtor: file /home/fischer/Projects/gecko-dev/xpcom/base/nsTraceRefcnt.cpp, line 167
12-03 22:32:11.943: I/Gecko(1553): [1553] WARNING: XPCOM objects created/destroyed from static ctor/dtor: file /home/fischer/Projects/gecko-dev/xpcom/base/nsTraceRefcnt.cpp, line 167
12-03 22:32:11.943: I/Gecko(1553): [1553] WARNING: XPCOM objects created/destroyed from static ctor/dtor: file /home/fischer/Projects/gecko-dev/xpcom/base/nsTraceRefcnt.cpp, line 167
12-03 22:32:11.943: I/Gecko(1553): [1553] WARNING: XPCOM objects created/destroyed from static ctor/dtor: file /home/fischer/Projects/gecko-dev/xpcom/base/nsTraceRefcnt.cpp, line 167
12-03 22:32:11.943: I/Gecko(1553): [1553] WARNING: XPCOM objects created/destroyed from static ctor/dtor: file /home/fischer/Projects/gecko-dev/xpcom/base/nsTraceRefcnt.cpp, line 167
12-03 22:32:11.943: I/Gecko(1553): [1553] WARNING: XPCOM objects created/destroyed from static ctor/dtor: file /home/fischer/Projects/gecko-dev/xpcom/base/nsTraceRefcnt.cpp, line 167
12-03 22:32:11.943: I/Gecko(1553): [1553] WARNING: XPCOM objects created/destroyed from static ctor/dtor: file /home/fischer/Projects/gecko-dev/xpcom/base/nsTraceRefcnt.cpp, line 167
12-03 22:32:11.943: I/Gecko(1553): [1553] WARNING: XPCOM objects created/destroyed from static ctor/dtor: file /home/fischer/Projects/gecko-dev/xpcom/base/nsTraceRefcnt.cpp, line 167
12-03 22:32:11.943: I/Gecko(1553): [1553] WARNING: XPCOM objects created/destroyed from static ctor/dtor: file /home/fischer/Projects/gecko-dev/xpcom/base/nsTraceRefcnt.cpp, line 167
12-03 22:32:11.943: I/Gecko(1553): [1553] WARNING: XPCOM objects created/destroyed from static ctor/dtor: file /home/fischer/Projects/gecko-dev/xpcom/base/nsTraceRefcnt.cpp, line 167
12-03 22:32:11.943: I/Gecko(1553): [1553] WARNING: XPCOM objects created/destroyed from static ctor/dtor: file /home/fischer/Projects/gecko-dev/xpcom/base/nsTraceRefcnt.cpp, line 167
12-03 22:32:11.943: I/Gecko(1553): [1553] WARNING: XPCOM objects created/destroyed from static ctor/dtor: file /home/fischer/Projects/gecko-dev/xpcom/base/nsTraceRefcnt.cpp, line 167
12-03 22:32:11.943: I/Gecko(1553): [1553] WARNING: XPCOM objects created/destroyed from static ctor/dtor: file /home/fischer/Projects/gecko-dev/xpcom/base/nsTraceRefcnt.cpp, line 167
12-03 22:32:11.943: I/Gecko(1553): [1553] WARNING: XPCOM objects created/destroyed from static ctor/dtor: file /home/fischer/Projects/gecko-dev/xpcom/base/nsTraceRefcnt.cpp, line 167
12-03 22:32:11.943: I/Gecko(1553): [1553] WARNING: XPCOM objects created/destroyed from static ctor/dtor: file /home/fischer/Projects/gecko-dev/xpcom/base/nsTraceRefcnt.cpp, line 167
12-03 22:32:11.943: I/Gecko(1553): [1553] WARNING: XPCOM objects created/destroyed from static ctor/dtor: file /home/fischer/Projects/gecko-dev/xpcom/base/nsTraceRefcnt.cpp, line 167
12-03 22:32:11.943: I/Gecko(1553): [1553] WARNING: XPCOM objects created/destroyed from static ctor/dtor: file /home/fischer/Projects/gecko-dev/xpcom/base/nsTraceRefcnt.cpp, line 167
12-03 22:32:11.943: I/Gecko(1553): [1553] WARNING: XPCOM objects created/destroyed from static ctor/dtor: file /home/fischer/Projects/gecko-dev/xpcom/base/nsTraceRefcnt.cpp, line 167
12-03 22:32:11.943: I/Gecko(1553): [1553] WARNING: XPCOM objects created/destroyed from static ctor/dtor: file /home/fischer/Projects/gecko-dev/xpcom/base/nsTraceRefcnt.cpp, line 167
12-03 22:32:11.943: I/Gecko(1553): [1553] WARNING: XPCOM objects created/destroyed from static ctor/dtor: file /home/fischer/Projects/gecko-dev/xpcom/base/nsTraceRefcnt.cpp, line 167
12-03 22:32:11.943: I/Gecko(1553): [1553] WARNING: XPCOM objects created/destroyed from static ctor/dtor: file /home/fischer/Projects/gecko-dev/xpcom/base/nsTraceRefcnt.cpp, line 167
12-03 22:32:11.943: I/Gecko(1553): [1553] WARNING: XPCOM objects created/destroyed from static ctor/dtor: file /home/fischer/Projects/gecko-dev/xpcom/base/nsTraceRefcnt.cpp, line 167
12-03 22:32:11.943: I/Gecko(1553): [1553] WARNING: XPCOM objects created/destroyed from static ctor/dtor: file /home/fischer/Projects/gecko-dev/xpcom/base/nsTraceRefcnt.cpp, line 167
12-03 22:32:11.943: I/Gecko(1553): [1553] WARNING: XPCOM objects created/destroyed from static ctor/dtor: file /home/fischer/Projects/gecko-dev/xpcom/base/nsTraceRefcnt.cpp, line 167
12-03 22:32:11.943: I/Gecko(1553): [1553] WARNING: XPCOM objects created/destroyed from static ctor/dtor: file /home/fischer/Projects/gecko-dev/xpcom/base/nsTraceRefcnt.cpp, line 167
12-03 22:32:11.943: I/Gecko(1553): [1553] WARNING: XPCOM objects created/destroyed from static ctor/dtor: file /home/fischer/Projects/gecko-dev/xpcom/base/nsTraceRefcnt.cpp, line 167
12-03 22:32:11.943: I/Gecko(1553): [1553] WARNING: XPCOM objects created/destroyed from static ctor/dtor: file /home/fischer/Projects/gecko-dev/xpcom/base/nsTraceRefcnt.cpp, line 167
12-03 22:32:11.943: I/Gecko(1553): [1553] WARNING: XPCOM objects created/destroyed from static ctor/dtor: file /home/fischer/Projects/gecko-dev/xpcom/base/nsTraceRefcnt.cpp, line 167
12-03 22:32:11.943: I/Gecko(1553): [1553] WARNING: XPCOM objects created/destroyed from static ctor/dtor: file /home/fischer/Projects/gecko-dev/xpcom/base/nsTraceRefcnt.cpp, line 167
12-03 22:32:11.943: I/Gecko(1553): [1553] WARNING: XPCOM objects created/destroyed from static ctor/dtor: file /home/fischer/Projects/gecko-dev/xpcom/base/nsTraceRefcnt.cpp, line 167
12-03 22:32:11.943: I/Gecko(1553): [1553] WARNING: XPCOM objects created/destroyed from static ctor/dtor: file /home/fischer/Projects/gecko-dev/xpcom/base/nsTraceRefcnt.cpp, line 167
12-03 22:32:11.943: I/Gecko(1553): [1553] WARNING: XPCOM objects created/destroyed from static ctor/dtor: file /home/fischer/Projects/gecko-dev/xpcom/base/nsTraceRefcnt.cpp, line 167
12-03 22:32:11.943: I/Gecko(1553): [1553] WARNING: XPCOM objects created/destroyed from static ctor/dtor: file /home/fischer/Projects/gecko-dev/xpcom/base/nsTraceRefcnt.cpp, line 167
12-03 22:32:11.943: I/Gecko(1553): [1553] WARNING: XPCOM objects created/destroyed from static ctor/dtor: file /home/fischer/Projects/gecko-dev/xpcom/base/nsTraceRefcnt.cpp, line 167
12-03 22:32:11.943: I/Gecko(1553): [1553] WARNING: XPCOM objects created/destroyed from static ctor/dtor: file /home/fischer/Projects/gecko-dev/xpcom/base/nsTraceRefcnt.cpp, line 167
12-03 22:32:11.943: I/Gecko(1553): [1553] WARNING: XPCOM objects created/destroyed from static ctor/dtor: file /home/fischer/Projects/gecko-dev/xpcom/base/nsTraceRefcnt.cpp, line 167
12-03 22:32:11.943: I/Gecko(1553): [1553] WARNING: XPCOM objects created/destroyed from static ctor/dtor: file /home/fischer/Projects/gecko-dev/xpcom/base/nsTraceRefcnt.cpp, line 167
12-03 22:32:11.943: I/Gecko(1553): [1553] WARNING: XPCOM objects created/destroyed from static ctor/dtor: file /home/fischer/Projects/gecko-dev/xpcom/base/nsTraceRefcnt.cpp, line 167
12-03 22:32:11.943: I/Gecko(1553): [1553] WARNING: XPCOM objects created/destroyed from static ctor/dtor: file /home/fischer/Projects/gecko-dev/xpcom/base/nsTraceRefcnt.cpp, line 167
12-03 22:32:11.943: I/Gecko(1553): [1553] WARNING: XPCOM objects created/destroyed from static ctor/dtor: file /home/fischer/Projects/gecko-dev/xpcom/base/nsTraceRefcnt.cpp, line 167
12-03 22:32:11.943: I/Gecko(1553): [1553] WARNING: XPCOM objects created/destroyed from static ctor/dtor: file /home/fischer/Projects/gecko-dev/xpcom/base/nsTraceRefcnt.cpp, line 167
12-03 22:32:11.943: I/Gecko(1553): [1553] WARNING: XPCOM objects created/destroyed from static ctor/dtor: file /home/fischer/Projects/gecko-dev/xpcom/base/nsTraceRefcnt.cpp, line 167
12-03 22:32:11.943: I/Gecko(1553): [1553] WARNING: XPCOM objects created/destroyed from static ctor/dtor: file /home/fischer/Projects/gecko-dev/xpcom/base/nsTraceRefcnt.cpp, line 167
12-03 22:32:11.943: I/Gecko(1553): [1553] WARNING: XPCOM objects created/destroyed from static ctor/dtor: file /home/fischer/Projects/gecko-dev/xpcom/base/nsTraceRefcnt.cpp, line 167
12-03 22:32:11.943: I/Gecko(1553): [1553] WARNING: XPCOM objects created/destroyed from static ctor/dtor: file /home/fischer/Projects/gecko-dev/xpcom/base/nsTraceRefcnt.cpp, line 167
12-03 22:32:11.943: I/Gecko(1553): [1553] WARNING: XPCOM objects created/destroyed from static ctor/dtor: file /home/fischer/Projects/gecko-dev/xpcom/base/nsTraceRefcnt.cpp, line 167
12-03 22:32:11.943: I/Gecko(1553): [1553] WARNING: XPCOM objects created/destroyed from static ctor/dtor: file /home/fischer/Projects/gecko-dev/xpcom/base/nsTraceRefcnt.cpp, line 167
12-03 22:32:11.943: I/Gecko(1553): [1553] WARNING: XPCOM objects created/destroyed from static ctor/dtor: file /home/fischer/Projects/gecko-dev/xpcom/base/nsTraceRefcnt.cpp, line 167
12-03 22:32:11.943: I/Gecko(1553): [1553] WARNING: XPCOM objects created/destroyed from static ctor/dtor: file /home/fischer/Projects/gecko-dev/xpcom/base/nsTraceRefcnt.cpp, line 167
12-03 22:32:11.943: I/Gecko(1553): [1553] WARNING: XPCOM objects created/destroyed from static ctor/dtor: file /home/fischer/Projects/gecko-dev/xpcom/base/nsTraceRefcnt.cpp, line 167
12-03 22:32:11.943: I/Gecko(1553): [1553] WARNING: XPCOM objects created/destroyed from static ctor/dtor: file /home/fischer/Projects/gecko-dev/xpcom/base/nsTraceRefcnt.cpp, line 167
12-03 22:32:11.943: I/Gecko(1553): [1553] WARNING: XPCOM objects created/destroyed from static ctor/dtor: file /home/fischer/Projects/gecko-dev/xpcom/base/nsTraceRefcnt.cpp, line 167
12-03 22:32:11.943: I/Gecko(1553): [1553] WARNING: XPCOM objects created/destroyed from static ctor/dtor: file /home/fischer/Projects/gecko-dev/xpcom/base/nsTraceRefcnt.cpp, line 167
12-03 22:32:11.943: I/Gecko(1553): [1553] WARNING: XPCOM objects created/destroyed from static ctor/dtor: file /home/fischer/Projects/gecko-dev/xpcom/base/nsTraceRefcnt.cpp, line 167
12-03 22:32:11.943: I/Gecko(1553): [1553] WARNING: XPCOM objects created/destroyed from static ctor/dtor: file /home/fischer/Projects/gecko-dev/xpcom/base/nsTraceRefcnt.cpp, line 167
12-03 22:32:11.943: I/Gecko(1553): [1553] WARNING: XPCOM objects created/destroyed from static ctor/dtor: file /home/fischer/Projects/gecko-dev/xpcom/base/nsTraceRefcnt.cpp, line 167
12-03 22:32:11.943: I/Gecko(1553): [1553] WARNING: XPCOM objects created/destroyed from static ctor/dtor: file /home/fischer/Projects/gecko-dev/xpcom/base/nsTraceRefcnt.cpp, line 167
12-03 22:32:11.943: I/Gecko(1553): [1553] WARNING: XPCOM objects created/destroyed from static ctor/dtor: file /home/fischer/Projects/gecko-dev/xpcom/base/nsTraceRefcnt.cpp, line 167
12-03 22:32:11.943: I/Gecko(1553): [1553] WARNING: XPCOM objects created/destroyed from static ctor/dtor: file /home/fischer/Projects/gecko-dev/xpcom/base/nsTraceRefcnt.cpp, line 167
12-03 22:32:11.943: I/Gecko(1553): [1553] WARNING: XPCOM objects created/destroyed from static ctor/dtor: file /home/fischer/Projects/gecko-dev/xpcom/base/nsTraceRefcnt.cpp, line 167
12-03 22:32:11.943: I/Gecko(1553): [1553] WARNING: XPCOM objects created/destroyed from static ctor/dtor: file /home/fischer/Projects/gecko-dev/xpcom/base/nsTraceRefcnt.cpp, line 167
12-03 22:32:11.943: I/Gecko(1553): [1553] WARNING: XPCOM objects created/destroyed from static ctor/dtor: file /home/fischer/Projects/gecko-dev/xpcom/base/nsTraceRefcnt.cpp, line 167
12-03 22:32:11.943: I/Gecko(1553): [1553] WARNING: XPCOM objects created/destroyed from static ctor/dtor: file /home/fischer/Projects/gecko-dev/xpcom/base/nsTraceRefcnt.cpp, line 167
12-03 22:32:11.953: I/Gecko(1553): [1553] WARNING: XPCOM objects created/destroyed from static ctor/dtor: file /home/fischer/Projects/gecko-dev/xpcom/base/nsTraceRefcnt.cpp, line 167
12-03 22:32:11.953: I/Gecko(1553): [1553] WARNING: XPCOM objects created/destroyed from static ctor/dtor: file /home/fischer/Projects/gecko-dev/xpcom/base/nsTraceRefcnt.cpp, line 167
12-03 22:32:11.953: I/Gecko(1553): [1553] WARNING: XPCOM objects created/destroyed from static ctor/dtor: file /home/fischer/Projects/gecko-dev/xpcom/base/nsTraceRefcnt.cpp, line 167
12-03 22:32:11.953: I/Gecko(1553): [1553] WARNING: XPCOM objects created/destroyed from static ctor/dtor: file /home/fischer/Projects/gecko-dev/xpcom/base/nsTraceRefcnt.cpp, line 167
12-03 22:32:11.953: I/Gecko(1553): [1553] WARNING: XPCOM objects created/destroyed from static ctor/dtor: file /home/fischer/Projects/gecko-dev/xpcom/base/nsTraceRefcnt.cpp, line 167
12-03 22:32:11.953: I/Gecko(1553): [1553] WARNING: XPCOM objects created/destroyed from static ctor/dtor: file /home/fischer/Projects/gecko-dev/xpcom/base/nsTraceRefcnt.cpp, line 167
12-03 22:32:11.953: I/Gecko(1553): [1553] WARNING: XPCOM objects created/destroyed from static ctor/dtor: file /home/fischer/Projects/gecko-dev/xpcom/base/nsTraceRefcnt.cpp, line 167
12-03 22:32:11.953: I/Gecko(1553): [1553] WARNING: XPCOM objects created/destroyed from static ctor/dtor: file /home/fischer/Projects/gecko-dev/xpcom/base/nsTraceRefcnt.cpp, line 167
12-03 22:32:11.953: I/Gecko(1553): [1553] WARNING: XPCOM objects created/destroyed from static ctor/dtor: file /home/fischer/Projects/gecko-dev/xpcom/base/nsTraceRefcnt.cpp, line 167
12-03 22:32:11.953: I/Gecko(1553): [1553] WARNING: XPCOM objects created/destroyed from static ctor/dtor: file /home/fischer/Projects/gecko-dev/xpcom/base/nsTraceRefcnt.cpp, line 167
12-03 22:32:11.953: I/Gecko(1553): [1553] WARNING: XPCOM objects created/destroyed from static ctor/dtor: file /home/fischer/Projects/gecko-dev/xpcom/base/nsTraceRefcnt.cpp, line 167
12-03 22:32:11.953: I/Gecko(1553): [1553] WARNING: XPCOM objects created/destroyed from static ctor/dtor: file /home/fischer/Projects/gecko-dev/xpcom/base/nsTraceRefcnt.cpp, line 167
12-03 22:32:11.953: I/Gecko(1553): [1553] WARNING: XPCOM objects created/destroyed from static ctor/dtor: file /home/fischer/Projects/gecko-dev/xpcom/base/nsTraceRefcnt.cpp, line 167
12-03 22:32:11.953: I/Gecko(1553): [1553] WARNING: XPCOM objects created/destroyed from static ctor/dtor: file /home/fischer/Projects/gecko-dev/xpcom/base/nsTraceRefcnt.cpp, line 167
12-03 22:32:11.953: I/Gecko(1553): [1553] WARNING: XPCOM objects created/destroyed from static ctor/dtor: file /home/fischer/Projects/gecko-dev/xpcom/base/nsTraceRefcnt.cpp, line 167
12-03 22:32:11.953: I/Gecko(1553): [1553] WARNING: XPCOM objects created/destroyed from static ctor/dtor: file /home/fischer/Projects/gecko-dev/xpcom/base/nsTraceRefcnt.cpp, line 167
12-03 22:32:11.953: I/Gecko(1553): [1553] WARNING: XPCOM objects created/destroyed from static ctor/dtor: file /home/fischer/Projects/gecko-dev/xpcom/base/nsTraceRefcnt.cpp, line 167
12-03 22:32:11.953: I/Gecko(1553): [1553] WARNING: XPCOM objects created/destroyed from static ctor/dtor: file /home/fischer/Projects/gecko-dev/xpcom/base/nsTraceRefcnt.cpp, line 167
12-03 22:32:11.953: I/Gecko(1553): [1553] WARNING: XPCOM objects created/destroyed from static ctor/dtor: file /home/fischer/Projects/gecko-dev/xpcom/base/nsTraceRefcnt.cpp, line 167
12-03 22:32:11.953: I/Gecko(1553): [1553] WARNING: XPCOM objects created/destroyed from static ctor/dtor: file /home/fischer/Projects/gecko-dev/xpcom/base/nsTraceRefcnt.cpp, line 167
12-03 22:32:11.953: I/Gecko(1553): [1553] WARNING: XPCOM objects created/destroyed from static ctor/dtor: file /home/fischer/Projects/gecko-dev/xpcom/base/nsTraceRefcnt.cpp, line 167
12-03 22:32:11.953: I/Gecko(1553): [1553] WARNING: XPCOM objects created/destroyed from static ctor/dtor: file /home/fischer/Projects/gecko-dev/xpcom/base/nsTraceRefcnt.cpp, line 167
12-03 22:32:11.953: I/Gecko(1553): [1553] WARNING: XPCOM objects created/destroyed from static ctor/dtor: file /home/fischer/Projects/gecko-dev/xpcom/base/nsTraceRefcnt.cpp, line 167
12-03 22:32:11.953: I/Gecko(1553): [1553] WARNING: XPCOM objects created/destroyed from static ctor/dtor: file /home/fischer/Projects/gecko-dev/xpcom/base/nsTraceRefcnt.cpp, line 167
12-03 22:32:11.953: I/Gecko(1553): [1553] WARNING: XPCOM objects created/destroyed from static ctor/dtor: file /home/fischer/Projects/gecko-dev/xpcom/base/nsTraceRefcnt.cpp, line 167
12-03 22:32:11.953: I/Gecko(1553): [1553] WARNING: XPCOM objects created/destroyed from static ctor/dtor: file /home/fischer/Projects/gecko-dev/xpcom/base/nsTraceRefcnt.cpp, line 167
12-03 22:32:11.953: I/Gecko(1553): [1553] WARNING: XPCOM objects created/destroyed from static ctor/dtor: file /home/fischer/Projects/gecko-dev/xpcom/base/nsTraceRefcnt.cpp, line 167
12-03 22:32:11.953: I/Gecko(1553): [1553] WARNING: XPCOM objects created/destroyed from static ctor/dtor: file /home/fischer/Projects/gecko-dev/xpcom/base/nsTraceRefcnt.cpp, line 167
12-03 22:32:11.953: I/Gecko(1553): [1553] WARNING: XPCOM objects created/destroyed from static ctor/dtor: file /home/fischer/Projects/gecko-dev/xpcom/base/nsTraceRefcnt.cpp, line 167
12-03 22:32:11.953: I/Gecko(1553): [1553] WARNING: XPCOM objects created/destroyed from static ctor/dtor: file /home/fischer/Projects/gecko-dev/xpcom/base/nsTraceRefcnt.cpp, line 167
12-03 22:32:11.953: I/Gecko(1553): [1553] WARNING: XPCOM objects created/destroyed from static ctor/dtor: file /home/fischer/Projects/gecko-dev/xpcom/base/nsTraceRefcnt.cpp, line 167
12-03 22:32:11.953: I/Gecko(1553): [1553] WARNING: XPCOM objects created/destroyed from static ctor/dtor: file /home/fischer/Projects/gecko-dev/xpcom/base/nsTraceRefcnt.cpp, line 167
12-03 22:32:11.953: I/Gecko(1553): [1553] WARNING: XPCOM objects created/destroyed from static ctor/dtor: file /home/fischer/Projects/gecko-dev/xpcom/base/nsTraceRefcnt.cpp, line 167
12-03 22:32:11.953: I/Gecko(1553): [1553] WARNING: XPCOM objects created/destroyed from static ctor/dtor: file /home/fischer/Projects/gecko-dev/xpcom/base/nsTraceRefcnt.cpp, line 167
12-03 22:32:11.953: I/Gecko(1553): [1553] WARNING: XPCOM objects created/destroyed from static ctor/dtor: file /home/fischer/Projects/gecko-dev/xpcom/base/nsTraceRefcnt.cpp, line 167
12-03 22:32:11.953: I/Gecko(1553): [1553] WARNING: XPCOM objects created/destroyed from static ctor/dtor: file /home/fischer/Projects/gecko-dev/xpcom/base/nsTraceRefcnt.cpp, line 167
12-03 22:32:11.953: I/Gecko(1553): [1553] WARNING: XPCOM objects created/destroyed from static ctor/dtor: file /home/fischer/Projects/gecko-dev/xpcom/base/nsTraceRefcnt.cpp, line 167
12-03 22:32:11.953: I/Gecko(1553): [1553] WARNING: XPCOM objects created/destroyed from static ctor/dtor: file /home/fischer/Projects/gecko-dev/xpcom/base/nsTraceRefcnt.cpp, line 167
12-03 22:32:11.953: I/Gecko(1553): [1553] WARNING: XPCOM objects created/destroyed from static ctor/dtor: file /home/fischer/Projects/gecko-dev/xpcom/base/nsTraceRefcnt.cpp, line 167
12-03 22:32:11.953: I/Gecko(1553): [1553] WARNING: XPCOM objects created/destroyed from static ctor/dtor: file /home/fischer/Projects/gecko-dev/xpcom/base/nsTraceRefcnt.cpp, line 167
12-03 22:32:11.953: I/Gecko(1553): [1553] WARNING: XPCOM objects created/destroyed from static ctor/dtor: file /home/fischer/Projects/gecko-dev/xpcom/base/nsTraceRefcnt.cpp, line 167
12-03 22:32:11.953: I/Gecko(1553): [1553] WARNING: XPCOM objects created/destroyed from static ctor/dtor: file /home/fischer/Projects/gecko-dev/xpcom/base/nsTraceRefcnt.cpp, line 167
12-03 22:32:11.953: I/Gecko(1553): [1553] WARNING: XPCOM objects created/destroyed from static ctor/dtor: file /home/fischer/Projects/gecko-dev/xpcom/base/nsTraceRefcnt.cpp, line 167
12-03 22:32:11.953: I/Gecko(1553): [1553] WARNING: XPCOM objects created/destroyed from static ctor/dtor: file /home/fischer/Projects/gecko-dev/xpcom/base/nsTraceRefcnt.cpp, line 167
12-03 22:32:11.953: I/Gecko(1553): [1553] WARNING: XPCOM objects created/destroyed from static ctor/dtor: file /home/fischer/Projects/gecko-dev/xpcom/base/nsTraceRefcnt.cpp, line 167
12-03 22:32:11.953: I/Gecko(1553): [1553] WARNING: XPCOM objects created/destroyed from static ctor/dtor: file /home/fischer/Projects/gecko-dev/xpcom/base/nsTraceRefcnt.cpp, line 167
12-03 22:32:11.963: I/Gecko(1553): [1553] WARNING: XPCOM objects created/destroyed from static ctor/dtor: file /home/fischer/Projects/gecko-dev/xpcom/base/nsTraceRefcnt.cpp, line 167
12-03 22:32:11.963: I/Gecko(1553): [1553] WARNING: XPCOM objects created/destroyed from static ctor/dtor: file /home/fischer/Projects/gecko-dev/xpcom/base/nsTraceRefcnt.cpp, line 167
12-03 22:32:11.963: I/Gecko(1553): [1553] WARNING: XPCOM objects created/destroyed from static ctor/dtor: file /home/fischer/Projects/gecko-dev/xpcom/base/nsTraceRefcnt.cpp, line 167
12-03 22:32:11.963: I/Gecko(1553): [1553] WARNING: XPCOM objects created/destroyed from static ctor/dtor: file /home/fischer/Projects/gecko-dev/xpcom/base/nsTraceRefcnt.cpp, line 167
