?:??: W/?(?): --------- beginning of /dev/log/system
08-13 18:59:20.630: I/Vold(169): Vold 2.1 (the revenge) firing up
12-03 22:02:34.250: W/SocketClient(171): write error (Broken pipe)
12-03 22:02:34.250: W/SocketClient(171): write error (Broken pipe)
12-03 22:02:34.250: W/SocketClient(171): --------- beginning of /dev/log/main
12-03 22:42:46.223: V/EventHub(1610): /dev/input/event1 got: time=80067.636746, type=3, code=53, value=493
12-03 22:42:46.223: V/EventHub(1610): event time 80067636746000, now 80067639278736
12-03 22:42:46.223: V/EventHub(1610): /dev/input/event1 got: time=80067.636746, type=3, code=54, value=1430
12-03 22:42:46.223: V/EventHub(1610): event time 80067636746000, now 80067639278736
12-03 22:42:46.233: V/EventHub(1610): /dev/input/event1 got: time=80067.636746, type=3, code=58, value=35
12-03 22:42:46.233: V/EventHub(1610): event time 80067636746000, now 80067639278736
12-03 22:42:46.233: V/EventHub(1610): /dev/input/event1 got: time=80067.636746, type=0, code=0, value=0
12-03 22:42:46.233: V/EventHub(1610): event time 80067636746000, now 80067639278736
12-03 22:42:46.233: V/EventHub(1610): /dev/input/event1 got: time=80067.645044, type=3, code=54, value=1423
12-03 22:42:46.233: V/EventHub(1610): event time 80067645044000, now 80067647507538
12-03 22:42:46.233: V/EventHub(1610): /dev/input/event1 got: time=80067.645044, type=3, code=58, value=41
12-03 22:42:46.233: V/EventHub(1610): event time 80067645044000, now 80067647507538
12-03 22:42:46.233: V/EventHub(1610): /dev/input/event1 got: time=80067.645044, type=0, code=0, value=0
12-03 22:42:46.233: V/EventHub(1610): event time 80067645044000, now 80067647507538
12-03 22:42:46.233: I/Gecko(1610): [Parent 1610] WARNING: Found a non-root APZ with no handoff parent: file /home/fischer/Projects/gecko-dev/gfx/layers/apz/src/APZCTreeManager.cpp, line 1561
12-03 22:42:46.243: V/EventHub(1610): /dev/input/event1 got: time=80067.653409, type=3, code=53, value=491
12-03 22:42:46.243: V/EventHub(1610): event time 80067653409000, now 80067657159049
12-03 22:42:46.243: V/EventHub(1610): /dev/input/event1 got: time=80067.653409, type=3, code=54, value=1399
12-03 22:42:46.243: V/EventHub(1610): event time 80067653409000, now 80067657159049
12-03 22:42:46.243: V/EventHub(1610): /dev/input/event1 got: time=80067.653409, type=3, code=58, value=42
12-03 22:42:46.243: V/EventHub(1610): event time 80067653409000, now 80067657159049
12-03 22:42:46.243: V/EventHub(1610): /dev/input/event1 got: time=80067.653409, type=0, code=0, value=0
12-03 22:42:46.243: V/EventHub(1610): event time 80067653409000, now 80067657159049
12-03 22:42:46.253: V/EventHub(1610): /dev/input/event1 got: time=80067.661751, type=3, code=53, value=484
12-03 22:42:46.253: V/EventHub(1610): event time 80067661751000, now 80067664223320
12-03 22:42:46.253: V/EventHub(1610): /dev/input/event1 got: time=80067.661751, type=3, code=54, value=1349
12-03 22:42:46.253: V/EventHub(1610): event time 80067661751000, now 80067664223320
12-03 22:42:46.253: V/EventHub(1610): /dev/input/event1 got: time=80067.661751, type=3, code=58, value=43
12-03 22:42:46.253: V/EventHub(1610): event time 80067661751000, now 80067664223320
12-03 22:42:46.253: V/EventHub(1610): /dev/input/event1 got: time=80067.661751, type=0, code=0, value=0
12-03 22:42:46.253: V/EventHub(1610): event time 80067661751000, now 80067664223320
12-03 22:42:46.263: V/EventHub(1610): /dev/input/event1 got: time=80067.670114, type=3, code=53, value=473
12-03 22:42:46.263: V/EventHub(1610): event time 80067670114000, now 80067672715768
12-03 22:42:46.263: V/EventHub(1610): /dev/input/event1 got: time=80067.670114, type=3, code=54, value=1283
12-03 22:42:46.263: V/EventHub(1610): event time 80067670114000, now 80067672715768
12-03 22:42:46.263: V/EventHub(1610): /dev/input/event1 got: time=80067.670114, type=0, code=0, value=0
12-03 22:42:46.263: V/EventHub(1610): event time 80067670114000, now 80067672715768
12-03 22:42:46.273: V/EventHub(1610): /dev/input/event1 got: time=80067.678482, type=3, code=53, value=455
12-03 22:42:46.273: V/EventHub(1610): event time 80067678482000, now 80067680964258
12-03 22:42:46.273: V/EventHub(1610): /dev/input/event1 got: time=80067.678482, type=3, code=54, value=1215
12-03 22:42:46.273: V/EventHub(1610): event time 80067678482000, now 80067680964258
12-03 22:42:46.273: V/EventHub(1610): /dev/input/event1 got: time=80067.678482, type=0, code=0, value=0
12-03 22:42:46.273: V/EventHub(1610): event time 80067678482000, now 80067680964258
12-03 22:42:46.283: V/EventHub(1610): /dev/input/event1 got: time=80067.686870, type=3, code=53, value=427
12-03 22:42:46.283: V/EventHub(1610): event time 80067686870000, now 80067690676758
12-03 22:42:46.283: V/EventHub(1610): /dev/input/event1 got: time=80067.686870, type=3, code=54, value=1142
12-03 22:42:46.283: V/EventHub(1610): event time 80067686870000, now 80067690676758
12-03 22:42:46.283: V/EventHub(1610): /dev/input/event1 got: time=80067.686870, type=0, code=0, value=0
12-03 22:42:46.283: V/EventHub(1610): event time 80067686870000, now 80067690676758
12-03 22:42:46.283: V/EventHub(1610): /dev/input/event1 got: time=80067.695204, type=3, code=53, value=391
12-03 22:42:46.283: V/EventHub(1610): event time 80067695204000, now 80067697687747
12-03 22:42:46.283: V/EventHub(1610): /dev/input/event1 got: time=80067.695204, type=3, code=54, value=1073
12-03 22:42:46.283: V/EventHub(1610): event time 80067695204000, now 80067697687747
12-03 22:42:46.283: V/EventHub(1610): /dev/input/event1 got: time=80067.695204, type=0, code=0, value=0
12-03 22:42:46.283: V/EventHub(1610): event time 80067695204000, now 80067697687747
12-03 22:42:46.293: V/EventHub(1610): /dev/input/event1 got: time=80067.702937, type=3, code=53, value=355
12-03 22:42:46.293: V/EventHub(1610): event time 80067702937000, now 80067707534726
12-03 22:42:46.293: V/EventHub(1610): /dev/input/event1 got: time=80067.702937, type=3, code=54, value=1017
12-03 22:42:46.293: V/EventHub(1610): event time 80067702937000, now 80067707534726
12-03 22:42:46.293: V/EventHub(1610): /dev/input/event1 got: time=80067.702937, type=0, code=0, value=0
12-03 22:42:46.293: V/EventHub(1610): event time 80067702937000, now 80067707534726
12-03 22:42:46.303: V/EventHub(1610): /dev/input/event1 got: time=80067.711266, type=3, code=57, value=-1
12-03 22:42:46.303: V/EventHub(1610): event time 80067711266000, now 80067713782330
12-03 22:42:46.303: V/EventHub(1610): /dev/input/event1 got: time=80067.711266, type=0, code=0, value=0
12-03 22:42:46.303: V/EventHub(1610): event time 80067711266000, now 80067713782330
12-03 22:42:47.783: V/EventHub(1610): /dev/input/event1 got: time=80069.196979, type=3, code=57, value=189
12-03 22:42:47.793: V/EventHub(1610): event time 80069196979000, now 80069199482277
12-03 22:42:47.793: V/EventHub(1610): /dev/input/event1 got: time=80069.196979, type=3, code=53, value=546
12-03 22:42:47.793: V/EventHub(1610): event time 80069196979000, now 80069199482277
12-03 22:42:47.793: V/EventHub(1610): /dev/input/event1 got: time=80069.196979, type=3, code=54, value=1203
12-03 22:42:47.793: V/EventHub(1610): event time 80069196979000, now 80069199482277
12-03 22:42:47.793: V/EventHub(1610): /dev/input/event1 got: time=80069.196979, type=3, code=58, value=49
12-03 22:42:47.793: V/EventHub(1610): event time 80069196979000, now 80069199482277
12-03 22:42:47.793: V/EventHub(1610): /dev/input/event1 got: time=80069.196979, type=3, code=48, value=5
12-03 22:42:47.793: V/EventHub(1610): event time 80069196979000, now 80069199482277
12-03 22:42:47.793: V/EventHub(1610): /dev/input/event1 got: time=80069.196979, type=0, code=0, value=0
12-03 22:42:47.793: V/EventHub(1610): event time 80069196979000, now 80069199482277
12-03 22:42:47.793: I/Gecko(1610): [Parent 1610] WARNING: Found a non-root APZ with no handoff parent: file /home/fischer/Projects/gecko-dev/gfx/layers/apz/src/APZCTreeManager.cpp, line 1561
12-03 22:42:47.883: V/EventHub(1610): /dev/input/event1 got: time=80069.288063, type=3, code=57, value=-1
12-03 22:42:47.883: V/EventHub(1610): event time 80069288063000, now 80069290547589
12-03 22:42:47.883: V/EventHub(1610): /dev/input/event1 got: time=80069.288063, type=0, code=0, value=0
12-03 22:42:47.883: V/EventHub(1610): event time 80069288063000, now 80069290547589
12-03 22:42:47.903: I/Gecko(1610): -*-*- Webapps.jsm : _readManifests of {cc8431c1-e359-ec40-9469-5a16757d73ae}
12-03 22:42:47.913: I/Gecko(1610): XXX FIXME : Dispatch a webapps-launch: undefined
12-03 22:42:47.933: I/Gecko(1610): [Parent 1610] WARNING: NS_ENSURE_SUCCESS(rv, rv) failed with result 0x804B000A: file ../../../../gecko-dev/dom/base/nsImageLoadingContent.cpp, line 788
12-03 22:42:48.023: I/Gecko(2902): ######################## extensions.js loaded
12-03 22:42:48.343: I/Gecko(1610): [Parent 1610] WARNING: Suboptimal indexes for the SQL statement 0xae348d60 (http://mzl.la/1FuID0j).: file /home/fischer/Projects/gecko-dev/storage/mozStoragePrivateHelpers.cpp, line 114
12-03 22:42:48.343: I/Gecko(1610): [Parent 1610] WARNING: Suboptimal indexes for the SQL statement 0xae348c80 (http://mzl.la/1FuID0j).: file /home/fischer/Projects/gecko-dev/storage/mozStoragePrivateHelpers.cpp, line 114
12-03 22:42:48.423: W/TV marketplace(2902): [JavaScript Warning: "Use of nsIFile in content process is deprecated." {file: "jar:file:///system/b2g/omni.ja!/components/DirectoryProvider.js" line: 81}]
12-03 22:42:48.483: I/Gecko(1610): ############ ErrorPage.js
12-03 22:42:48.503: I/Gecko(2902): ++DOMWINDOW == 3 (0xaf780800) [pid = 2902] [serial = 3] [outer = 0xb0a9b800]
12-03 22:42:48.533: I/Gecko(2902): ############ ErrorPage.js
12-03 22:42:48.573: I/Gecko(2902): [Child 2902] WARNING: NS_ENSURE_TRUE(ParseTypeAttribute(type, &version)) failed: file /home/fischer/Projects/gecko-dev/dom/base/nsScriptLoader.cpp, line 509
12-03 22:42:48.573: I/Gecko(2902): [Child 2902] WARNING: NS_ENSURE_TRUE(ParseTypeAttribute(type, &version)) failed: file /home/fischer/Projects/gecko-dev/dom/base/nsScriptLoader.cpp, line 509
12-03 22:42:48.573: I/Gecko(2902): [Child 2902] WARNING: NS_ENSURE_TRUE(ParseTypeAttribute(type, &version)) failed: file /home/fischer/Projects/gecko-dev/dom/base/nsScriptLoader.cpp, line 509
12-03 22:42:48.753: E/TV marketplace(2902): Content JS ERROR: net-error
12-03 22:42:48.753: E/TV marketplace(2902):     at initPage (about:neterror?e=netOffline&u=http%3A//fischerliu.net63.net/hostedappcache/&c=UTF-8&f=app&m=http%3A//fischerliu.net63.net/hostedappcache/manifest.webapp&d=Firefox%20is%20currently%20in%20offline%20mode%20and%20can%27t%20browse%20the%20Web.:1170:7002)
12-03 22:42:48.753: E/TV marketplace(2902):     at ee_emit (about:neterror?e=netOffline&u=http%3A//fischerliu.net63.net/hostedappcache/&c=UTF-8&f=app&m=http%3A//fischerliu.net63.net/hostedappcache/manifest.webapp&d=Firefox%20is%20currently%20in%20offline%20mode%20and%20can%27t%20browse%20the%20Web.:905:89)
12-03 22:42:48.753: E/TV marketplace(2902):     at setReady (about:neterror?e=netOffline&u=http%3A//fischerliu.net63.net/hostedappcache/&c=UTF-8&f=app&m=http%3A//fischerliu.net63.net/hostedappcache/manifest.webapp&d=Firefox%20is%20currently%20in%20offline%20mode%20and%20can%27t%20browse%20the%20Web.:1072:80)
12-03 22:42:48.753: E/TV marketplace(2902):     at onL10nLoaded (about:neterror?e=netOffline&u=http%3A//fischerliu.net63.net/hostedappcache/&c=UTF-8&f=app&m=http%3A//fischerliu.net63.net/hostedappcache/manifest.webapp&d=Firefox%20is%20curre
12-03 22:42:48.833: I/Gecko(1610): [Parent 1610] WARNING: 'NS_FAILED(rv)', file /home/fischer/Projects/gecko-dev/dom/base/URL.cpp, line 96
12-03 22:42:48.913: I/Gecko(1610): -*-*- Webapps.jsm : _readManifests of {cc8431c1-e359-ec40-9469-5a16757d73ae}
12-03 22:42:51.423: V/EventHub(1610): /dev/input/event1 got: time=80072.830401, type=3, code=57, value=190
12-03 22:42:51.423: V/EventHub(1610): event time 80072830401000, now 80072832901859
12-03 22:42:51.423: V/EventHub(1610): /dev/input/event1 got: time=80072.830401, type=3, code=53, value=496
12-03 22:42:51.423: V/EventHub(1610): event time 80072830401000, now 80072832901859
12-03 22:42:51.423: V/EventHub(1610): /dev/input/event1 got: time=80072.830401, type=3, code=54, value=1704
12-03 22:42:51.423: V/EventHub(1610): event time 80072830401000, now 80072832901859
12-03 22:42:51.423: V/EventHub(1610): /dev/input/event1 got: time=80072.830401, type=3, code=58, value=46
12-03 22:42:51.423: V/EventHub(1610): event time 80072830401000, now 80072832901859
12-03 22:42:51.423: V/EventHub(1610): /dev/input/event1 got: time=80072.830401, type=0, code=0, value=0
12-03 22:42:51.423: V/EventHub(1610): event time 80072830401000, now 80072832901859
12-03 22:42:51.513: V/EventHub(1610): /dev/input/event1 got: time=80072.921434, type=3, code=57, value=-1
12-03 22:42:51.513: V/EventHub(1610): event time 80072921434000, now 80072923939932
12-03 22:42:51.513: V/EventHub(1610): /dev/input/event1 got: time=80072.921434, type=0, code=0, value=0
12-03 22:42:51.513: V/EventHub(1610): event time 80072921434000, now 80072923939932
12-03 22:42:51.673: I/Gecko(1610): [Parent 1610] WARNING: No Document in SetRequestContext; can not query loadgroup; sending reports may fail.: file /home/fischer/Projects/gecko-dev/dom/security/nsCSPContext.cpp, line 603
12-03 22:42:51.693: I/Gecko(1610): [Parent 1610] WARNING: No Document in SetRequestContext; can not query loadgroup; sending reports may fail.: file /home/fischer/Projects/gecko-dev/dom/security/nsCSPContext.cpp, line 603
12-03 22:42:52.613: D/skia(2902): Running dynamic CPU feature detection
12-03 22:42:52.613: D/skia(2902): START /proc/cpuinfo:
12-03 22:42:52.613: D/skia(2902): Processor : ARMv7 Processor rev 0 (v7l)
12-03 22:42:52.613: D/skia(2902): processor : 0
12-03 22:42:52.613: D/skia(2902): BogoMIPS  : 38.40
12-03 22:42:52.613: D/skia(2902): processor : 1
12-03 22:42:52.613: D/skia(2902): BogoMIPS  : 38.40
12-03 22:42:52.613: D/skia(2902): processor : 2
12-03 22:42:52.613: D/skia(2902): BogoMIPS  : 38.40
12-03 22:42:52.613: D/skia(2902): processor : 3
12-03 22:42:52.613: D/skia(2902): BogoMIPS  : 38.40
12-03 22:42:52.613: D/skia(2902): Features  : swp half thumb fastmult vfp edsp neon vfpv3 tls vfpv4 idiva idivt
12-03 22:42:52.613: D/skia(2902): CPU implementer : 0x51
12-03 22:42:52.613: D/skia(2902): CPU architecture: 7
12-03 22:42:52.613: D/skia(2902): CPU variant : 0x2
12-03 22:42:52.613: D/skia(2902): CPU part  : 0x06f
12-03 22:42:52.613: D/skia(2902): CPU revision  : 0
12-03 22:42:52.613: D/skia(2902): Hardware  : Qualcomm MSM 8974 HAMMERHEAD (Flattened Device Tree)
12-03 22:42:52.613: D/skia(2902): Revision  : 000b
12-03 22:42:52.613: D/skia(2902): Serial    : 0000000000000000
12-03 22:42:52.613: D/skia(2902): END /proc/cpuinfo
12-03 22:42:52.613: D/skia(2902): Device supports ARM NEON instructions!
12-03 22:42:52.923: I/Gecko(2902): --DOCSHELL 0xb0a9b400 == 0 [pid = 2902] [id = 1]
12-03 22:42:53.073: E/TV marketplace(2902): [JavaScript Error: "NS_ERROR_ILLEGAL_VALUE: Component returned failure code: 0x80070057 (NS_ERROR_ILLEGAL_VALUE) [nsIMessageSender.sendAsyncMessage]" {file: "chrome://global/content/BrowserElementChildPreload.js" line: 45}]
12-03 22:42:53.113: I/Gecko(1610): -*-*- Webapps.jsm : _readManifests of bluetooth.gaiamobile.org
12-03 22:42:53.203: V/EventHub(1610): /dev/input/event1 got: time=80074.613877, type=3, code=57, value=191
12-03 22:42:53.203: V/EventHub(1610): event time 80074613877000, now 80074616486337
12-03 22:42:53.203: V/EventHub(1610): /dev/input/event1 got: time=80074.613877, type=3, code=53, value=870
12-03 22:42:53.203: V/EventHub(1610): event time 80074613877000, now 80074616486337
12-03 22:42:53.203: V/EventHub(1610): /dev/input/event1 got: time=80074.613877, type=3, code=54, value=1224
12-03 22:42:53.203: V/EventHub(1610): event time 80074613877000, now 80074616486337
12-03 22:42:53.203: V/EventHub(1610): /dev/input/event1 got: time=80074.613877, type=3, code=58, value=54
12-03 22:42:53.203: V/EventHub(1610): event time 80074613877000, now 80074616486337
12-03 22:42:53.203: V/EventHub(1610): /dev/input/event1 got: time=80074.613877, type=3, code=48, value=6
12-03 22:42:53.203: V/EventHub(1610): event time 80074613877000, now 80074616486337
12-03 22:42:53.203: V/EventHub(1610): /dev/input/event1 got: time=80074.613877, type=0, code=0, value=0
12-03 22:42:53.203: V/EventHub(1610): event time 80074613877000, now 80074616486337
12-03 22:42:53.203: I/Gecko(1610): [Parent 1610] WARNING: Found a non-root APZ with no handoff parent: file /home/fischer/Projects/gecko-dev/gfx/layers/apz/src/APZCTreeManager.cpp, line 1561
12-03 22:42:53.283: I/GonkMemoryPressure(2902): Observed XPCOM shutdown.
12-03 22:42:53.293: V/EventHub(1610): /dev/input/event1 got: time=80074.705299, type=3, code=54, value=1223
12-03 22:42:53.293: V/EventHub(1610): event time 80074705299000, now 80074707887847
12-03 22:42:53.293: V/EventHub(1610): /dev/input/event1 got: time=80074.705299, type=3, code=58, value=55
12-03 22:42:53.293: I/Gecko(2902): [Child 2902] WARNING: NS_ENSURE_TRUE(context) failed: file /home/fischer/Projects/gecko-dev/xpcom/threads/nsThread.cpp, line 769
12-03 22:42:53.293: V/EventHub(1610): event time 80074705299000, now 80074707887847
12-03 22:42:53.293: V/EventHub(1610): /dev/input/event1 got: time=80074.705299, type=0, code=0, value=0
12-03 22:42:53.293: V/EventHub(1610): event time 80074705299000, now 80074707887847
12-03 22:42:53.303: V/EventHub(1610): /dev/input/event1 got: time=80074.713122, type=3, code=54, value=1222
12-03 22:42:53.303: V/EventHub(1610): event time 80074713122000, now 80074715636441
12-03 22:42:53.303: V/EventHub(1610): /dev/input/event1 got: time=80074.713122, type=3, code=58, value=53
12-03 22:42:53.303: V/EventHub(1610): event time 80074713122000, now 80074715636441
12-03 22:42:53.303: V/EventHub(1610): /dev/input/event1 got: time=80074.713122, type=0, code=0, value=0
12-03 22:42:53.303: V/EventHub(1610): event time 80074713122000, now 80074715636441
12-03 22:42:53.313: V/EventHub(1610): /dev/input/event1 got: time=80074.721433, type=3, code=57, value=-1
12-03 22:42:53.313: V/EventHub(1610): event time 80074721433000, now 80074723939774
12-03 22:42:53.313: V/EventHub(1610): /dev/input/event1 got: time=80074.721433, type=0, code=0, value=0
12-03 22:42:53.313: V/EventHub(1610): event time 80074721433000, now 80074723939774
12-03 22:42:53.383: I/Gecko(1610): -*-*- Webapps.jsm : _readManifests of {9b4ba61c-a03a-b24d-ad21-5dd02cc848c8}
12-03 22:42:53.393: I/Gecko(1610): XXX FIXME : Dispatch a webapps-launch: undefined
12-03 22:42:53.403: I/Gecko(1610): [Parent 1610] WARNING: NS_ENSURE_SUCCESS(rv, rv) failed with result 0x804B000A: file ../../../../gecko-dev/dom/base/nsImageLoadingContent.cpp, line 788
12-03 22:42:53.553: I/Gecko(3115): [Child 3115] WARNING: NS_ENSURE_TRUE(XRE_IsParentProcess()) failed: file ../../../../gecko-dev/dom/base/nsFrameMessageManager.cpp, line 1600
12-03 22:42:53.713: I/Gecko(2902): --DOMWINDOW == 2 (0xafa69400) [pid = 2902] [serial = 2] [outer = 0x0] [url = about:blank]
12-03 22:42:53.723: I/Gecko(2902): --DOMWINDOW == 1 (0xb0a9b800) [pid = 2902] [serial = 1] [outer = 0x0] [url = about:neterror?e=netOffline&u=http%3A//fischerliu.net63.net/hostedappcache/&c=UTF-8&f=app&m=http%3A//fischerliu.net63.net/hostedappcache/manifest.webapp&d=Firefox%20is%20currently%20in%20offline%20mode%20and%20can%27t%20browse%20the%20Web.]
12-03 22:42:53.723: I/Gecko(2902): --DOMWINDOW == 0 (0xaf780800) [pid = 2902] [serial = 3] [outer = 0x0] [url = about:neterror?e=netOffline&u=http%3A//fischerliu.net63.net/hostedappcache/&c=UTF-8&f=app&m=http%3A//fischerliu.net63.net/hostedappcache/manifest.webapp&d=Firefox%20is%20currently%20in%20offline%20mode%20and%20can%27t%20browse%20the%20Web.]
12-03 22:42:53.753: I/Gecko(2902): [Child 2902] WARNING: Extra shutdown CC: 'i < NORMAL_SHUTDOWN_COLLECTIONS', file /home/fischer/Projects/gecko-dev/xpcom/base/nsCycleCollector.cpp, line 3557
12-03 22:42:53.813: I/Gecko(2902): [Child 2902] WARNING: Exiting child process early!: file /home/fischer/Projects/gecko-dev/xpcom/build/XPCOMInit.cpp, line 1063
12-03 22:42:53.813: W/Nuwa(2902): Threads remaining at exit:
12-03 22:42:53.813: W/Nuwa(2902):   Chrome_ChildThr (origNativeThreadID=1709 recreatedNativeThreadID=2903)
12-03 22:42:53.823: W/Nuwa(2902):   ImageBridgeChil (origNativeThreadID=1805 recreatedNativeThreadID=2921)
12-03 22:42:53.823: W/Nuwa(2902):   BufferMgrChild (origNativeThreadID=1806 recreatedNativeThreadID=2922)
12-03 22:42:53.823: W/Nuwa(2902): total: 3 outstanding threads. Please fix them so they're destroyed before this point!
12-03 22:42:53.823: W/Nuwa(2902): note: sThreadCount=3, sThreadFreezeCount=19
12-03 22:42:54.073: I/Gecko(3115): ++DOMWINDOW == 2 (0xafa5f400) [pid = 3115] [serial = 2] [outer = 0xb0a9b800]
12-03 22:42:54.123: I/Gecko(3115): [Child 3115] WARNING: NS_ENSURE_TRUE(startupCache) failed: file /home/fischer/Projects/gecko-dev/dom/xbl/nsXBLDocumentInfo.cpp, line 199
12-03 22:42:54.133: I/Gecko(3115): [Child 3115] WARNING: NS_ENSURE_TRUE(startupCache) failed: file /home/fischer/Projects/gecko-dev/dom/xbl/nsXBLDocumentInfo.cpp, line 267
12-03 22:42:54.483: I/Gecko(3115): ######################## extensions.js loaded
12-03 22:42:54.523: I/Gecko(1610): [Parent 1610] WARNING: Suboptimal indexes for the SQL statement 0xae348d60 (http://mzl.la/1FuID0j).: file /home/fischer/Projects/gecko-dev/storage/mozStoragePrivateHelpers.cpp, line 114
12-03 22:42:54.523: I/Gecko(1610): [Parent 1610] WARNING: Suboptimal indexes for the SQL statement 0xae348c80 (http://mzl.la/1FuID0j).: file /home/fischer/Projects/gecko-dev/storage/mozStoragePrivateHelpers.cpp, line 114
12-03 22:42:54.553: W/Wikipedia(3115): [JavaScript Warning: "Use of nsIFile in content process is deprecated." {file: "jar:file:///system/b2g/omni.ja!/components/DirectoryProvider.js" line: 81}]
12-03 22:42:54.603: I/Gecko(3115): ++DOMWINDOW == 3 (0xaf04f400) [pid = 3115] [serial = 3] [outer = 0xb0a9b800]
12-03 22:42:54.693: I/Gecko(1610): [Parent 1610] WARNING: 'NS_FAILED(rv)', file /home/fischer/Projects/gecko-dev/dom/base/URL.cpp, line 96
12-03 22:42:54.693: I/Gecko(3115): [Child 3115] WARNING: NS_ENSURE_TRUE(ParseTypeAttribute(type, &version)) failed: file /home/fischer/Projects/gecko-dev/dom/base/nsScriptLoader.cpp, line 509
12-03 22:42:54.693: I/Gecko(3115): [Child 3115] WARNING: NS_ENSURE_TRUE(ParseTypeAttribute(type, &version)) failed: file /home/fischer/Projects/gecko-dev/dom/base/nsScriptLoader.cpp, line 509
12-03 22:42:54.693: I/Gecko(3115): [Child 3115] WARNING: NS_ENSURE_TRUE(ParseTypeAttribute(type, &version)) failed: file /home/fischer/Projects/gecko-dev/dom/base/nsScriptLoader.cpp, line 509
12-03 22:42:54.723: I/Wikipedia(3115): PAC file installed from data: URI
12-03 22:42:54.883: E/Wikipedia(3115): Content JS ERROR: net-error
12-03 22:42:54.883: E/Wikipedia(3115):     at initPage (about:neterror?e=netOffline&u=https%3A//bits.wikimedia.org/WikipediaMobileFirefoxOS/&c=UTF-8&f=app&m=https%3A//bits.wikimedia.org/WikipediaMobileFirefoxOS/manifest.webapp&d=Firefox%20is%20currently%20in%20offline%20mode%20and%20can%27t%20browse%20the%20Web.:1170:7002)
12-03 22:42:54.883: E/Wikipedia(3115):     at ee_emit (about:neterror?e=netOffline&u=https%3A//bits.wikimedia.org/WikipediaMobileFirefoxOS/&c=UTF-8&f=app&m=https%3A//bits.wikimedia.org/WikipediaMobileFirefoxOS/manifest.webapp&d=Firefox%20is%20currently%20in%20offline%20mode%20and%20can%27t%20browse%20the%20Web.:905:89)
12-03 22:42:54.883: E/Wikipedia(3115):     at setReady (about:neterror?e=netOffline&u=https%3A//bits.wikimedia.org/WikipediaMobileFirefoxOS/&c=UTF-8&f=app&m=https%3A//bits.wikimedia.org/WikipediaMobileFirefoxOS/manifest.webapp&d=Firefox%20is%20currently%20in%20offline%20mode%20and%20can%27t%20browse%20the%20Web.:1072:80)
12-03 22:42:54.883: E/Wikipedia(3115):     at onL10nLoaded (about:neterror?e=netOffline&u=https%3A//bits.wikimedia.org/WikipediaMobileFirefoxOS/&c=UTF-8&f=app&m=https%3A//bits.wikim
12-03 22:42:54.903: I/Gecko(1610): -*-*- Webapps.jsm : _readManifests of {9b4ba61c-a03a-b24d-ad21-5dd02cc848c8}
12-03 22:42:54.903: I/Gecko(3115): ############ ErrorPage.js
12-03 22:42:55.173: I/Gecko(1610): [Parent 1610] WARNING: Unexpected timer!: file /home/fischer/Projects/gecko-dev/dom/ipc/ProcessPriorityManager.cpp, line 1033
12-03 22:42:56.923: V/EventHub(1610): /dev/input/event1 got: time=80078.330530, type=3, code=57, value=192
12-03 22:42:56.923: V/EventHub(1610): event time 80078330530000, now 80078333057586
12-03 22:42:56.923: V/EventHub(1610): /dev/input/event1 got: time=80078.330530, type=3, code=53, value=430
12-03 22:42:56.923: V/EventHub(1610): event time 80078330530000, now 80078333057586
12-03 22:42:56.923: V/EventHub(1610): /dev/input/event1 got: time=80078.330530, type=3, code=54, value=1493
12-03 22:42:56.923: V/EventHub(1610): event time 80078330530000, now 80078333057586
12-03 22:42:56.923: V/EventHub(1610): /dev/input/event1 got: time=80078.330530, type=3, code=58, value=45
12-03 22:42:56.923: V/EventHub(1610): event time 80078330530000, now 80078333057586
12-03 22:42:56.923: V/EventHub(1610): /dev/input/event1 got: time=80078.330530, type=3, code=48, value=4
12-03 22:42:56.923: V/EventHub(1610): event time 80078330530000, now 80078333057586
12-03 22:42:56.923: V/EventHub(1610): /dev/input/event1 got: time=80078.330530, type=0, code=0, value=0
12-03 22:42:56.923: V/EventHub(1610): event time 80078330530000, now 80078333057586
12-03 22:42:57.013: V/EventHub(1610): /dev/input/event1 got: time=80078.421611, type=3, code=57, value=-1
12-03 22:42:57.013: V/EventHub(1610): event time 80078421611000, now 80078424122065
12-03 22:42:57.013: V/EventHub(1610): /dev/input/event1 got: time=80078.421611, type=0, code=0, value=0
12-03 22:42:57.013: V/EventHub(1610): event time 80078421611000, now 80078424122065
12-03 22:42:57.153: I/Gecko(1610): XXX FIXME : Dispatch a mozChromeEvent: activity-choice
12-03 22:42:57.173: I/GeckoDump(1610): XXX FIXME : Got a mozContentEvent: activity-choice
12-03 22:42:57.213: I/Gecko(1610): XXX FIXME : Dispatch a open-app: undefined
12-03 22:42:57.263: I/Gecko(2498): ++DOCSHELL 0xaa522400 == 2 [pid = 2498] [id = 2]
12-03 22:42:57.263: I/Gecko(2498): ++DOMWINDOW == 3 (0xaa522c00) [pid = 2498] [serial = 4] [outer = 0x0]
12-03 22:42:57.353: I/Gecko(2498): ###################################### forms.js loaded
12-03 22:42:57.363: I/Gecko(2498): ###################################### BrowserElementCopyPaste.js loaded
12-03 22:42:57.363: I/Gecko(2498): ############################### browserElementPanning.js loaded
12-03 22:42:57.413: I/Gecko(2498): ######################## BrowserElementChildPreload.js loaded
12-03 22:42:57.423: I/Gecko(2498): ++DOMWINDOW == 4 (0xaa52cc00) [pid = 2498] [serial = 5] [outer = 0xaa522c00]
12-03 22:42:57.453: I/Gecko(2498): ######################## extensions.js loaded
12-03 22:42:57.493: I/Gecko(2498): ++DOMWINDOW == 5 (0xabff4000) [pid = 2498] [serial = 6] [outer = 0xaa522c00]
12-03 22:42:58.073: I/Gecko(1610): [Parent 1610] WARNING: No Document in SetRequestContext; can not query loadgroup; sending reports may fail.: file /home/fischer/Projects/gecko-dev/dom/security/nsCSPContext.cpp, line 603
12-03 22:42:58.073: I/Gecko(1610): [Parent 1610] WARNING: No Document in SetRequestContext; can not query loadgroup; sending reports may fail.: file /home/fischer/Projects/gecko-dev/dom/security/nsCSPContext.cpp, line 603
12-03 22:42:58.073: I/Gecko(1610): [Parent 1610] WARNING: No Document in SetRequestContext; can not query loadgroup; sending reports may fail.: file /home/fischer/Projects/gecko-dev/dom/security/nsCSPContext.cpp, line 603
12-03 22:42:58.163: I/Gecko(1610): [Parent 1610] WARNING: No Document in SetRequestContext; can not query loadgroup; sending reports may fail.: file /home/fischer/Projects/gecko-dev/dom/security/nsCSPContext.cpp, line 603
12-03 22:42:58.163: I/Gecko(1610): [Parent 1610] WARNING: No Document in SetRequestContext; can not query loadgroup; sending reports may fail.: file /home/fischer/Projects/gecko-dev/dom/security/nsCSPContext.cpp, line 603
12-03 22:42:58.233: I/Gecko(1610): [Parent 1610] WARNING: No Document in SetRequestContext; can not query loadgroup; sending reports may fail.: file /home/fischer/Projects/gecko-dev/dom/security/nsCSPContext.cpp, line 603
12-03 22:42:58.233: I/Gecko(1610): [Parent 1610] WARNING: No Document in SetRequestContext; can not query loadgroup; sending reports may fail.: file /home/fischer/Projects/gecko-dev/dom/security/nsCSPContext.cpp, line 603
12-03 22:42:58.583: I/Gecko(1610): -*-*- Webapps.jsm : _readManifests of bluetooth.gaiamobile.org
12-03 22:42:58.743: I/Gecko(1610): [Parent 1610] WARNING: No Document in SetRequestContext; can not query loadgroup; sending reports may fail.: file /home/fischer/Projects/gecko-dev/dom/security/nsCSPContext.cpp, line 603
12-03 22:42:59.013: I/Gecko(3200): [Child 3200] WARNING: NS_ENSURE_TRUE(XRE_IsParentProcess()) failed: file ../../../../gecko-dev/dom/base/nsFrameMessageManager.cpp, line 1600
12-03 22:42:59.403: V/EventHub(1610): /dev/input/event1 got: time=80080.813894, type=3, code=57, value=193
12-03 22:42:59.403: V/EventHub(1610): event time 80080813894000, now 80080816420242
12-03 22:42:59.403: V/EventHub(1610): /dev/input/event1 got: time=80080.813894, type=3, code=53, value=172
12-03 22:42:59.403: V/EventHub(1610): event time 80080813894000, now 80080816420242
12-03 22:42:59.403: V/EventHub(1610): /dev/input/event1 got: time=80080.813894, type=3, code=54, value=682
12-03 22:42:59.403: V/EventHub(1610): event time 80080813894000, now 80080816420242
12-03 22:42:59.403: V/EventHub(1610): /dev/input/event1 got: time=80080.813894, type=3, code=58, value=47
12-03 22:42:59.403: V/EventHub(1610): event time 80080813894000, now 80080816420242
12-03 22:42:59.403: V/EventHub(1610): /dev/input/event1 got: time=80080.813894, type=3, code=48, value=5
12-03 22:42:59.403: V/EventHub(1610): event time 80080813894000, now 80080816420242
12-03 22:42:59.403: V/EventHub(1610): /dev/input/event1 got: time=80080.813894, type=0, code=0, value=0
12-03 22:42:59.403: V/EventHub(1610): event time 80080813894000, now 80080816420242
12-03 22:42:59.463: V/EventHub(1610): /dev/input/event1 got: time=80080.871652, type=3, code=57, value=-1
12-03 22:42:59.463: V/EventHub(1610): event time 80080871652000, now 80080874160659
12-03 22:42:59.463: V/EventHub(1610): /dev/input/event1 got: time=80080.871652, type=0, code=0, value=0
12-03 22:42:59.463: V/EventHub(1610): event time 80080871652000, now 80080874160659
12-03 22:42:59.473: I/Gecko(3200): ++DOMWINDOW == 2 (0xafa73400) [pid = 3200] [serial = 2] [outer = 0xb0a9b800]
12-03 22:42:59.543: I/Gecko(3200): [Child 3200] WARNING: NS_ENSURE_TRUE(startupCache) failed: file /home/fischer/Projects/gecko-dev/dom/xbl/nsXBLDocumentInfo.cpp, line 199
12-03 22:42:59.553: I/Gecko(3200): [Child 3200] WARNING: NS_ENSURE_TRUE(startupCache) failed: file /home/fischer/Projects/gecko-dev/dom/xbl/nsXBLDocumentInfo.cpp, line 267
12-03 22:42:59.903: I/Gecko(1610): [Parent 1610] WARNING: No Document in SetRequestContext; can not query loadgroup; sending reports may fail.: file /home/fischer/Projects/gecko-dev/dom/security/nsCSPContext.cpp, line 603
12-03 22:43:00.023: I/Gecko(1610): [Parent 1610] WARNING: No Document in SetRequestContext; can not query loadgroup; sending reports may fail.: file /home/fischer/Projects/gecko-dev/dom/security/nsCSPContext.cpp, line 603
12-03 22:43:00.023: I/Gecko(1610): [Parent 1610] WARNING: No Document in SetRequestContext; can not query loadgroup; sending reports may fail.: file /home/fischer/Projects/gecko-dev/dom/security/nsCSPContext.cpp, line 603
12-03 22:43:00.023: I/Gecko(1610): [Parent 1610] WARNING: No Document in SetRequestContext; can not query loadgroup; sending reports may fail.: file /home/fischer/Projects/gecko-dev/dom/security/nsCSPContext.cpp, line 603
12-03 22:43:00.033: I/Gecko(1610): XXX FIXME : Dispatch a mozChromeEvent: default-volume-channel-changed
12-03 22:43:00.033: I/Gecko(1610): [Parent 1610] WARNING: No Document in SetRequestContext; can not query loadgroup; sending reports may fail.: file /home/fischer/Projects/gecko-dev/dom/security/nsCSPContext.cpp, line 603
12-03 22:43:00.033: I/Gecko(1610): [Parent 1610] WARNING: No Document in SetRequestContext; can not query loadgroup; sending reports may fail.: file /home/fischer/Projects/gecko-dev/dom/security/nsCSPContext.cpp, line 603
12-03 22:43:00.043: I/Gecko(1610): [Parent 1610] WARNING: No Document in SetRequestContext; can not query loadgroup; sending reports may fail.: file /home/fischer/Projects/gecko-dev/dom/security/nsCSPContext.cpp, line 603
12-03 22:43:00.443: I/(Preallocated app)(3200): PAC file installed from data: URI
12-03 22:43:00.793: I/Gecko(1610): [Parent 1610] WARNING: No Document in SetRequestContext; can not query loadgroup; sending reports may fail.: file /home/fischer/Projects/gecko-dev/dom/security/nsCSPContext.cpp, line 603
12-03 22:43:00.823: I/Gecko(1610): [Parent 1610] WARNING: No Document in SetRequestContext; can not query loadgroup; sending reports may fail.: file /home/fischer/Projects/gecko-dev/dom/security/nsCSPContext.cpp, line 603
12-03 22:43:00.823: I/Gecko(1610): [Parent 1610] WARNING: No Document in SetRequestContext; can not query loadgroup; sending reports may fail.: file /home/fischer/Projects/gecko-dev/dom/security/nsCSPContext.cpp, line 603
12-03 22:43:00.913: I/Gecko(2498): [Child 2498] WARNING: NS_ENSURE_SUCCESS(rv, rv) failed with result 0x80520012: file /home/fischer/Projects/gecko-dev/layout/style/Loader.cpp, line 2121
12-03 22:43:01.003: I/Gecko(1610): [Parent 1610] WARNING: No Document in SetRequestContext; can not query loadgroup; sending reports may fail.: file /home/fischer/Projects/gecko-dev/dom/security/nsCSPContext.cpp, line 603
12-03 22:43:01.003: I/Gecko(1610): [Parent 1610] WARNING: No Document in SetRequestContext; can not query loadgroup; sending reports may fail.: file /home/fischer/Projects/gecko-dev/dom/security/nsCSPContext.cpp, line 603
12-03 22:43:01.003: I/Gecko(1610): [Parent 1610] WARNING: No Document in SetRequestContext; can not query loadgroup; sending reports may fail.: file /home/fischer/Projects/gecko-dev/dom/security/nsCSPContext.cpp, line 603
12-03 22:43:01.073: I/Gecko(3115): --DOMWINDOW == 2 (0xafa5f400) [pid = 3115] [serial = 2] [outer = 0x0] [url = about:blank]
12-03 22:43:01.113: I/Gecko(1610): [Parent 1610] WARNING: No Document in SetRequestContext; can not query loadgroup; sending reports may fail.: file /home/fischer/Projects/gecko-dev/dom/security/nsCSPContext.cpp, line 603
12-03 22:43:01.183: I/Gecko(1610): [Parent 1610] WARNING: No Document in SetRequestContext; can not query loadgroup; sending reports may fail.: file /home/fischer/Projects/gecko-dev/dom/security/nsCSPContext.cpp, line 603
12-03 22:43:01.183: I/Gecko(1610): [Parent 1610] WARNING: No Document in SetRequestContext; can not query loadgroup; sending reports may fail.: file /home/fischer/Projects/gecko-dev/dom/security/nsCSPContext.cpp, line 603
12-03 22:43:01.333: I/Gecko(1610): [Parent 1610] WARNING: No Document in SetRequestContext; can not query loadgroup; sending reports may fail.: file /home/fischer/Projects/gecko-dev/dom/security/nsCSPContext.cpp, line 603
12-03 22:43:01.393: I/Gecko(1610): [Parent 1610] WARNING: No Document in SetRequestContext; can not query loadgroup; sending reports may fail.: file /home/fischer/Projects/gecko-dev/dom/security/nsCSPContext.cpp, line 603
12-03 22:43:01.393: I/Gecko(1610): [Parent 1610] WARNING: No Document in SetRequestContext; can not query loadgroup; sending reports may fail.: file /home/fischer/Projects/gecko-dev/dom/security/nsCSPContext.cpp, line 603
12-03 22:43:01.443: I/Gecko(1610): [Parent 1610] WARNING: No Document in SetRequestContext; can not query loadgroup; sending reports may fail.: file /home/fischer/Projects/gecko-dev/dom/security/nsCSPContext.cpp, line 603
12-03 22:43:01.443: I/Gecko(1610): [Parent 1610] WARNING: No Document in SetRequestContext; can not query loadgroup; sending reports may fail.: file /home/fischer/Projects/gecko-dev/dom/security/nsCSPContext.cpp, line 603
12-03 22:43:01.483: I/Gecko(1610): [Parent 1610] WARNING: No Document in SetRequestContext; can not query loadgroup; sending reports may fail.: file /home/fischer/Projects/gecko-dev/dom/security/nsCSPContext.cpp, line 603
12-03 22:43:01.523: I/Gecko(1610): [Parent 1610] WARNING: No Document in SetRequestContext; can not query loadgroup; sending reports may fail.: file /home/fischer/Projects/gecko-dev/dom/security/nsCSPContext.cpp, line 603
12-03 22:43:01.533: I/Gecko(1610): [Parent 1610] WARNING: No Document in SetRequestContext; can not query loadgroup; sending reports may fail.: file /home/fischer/Projects/gecko-dev/dom/security/nsCSPContext.cpp, line 603
12-03 22:43:01.593: I/Gecko(1610): -*-*- Webapps.jsm : _readManifests of settings.gaiamobile.org
12-03 22:43:01.703: I/Gecko(1610): [Parent 1610] WARNING: No Document in SetRequestContext; can not query loadgroup; sending reports may fail.: file /home/fischer/Projects/gecko-dev/dom/security/nsCSPContext.cpp, line 603
12-03 22:43:01.703: I/Gecko(1610): [Parent 1610] WARNING: No Document in SetRequestContext; can not query loadgroup; sending reports may fail.: file /home/fischer/Projects/gecko-dev/dom/security/nsCSPContext.cpp, line 603
12-03 22:43:01.773: I/Gecko(1610): [Parent 1610] WARNING: No Document in SetRequestContext; can not query loadgroup; sending reports may fail.: file /home/fischer/Projects/gecko-dev/dom/security/nsCSPContext.cpp, line 603
12-03 22:43:01.793: I/Gecko(1610): [Parent 1610] WARNING: No Document in SetRequestContext; can not query loadgroup; sending reports may fail.: file /home/fischer/Projects/gecko-dev/dom/security/nsCSPContext.cpp, line 603
12-03 22:43:01.843: I/Gecko(1610): XXX FIXME : Dispatch a mozFxAccountsChromeEvent: undefined
12-03 22:43:01.863: I/Gecko(1610): XXX FIXME : Dispatch a mozFxAccountsChromeEvent: undefined
12-03 22:43:01.933: W/Settings(2498): Content JS WARN: No callbacks for method getAccount
12-03 22:43:01.933: W/Settings(2498):     at onMessage (app://settings.gaiamobile.org/shared/js/fxa_iac_client.js:90:11)
12-03 22:43:01.933: I/Gecko(1610): [Parent 1610] WARNING: No Document in SetRequestContext; can not query loadgroup; sending reports may fail.: file /home/fischer/Projects/gecko-dev/dom/security/nsCSPContext.cpp, line 603
12-03 22:43:02.113: I/Gecko(1610): [Parent 1610] WARNING: DirectoryDiskUsage ignores symlinks: file /home/fischer/Projects/gecko-dev/dom/devicestorage/nsDeviceStorage.cpp, line 1185
12-03 22:43:02.123: I/Gecko(1610): [Parent 1610] WARNING: DirectoryDiskUsage ignores symlinks: file /home/fischer/Projects/gecko-dev/dom/devicestorage/nsDeviceStorage.cpp, line 1185
12-03 22:43:02.123: I/Gecko(1610): [Parent 1610] WARNING: DirectoryDiskUsage ignores symlinks: file /home/fischer/Projects/gecko-dev/dom/devicestorage/nsDeviceStorage.cpp, line 1185
12-03 22:43:02.123: I/Gecko(1610): [Parent 1610] WARNING: DirectoryDiskUsage ignores symlinks: file /home/fischer/Projects/gecko-dev/dom/devicestorage/nsDeviceStorage.cpp, line 1185
12-03 22:43:02.163: I/Gecko(1610): [Parent 1610] WARNING: No Document in SetRequestContext; can not query loadgroup; sending reports may fail.: file /home/fischer/Projects/gecko-dev/dom/security/nsCSPContext.cpp, line 603
12-03 22:43:02.233: I/Gecko(2498): --DOMWINDOW == 4 (0xaa52cc00) [pid = 2498] [serial = 5] [outer = 0x0] [url = about:blank]
12-03 22:43:02.253: I/Gecko(1610): [Parent 1610] WARNING: No Document in SetRequestContext; can not query loadgroup; sending reports may fail.: file /home/fischer/Projects/gecko-dev/dom/security/nsCSPContext.cpp, line 603
12-03 22:43:02.253: I/Gecko(1610): [Parent 1610] WARNING: No Document in SetRequestContext; can not query loadgroup; sending reports may fail.: file /home/fischer/Projects/gecko-dev/dom/security/nsCSPContext.cpp, line 603
12-03 22:43:02.263: I/Gecko(1610): [Parent 1610] WARNING: No Document in SetRequestContext; can not query loadgroup; sending reports may fail.: file /home/fischer/Projects/gecko-dev/dom/security/nsCSPContext.cpp, line 603
12-03 22:43:02.273: I/Gecko(1610): [Parent 1610] WARNING: No Document in SetRequestContext; can not query loadgroup; sending reports may fail.: file /home/fischer/Projects/gecko-dev/dom/security/nsCSPContext.cpp, line 603
12-03 22:43:02.273: I/Gecko(1610): [Parent 1610] WARNING: No Document in SetRequestContext; can not query loadgroup; sending reports may fail.: file /home/fischer/Projects/gecko-dev/dom/security/nsCSPContext.cpp, line 603
12-03 22:43:02.273: I/Gecko(1610): [Parent 1610] WARNING: No Document in SetRequestContext; can not query loadgroup; sending reports may fail.: file /home/fischer/Projects/gecko-dev/dom/security/nsCSPContext.cpp, line 603
12-03 22:43:02.283: I/Gecko(1610): [Parent 1610] WARNING: No Document in SetRequestContext; can not query loadgroup; sending reports may fail.: file /home/fischer/Projects/gecko-dev/dom/security/nsCSPContext.cpp, line 603
12-03 22:43:02.283: I/Gecko(1610): [Parent 1610] WARNING: No Document in SetRequestContext; can not query loadgroup; sending reports may fail.: file /home/fischer/Projects/gecko-dev/dom/security/nsCSPContext.cpp, line 603
12-03 22:43:02.303: I/Gecko(1610): [Parent 1610] WARNING: No Document in SetRequestContext; can not query loadgroup; sending reports may fail.: file /home/fischer/Projects/gecko-dev/dom/security/nsCSPContext.cpp, line 603
12-03 22:43:02.303: I/Gecko(1610): [Parent 1610] WARNING: No Document in SetRequestContext; can not query loadgroup; sending reports may fail.: file /home/fischer/Projects/gecko-dev/dom/security/nsCSPContext.cpp, line 603
12-03 22:43:02.343: I/Gecko(1610): [Parent 1610] WARNING: No Document in SetRequestContext; can not query loadgroup; sending reports may fail.: file /home/fischer/Projects/gecko-dev/dom/security/nsCSPContext.cpp, line 603
12-03 22:43:02.373: I/Gecko(1610): [Parent 1610] WARNING: No Document in SetRequestContext; can not query loadgroup; sending reports may fail.: file /home/fischer/Projects/gecko-dev/dom/security/nsCSPContext.cpp, line 603
12-03 22:43:02.373: I/Gecko(1610): [Parent 1610] WARNING: No Document in SetRequestContext; can not query loadgroup; sending reports may fail.: file /home/fischer/Projects/gecko-dev/dom/security/nsCSPContext.cpp, line 603
12-03 22:43:02.413: I/Gecko(1610): [Parent 1610] WARNING: No Document in SetRequestContext; can not query loadgroup; sending reports may fail.: file /home/fischer/Projects/gecko-dev/dom/security/nsCSPContext.cpp, line 603
12-03 22:43:02.433: I/Gecko(1610): [Parent 1610] WARNING: No Document in SetRequestContext; can not query loadgroup; sending reports may fail.: file /home/fischer/Projects/gecko-dev/dom/security/nsCSPContext.cpp, line 603
12-03 22:43:02.503: I/Gecko(1610): [Parent 1610] WARNING: No Document in SetRequestContext; can not query loadgroup; sending reports may fail.: file /home/fischer/Projects/gecko-dev/dom/security/nsCSPContext.cpp, line 603
12-03 22:43:02.503: I/Gecko(1610): [Parent 1610] WARNING: No Document in SetRequestContext; can not query loadgroup; sending reports may fail.: file /home/fischer/Projects/gecko-dev/dom/security/nsCSPContext.cpp, line 603
12-03 22:43:02.513: I/Gecko(1610): [Parent 1610] WARNING: No Document in SetRequestContext; can not query loadgroup; sending reports may fail.: file /home/fischer/Projects/gecko-dev/dom/security/nsCSPContext.cpp, line 603
12-03 22:43:02.513: I/Gecko(1610): [Parent 1610] WARNING: No Document in SetRequestContext; can not query loadgroup; sending reports may fail.: file /home/fischer/Projects/gecko-dev/dom/security/nsCSPContext.cpp, line 603
12-03 22:43:02.543: I/Gecko(1610): [Parent 1610] WARNING: No Document in SetRequestContext; can not query loadgroup; sending reports may fail.: file /home/fischer/Projects/gecko-dev/dom/security/nsCSPContext.cpp, line 603
12-03 22:43:02.543: I/Gecko(1610): [Parent 1610] WARNING: No Document in SetRequestContext; can not query loadgroup; sending reports may fail.: file /home/fischer/Projects/gecko-dev/dom/security/nsCSPContext.cpp, line 603
12-03 22:43:02.543: I/Gecko(1610): [Parent 1610] WARNING: No Document in SetRequestContext; can not query loadgroup; sending reports may fail.: file /home/fischer/Projects/gecko-dev/dom/security/nsCSPContext.cpp, line 603
12-03 22:43:02.553: I/Gecko(1610): [Parent 1610] WARNING: No Document in SetRequestContext; can not query loadgroup; sending reports may fail.: file /home/fischer/Projects/gecko-dev/dom/security/nsCSPContext.cpp, line 603
12-03 22:43:02.563: I/Gecko(1610): [Parent 1610] WARNING: No Document in SetRequestContext; can not query loadgroup; sending reports may fail.: file /home/fischer/Projects/gecko-dev/dom/security/nsCSPContext.cpp, line 603
12-03 22:43:02.563: I/Gecko(1610): [Parent 1610] WARNING: No Document in SetRequestContext; can not query loadgroup; sending reports may fail.: file /home/fischer/Projects/gecko-dev/dom/security/nsCSPContext.cpp, line 603
12-03 22:43:02.563: I/Gecko(1610): [Parent 1610] WARNING: No Document in SetRequestContext; can not query loadgroup; sending reports may fail.: file /home/fischer/Projects/gecko-dev/dom/security/nsCSPContext.cpp, line 603
12-03 22:43:02.583: I/Gecko(1610): [Parent 1610] WARNING: No Document in SetRequestContext; can not query loadgroup; sending reports may fail.: file /home/fischer/Projects/gecko-dev/dom/security/nsCSPContext.cpp, line 603
12-03 22:43:02.653: I/Gecko(1610): [Parent 1610] WARNING: No Document in SetRequestContext; can not query loadgroup; sending reports may fail.: file /home/fischer/Projects/gecko-dev/dom/security/nsCSPContext.cpp, line 603
12-03 22:43:02.673: I/Gecko(1610): [Parent 1610] WARNING: No Document in SetRequestContext; can not query loadgroup; sending reports may fail.: file /home/fischer/Projects/gecko-dev/dom/security/nsCSPContext.cpp, line 603
12-03 22:43:03.103: V/EventHub(1610): /dev/input/event1 got: time=80084.514653, type=3, code=57, value=194
12-03 22:43:03.103: V/EventHub(1610): event time 80084514653000, now 80084517391385
12-03 22:43:03.103: V/EventHub(1610): /dev/input/event1 got: time=80084.514653, type=3, code=53, value=939
12-03 22:43:03.103: V/EventHub(1610): event time 80084514653000, now 80084517391385
12-03 22:43:03.103: V/EventHub(1610): /dev/input/event1 got: time=80084.514653, type=3, code=54, value=386
12-03 22:43:03.103: V/EventHub(1610): event time 80084514653000, now 80084517391385
12-03 22:43:03.103: V/EventHub(1610): /dev/input/event1 got: time=80084.514653, type=3, code=58, value=56
12-03 22:43:03.103: V/EventHub(1610): event time 80084514653000, now 80084517391385
12-03 22:43:03.103: V/EventHub(1610): /dev/input/event1 got: time=80084.514653, type=3, code=48, value=6
12-03 22:43:03.113: V/EventHub(1610): event time 80084514653000, now 80084517391385
12-03 22:43:03.113: V/EventHub(1610): /dev/input/event1 got: time=80084.514653, type=0, code=0, value=0
12-03 22:43:03.113: V/EventHub(1610): event time 80084514653000, now 80084517391385
12-03 22:43:03.183: V/EventHub(1610): /dev/input/event1 got: time=80084.588816, type=3, code=54, value=385
12-03 22:43:03.183: V/EventHub(1610): event time 80084588816000, now 80084591298625
12-03 22:43:03.183: V/EventHub(1610): /dev/input/event1 got: time=80084.588816, type=3, code=58, value=54
12-03 22:43:03.183: V/EventHub(1610): event time 80084588816000, now 80084591298625
12-03 22:43:03.183: V/EventHub(1610): /dev/input/event1 got: time=80084.588816, type=0, code=0, value=0
12-03 22:43:03.183: V/EventHub(1610): event time 80084588816000, now 80084591298625
12-03 22:43:03.183: V/EventHub(1610): /dev/input/event1 got: time=80084.597058, type=3, code=57, value=-1
12-03 22:43:03.183: V/EventHub(1610): event time 80084597058000, now 80084599520968
12-03 22:43:03.183: V/EventHub(1610): /dev/input/event1 got: time=80084.597058, type=0, code=0, value=0
12-03 22:43:03.183: V/EventHub(1610): event time 80084597058000, now 80084599520968
12-03 22:43:03.253: I/Gecko(1610): [Parent 1610] WARNING: No Document in SetRequestContext; can not query loadgroup; sending reports may fail.: file /home/fischer/Projects/gecko-dev/dom/security/nsCSPContext.cpp, line 603
12-03 22:43:03.263: I/Gecko(1610): [Parent 1610] WARNING: No Document in SetRequestContext; can not query loadgroup; sending reports may fail.: file /home/fischer/Projects/gecko-dev/dom/security/nsCSPContext.cpp, line 603
12-03 22:43:03.313: I/Gecko(1610): [Parent 1610] WARNING: No Document in SetRequestContext; can not query loadgroup; sending reports may fail.: file /home/fischer/Projects/gecko-dev/dom/security/nsCSPContext.cpp, line 603
12-03 22:43:03.363: I/Gecko(1610): [Parent 1610] WARNING: No Document in SetRequestContext; can not query loadgroup; sending reports may fail.: file /home/fischer/Projects/gecko-dev/dom/security/nsCSPContext.cpp, line 603
12-03 22:43:03.393: D/SoftapController(171): Softap fwReload - Ok
12-03 22:43:03.523: E/BandwidthController(171): No such iface wlan0 to delete
12-03 22:43:05.473: I/wpa_supplicant(3287): Successfully initialized wpa_supplicant
12-03 22:43:05.473: I/wpa_supplicant(3287): rfkill: Cannot open RFKILL control device
12-03 22:43:06.403: I/Settings(2498): Content JS LOG: Please check passing options for updateListItemStatus
12-03 22:43:06.403: I/Settings(2498):     at WifiUtils.updateListItemStatus (app://settings.gaiamobile.org/js/modules/wifi_utils.js:314:9)
12-03 22:43:06.413: W/Settings(2498): Content JS WARN: L10nError: "full-status-undefined" not found in en-US in app://settings.gaiamobile.org/index.html#
12-03 22:43:06.413: W/Settings(2498):     at reportMissingEntity (app://settings.gaiamobile.org/shared/js/l10n.js:2120:9)
12-03 22:43:06.423: I/Settings(2498): Content JS LOG: Please check passing options for updateListItemStatus
12-03 22:43:06.423: I/Settings(2498):     at WifiUtils.updateListItemStatus (app://settings.gaiamobile.org/js/modules/wifi_utils.js:314:9)
