12-03 22:30:45.533: I/Gecko(435): -*-*- Webapps.jsm : Find fallback manifestCache on manifest.webapp of id = {c401fc3f-cd01-c449-b88e-1b4c19e2454f}
12-03 22:30:45.543: I/Gecko(435): -*-*- Webapps.jsm : _readManifests of bluetooth.gaiamobile.org
12-03 22:30:47.263: I/Gecko(435): -*-*- Webapps.jsm : _readManifests of bluetooth.gaiamobile.org
12-03 22:30:47.283: I/Gecko(435): Extension error: [Exception... "Failed to open input source 'app://addon1.gaiamobile.org/manifest.json'"  nsresult: "0x80520012 (NS_ERROR_FILE_NOT_FOUND)"  location: "JS frame :: resource://gre/modules/Extension.jsm :: readJSON/< :: line 445"  data: yes] resource://gre/modules/Extension.jsm:445
12-03 22:30:47.283: E/GeckoConsole(435): [JavaScript Error: "[Exception... "Failed to open input source 'app://addon1.gaiamobile.org/manifest.json'"  nsresult: "0x80520012 (NS_ERROR_FILE_NOT_FOUND)"  location: "JS frame :: resource://gre/modules/Extension.jsm :: readJSON/< :: line 445"  data: yes]" {file: "resource://gre/modules/Extension.jsm" line: 938}]
12-03 22:30:47.283: I/Gecko(435): Extension error: [Exception... "Failed to open input source 'app://addon2.gaiamobile.org/manifest.json'"  nsresult: "0x80520012 (NS_ERROR_FILE_NOT_FOUND)"  location: "JS frame :: resource://gre/modules/Extension.jsm :: readJSON/< :: line 445"  data: yes] resource://gre/modules/Extension.jsm:445
12-03 22:30:47.283: E/GeckoConsole(435): [JavaScript Error: "[Exception... "Failed to open input source 'app://addon2.gaiamobile.org/manifest.json'"  nsresult: "0x80520012 (NS_ERROR_FILE_NOT_FOUND)"  location: "JS frame :: resource://gre/modules/Extension.jsm :: readJSON/< :: line 445"  data: yes]" {file: "resource://gre/modules/Extension.jsm" line: 938}]
12-03 22:30:47.283: I/Gecko(435): Extension error: [Exception... "Failed to open input source 'app://addon3.gaiamobile.org/manifest.json'"  nsresult: "0x80520012 (NS_ERROR_FILE_NOT_FOUND)"  location: "JS frame :: resource://gre/modules/Extension.jsm :: readJSON/< :: line 445"  data: yes] resource://gre/modules/Extension.jsm:445
12-03 22:30:47.283: E/GeckoConsole(435): [JavaScript Error: "[Exception... "Failed to open input source 'app://addon3.gaiamobile.org/manifest.json'"  nsresult: "0x80520012 (NS_ERROR_FILE_NOT_FOUND)"  location: "JS frame :: resource://gre/modules/Extension.jsm :: readJSON/< :: line 445"  data: yes]" {file: "resource://gre/modules/Extension.jsm" line: 938}]
12-03 22:30:47.563: I/wpa_supplicant(686): Successfully initialized wpa_supplicant
12-03 22:30:47.563: I/wpa_supplicant(686): rfkill: Cannot open RFKILL control device
12-03 22:30:47.713: I/VolumeManager(435): SetUnmountRequested for volume sdcard to 0 CanBeMounted = 0
12-03 22:30:47.713: I/VolumeManager(435): SetMountRequested for volume sdcard to 0 CanBeMounted = 0
12-03 22:30:47.713: I/VolumeManager(435): SetSharingMode for volume sdcard to 1 canBeShared = 0
12-03 22:30:47.713: I/AutoMounter(435): UpdateState: ums:A0C0E0 mtp:A1C0E0 mode:0 usb:1 tryToShare:0 state:IDLE
12-03 22:30:47.713: I/AutoMounter(435): UpdateState: Volume sdcard is Mounted and inserted @ /mnt/shell/emulated/0 gen 1 locked 0 sharing x
12-03 22:30:47.713: I/AutoMounter(435): UpdateState: ums:A0C0E0 mtp:A1C0E0 mode:0 usb:1 tryToShare:0 state:IDLE
12-03 22:30:47.713: I/AutoMounter(435): UpdateState: Volume sdcard is Mounted and inserted @ /mnt/shell/emulated/0 gen 1 locked 0 sharing x
12-03 22:30:47.833: I/Gecko(640): [Child 640] WARNING: NS_ENSURE_TRUE(XRE_IsParentProcess()) failed: file ../../../../gecko-dev/dom/base/nsFrameMessageManager.cpp, line 1600
12-03 22:30:48.263: I/Gecko(640): ++DOMWINDOW == 2 (0xafa6e800) [pid = 640] [serial = 2] [outer = 0xb0a98800]
12-03 22:30:48.313: I/Gecko(640): [Child 640] WARNING: NS_ENSURE_TRUE(startupCache) failed: file /home/fischer/Projects/gecko-dev/dom/xbl/nsXBLDocumentInfo.cpp, line 199
12-03 22:30:48.313: I/Gecko(640): [Child 640] WARNING: NS_ENSURE_TRUE(startupCache) failed: file /home/fischer/Projects/gecko-dev/dom/xbl/nsXBLDocumentInfo.cpp, line 267
12-03 22:30:48.633: I/Gecko(435): -*- WifiWorker component: detected SDK version 19
12-03 22:30:48.703: I/Gecko(435): -*- WifiWorker component: Event coming in: CTRL-EVENT-STATE-CHANGE id=-1 state=0 BSSID=00:00:00:00:00:00 SSID=
12-03 22:30:48.703: I/Gecko(435): -*- WifiWorker component: State change: INITIALIZING -> DISCONNECTED
12-03 22:30:48.703: D/wpa_supplicant(686): RX ctrl_iface - hexdump(len=23): 44 52 49 56 45 52 20 53 45 54 53 55 53 50 45 4e 44 4d 4f 44 45 20 31
12-03 22:30:48.703: D/wpa_supplicant(686): wlan0: Control interface command 'DRIVER SETSUSPENDMODE 1'
12-03 22:30:48.703: I/Gecko(435): -*- WifiWorker component: State change: DISCONNECTED -> DISCONNECTED
12-03 22:30:48.703: I/Gecko(435): -*- WifiWorker component: Connected to supplicant
12-03 22:30:48.713: D/wpa_supplicant(686): wpa_driver_nl80211_driver_cmd  len = 0, 0
12-03 22:30:48.713: D/wpa_supplicant(686): RX ctrl_iface - hexdump(len=23): 44 52 49 56 45 52 20 53 45 54 53 55 53 50 45 4e 44 4d 4f 44 45 20 31
12-03 22:30:48.713: D/wpa_supplicant(686): wlan0: Control interface command 'DRIVER SETSUSPENDMODE 1'
12-03 22:30:48.713: D/wpa_supplicant(686): wpa_driver_nl80211_driver_cmd  len = 0, 0
12-03 22:30:48.713: D/wpa_supplicant(686): RX ctrl_iface - hexdump(len=13): 4c 49 53 54 5f 4e 45 54 57 4f 52 4b 53
12-03 22:30:48.713: D/wpa_supplicant(686): wlan0: Control interface command 'LIST_NETWORKS'
12-03 22:30:48.713: D/wpa_supplicant(686): RX ctrl_iface - hexdump(len=14): 44 52 49 56 45 52 20 4d 41 43 41 44 44 52
12-03 22:30:48.713: D/wpa_supplicant(686): wlan0: Control interface command 'DRIVER MACADDR'
12-03 22:30:48.713: D/wpa_supplicant(686): RX ctrl_iface - hexdump(len=8): 53 45 54 20 70 73 20 31
12-03 22:30:48.713: D/wpa_supplicant(686): wlan0: Control interface command 'SET ps 1'
12-03 22:30:48.713: D/wpa_supplicant(686): CTRL_IFACE SET 'ps'='1'
12-03 22:30:48.713: D/wpa_supplicant(686): nl80211: set_p2p_powersave (legacy_ps=1 opp_ps=-1 ctwindow=-1)
12-03 22:30:48.713: D/wpa_supplicant(686): RX ctrl_iface - hexdump(len=8): 53 45 54 20 70 73 20 31
12-03 22:30:48.713: D/wpa_supplicant(686): wlan0: Control interface command 'SET ps 1'
12-03 22:30:48.713: D/wpa_supplicant(686): CTRL_IFACE SET 'ps'='1'
12-03 22:30:48.713: D/wpa_supplicant(686): nl80211: set_p2p_powersave (legacy_ps=1 opp_ps=-1 ctwindow=-1)
12-03 22:30:48.723: D/wpa_supplicant(686): RX ctrl_iface - hexdump(len=8): 53 45 54 20 70 73 20 31
12-03 22:30:48.723: D/wpa_supplicant(686): wlan0: Control interface command 'SET ps 1'
12-03 22:30:48.723: D/wpa_supplicant(686): CTRL_IFACE SET 'ps'='1'
12-03 22:30:48.723: D/wpa_supplicant(686): nl80211: set_p2p_powersave (legacy_ps=1 opp_ps=-1 ctwindow=-1)
12-03 22:30:48.723: D/wpa_supplicant(686): RX ctrl_iface - hexdump(len=9): 41 50 5f 53 43 41 4e 20 31
12-03 22:30:48.723: D/wpa_supplicant(686): wlan0: Control interface command 'AP_SCAN 1'
12-03 22:30:48.723: I/Gecko(435): -*- WifiWorker component: Got mac: f8:a9:d0:64:c4:a2
12-03 22:30:48.753: D/wpa_supplicant(686): RX ctrl_iface - hexdump(len=11): 53 41 56 45 5f 43 4f 4e 46 49 47
12-03 22:30:48.753: D/wpa_supplicant(686): wlan0: Control interface command 'SAVE_CONFIG'
12-03 22:30:48.753: D/wpa_supplicant(686): Writing configuration file '/data/misc/wifi/wpa_supplicant.conf'
12-03 22:30:48.753: D/wpa_supplicant(686): Configuration file '/data/misc/wifi/wpa_supplicant.conf' written successfully
12-03 22:30:48.753: D/wpa_supplicant(686): CTRL_IFACE: SAVE_CONFIG - Configuration updated
12-03 22:30:48.823: I/Gecko(435): ++DOCSHELL 0xa9874400 == 2 [pid = 435] [id = 2]
12-03 22:30:48.823: I/Gecko(435): ++DOMWINDOW == 3 (0xa9875400) [pid = 435] [serial = 3] [outer = 0x0]
12-03 22:30:49.013: I/Gecko(435): ###################################### forms.js loaded
12-03 22:30:49.023: I/Gecko(435): ###################################### BrowserElementCopyPaste.js loaded
12-03 22:30:49.033: I/Gecko(435): ############################### browserElementPanning.js loaded
12-03 22:30:49.083: I/Gecko(435): ######################## BrowserElementChildPreload.js loaded
12-03 22:30:49.153: I/Gecko(435): ++DOMWINDOW == 4 (0xa995a400) [pid = 435] [serial = 4] [outer = 0xa9875400]
12-03 22:30:49.173: I/Gecko(435): ######################## extensions.js loaded
12-03 22:30:49.223: I/Gecko(435): *** UTM:SVC TimerManager:registerTimer - id: user-agent-updates-timer
12-03 22:30:49.223: I/GeckoConsole(435): UTM:SVC TimerManager:registerTimer - id: user-agent-updates-timer
12-03 22:30:49.303: I/(Preallocated app)(640): PAC file installed from data: URI
12-03 22:30:49.313: I/Gecko(435): ++DOMWINDOW == 5 (0xa9963800) [pid = 435] [serial = 5] [outer = 0xa9875400]
12-03 22:30:49.433: D/wpa_supplicant(686): EAPOL: disable timer tick
12-03 22:30:49.433: D/wpa_supplicant(686): EAPOL: Supplicant port status: Unauthorized
12-03 22:30:49.433: D/wpa_supplicant(686): nl80211: Set supplicant port unauthorized for 00:00:00:00:00:00
12-03 22:30:49.603: I/Gecko(435): [Parent 435] WARNING: NS_ENSURE_SUCCESS(rv, rv) failed with result 0x80520012: file /home/fischer/Projects/gecko-dev/layout/style/Loader.cpp, line 2390
12-03 22:30:50.183: I/Gecko(435): -*-*- Webapps.jsm : _readManifests of bluetooth.gaiamobile.org
12-03 22:30:50.493: I/Gecko(435): [Parent 435] WARNING: NS_ENSURE_SUCCESS(rv, rv) failed with result 0x80520012: file /home/fischer/Projects/gecko-dev/layout/style/Loader.cpp, line 2121
12-03 22:30:52.133: I/Gecko(435): XXX FIXME : Dispatch a mozChromeEvent: webapps-registry-ready
12-03 22:30:52.443: I/Gecko(435): Attempting load of libEGL.so
12-03 22:30:52.443: D/libEGL(435): loaded /vendor/lib/egl/libEGL_adreno.so
12-03 22:30:52.443: D/libEGL(435): loaded /vendor/lib/egl/libGLESv1_CM_adreno.so
12-03 22:30:52.453: D/libEGL(435): loaded /vendor/lib/egl/libGLESv2_adreno.so
12-03 22:30:52.453: I/Adreno-EGL(435): <qeglDrvAPI_eglInitialize:320>: EGL 1.4 QUALCOMM Build: I0404c4692afb8623f95c43aeb6d5e13ed4b30ddbDate: 11/06/13
12-03 22:30:52.473: I/Gecko(435): Initializing context 0xac3e98b0 surface 0xa9918120 on display 0x1
12-03 22:30:52.493: I/GeckoConsole(435): OpenGL compositor Initialized Succesfully.
12-03 22:30:52.493: I/GeckoConsole(435): Version: OpenGL ES 3.0 V@53.0 AU@  (CL@)
12-03 22:30:52.493: I/GeckoConsole(435): Vendor: Qualcomm
12-03 22:30:52.493: I/GeckoConsole(435): Renderer: Adreno (TM) 330
12-03 22:30:52.493: I/GeckoConsole(435): FBO Texture Target: TEXTURE_2D
12-03 22:30:52.633: I/Gecko(435): XXX FIXME : Dispatch a mozChromeEvent: system-first-paint
12-03 22:30:53.273: I/Gecko(435): LogShake.jsm: Disabling QA Mode
12-03 22:30:54.663: I/Gecko(435): --DOMWINDOW == 4 (0xa995a400) [pid = 435] [serial = 4] [outer = 0x0] [url = about:blank]
12-03 22:30:54.713: I/GeckoDump(435): AUS:Settings: Not a dogfooder!
12-03 22:30:57.073: I/GeckoDump(435): AdbController: Starting USB debugger on /data/local/debugger-socket
12-03 22:30:57.353: I/Gecko(435): [Parent 435] WARNING: Unexpected topic in AudioManager: file /home/fischer/Projects/gecko-dev/dom/system/gonk/AudioManager.cpp, line 606
12-03 22:30:57.353: I/Gecko(435): [Parent 435] WARNING: Unexpected topic in AudioManager: file /home/fischer/Projects/gecko-dev/dom/system/gonk/AudioManager.cpp, line 606
12-03 22:30:57.353: I/Gecko(435): [Parent 435] WARNING: Unexpected topic in AudioManager: file /home/fischer/Projects/gecko-dev/dom/system/gonk/AudioManager.cpp, line 606
12-03 22:30:57.353: I/Gecko(435): [Parent 435] WARNING: Unexpected topic in AudioManager: file /home/fischer/Projects/gecko-dev/dom/system/gonk/AudioManager.cpp, line 606
12-03 22:30:57.363: I/Gecko(435): [Parent 435] WARNING: Unexpected topic in AudioManager: file /home/fischer/Projects/gecko-dev/dom/system/gonk/AudioManager.cpp, line 606
12-03 22:30:57.363: I/Gecko(435): [Parent 435] WARNING: Unexpected topic in AudioManager: file /home/fischer/Projects/gecko-dev/dom/system/gonk/AudioManager.cpp, line 606
12-03 22:30:57.363: I/Gecko(435): [Parent 435] WARNING: Unexpected topic in AudioManager: file /home/fischer/Projects/gecko-dev/dom/system/gonk/AudioManager.cpp, line 606
12-03 22:30:57.363: I/Gecko(435): [Parent 435] WARNING: Unexpected topic in AudioManager: file /home/fischer/Projects/gecko-dev/dom/system/gonk/AudioManager.cpp, line 606
12-03 22:30:57.373: I/Gecko(435): [Parent 435] WARNING: Unexpected topic in AudioManager: file /home/fischer/Projects/gecko-dev/dom/system/gonk/AudioManager.cpp, line 606
12-03 22:30:57.373: I/Gecko(435): [Parent 435] WARNING: Unexpected topic in AudioManager: file /home/fischer/Projects/gecko-dev/dom/system/gonk/AudioManager.cpp, line 606
12-03 22:30:57.373: I/Gecko(435): [Parent 435] WARNING: Unexpected topic in AudioManager: file /home/fischer/Projects/gecko-dev/dom/system/gonk/AudioManager.cpp, line 606
12-03 22:30:57.383: I/Gecko(435): [Parent 435] WARNING: Unexpected topic in AudioManager: file /home/fischer/Projects/gecko-dev/dom/system/gonk/AudioManager.cpp, line 606
12-03 22:30:57.383: I/Gecko(435): [Parent 435] WARNING: Unexpected topic in AudioManager: file /home/fischer/Projects/gecko-dev/dom/system/gonk/AudioManager.cpp, line 606
12-03 22:30:57.383: I/Gecko(435): [Parent 435] WARNING: Unexpected topic in AudioManager: file /home/fischer/Projects/gecko-dev/dom/system/gonk/AudioManager.cpp, line 606
12-03 22:30:57.383: I/Gecko(435): [Parent 435] WARNING: Unexpected topic in AudioManager: file /home/fischer/Projects/gecko-dev/dom/system/gonk/AudioManager.cpp, line 606
12-03 22:30:57.553: I/Gecko(435): [Parent 435] WARNING: NS_ENSURE_SUCCESS(rv, rv) failed with result 0x80520012: file /home/fischer/Projects/gecko-dev/dom/html/HTMLMediaElement.cpp, line 1337
12-03 22:30:57.663: I/GeckoDump(435): XXX FIXME : Got a mozContentEvent: system-message-listener-ready
12-03 22:30:57.663: I/Gecko(435): XXX FIXME : Dispatch a mozPrefChromeEvent: undefined
12-03 22:30:59.783: I/Gecko(435): -*-*- Webapps.jsm : _readManifests of ftu.gaiamobile.org
12-03 22:30:59.793: I/Gecko(435): XXX FIXME : Dispatch a webapps-launch: undefined
12-03 22:30:59.863: I/Gecko(640): ######################## extensions.js loaded
12-03 22:30:59.873: W/FTU(640): [JavaScript Warning: "Use of nsIFile in content process is deprecated." {file: "jar:file:///system/b2g/omni.ja!/components/DirectoryProvider.js" line: 81}]
12-03 22:31:02.963: I/GeckoDump(435): XXX FIXME : Got a mozContentEvent: update-prompt-ready
12-03 22:31:03.183: I/Gecko(640): ++DOMWINDOW == 3 (0xafa78c00) [pid = 640] [serial = 3] [outer = 0xb0a98800]
12-03 22:31:03.243: I/Gecko(435): -*-*- Webapps.jsm : _readManifests of bluetooth.gaiamobile.org
12-03 22:31:03.373: I/AutoMounter(435): UpdateState: ums:A0C0E0 mtp:A1C0E0 mode:0 usb:0 tryToShare:0 state:IDLE
12-03 22:31:03.373: I/AutoMounter(435): UpdateState: Volume sdcard is Mounted and inserted @ /mnt/shell/emulated/0 gen 1 locked 0 sharing x
12-03 22:31:03.543: I/Gecko(640): ++DOCSHELL 0xb1caf800 == 2 [pid = 640] [id = 2]
12-03 22:31:03.543: I/Gecko(640): ++DOMWINDOW == 4 (0xb1cafc00) [pid = 640] [serial = 4] [outer = 0x0]
12-03 22:31:03.543: I/Gecko(640): ++DOCSHELL 0xb1cb0400 == 3 [pid = 640] [id = 3]
12-03 22:31:03.543: I/Gecko(640): ++DOMWINDOW == 5 (0xb1cb0800) [pid = 640] [serial = 5] [outer = 0x0]
12-03 22:31:03.543: I/Gecko(640): ++DOCSHELL 0xb1cb0c00 == 4 [pid = 640] [id = 4]
12-03 22:31:03.543: I/Gecko(640): ++DOMWINDOW == 6 (0xb1cb2000) [pid = 640] [serial = 6] [outer = 0x0]
12-03 22:31:03.703: I/Gecko(718): [Child 718] WARNING: NS_ENSURE_TRUE(XRE_IsParentProcess()) failed: file ../../../../gecko-dev/dom/base/nsFrameMessageManager.cpp, line 1600
12-03 22:31:03.943: I/Gecko(435): ++DOCSHELL 0xab22c000 == 3 [pid = 435] [id = 3]
12-03 22:31:03.943: I/Gecko(435): ++DOMWINDOW == 5 (0xab22c800) [pid = 435] [serial = 6] [outer = 0x0]
12-03 22:31:03.983: I/Gecko(435): ###################################### BrowserElementCopyPaste.js loaded
12-03 22:31:03.993: I/Gecko(435): ############################### browserElementPanning.js loaded
12-03 22:31:04.033: I/Gecko(435): ######################## BrowserElementChildPreload.js loaded
12-03 22:31:04.043: I/Gecko(435): ++DOMWINDOW == 6 (0xab231000) [pid = 435] [serial = 7] [outer = 0xab22c800]
12-03 22:31:04.073: I/Gecko(435): ######################## extensions.js loaded
12-03 22:31:04.133: W/GeckoConsole(435): Content JS WARN: Service.registerState: Provider should have a name. [object Object]
12-03 22:31:04.133: W/GeckoConsole(435):     at exports.Service.registerState (app://system.gaiamobile.org/js/service.js:166:1)
12-03 22:31:04.873: I/Gecko(435): [Parent 435] WARNING: No Document in SetRequestContext; can not query loadgroup; sending reports may fail.: file /home/fischer/Projects/gecko-dev/dom/security/nsCSPContext.cpp, line 603
12-03 22:31:04.983: I/Gecko(435): [Parent 435] WARNING: No Document in SetRequestContext; can not query loadgroup; sending reports may fail.: file /home/fischer/Projects/gecko-dev/dom/security/nsCSPContext.cpp, line 603
12-03 22:31:04.993: I/Gecko(435): [Parent 435] WARNING: No Document in SetRequestContext; can not query loadgroup; sending reports may fail.: file /home/fischer/Projects/gecko-dev/dom/security/nsCSPContext.cpp, line 603
12-03 22:31:04.993: I/Gecko(435): [Parent 435] WARNING: No Document in SetRequestContext; can not query loadgroup; sending reports may fail.: file /home/fischer/Projects/gecko-dev/dom/security/nsCSPContext.cpp, line 603
12-03 22:31:05.003: I/Gecko(435): [Parent 435] WARNING: No Document in SetRequestContext; can not query loadgroup; sending reports may fail.: file /home/fischer/Projects/gecko-dev/dom/security/nsCSPContext.cpp, line 603
12-03 22:31:05.023: I/Gecko(435): [Parent 435] WARNING: No Document in SetRequestContext; can not query loadgroup; sending reports may fail.: file /home/fischer/Projects/gecko-dev/dom/security/nsCSPContext.cpp, line 603
12-03 22:31:05.033: I/Gecko(435): ++DOMWINDOW == 7 (0xa81c6000) [pid = 435] [serial = 8] [outer = 0xab22c800]
12-03 22:31:05.053: I/Gecko(435): [Parent 435] WARNING: No Document in SetRequestContext; can not query loadgroup; sending reports may fail.: file /home/fischer/Projects/gecko-dev/dom/security/nsCSPContext.cpp, line 603
12-03 22:31:05.073: I/Gecko(435): [Parent 435] WARNING: No Document in SetRequestContext; can not query loadgroup; sending reports may fail.: file /home/fischer/Projects/gecko-dev/dom/security/nsCSPContext.cpp, line 603
12-03 22:31:05.073: I/Gecko(435): [Parent 435] WARNING: No Document in SetRequestContext; can not query loadgroup; sending reports may fail.: file /home/fischer/Projects/gecko-dev/dom/security/nsCSPContext.cpp, line 603
12-03 22:31:05.073: I/Gecko(435): [Parent 435] WARNING: No Document in SetRequestContext; can not query loadgroup; sending reports may fail.: file /home/fischer/Projects/gecko-dev/dom/security/nsCSPContext.cpp, line 603
12-03 22:31:05.073: I/Gecko(435): [Parent 435] WARNING: No Document in SetRequestContext; can not query loadgroup; sending reports may fail.: file /home/fischer/Projects/gecko-dev/dom/security/nsCSPContext.cpp, line 603
12-03 22:31:05.083: I/Gecko(435): [Parent 435] WARNING: No Document in SetRequestContext; can not query loadgroup; sending reports may fail.: file /home/fischer/Projects/gecko-dev/dom/security/nsCSPContext.cpp, line 603
12-03 22:31:05.083: I/Gecko(435): [Parent 435] WARNING: No Document in SetRequestContext; can not query loadgroup; sending reports may fail.: file /home/fischer/Projects/gecko-dev/dom/security/nsCSPContext.cpp, line 603
12-03 22:31:05.083: I/Gecko(435): [Parent 435] WARNING: No Document in SetRequestContext; can not query loadgroup; sending reports may fail.: file /home/fischer/Projects/gecko-dev/dom/security/nsCSPContext.cpp, line 603
12-03 22:31:05.093: I/Gecko(435): [Parent 435] WARNING: No Document in SetRequestContext; can not query loadgroup; sending reports may fail.: file /home/fischer/Projects/gecko-dev/dom/security/nsCSPContext.cpp, line 603
12-03 22:31:05.093: I/Gecko(435): [Parent 435] WARNING: No Document in SetRequestContext; can not query loadgroup; sending reports may fail.: file /home/fischer/Projects/gecko-dev/dom/security/nsCSPContext.cpp, line 603
12-03 22:31:05.093: I/Gecko(435): [Parent 435] WARNING: No Document in SetRequestContext; can not query loadgroup; sending reports may fail.: file /home/fischer/Projects/gecko-dev/dom/security/nsCSPContext.cpp, line 603
12-03 22:31:05.093: I/Gecko(435): [Parent 435] WARNING: No Document in SetRequestContext; can not query loadgroup; sending reports may fail.: file /home/fischer/Projects/gecko-dev/dom/security/nsCSPContext.cpp, line 603
12-03 22:31:05.113: I/Gecko(435): [Parent 435] WARNING: No Document in SetRequestContext; can not query loadgroup; sending reports may fail.: file /home/fischer/Projects/gecko-dev/dom/security/nsCSPContext.cpp, line 603
12-03 22:31:05.113: I/Gecko(435): [Parent 435] WARNING: No Document in SetRequestContext; can not query loadgroup; sending reports may fail.: file /home/fischer/Projects/gecko-dev/dom/security/nsCSPContext.cpp, line 603
12-03 22:31:05.113: I/Gecko(435): [Parent 435] WARNING: No Document in SetRequestContext; can not query loadgroup; sending reports may fail.: file /home/fischer/Projects/gecko-dev/dom/security/nsCSPContext.cpp, line 603
12-03 22:31:05.113: I/Gecko(435): [Parent 435] WARNING: No Document in SetRequestContext; can not query loadgroup; sending reports may fail.: file /home/fischer/Projects/gecko-dev/dom/security/nsCSPContext.cpp, line 603
12-03 22:31:05.113: I/Gecko(435): [Parent 435] WARNING: No Document in SetRequestContext; can not query loadgroup; sending reports may fail.: file /home/fischer/Projects/gecko-dev/dom/security/nsCSPContext.cpp, line 603
12-03 22:31:05.123: I/Gecko(435): [Parent 435] WARNING: No Document in SetRequestContext; can not query loadgroup; sending reports may fail.: file /home/fischer/Projects/gecko-dev/dom/security/nsCSPContext.cpp, line 603
12-03 22:31:05.123: I/Gecko(435): [Parent 435] WARNING: No Document in SetRequestContext; can not query loadgroup; sending reports may fail.: file /home/fischer/Projects/gecko-dev/dom/security/nsCSPContext.cpp, line 603
12-03 22:31:05.123: I/Gecko(435): [Parent 435] WARNING: No Document in SetRequestContext; can not query loadgroup; sending reports may fail.: file /home/fischer/Projects/gecko-dev/dom/security/nsCSPContext.cpp, line 603
12-03 22:31:05.123: I/Gecko(435): [Parent 435] WARNING: No Document in SetRequestContext; can not query loadgroup; sending reports may fail.: file /home/fischer/Projects/gecko-dev/dom/security/nsCSPContext.cpp, line 603
12-03 22:31:05.123: I/Gecko(435): [Parent 435] WARNING: No Document in SetRequestContext; can not query loadgroup; sending reports may fail.: file /home/fischer/Projects/gecko-dev/dom/security/nsCSPContext.cpp, line 603
12-03 22:31:05.133: I/Gecko(435): [Parent 435] WARNING: No Document in SetRequestContext; can not query loadgroup; sending reports may fail.: file /home/fischer/Projects/gecko-dev/dom/security/nsCSPContext.cpp, line 603
12-03 22:31:05.133: I/Gecko(435): [Parent 435] WARNING: No Document in SetRequestContext; can not query loadgroup; sending reports may fail.: file /home/fischer/Projects/gecko-dev/dom/security/nsCSPContext.cpp, line 603
12-03 22:31:05.133: I/Gecko(435): [Parent 435] WARNING: No Document in SetRequestContext; can not query loadgroup; sending reports may fail.: file /home/fischer/Projects/gecko-dev/dom/security/nsCSPContext.cpp, line 603
12-03 22:31:05.133: I/Gecko(435): [Parent 435] WARNING: No Document in SetRequestContext; can not query loadgroup; sending reports may fail.: file /home/fischer/Projects/gecko-dev/dom/security/nsCSPContext.cpp, line 603
12-03 22:31:05.133: I/Gecko(435): [Parent 435] WARNING: No Document in SetRequestContext; can not query loadgroup; sending reports may fail.: file /home/fischer/Projects/gecko-dev/dom/security/nsCSPContext.cpp, line 603
12-03 22:31:05.273: I/Gecko(718): ++DOMWINDOW == 2 (0xafa1b000) [pid = 718] [serial = 2] [outer = 0xb0a98800]
12-03 22:31:05.323: I/Gecko(718): [Child 718] WARNING: NS_ENSURE_TRUE(startupCache) failed: file /home/fischer/Projects/gecko-dev/dom/xbl/nsXBLDocumentInfo.cpp, line 199
12-03 22:31:05.333: I/Gecko(718): [Child 718] WARNING: NS_ENSURE_TRUE(startupCache) failed: file /home/fischer/Projects/gecko-dev/dom/xbl/nsXBLDocumentInfo.cpp, line 267
12-03 22:31:05.613: I/Gecko(640): ++DOMWINDOW == 7 (0xb0bc6400) [pid = 640] [serial = 7] [outer = 0xb1cafc00]
12-03 22:31:05.623: I/Gecko(435): -*-*- Webapps.jsm : _readManifests of ftu.gaiamobile.org
12-03 22:31:05.663: I/Gecko(640): ++DOMWINDOW == 8 (0xae883400) [pid = 640] [serial = 8] [outer = 0xb1cb0800]
12-03 22:31:05.693: I/Gecko(640): ++DOMWINDOW == 9 (0xae886800) [pid = 640] [serial = 9] [outer = 0xb1cb2000]
12-03 22:31:05.783: I/Gecko(640): [Child 640] ###!!! ASSERTION: style context has old rule node: 'mRoots[i]->RuleNode()->RuleTree() == mRuleTree', file /home/fischer/Projects/gecko-dev/layout/style/nsStyleSet.cpp, line 317
12-03 22:31:05.783: I/Gecko(640): [Child 640] ###!!! ASSERTION: old rule tree still referenced: 'Not Reached', file /home/fischer/Projects/gecko-dev/layout/style/nsStyleSet.cpp, line 2227
12-03 22:31:05.973: I/Gecko(435): [Parent 435] WARNING: No Document in SetRequestContext; can not query loadgroup; sending reports may fail.: file /home/fischer/Projects/gecko-dev/dom/security/nsCSPContext.cpp, line 603
12-03 22:31:05.983: I/Gecko(435): [Parent 435] WARNING: No Document in SetRequestContext; can not query loadgroup; sending reports may fail.: file /home/fischer/Projects/gecko-dev/dom/security/nsCSPContext.cpp, line 603
12-03 22:31:05.983: I/Gecko(435): [Parent 435] WARNING: No Document in SetRequestContext; can not query loadgroup; sending reports may fail.: file /home/fischer/Projects/gecko-dev/dom/security/nsCSPContext.cpp, line 603
12-03 22:31:05.983: I/Gecko(435): [Parent 435] WARNING: No Document in SetRequestContext; can not query loadgroup; sending reports may fail.: file /home/fischer/Projects/gecko-dev/dom/security/nsCSPContext.cpp, line 603
12-03 22:31:06.323: I/Gecko(718): ######################## extensions.js loaded
12-03 22:31:06.343: W/Default Home Screen(718): [JavaScript Warning: "Use of nsIFile in content process is deprecated." {file: "jar:file:///system/b2g/omni.ja!/components/DirectoryProvider.js" line: 81}]
12-03 22:31:06.383: I/Gecko(435): -*-*- Webapps.jsm : _readManifests of bluetooth.gaiamobile.org
12-03 22:31:06.453: I/Gecko(718): ++DOMWINDOW == 3 (0xaf752c00) [pid = 718] [serial = 3] [outer = 0xb0a98800]
12-03 22:31:06.623: I/Default Home Screen(718): PAC file installed from data: URI
12-03 22:31:06.713: I/Gecko(435): [Parent 435] WARNING: No Document in SetRequestContext; can not query loadgroup; sending reports may fail.: file /home/fischer/Projects/gecko-dev/dom/security/nsCSPContext.cpp, line 603
12-03 22:31:06.713: I/Gecko(435): [Parent 435] WARNING: No Document in SetRequestContext; can not query loadgroup; sending reports may fail.: file /home/fischer/Projects/gecko-dev/dom/security/nsCSPContext.cpp, line 603
12-03 22:31:06.713: I/Gecko(435): [Parent 435] WARNING: No Document in SetRequestContext; can not query loadgroup; sending reports may fail.: file /home/fischer/Projects/gecko-dev/dom/security/nsCSPContext.cpp, line 603
12-03 22:31:06.713: I/Gecko(435): [Parent 435] WARNING: No Document in SetRequestContext; can not query loadgroup; sending reports may fail.: file /home/fischer/Projects/gecko-dev/dom/security/nsCSPContext.cpp, line 603
12-03 22:31:06.733: I/Gecko(435): [Parent 435] WARNING: No Document in SetRequestContext; can not query loadgroup; sending reports may fail.: file /home/fischer/Projects/gecko-dev/dom/security/nsCSPContext.cpp, line 603
12-03 22:31:06.733: I/Gecko(435): [Parent 435] WARNING: No Document in SetRequestContext; can not query loadgroup; sending reports may fail.: file /home/fischer/Projects/gecko-dev/dom/security/nsCSPContext.cpp, line 603
12-03 22:31:06.753: W/Default Home Screen(718): [JavaScript Warning: "Error in parsing value for 'text-align'.  Declaration dropped." {file: "app://homescreen.gaiamobile.org/index.html#root" line: 43 column: 18 source: "      text-align: -moz-start;"}]
12-03 22:31:06.753: W/Default Home Screen(718): [JavaScript Warning: "Error in parsing value for 'text-align'.  Declaration dropped." {file: "app://homescreen.gaiamobile.org/index.html#root" line: 43 column: 18 source: "      text-align: -moz-start;"}]
12-03 22:31:06.773: I/Gecko(435): XXX FIXME : Dispatch a mozIACChromeEvent: inter-app-comm-permission
12-03 22:31:06.783: I/Gecko(435): XXX FIXME : Dispatch a mozIACContentEvent: inter-app-comm-permission
12-03 22:31:06.883: I/Gecko(754): [Child 754] WARNING: NS_ENSURE_TRUE(XRE_IsParentProcess()) failed: file ../../../../gecko-dev/dom/base/nsFrameMessageManager.cpp, line 1600
12-03 22:31:07.653: I/Gecko(435): [Parent 435] WARNING: No Document in SetRequestContext; can not query loadgroup; sending reports may fail.: file /home/fischer/Projects/gecko-dev/dom/security/nsCSPContext.cpp, line 603
12-03 22:31:07.673: I/GeckoConsole(435): Content JS LOG: defaultAdapter changed. address: 00:00:00:00:00:00
12-03 22:31:07.673: I/GeckoConsole(435):     at onManagerAttributeChanged (app://callscreen.gaiamobile.org/shared/js/bluetooth_helper.js:69:1)
12-03 22:31:07.703: I/Gecko(435): [Parent 435] ###!!! ASSERTION: QueryInterface needed: 'query_result.get() == mRawPtr', file ../../dist/include/nsCOMPtr.h, line 415
12-03 22:31:07.813: I/Gecko(435): [Parent 435] ###!!! ASSERTION: why should we have flushed style again?: 'mPresShell && currentGeneration == mPresShell->GetPresContext()->GetRestyleGeneration()', file /home/fischer/Projects/gecko-dev/layout/style/nsComputedDOMStyle.cpp, line 722
12-03 22:31:07.883: I/Gecko(754): ++DOMWINDOW == 2 (0xafa6b800) [pid = 754] [serial = 2] [outer = 0xb0a98800]
12-03 22:31:07.933: I/Gecko(435): [Parent 435] WARNING: No Document in SetRequestContext; can not query loadgroup; sending reports may fail.: file /home/fischer/Projects/gecko-dev/dom/security/nsCSPContext.cpp, line 603
12-03 22:31:07.933: I/Gecko(754): [Child 754] WARNING: NS_ENSURE_TRUE(startupCache) failed: file /home/fischer/Projects/gecko-dev/dom/xbl/nsXBLDocumentInfo.cpp, line 199
12-03 22:31:07.943: I/Gecko(754): [Child 754] WARNING: NS_ENSURE_TRUE(startupCache) failed: file /home/fischer/Projects/gecko-dev/dom/xbl/nsXBLDocumentInfo.cpp, line 267
12-03 22:31:08.083: I/Gecko(435): [Parent 435] WARNING: 'NS_FAILED(rv)', file /home/fischer/Projects/gecko-dev/dom/base/nsXMLHttpRequest.cpp, line 2929
12-03 22:31:08.193: I/GeckoConsole(435): Content JS LOG: Error handling bluetooth request
12-03 22:31:08.193: I/GeckoConsole(435):     at BluetoothHelper/_handleRequest/request.onerror (app://callscreen.gaiamobile.org/shared/js/bluetooth_helper.js:39:7)
12-03 22:31:08.333: I/Gecko(435): [Parent 435] WARNING: 'NS_FAILED(rv)', file /home/fischer/Projects/gecko-dev/dom/base/nsXMLHttpRequest.cpp, line 2929
12-03 22:31:08.353: I/Gecko(435): [Parent 435] WARNING: 'NS_FAILED(rv)', file /home/fischer/Projects/gecko-dev/dom/base/nsXMLHttpRequest.cpp, line 2929
12-03 22:31:08.353: I/Gecko(435): [Parent 435] WARNING: 'NS_FAILED(rv)', file /home/fischer/Projects/gecko-dev/dom/base/nsXMLHttpRequest.cpp, line 2929
12-03 22:31:08.623: I/(Preallocated app)(754): PAC file installed from data: URI
12-03 22:31:08.963: I/Gecko(435): [Parent 435] WARNING: No Document in SetRequestContext; can not query loadgroup; sending reports may fail.: file /home/fischer/Projects/gecko-dev/dom/security/nsCSPContext.cpp, line 603
12-03 22:31:08.983: I/Gecko(435): [Parent 435] WARNING: No Document in SetRequestContext; can not query loadgroup; sending reports may fail.: file /home/fischer/Projects/gecko-dev/dom/security/nsCSPContext.cpp, line 603
12-03 22:31:09.053: I/Gecko(435): [Parent 435] WARNING: No Document in SetRequestContext; can not query loadgroup; sending reports may fail.: file /home/fischer/Projects/gecko-dev/dom/security/nsCSPContext.cpp, line 603
12-03 22:31:09.103: I/Gecko(435): [Parent 435] WARNING: No Document in SetRequestContext; can not query loadgroup; sending reports may fail.: file /home/fischer/Projects/gecko-dev/dom/security/nsCSPContext.cpp, line 603
12-03 22:31:09.263: W/libsuspend(435): Error writing 'on' to /sys/power/state: Invalid argument
12-03 22:31:09.263: I/libsuspend(435): Selected autosleep
12-03 22:31:09.263: E/ANDR-PERF-LOCK(1604): Failed to reset optimization for resource: 4 level: 0
12-03 22:31:09.263: D/qdhwcomposer(435): hwc_blank: Unblanking display: 0
12-03 22:31:09.263: D/qdhwcomposer(435): hwc_blank: Done unblanking display: 0
12-03 22:31:09.323: I/Gecko(435): -*-*- Webapps.jsm : _readManifests of communications.gaiamobile.org
12-03 22:31:09.463: I/Gecko(435): -*-*- Webapps.jsm : _readManifests of sms.gaiamobile.org
12-03 22:31:09.493: I/Gecko(435): -*-*- Webapps.jsm : _readManifests of communications.gaiamobile.org
12-03 22:31:09.513: I/Gecko(435): -*-*- Webapps.jsm : _readManifests of communications.gaiamobile.org
12-03 22:31:09.563: I/Gecko(640): --DOMWINDOW == 8 (0xafa6e800) [pid = 640] [serial = 2] [outer = 0x0] [url = about:blank]
12-03 22:31:09.583: I/Gecko(435): -*-*- Webapps.jsm : _readManifests of sms.gaiamobile.org
12-03 22:31:09.603: I/Gecko(435): -*-*- Webapps.jsm : _readManifests of email.gaiamobile.org
12-03 22:31:09.623: I/Gecko(435): -*-*- Webapps.jsm : _readManifests of communications.gaiamobile.org
12-03 22:31:09.633: I/Gecko(435): -*-*- Webapps.jsm : _readManifests of search.gaiamobile.org
12-03 22:31:09.733: I/Gecko(435): -*-*- Webapps.jsm : _readManifests of email.gaiamobile.org
12-03 22:31:09.753: I/Gecko(435): -*-*- Webapps.jsm : _readManifests of camera.gaiamobile.org
12-03 22:31:09.793: I/Gecko(435): -*-*- Webapps.jsm : _readManifests of search.gaiamobile.org
12-03 22:31:09.833: I/Gecko(435): -*-*- Webapps.jsm : _readManifests of gallery.gaiamobile.org
12-03 22:31:09.843: I/Gecko(435): -*-*- Webapps.jsm : _readManifests of camera.gaiamobile.org
12-03 22:31:10.033: I/Gecko(435): -*-*- Webapps.jsm : _readManifests of music.gaiamobile.org
12-03 22:31:10.073: I/Gecko(435): -*-*- Webapps.jsm : _readManifests of gallery.gaiamobile.org
12-03 22:31:10.103: I/Gecko(435): -*-*- Webapps.jsm : _readManifests of video.gaiamobile.org
12-03 22:31:10.163: I/Gecko(435): -*-*- Webapps.jsm : _readManifests of marketplace.firefox.com
12-03 22:31:10.203: I/Gecko(435): -*-*- Webapps.jsm : _readManifests of music.gaiamobile.org
12-03 22:31:10.213: I/Gecko(435): -*-*- Webapps.jsm : _readManifests of calendar.gaiamobile.org
12-03 22:31:10.233: I/Gecko(435): -*-*- Webapps.jsm : _readManifests of video.gaiamobile.org
12-03 22:31:10.243: I/Gecko(435): -*-*- Webapps.jsm : _readManifests of clock.gaiamobile.org
12-03 22:31:10.343: I/Gecko(435): -*-*- Webapps.jsm : _readManifests of settings.gaiamobile.org
12-03 22:31:10.383: I/Gecko(435): -*-*- Webapps.jsm : _readManifests of marketplace.firefox.com
12-03 22:31:10.443: I/Gecko(435): -*-*- Webapps.jsm : _readManifests of calendar.gaiamobile.org
12-03 22:31:10.463: I/Gecko(435): -*-*- Webapps.jsm : _readManifests of clock.gaiamobile.org
12-03 22:31:11.183: I/Gecko(718): --DOMWINDOW == 2 (0xafa1b000) [pid = 718] [serial = 2] [outer = 0x0] [url = about:blank]
12-03 22:31:11.213: I/Gecko(435): -*-*- Webapps.jsm : _readManifests of settings.gaiamobile.org
12-03 22:31:11.223: I/Gecko(435): -*-*- Webapps.jsm : _readManifests of fm.gaiamobile.org
12-03 22:31:11.253: I/Gecko(435): -*-*- Webapps.jsm : _readManifests of {f79d303d-d647-a340-a7b9-0b58a5995d9f}
12-03 22:31:11.463: I/Gecko(435): -*-*- Webapps.jsm : _readManifests of fm.gaiamobile.org
12-03 22:31:11.483: I/Gecko(435): -*-*- Webapps.jsm : _readManifests of {f79d303d-d647-a340-a7b9-0b58a5995d9f}
12-03 22:31:11.623: I/Gecko(435): -*-*- Webapps.jsm : _readManifests of {f558f8d0-9023-5b47-a214-8eadfe71185c}
12-03 22:31:11.653: I/Gecko(435): -*-*- Webapps.jsm : _readManifests of {ba21ec3d-4f03-a049-bf35-939eb6e79b83}
12-03 22:31:11.673: I/Gecko(435): -*-*- Webapps.jsm : _readManifests of {1d57389d-f0d7-0345-9630-a4af5c50b8b5}
12-03 22:31:11.693: I/Gecko(435): -*-*- Webapps.jsm : _readManifests of bluetooth.gaiamobile.org
12-03 22:31:11.713: I/Gecko(435): -*-*- Webapps.jsm : _readManifests of callscreen.gaiamobile.org
12-03 22:31:11.793: I/Gecko(435): -*-*- Webapps.jsm : _readManifests of {f558f8d0-9023-5b47-a214-8eadfe71185c}
12-03 22:31:11.813: I/Gecko(435): -*-*- Webapps.jsm : _readManifests of {ba21ec3d-4f03-a049-bf35-939eb6e79b83}
12-03 22:31:11.823: I/Gecko(435): -*-*- Webapps.jsm : _readManifests of {1d57389d-f0d7-0345-9630-a4af5c50b8b5}
12-03 22:31:11.843: I/Gecko(435): -*-*- Webapps.jsm : _readManifests of bluetooth.gaiamobile.org
12-03 22:31:11.863: I/Gecko(435): -*-*- Webapps.jsm : _readManifests of callscreen.gaiamobile.org
12-03 22:31:11.943: I/Gecko(435): -*-*- Webapps.jsm : _readManifests of {bcd9bc62-fdb5-a546-ba4f-ead71005d546}
12-03 22:31:11.953: I/Gecko(435): -*-*- Webapps.jsm : _readManifests of costcontrol.gaiamobile.org
12-03 22:31:11.973: I/Gecko(435): -*-*- Webapps.jsm : _readManifests of default_theme.gaiamobile.org
12-03 22:31:12.003: I/Gecko(435): -*-*- Webapps.jsm : _readManifests of emergency-call.gaiamobile.org
12-03 22:31:12.013: I/Gecko(435): -*-*- Webapps.jsm : _readManifests of fl.gaiamobile.org
12-03 22:31:12.023: I/Gecko(435): -*-*- Webapps.jsm : _readManifests of homescreen.gaiamobile.org
12-03 22:31:12.033: I/Gecko(435): -*-*- Webapps.jsm : _readManifests of network-alerts.gaiamobile.org
12-03 22:31:12.043: I/Gecko(435): -*-*- Webapps.jsm : _readManifests of pdfjs.gaiamobile.org
12-03 22:31:12.233: I/Gecko(435): -*-*- Webapps.jsm : _readManifests of {bcd9bc62-fdb5-a546-ba4f-ead71005d546}
12-03 22:31:12.283: I/Gecko(435): -*-*- Webapps.jsm : _readManifests of costcontrol.gaiamobile.org
12-03 22:31:12.313: I/Gecko(435): -*-*- Webapps.jsm : _readManifests of default_theme.gaiamobile.org
12-03 22:31:12.333: I/Gecko(435): -*-*- Webapps.jsm : _readManifests of emergency-call.gaiamobile.org
12-03 22:31:12.343: I/Gecko(435): -*-*- Webapps.jsm : _readManifests of fl.gaiamobile.org
12-03 22:31:12.353: I/Gecko(435): -*-*- Webapps.jsm : _readManifests of homescreen.gaiamobile.org
12-03 22:31:12.363: I/Gecko(435): -*-*- Webapps.jsm : _readManifests of network-alerts.gaiamobile.org
12-03 22:31:12.383: I/Gecko(435): -*-*- Webapps.jsm : _readManifests of pdfjs.gaiamobile.org
12-03 22:31:12.453: I/Gecko(435): -*-*- Webapps.jsm : _readManifests of {6b94f5cd-39b6-ef40-b9f0-7221203b18dc}
12-03 22:31:12.473: I/Gecko(435): -*-*- Webapps.jsm : _readManifests of download.gaiamobile.org
12-03 22:31:12.503: I/Gecko(435): -*-*- Webapps.jsm : _readManifests of ftu.gaiamobile.org
12-03 22:31:12.523: I/Gecko(435): -*-*- Webapps.jsm : _readManifests of operatorvariant.gaiamobile.org
12-03 22:31:12.533: I/Gecko(435): -*-*- Webapps.jsm : _readManifests of sharedtest.gaiamobile.org
12-03 22:31:12.543: I/Gecko(435): -*-*- Webapps.jsm : _readManifests of system.gaiamobile.org
12-03 22:31:12.573: I/Gecko(435): -*-*- Webapps.jsm : _readManifests of wallpaper.gaiamobile.org
12-03 22:31:12.583: I/Gecko(435): -*-*- Webapps.jsm : _readManifests of marketplace-dev.allizom.org
12-03 22:31:12.593: I/Gecko(435): -*-*- Webapps.jsm : _readManifests of marketplace.allizom.org
12-03 22:31:12.653: I/Gecko(435): -*-*- Webapps.jsm : _readManifests of ds-test.gaiamobile.org
12-03 22:31:12.803: I/Gecko(435): -*-*- Webapps.jsm : _readManifests of {6b94f5cd-39b6-ef40-b9f0-7221203b18dc}
12-03 22:31:12.813: I/Gecko(435): -*-*- Webapps.jsm : _readManifests of download.gaiamobile.org
12-03 22:31:12.833: I/Gecko(435): -*-*- Webapps.jsm : _readManifests of ftu.gaiamobile.org
12-03 22:31:12.843: I/Gecko(435): -*-*- Webapps.jsm : _readManifests of operatorvariant.gaiamobile.org
12-03 22:31:12.853: I/Gecko(435): -*-*- Webapps.jsm : _readManifests of sharedtest.gaiamobile.org
12-03 22:31:12.883: I/Gecko(435): -*-*- Webapps.jsm : _readManifests of system.gaiamobile.org
12-03 22:31:12.903: I/Gecko(435): -*-*- Webapps.jsm : _readManifests of wallpaper.gaiamobile.org
12-03 22:31:12.913: I/Gecko(435): -*-*- Webapps.jsm : _readManifests of marketplace-dev.allizom.org
12-03 22:31:12.923: I/Gecko(435): -*-*- Webapps.jsm : _readManifests of marketplace.allizom.org
12-03 22:31:12.933: I/Gecko(435): -*-*- Webapps.jsm : _readManifests of ds-test.gaiamobile.org
12-03 22:31:12.983: I/Gecko(435): -*-*- Webapps.jsm : _readManifests of bookmark.gaiamobile.org
12-03 22:31:13.003: I/Gecko(435): -*-*- Webapps.jsm : _readManifests of keyboard.gaiamobile.org
12-03 22:31:13.023: I/Gecko(435): -*-*- Webapps.jsm : _readManifests of sync.gaiamobile.org
12-03 22:31:13.033: I/Gecko(435): -*-*- Webapps.jsm : _readManifests of wappush.gaiamobile.org
12-03 22:31:13.053: I/Gecko(435): -*-*- Webapps.jsm : _readManifests of {8a55ed5a-9fd2-5a49-9bd1-0b20ff0ab6dc}
12-03 22:31:13.063: I/Gecko(435): -*-*- Webapps.jsm : _readManifests of l20n-app.gaiamobile.org
12-03 22:31:13.083: I/Gecko(435): -*-*- Webapps.jsm : _readManifests of test-ime.gaiamobile.org
12-03 22:31:13.093: I/Gecko(435): -*-*- Webapps.jsm : _readManifests of template.gaiamobile.org
12-03 22:31:13.123: I/Gecko(435): -*-*- Webapps.jsm : _readManifests of test-container.gaiamobile.org
12-03 22:31:13.133: I/Gecko(435): -*-*- Webapps.jsm : _readManifests of test-iac-subscriber.gaiamobile.org
12-03 22:31:13.183: I/Gecko(435): -*-*- Webapps.jsm : _readManifests of test-receiver-1.gaiamobile.org
12-03 22:31:14.153: I/Gecko(435): -*-*- Webapps.jsm : _readManifests of bookmark.gaiamobile.org
12-03 22:31:14.163: I/Gecko(435): -*-*- Webapps.jsm : _readManifests of keyboard.gaiamobile.org
12-03 22:31:14.183: I/Gecko(435): -*-*- Webapps.jsm : _readManifests of sync.gaiamobile.org
12-03 22:31:14.193: I/Gecko(435): -*-*- Webapps.jsm : _readManifests of wappush.gaiamobile.org
12-03 22:31:14.203: I/Gecko(435): -*-*- Webapps.jsm : _readManifests of {8a55ed5a-9fd2-5a49-9bd1-0b20ff0ab6dc}
12-03 22:31:14.213: I/Gecko(435): -*-*- Webapps.jsm : _readManifests of l20n-app.gaiamobile.org
12-03 22:31:14.223: I/Gecko(435): -*-*- Webapps.jsm : _readManifests of test-ime.gaiamobile.org
12-03 22:31:14.233: I/Gecko(435): -*-*- Webapps.jsm : _readManifests of template.gaiamobile.org
12-03 22:31:14.243: I/Gecko(435): -*-*- Webapps.jsm : _readManifests of test-container.gaiamobile.org
12-03 22:31:14.253: I/Gecko(435): -*-*- Webapps.jsm : _readManifests of test-iac-subscriber.gaiamobile.org
12-03 22:31:14.273: I/Gecko(435): -*-*- Webapps.jsm : _readManifests of test-receiver-1.gaiamobile.org
12-03 22:31:14.293: I/Gecko(435): -*-*- Webapps.jsm : _readManifests of findmydevice.gaiamobile.org
12-03 22:31:14.293: I/Gecko(435): -*-*- Webapps.jsm : _readManifests of verticalhome.gaiamobile.org
12-03 22:31:14.303: I/Gecko(435): -*-*- Webapps.jsm : _readManifests of geoloc.gaiamobile.org
12-03 22:31:14.313: I/Gecko(435): -*-*- Webapps.jsm : _readManifests of share-receiver.gaiamobile.org
12-03 22:31:14.323: I/Gecko(435): -*-*- Webapps.jsm : _readManifests of test-iac-publisher.gaiamobile.org
12-03 22:31:14.333: I/Gecko(435): -*-*- Webapps.jsm : _readManifests of test-receiver-2.gaiamobile.org
12-03 22:31:14.343: I/Gecko(435): -*-*- Webapps.jsm : _readManifests of test-startup-limit.gaiamobile.org
12-03 22:31:14.353: I/Gecko(435): -*-*- Webapps.jsm : _readManifests of uitest.gaiamobile.org
12-03 22:31:14.363: I/Gecko(435): -*-*- Webapps.jsm : _readManifests of contacts-manager.gaiamobile.org
12-03 22:31:14.373: I/Gecko(435): -*-*- Webapps.jsm : _readManifests of contacts-ds-provider2.gaiamobile.org
12-03 22:31:14.413: I/Gecko(435): -*-*- Webapps.jsm : _readManifests of theme-test-1.gaiamobile.org
12-03 22:31:14.453: I/Gecko(435): -*-*- Webapps.jsm : _readManifests of theme-test-3.gaiamobile.org
12-03 22:31:14.513: I/Gecko(435): -*-*- Webapps.jsm : _readManifests of ringtones.gaiamobile.org
12-03 22:31:14.523: I/Gecko(435): -*-*- Webapps.jsm : _readManifests of in_app_pay_test.gaiamobile.org
12-03 22:31:14.533: I/Gecko(435): -*-*- Webapps.jsm : _readManifests of membuster.gaiamobile.org
12-03 22:31:14.543: I/Gecko(435): -*-*- Webapps.jsm : _readManifests of test-agent.gaiamobile.org
12-03 22:31:14.553: I/Gecko(435): -*-*- Webapps.jsm : _readManifests of test-otasp.gaiamobile.org
12-03 22:31:14.703: I/Gecko(435): -*-*- Webapps.jsm : _readManifests of test-receiver-inline.gaiamobile.org
12-03 22:31:14.713: I/Gecko(435): -*-*- Webapps.jsm : _readManifests of test-wappush.gaiamobile.org
12-03 22:31:14.763: I/Gecko(435): -*-*- Webapps.jsm : _readManifests of uitest-privileged.gaiamobile.org
12-03 22:31:14.843: I/Gecko(435): -*-*- Webapps.jsm : _readManifests of contacts-ds-provider1.gaiamobile.org
12-03 22:31:14.993: I/Gecko(435): -*-*- Webapps.jsm : _readManifests of mobile-wallet.gaiamobile.org
12-03 22:31:15.043: I/Gecko(435): -*-*- Webapps.jsm : _readManifests of theme-test-2.gaiamobile.org
12-03 22:31:15.143: I/Gecko(435): -*-*- Webapps.jsm : _readManifests of nfc-api-test.gaiamobile.org
12-03 22:31:15.183: I/Gecko(435): -*-*- Webapps.jsm : _readManifests of music-oga.gaiamobile.org
12-03 22:31:15.273: I/Gecko(435): -*-*- Webapps.jsm : _readManifests of addon1.gaiamobile.org
12-03 22:31:15.353: I/Gecko(435): -*-*- Webapps.jsm : _readManifests of addon2.gaiamobile.org
12-03 22:31:15.443: I/Gecko(435): -*-*- Webapps.jsm : _readManifests of addon3.gaiamobile.org
12-03 22:31:15.493: I/Gecko(435): -*-*- Webapps.jsm : _readManifests of {c297ba8c-3f18-e542-a561-2f07804d4f61}
12-03 22:31:15.543: I/Gecko(435): -*-*- Webapps.jsm : _readManifests of {c401fc3f-cd01-c449-b88e-1b4c19e2454f}
12-03 22:31:15.553: I/Gecko(435): -*-*- Webapps.jsm : _readManifests of communications.gaiamobile.org
12-03 22:31:15.573: I/Gecko(435): -*-*- Webapps.jsm : _readManifests of communications.gaiamobile.org
12-03 22:31:15.583: I/Gecko(435): -*-*- Webapps.jsm : _readManifests of sms.gaiamobile.org
12-03 22:31:15.603: I/Gecko(435): -*-*- Webapps.jsm : _readManifests of sms.gaiamobile.org
12-03 22:31:15.613: I/Gecko(435): -*-*- Webapps.jsm : _readManifests of communications.gaiamobile.org
12-03 22:31:15.623: I/Gecko(435): -*-*- Webapps.jsm : _readManifests of communications.gaiamobile.org
12-03 22:31:15.623: I/Gecko(435): -*-*- Webapps.jsm : _readManifests of email.gaiamobile.org
12-03 22:31:15.633: I/Gecko(435): -*-*- Webapps.jsm : _readManifests of email.gaiamobile.org
12-03 22:31:15.643: I/Gecko(435): -*-*- Webapps.jsm : _readManifests of search.gaiamobile.org
12-03 22:31:15.643: I/Gecko(435): -*-*- Webapps.jsm : _readManifests of search.gaiamobile.org
12-03 22:31:15.653: I/Gecko(435): -*-*- Webapps.jsm : _readManifests of camera.gaiamobile.org
12-03 22:31:15.663: I/Gecko(435): -*-*- Webapps.jsm : _readManifests of camera.gaiamobile.org
12-03 22:31:15.673: I/Gecko(435): -*-*- Webapps.jsm : _readManifests of gallery.gaiamobile.org
12-03 22:31:15.683: I/Gecko(435): -*-*- Webapps.jsm : _readManifests of gallery.gaiamobile.org
12-03 22:31:15.693: I/Gecko(435): -*-*- Webapps.jsm : _readManifests of music.gaiamobile.org
12-03 22:31:15.703: I/Gecko(435): -*-*- Webapps.jsm : _readManifests of music.gaiamobile.org
12-03 22:31:15.713: I/Gecko(435): -*-*- Webapps.jsm : _readManifests of video.gaiamobile.org
12-03 22:31:15.723: I/Gecko(435): -*-*- Webapps.jsm : _readManifests of video.gaiamobile.org
12-03 22:31:15.733: I/Gecko(435): -*-*- Webapps.jsm : _readManifests of marketplace.firefox.com
12-03 22:31:15.743: I/Gecko(435): -*-*- Webapps.jsm : _readManifests of marketplace.firefox.com
12-03 22:31:15.743: I/Gecko(435): -*-*- Webapps.jsm : _readManifests of calendar.gaiamobile.org
12-03 22:31:15.763: I/Gecko(435): -*-*- Webapps.jsm : _readManifests of calendar.gaiamobile.org
12-03 22:31:15.773: I/Gecko(435): -*-*- Webapps.jsm : _readManifests of clock.gaiamobile.org
12-03 22:31:15.773: I/Gecko(435): -*-*- Webapps.jsm : _readManifests of clock.gaiamobile.org
12-03 22:31:15.793: I/Gecko(435): -*-*- Webapps.jsm : _readManifests of settings.gaiamobile.org
12-03 22:31:15.793: I/Gecko(435): -*-*- Webapps.jsm : _readManifests of settings.gaiamobile.org
12-03 22:31:15.813: I/Gecko(435): -*-*- Webapps.jsm : _readManifests of fm.gaiamobile.org
12-03 22:31:15.823: I/Gecko(435): -*-*- Webapps.jsm : _readManifests of fm.gaiamobile.org
12-03 22:31:15.843: I/Gecko(435): -*-*- Webapps.jsm : _readManifests of {f79d303d-d647-a340-a7b9-0b58a5995d9f}
12-03 22:31:15.853: I/Gecko(435): -*-*- Webapps.jsm : _readManifests of {f79d303d-d647-a340-a7b9-0b58a5995d9f}
12-03 22:31:15.863: I/Gecko(435): -*-*- Webapps.jsm : _readManifests of {f558f8d0-9023-5b47-a214-8eadfe71185c}
12-03 22:31:15.923: I/Gecko(435): -*-*- Webapps.jsm : _readManifests of {f558f8d0-9023-5b47-a214-8eadfe71185c}
12-03 22:31:15.933: I/Gecko(435): -*-*- Webapps.jsm : _readManifests of {bcd9bc62-fdb5-a546-ba4f-ead71005d546}
12-03 22:31:15.943: I/Gecko(435): -*-*- Webapps.jsm : _readManifests of {bcd9bc62-fdb5-a546-ba4f-ead71005d546}
12-03 22:31:15.953: I/Gecko(435): -*-*- Webapps.jsm : _readManifests of {ba21ec3d-4f03-a049-bf35-939eb6e79b83}
12-03 22:31:15.963: I/Gecko(435): -*-*- Webapps.jsm : _readManifests of {ba21ec3d-4f03-a049-bf35-939eb6e79b83}
12-03 22:31:15.973: I/Gecko(435): -*-*- Webapps.jsm : _readManifests of {6b94f5cd-39b6-ef40-b9f0-7221203b18dc}
12-03 22:31:15.983: I/Gecko(435): -*-*- Webapps.jsm : _readManifests of {6b94f5cd-39b6-ef40-b9f0-7221203b18dc}
12-03 22:31:15.983: I/Gecko(435): -*-*- Webapps.jsm : _readManifests of {1d57389d-f0d7-0345-9630-a4af5c50b8b5}
12-03 22:31:15.993: I/Gecko(435): -*-*- Webapps.jsm : _readManifests of {1d57389d-f0d7-0345-9630-a4af5c50b8b5}
12-03 22:31:16.003: I/Gecko(435): -*-*- Webapps.jsm : _readManifests of costcontrol.gaiamobile.org
12-03 22:31:16.013: I/Gecko(435): -*-*- Webapps.jsm : _readManifests of costcontrol.gaiamobile.org
12-03 22:31:16.013: I/Gecko(435): -*-*- Webapps.jsm : _readManifests of bluetooth.gaiamobile.org
12-03 22:31:16.023: I/Gecko(435): -*-*- Webapps.jsm : _readManifests of bluetooth.gaiamobile.org
12-03 22:31:16.033: I/Gecko(435): -*-*- Webapps.jsm : _readManifests of bookmark.gaiamobile.org
