12-03 22:43:48.893: I/Gecko(3446): -*-*- Webapps.jsm : Find fallback manifestCache on manifest.webapp of id = contacts-manager.gaiamobile.org
12-03 22:43:48.903: I/Gecko(3446): -*-*- Webapps.jsm : _readManifests of contacts-ds-provider1.gaiamobile.org
12-03 22:43:48.903: I/Gecko(3446): -*-*- Webapps.jsm : Find no manifestCache of contacts-ds-provider1.gaiamobile.org. The manifest file used to be named manifest.json, so fallback on /system/b2g/webapps/contacts-ds-provider1.gaiamobile.org
12-03 22:43:48.903: I/Gecko(3446): -*-*- Webapps.jsm : Find fallback manifestCache on manifest.webapp of id = contacts-ds-provider1.gaiamobile.org
12-03 22:43:48.913: I/Gecko(3446): -*-*- Webapps.jsm : _readManifests of contacts-ds-provider2.gaiamobile.org
12-03 22:43:48.913: I/Gecko(3446): -*-*- Webapps.jsm : Find no manifestCache of contacts-ds-provider2.gaiamobile.org. The manifest file used to be named manifest.json, so fallback on /system/b2g/webapps/contacts-ds-provider2.gaiamobile.org
12-03 22:43:48.923: I/Gecko(3446): -*-*- Webapps.jsm : Find fallback manifestCache on manifest.webapp of id = contacts-ds-provider2.gaiamobile.org
12-03 22:43:48.933: I/Gecko(3446): -*-*- Webapps.jsm : _readManifests of mobile-wallet.gaiamobile.org
12-03 22:43:48.933: I/Gecko(3446): -*-*- Webapps.jsm : Find no manifestCache of mobile-wallet.gaiamobile.org. The manifest file used to be named manifest.json, so fallback on /system/b2g/webapps/mobile-wallet.gaiamobile.org
12-03 22:43:48.943: I/Gecko(3446): -*-*- Webapps.jsm : Find fallback manifestCache on manifest.webapp of id = mobile-wallet.gaiamobile.org
12-03 22:43:48.953: I/Gecko(3446): -*-*- Webapps.jsm : _readManifests of theme-test-1.gaiamobile.org
12-03 22:43:48.953: I/Gecko(3446): -*-*- Webapps.jsm : Find no manifestCache of theme-test-1.gaiamobile.org. The manifest file used to be named manifest.json, so fallback on /system/b2g/webapps/theme-test-1.gaiamobile.org
12-03 22:43:48.973: I/Gecko(3446): -*-*- Webapps.jsm : Find fallback manifestCache on manifest.webapp of id = theme-test-1.gaiamobile.org
12-03 22:43:48.993: I/Gecko(3446): -*-*- Webapps.jsm : _readManifests of theme-test-2.gaiamobile.org
12-03 22:43:48.993: I/Gecko(3446): -*-*- Webapps.jsm : Find no manifestCache of theme-test-2.gaiamobile.org. The manifest file used to be named manifest.json, so fallback on /system/b2g/webapps/theme-test-2.gaiamobile.org
12-03 22:43:49.013: I/Gecko(3446): -*-*- Webapps.jsm : Find fallback manifestCache on manifest.webapp of id = theme-test-2.gaiamobile.org
12-03 22:43:49.013: I/Gecko(3446): -*-*- Webapps.jsm : _readManifests of theme-test-3.gaiamobile.org
12-03 22:43:49.023: I/Gecko(3446): -*-*- Webapps.jsm : Find no manifestCache of theme-test-3.gaiamobile.org. The manifest file used to be named manifest.json, so fallback on /system/b2g/webapps/theme-test-3.gaiamobile.org
12-03 22:43:49.033: I/Gecko(3446): -*-*- Webapps.jsm : Find fallback manifestCache on manifest.webapp of id = theme-test-3.gaiamobile.org
12-03 22:43:49.033: I/Gecko(3446): -*-*- Webapps.jsm : _readManifests of nfc-api-test.gaiamobile.org
12-03 22:43:49.033: I/Gecko(3446): -*-*- Webapps.jsm : Find no manifestCache of nfc-api-test.gaiamobile.org. The manifest file used to be named manifest.json, so fallback on /system/b2g/webapps/nfc-api-test.gaiamobile.org
12-03 22:43:49.053: I/Gecko(3446): -*-*- Webapps.jsm : Find fallback manifestCache on manifest.webapp of id = nfc-api-test.gaiamobile.org
12-03 22:43:49.053: I/Gecko(3446): -*-*- Webapps.jsm : _readManifests of music-oga.gaiamobile.org
12-03 22:43:49.053: I/Gecko(3446): -*-*- Webapps.jsm : Find no manifestCache of music-oga.gaiamobile.org. The manifest file used to be named manifest.json, so fallback on /system/b2g/webapps/music-oga.gaiamobile.org
12-03 22:43:49.063: I/Gecko(3446): -*-*- Webapps.jsm : Find fallback manifestCache on manifest.webapp of id = music-oga.gaiamobile.org
12-03 22:43:49.063: I/Gecko(3446): -*-*- Webapps.jsm : _readManifests of addon1.gaiamobile.org
12-03 22:43:49.073: I/Gecko(3446): -*-*- Webapps.jsm : Find no manifestCache of addon1.gaiamobile.org. The manifest file used to be named manifest.json, so fallback on /system/b2g/webapps/addon1.gaiamobile.org
12-03 22:43:49.083: I/Gecko(3446): -*-*- Webapps.jsm : Find fallback manifestCache on manifest.webapp of id = addon1.gaiamobile.org
12-03 22:43:49.093: I/Gecko(3446): -*-*- Webapps.jsm : _readManifests of addon2.gaiamobile.org
12-03 22:43:49.093: I/Gecko(3446): -*-*- Webapps.jsm : Find no manifestCache of addon2.gaiamobile.org. The manifest file used to be named manifest.json, so fallback on /system/b2g/webapps/addon2.gaiamobile.org
12-03 22:43:49.103: I/Gecko(3446): -*-*- Webapps.jsm : Find fallback manifestCache on manifest.webapp of id = addon2.gaiamobile.org
12-03 22:43:49.103: I/Gecko(3446): -*-*- Webapps.jsm : _readManifests of addon3.gaiamobile.org
12-03 22:43:49.113: I/Gecko(3446): -*-*- Webapps.jsm : Find no manifestCache of addon3.gaiamobile.org. The manifest file used to be named manifest.json, so fallback on /system/b2g/webapps/addon3.gaiamobile.org
12-03 22:43:49.113: I/Gecko(3446): -*-*- Webapps.jsm : Find fallback manifestCache on manifest.webapp of id = addon3.gaiamobile.org
12-03 22:43:49.123: I/Gecko(3446): -*-*- Webapps.jsm : _readManifests of {cc8431c1-e359-ec40-9469-5a16757d73ae}
12-03 22:43:49.123: I/Gecko(3446): -*-*- Webapps.jsm : Find no manifestCache of {cc8431c1-e359-ec40-9469-5a16757d73ae}. The manifest file used to be named manifest.json, so fallback on /data/local/webapps/{cc8431c1-e359-ec40-9469-5a16757d73ae}
12-03 22:43:49.133: I/Gecko(3446): -*-*- Webapps.jsm : Find fallback manifestCache on manifest.webapp of id = {cc8431c1-e359-ec40-9469-5a16757d73ae}
12-03 22:43:49.133: I/Gecko(3446): -*-*- Webapps.jsm : _readManifests of {9b4ba61c-a03a-b24d-ad21-5dd02cc848c8}
12-03 22:43:49.143: I/Gecko(3446): -*-*- Webapps.jsm : Find no manifestCache of {9b4ba61c-a03a-b24d-ad21-5dd02cc848c8}. The manifest file used to be named manifest.json, so fallback on /data/local/webapps/{9b4ba61c-a03a-b24d-ad21-5dd02cc848c8}
12-03 22:43:49.143: I/Gecko(3446): -*-*- Webapps.jsm : Find fallback manifestCache on manifest.webapp of id = {9b4ba61c-a03a-b24d-ad21-5dd02cc848c8}
12-03 22:43:49.153: I/Gecko(3446): -*-*- Webapps.jsm : _readManifests of bluetooth.gaiamobile.org
12-03 22:43:50.473: I/Gecko(3446): -*-*- Webapps.jsm : _readManifests of bluetooth.gaiamobile.org
12-03 22:43:50.883: I/Gecko(3446): Extension error: [Exception... "Failed to open input source 'app://addon1.gaiamobile.org/manifest.json'"  nsresult: "0x80520012 (NS_ERROR_FILE_NOT_FOUND)"  location: "JS frame :: resource://gre/modules/Extension.jsm :: readJSON/< :: line 445"  data: yes] resource://gre/modules/Extension.jsm:445
12-03 22:43:50.883: E/GeckoConsole(3446): [JavaScript Error: "[Exception... "Failed to open input source 'app://addon1.gaiamobile.org/manifest.json'"  nsresult: "0x80520012 (NS_ERROR_FILE_NOT_FOUND)"  location: "JS frame :: resource://gre/modules/Extension.jsm :: readJSON/< :: line 445"  data: yes]" {file: "resource://gre/modules/Extension.jsm" line: 938}]
12-03 22:43:50.883: I/Gecko(3446): Extension error: [Exception... "Failed to open input source 'app://addon2.gaiamobile.org/manifest.json'"  nsresult: "0x80520012 (NS_ERROR_FILE_NOT_FOUND)"  location: "JS frame :: resource://gre/modules/Extension.jsm :: readJSON/< :: line 445"  data: yes] resource://gre/modules/Extension.jsm:445
12-03 22:43:50.883: E/GeckoConsole(3446): [JavaScript Error: "[Exception... "Failed to open input source 'app://addon2.gaiamobile.org/manifest.json'"  nsresult: "0x80520012 (NS_ERROR_FILE_NOT_FOUND)"  location: "JS frame :: resource://gre/modules/Extension.jsm :: readJSON/< :: line 445"  data: yes]" {file: "resource://gre/modules/Extension.jsm" line: 938}]
12-03 22:43:50.883: I/Gecko(3446): Extension error: [Exception... "Failed to open input source 'app://addon3.gaiamobile.org/manifest.json'"  nsresult: "0x80520012 (NS_ERROR_FILE_NOT_FOUND)"  location: "JS frame :: resource://gre/modules/Extension.jsm :: readJSON/< :: line 445"  data: yes] resource://gre/modules/Extension.jsm:445
12-03 22:43:50.883: E/GeckoConsole(3446): [JavaScript Error: "[Exception... "Failed to open input source 'app://addon3.gaiamobile.org/manifest.json'"  nsresult: "0x80520012 (NS_ERROR_FILE_NOT_FOUND)"  location: "JS frame :: resource://gre/modules/Extension.jsm :: readJSON/< :: line 445"  data: yes]" {file: "resource://gre/modules/Extension.jsm" line: 938}]
12-03 22:43:51.063: I/wpa_supplicant(3644): Successfully initialized wpa_supplicant
12-03 22:43:51.063: I/wpa_supplicant(3644): rfkill: Cannot open RFKILL control device
12-03 22:43:51.243: I/VolumeManager(3446): SetUnmountRequested for volume sdcard to 0 CanBeMounted = 0
12-03 22:43:51.243: I/VolumeManager(3446): SetMountRequested for volume sdcard to 0 CanBeMounted = 0
12-03 22:43:51.243: I/VolumeManager(3446): SetSharingMode for volume sdcard to 1 canBeShared = 0
12-03 22:43:51.243: I/AutoMounter(3446): UpdateState: ums:A0C0E0 mtp:A1C0E0 mode:0 usb:1 tryToShare:0 state:IDLE
12-03 22:43:51.243: I/AutoMounter(3446): UpdateState: Volume sdcard is Mounted and inserted @ /mnt/shell/emulated/0 gen 1 locked 0 sharing x
12-03 22:43:51.243: I/AutoMounter(3446): UpdateState: ums:A0C0E0 mtp:A1C0E0 mode:0 usb:1 tryToShare:0 state:IDLE
12-03 22:43:51.243: I/AutoMounter(3446): UpdateState: Volume sdcard is Mounted and inserted @ /mnt/shell/emulated/0 gen 1 locked 0 sharing x
12-03 22:43:51.323: I/Gecko(3614): [Child 3614] WARNING: NS_ENSURE_TRUE(XRE_IsParentProcess()) failed: file ../../../../gecko-dev/dom/base/nsFrameMessageManager.cpp, line 1600
12-03 22:43:52.143: I/Gecko(3614): ++DOMWINDOW == 2 (0xafa6e800) [pid = 3614] [serial = 2] [outer = 0xb0a98800]
12-03 22:43:52.193: I/Gecko(3614): [Child 3614] WARNING: NS_ENSURE_TRUE(startupCache) failed: file /home/fischer/Projects/gecko-dev/dom/xbl/nsXBLDocumentInfo.cpp, line 199
12-03 22:43:52.203: I/Gecko(3614): [Child 3614] WARNING: NS_ENSURE_TRUE(startupCache) failed: file /home/fischer/Projects/gecko-dev/dom/xbl/nsXBLDocumentInfo.cpp, line 267
12-03 22:43:52.223: I/Gecko(3446): ++DOCSHELL 0xa987e800 == 2 [pid = 3446] [id = 2]
12-03 22:43:52.223: I/Gecko(3446): ++DOMWINDOW == 3 (0xa9880400) [pid = 3446] [serial = 3] [outer = 0x0]
12-03 22:43:52.413: I/Gecko(3446): ###################################### forms.js loaded
12-03 22:43:52.423: I/Gecko(3446): ###################################### BrowserElementCopyPaste.js loaded
12-03 22:43:52.423: I/Gecko(3446): ############################### browserElementPanning.js loaded
12-03 22:43:52.473: I/Gecko(3446): ######################## BrowserElementChildPreload.js loaded
12-03 22:43:52.533: I/Gecko(3446): ++DOMWINDOW == 4 (0xa970a400) [pid = 3446] [serial = 4] [outer = 0xa9880400]
12-03 22:43:52.563: I/Gecko(3446): ######################## extensions.js loaded
12-03 22:43:52.613: I/Gecko(3446): *** UTM:SVC TimerManager:registerTimer - id: user-agent-updates-timer
12-03 22:43:52.613: I/GeckoConsole(3446): UTM:SVC TimerManager:registerTimer - id: user-agent-updates-timer
12-03 22:43:52.843: I/Gecko(3446): ++DOMWINDOW == 5 (0xa970c400) [pid = 3446] [serial = 5] [outer = 0xa9880400]
12-03 22:43:53.083: I/Gecko(3446): [Parent 3446] WARNING: NS_ENSURE_SUCCESS(rv, rv) failed with result 0x80520012: file /home/fischer/Projects/gecko-dev/layout/style/Loader.cpp, line 2390
12-03 22:43:53.473: I/(Preallocated app)(3614): PAC file installed from data: URI
12-03 22:43:53.733: I/Gecko(3446): -*-*- Webapps.jsm : _readManifests of bluetooth.gaiamobile.org
12-03 22:43:54.033: I/Gecko(3446): [Parent 3446] WARNING: NS_ENSURE_SUCCESS(rv, rv) failed with result 0x80520012: file /home/fischer/Projects/gecko-dev/layout/style/Loader.cpp, line 2121
12-03 22:43:55.663: I/Gecko(3446): XXX FIXME : Dispatch a mozChromeEvent: webapps-registry-ready
12-03 22:43:55.983: I/Gecko(3446): Attempting load of libEGL.so
12-03 22:43:55.983: D/libEGL(3446): loaded /vendor/lib/egl/libEGL_adreno.so
12-03 22:43:55.983: D/libEGL(3446): loaded /vendor/lib/egl/libGLESv1_CM_adreno.so
12-03 22:43:55.983: D/libEGL(3446): loaded /vendor/lib/egl/libGLESv2_adreno.so
12-03 22:43:55.993: I/Adreno-EGL(3446): <qeglDrvAPI_eglInitialize:320>: EGL 1.4 QUALCOMM Build: I0404c4692afb8623f95c43aeb6d5e13ed4b30ddbDate: 11/06/13
12-03 22:43:56.003: I/Gecko(3446): Initializing context 0xaa5a6be0 surface 0xa9720140 on display 0x1
12-03 22:43:56.023: I/GeckoConsole(3446): OpenGL compositor Initialized Succesfully.
12-03 22:43:56.023: I/GeckoConsole(3446): Version: OpenGL ES 3.0 V@53.0 AU@  (CL@)
12-03 22:43:56.023: I/GeckoConsole(3446): Vendor: Qualcomm
12-03 22:43:56.023: I/GeckoConsole(3446): Renderer: Adreno (TM) 330
12-03 22:43:56.023: I/GeckoConsole(3446): FBO Texture Target: TEXTURE_2D
12-03 22:43:56.153: I/Gecko(3446): XXX FIXME : Dispatch a mozChromeEvent: system-first-paint
12-03 22:43:56.723: I/Gecko(3446): LogShake.jsm: Disabling QA Mode
12-03 22:43:58.113: I/GeckoConsole(3446): PAC file installed from data: URI
12-03 22:43:58.183: I/GeckoDump(3446): AUS:Settings: Not a dogfooder!
12-03 22:43:58.353: I/Gecko(3446): --DOMWINDOW == 4 (0xa970a400) [pid = 3446] [serial = 4] [outer = 0x0] [url = about:blank]
12-03 22:44:00.693: I/GeckoDump(3446): AdbController: Starting USB debugger on /data/local/debugger-socket
12-03 22:44:01.003: I/Gecko(3446): [Parent 3446] WARNING: Unexpected topic in AudioManager: file /home/fischer/Projects/gecko-dev/dom/system/gonk/AudioManager.cpp, line 606
12-03 22:44:01.013: I/Gecko(3446): [Parent 3446] WARNING: Unexpected topic in AudioManager: file /home/fischer/Projects/gecko-dev/dom/system/gonk/AudioManager.cpp, line 606
12-03 22:44:01.013: I/Gecko(3446): [Parent 3446] WARNING: Unexpected topic in AudioManager: file /home/fischer/Projects/gecko-dev/dom/system/gonk/AudioManager.cpp, line 606
12-03 22:44:01.013: I/Gecko(3446): [Parent 3446] WARNING: Unexpected topic in AudioManager: file /home/fischer/Projects/gecko-dev/dom/system/gonk/AudioManager.cpp, line 606
12-03 22:44:01.013: I/Gecko(3446): [Parent 3446] WARNING: Unexpected topic in AudioManager: file /home/fischer/Projects/gecko-dev/dom/system/gonk/AudioManager.cpp, line 606
12-03 22:44:01.023: I/Gecko(3446): [Parent 3446] WARNING: Unexpected topic in AudioManager: file /home/fischer/Projects/gecko-dev/dom/system/gonk/AudioManager.cpp, line 606
12-03 22:44:01.023: I/Gecko(3446): [Parent 3446] WARNING: Unexpected topic in AudioManager: file /home/fischer/Projects/gecko-dev/dom/system/gonk/AudioManager.cpp, line 606
12-03 22:44:01.023: I/Gecko(3446): [Parent 3446] WARNING: Unexpected topic in AudioManager: file /home/fischer/Projects/gecko-dev/dom/system/gonk/AudioManager.cpp, line 606
12-03 22:44:01.023: I/Gecko(3446): [Parent 3446] WARNING: Unexpected topic in AudioManager: file /home/fischer/Projects/gecko-dev/dom/system/gonk/AudioManager.cpp, line 606
12-03 22:44:01.033: I/Gecko(3446): [Parent 3446] WARNING: Unexpected topic in AudioManager: file /home/fischer/Projects/gecko-dev/dom/system/gonk/AudioManager.cpp, line 606
12-03 22:44:01.033: I/Gecko(3446): [Parent 3446] WARNING: Unexpected topic in AudioManager: file /home/fischer/Projects/gecko-dev/dom/system/gonk/AudioManager.cpp, line 606
12-03 22:44:01.033: I/Gecko(3446): [Parent 3446] WARNING: Unexpected topic in AudioManager: file /home/fischer/Projects/gecko-dev/dom/system/gonk/AudioManager.cpp, line 606
12-03 22:44:01.033: I/Gecko(3446): [Parent 3446] WARNING: Unexpected topic in AudioManager: file /home/fischer/Projects/gecko-dev/dom/system/gonk/AudioManager.cpp, line 606
12-03 22:44:01.033: I/Gecko(3446): [Parent 3446] WARNING: Unexpected topic in AudioManager: file /home/fischer/Projects/gecko-dev/dom/system/gonk/AudioManager.cpp, line 606
12-03 22:44:01.043: I/Gecko(3446): [Parent 3446] WARNING: Unexpected topic in AudioManager: file /home/fischer/Projects/gecko-dev/dom/system/gonk/AudioManager.cpp, line 606
12-03 22:44:01.183: I/Gecko(3446): [Parent 3446] WARNING: NS_ENSURE_SUCCESS(rv, rv) failed with result 0x80520012: file /home/fischer/Projects/gecko-dev/dom/html/HTMLMediaElement.cpp, line 1337
12-03 22:44:01.283: I/GeckoDump(3446): XXX FIXME : Got a mozContentEvent: system-message-listener-ready
12-03 22:44:01.293: I/Gecko(3446): XXX FIXME : Dispatch a mozPrefChromeEvent: undefined
12-03 22:44:03.233: I/Gecko(3614): ######################## extensions.js loaded
12-03 22:44:03.263: W/Default Home Screen(3614): [JavaScript Warning: "Use of nsIFile in content process is deprecated." {file: "jar:file:///system/b2g/omni.ja!/components/DirectoryProvider.js" line: 81}]
12-03 22:44:03.723: I/Gecko(3614): ++DOMWINDOW == 3 (0xafa78800) [pid = 3614] [serial = 3] [outer = 0xb0a98800]
12-03 22:44:03.943: W/Default Home Screen(3614): [JavaScript Warning: "Error in parsing value for 'text-align'.  Declaration dropped." {file: "app://homescreen.gaiamobile.org/index.html#root" line: 43 column: 18 source: "      text-align: -moz-start;"}]
12-03 22:44:03.953: W/Default Home Screen(3614): [JavaScript Warning: "Error in parsing value for 'text-align'.  Declaration dropped." {file: "app://homescreen.gaiamobile.org/index.html#root" line: 43 column: 18 source: "      text-align: -moz-start;"}]
12-03 22:44:04.403: I/Gecko(3446): [Parent 3446] WARNING: No Document in SetRequestContext; can not query loadgroup; sending reports may fail.: file /home/fischer/Projects/gecko-dev/dom/security/nsCSPContext.cpp, line 603
12-03 22:44:04.493: I/Gecko(3446): [Parent 3446] WARNING: No Document in SetRequestContext; can not query loadgroup; sending reports may fail.: file /home/fischer/Projects/gecko-dev/dom/security/nsCSPContext.cpp, line 603
12-03 22:44:05.043: I/Gecko(3614): [Child 3614] ###!!! ASSERTION: style context has old rule node: 'mRoots[i]->RuleNode()->RuleTree() == mRuleTree', file /home/fischer/Projects/gecko-dev/layout/style/nsStyleSet.cpp, line 317
12-03 22:44:05.043: I/Gecko(3614): [Child 3614] ###!!! ASSERTION: old rule tree still referenced: 'Not Reached', file /home/fischer/Projects/gecko-dev/layout/style/nsStyleSet.cpp, line 2227
12-03 22:44:05.093: I/Gecko(3614): [Child 3614] ###!!! ASSERTION: destroying style context from old rule tree too late: 'styleSet->GetRuleTree() == mRuleNode->RuleTree() || styleSet->IsInRuleTreeReconstruct()', file /home/fischer/Projects/gecko-dev/layout/style/nsStyleContext.cpp, line 136
12-03 22:44:05.093: I/Gecko(3614): [Child 3614] ###!!! ASSERTION: destroying style context from old rule tree too late: 'styleSet->GetRuleTree() == mRuleNode->RuleTree() || styleSet->IsInRuleTreeReconstruct()', file /home/fischer/Projects/gecko-dev/layout/style/nsStyleContext.cpp, line 136
12-03 22:44:05.093: I/Gecko(3614): [Child 3614] ###!!! ASSERTION: destroying style context from old rule tree too late: 'styleSet->GetRuleTree() == mRuleNode->RuleTree() || styleSet->IsInRuleTreeReconstruct()', file /home/fischer/Projects/gecko-dev/layout/style/nsStyleContext.cpp, line 136
12-03 22:44:05.093: I/Gecko(3614): [Child 3614] ###!!! ASSERTION: destroying style context from old rule tree too late: 'styleSet->GetRuleTree() == mRuleNode->RuleTree() || styleSet->IsInRuleTreeReconstruct()', file /home/fischer/Projects/gecko-dev/layout/style/nsStyleContext.cpp, line 136
12-03 22:44:05.763: I/Gecko(3446): [Parent 3446] WARNING: No Document in SetRequestContext; can not query loadgroup; sending reports may fail.: file /home/fischer/Projects/gecko-dev/dom/security/nsCSPContext.cpp, line 603
12-03 22:44:05.873: I/Gecko(3446): [Parent 3446] WARNING: No Document in SetRequestContext; can not query loadgroup; sending reports may fail.: file /home/fischer/Projects/gecko-dev/dom/security/nsCSPContext.cpp, line 603
12-03 22:44:05.893: I/Gecko(3446): [Parent 3446] WARNING: No Document in SetRequestContext; can not query loadgroup; sending reports may fail.: file /home/fischer/Projects/gecko-dev/dom/security/nsCSPContext.cpp, line 603
12-03 22:44:05.953: I/Gecko(3446): [Parent 3446] WARNING: No Document in SetRequestContext; can not query loadgroup; sending reports may fail.: file /home/fischer/Projects/gecko-dev/dom/security/nsCSPContext.cpp, line 603
12-03 22:44:06.063: I/Gecko(3446): -*-*- Webapps.jsm : _readManifests of communications.gaiamobile.org
12-03 22:44:06.163: I/Gecko(3446): -*-*- Webapps.jsm : _readManifests of sms.gaiamobile.org
12-03 22:44:06.223: I/Gecko(3446): -*-*- Webapps.jsm : _readManifests of communications.gaiamobile.org
12-03 22:44:06.253: I/Gecko(3446): -*-*- Webapps.jsm : _readManifests of communications.gaiamobile.org
12-03 22:44:06.273: W/libsuspend(3446): Error writing 'on' to /sys/power/state: Invalid argument
12-03 22:44:06.273: I/libsuspend(3446): Selected autosleep
12-03 22:44:06.273: E/ANDR-PERF-LOCK(1604): Failed to reset optimization for resource: 4 level: 0
12-03 22:44:06.273: D/qdhwcomposer(3446): hwc_blank: Unblanking display: 0
12-03 22:44:06.273: D/qdhwcomposer(3446): hwc_blank: Done unblanking display: 0
12-03 22:44:06.293: I/Gecko(3446): -*-*- Webapps.jsm : _readManifests of sms.gaiamobile.org
12-03 22:44:06.343: I/Gecko(3446): -*-*- Webapps.jsm : _readManifests of email.gaiamobile.org
12-03 22:44:06.363: I/Gecko(3446): -*-*- Webapps.jsm : _readManifests of communications.gaiamobile.org
12-03 22:44:06.383: I/Gecko(3446): -*-*- Webapps.jsm : _readManifests of search.gaiamobile.org
12-03 22:44:06.443: I/Gecko(3446): -*-*- Webapps.jsm : _readManifests of email.gaiamobile.org
12-03 22:44:06.453: I/Gecko(3446): -*-*- Webapps.jsm : _readManifests of search.gaiamobile.org
12-03 22:44:06.513: I/Gecko(3446): -*-*- Webapps.jsm : _readManifests of camera.gaiamobile.org
12-03 22:44:06.593: I/Gecko(3446): -*-*- Webapps.jsm : _readManifests of gallery.gaiamobile.org
12-03 22:44:06.713: I/Gecko(3446): -*-*- Webapps.jsm : _readManifests of camera.gaiamobile.org
12-03 22:44:06.723: I/Gecko(3446): -*-*- Webapps.jsm : _readManifests of music.gaiamobile.org
12-03 22:44:06.723: I/Gecko(3446): -*-*- Webapps.jsm : _readManifests of gallery.gaiamobile.org
12-03 22:44:06.743: I/Gecko(3446): -*-*- Webapps.jsm : _readManifests of video.gaiamobile.org
12-03 22:44:06.773: I/Gecko(3446): -*-*- Webapps.jsm : _readManifests of marketplace.firefox.com
12-03 22:44:06.813: I/Gecko(3446): -*-*- Webapps.jsm : _readManifests of music.gaiamobile.org
12-03 22:44:06.883: I/Gecko(3446): -*-*- Webapps.jsm : _readManifests of video.gaiamobile.org
12-03 22:44:06.893: I/Gecko(3446): -*-*- Webapps.jsm : _readManifests of marketplace.firefox.com
12-03 22:44:06.913: I/Gecko(3446): -*-*- Webapps.jsm : _readManifests of calendar.gaiamobile.org
12-03 22:44:06.993: I/Gecko(3446): -*-*- Webapps.jsm : _readManifests of clock.gaiamobile.org
12-03 22:44:07.313: I/Gecko(3446): -*-*- Webapps.jsm : _readManifests of calendar.gaiamobile.org
12-03 22:44:07.333: I/Gecko(3446): -*-*- Webapps.jsm : _readManifests of clock.gaiamobile.org
12-03 22:44:07.793: I/Gecko(3614): [Child 3614] ###!!! ASSERTION: old rule tree still referenced: 'Not Reached', file /home/fischer/Projects/gecko-dev/layout/style/nsStyleSet.cpp, line 2227
12-03 22:44:08.113: I/Gecko(3446): -*-*- Webapps.jsm : _readManifests of settings.gaiamobile.org
12-03 22:44:08.113: I/Gecko(3446): -*-*- Webapps.jsm : _readManifests of {616c4cc3-c84a-534e-8717-cd18e6e495af}
12-03 22:44:08.123: I/Gecko(3446): -*-*- Webapps.jsm : _readManifests of {504a3154-1c64-d54f-9729-ffb6c3899d69}
12-03 22:44:09.543: I/GeckoDump(3446): XXX FIXME : Got a mozContentEvent: update-prompt-ready
12-03 22:44:09.803: I/Gecko(3446): -*-*- Webapps.jsm : _readManifests of settings.gaiamobile.org
12-03 22:44:09.813: I/Gecko(3446): -*-*- Webapps.jsm : _readManifests of {616c4cc3-c84a-534e-8717-cd18e6e495af}
12-03 22:44:09.823: I/Gecko(3446): -*-*- Webapps.jsm : _readManifests of {504a3154-1c64-d54f-9729-ffb6c3899d69}
12-03 22:44:09.833: I/Gecko(3446): -*-*- Webapps.jsm : _readManifests of fm.gaiamobile.org
12-03 22:44:09.843: I/Gecko(3446): -*-*- Webapps.jsm : _readManifests of {2819463a-30c5-be4e-8eb1-f4cd7b924261}
12-03 22:44:09.853: I/Gecko(3446): -*-*- Webapps.jsm : _readManifests of {3149d2d8-1ab6-7d4b-93dd-9e01eed97a59}
12-03 22:44:09.863: I/Gecko(3446): -*-*- Webapps.jsm : _readManifests of bluetooth.gaiamobile.org
12-03 22:44:09.873: I/Gecko(3446): -*-*- Webapps.jsm : _readManifests of callscreen.gaiamobile.org
12-03 22:44:09.873: I/Gecko(3446): -*-*- Webapps.jsm : _readManifests of download.gaiamobile.org
12-03 22:44:10.123: I/Gecko(3446): -*-*- Webapps.jsm : _readManifests of {089a8980-1ed3-9045-9171-be7030cda3e3}
12-03 22:44:10.173: I/Gecko(3446): -*-*- Webapps.jsm : _readManifests of costcontrol.gaiamobile.org
12-03 22:44:10.183: I/Gecko(3446): -*-*- Webapps.jsm : _readManifests of default_theme.gaiamobile.org
12-03 22:44:10.203: I/Gecko(3446): -*-*- Webapps.jsm : _readManifests of findmydevice.gaiamobile.org
12-03 22:44:10.213: I/Gecko(3446): -*-*- Webapps.jsm : _readManifests of ftu.gaiamobile.org
12-03 22:44:10.223: I/Gecko(3446): -*-*- Webapps.jsm : _readManifests of keyboard.gaiamobile.org
12-03 22:44:10.273: I/Gecko(3446): -*-*- Webapps.jsm : _readManifests of operatorvariant.gaiamobile.org
12-03 22:44:10.293: I/Gecko(3446): -*-*- Webapps.jsm : _readManifests of ringtones.gaiamobile.org
12-03 22:44:10.613: I/Gecko(3446): ++DOCSHELL 0xa3156400 == 3 [pid = 3446] [id = 3]
12-03 22:44:10.613: I/Gecko(3446): ++DOMWINDOW == 5 (0xa3157800) [pid = 3446] [serial = 6] [outer = 0x0]
12-03 22:44:10.663: I/Gecko(3446): ###################################### BrowserElementCopyPaste.js loaded
12-03 22:44:10.663: I/Gecko(3446): ############################### browserElementPanning.js loaded
12-03 22:44:10.713: I/Gecko(3446): ######################## BrowserElementChildPreload.js loaded
12-03 22:44:10.723: I/Gecko(3446): ++DOMWINDOW == 6 (0xa315bc00) [pid = 3446] [serial = 7] [outer = 0xa3157800]
12-03 22:44:10.743: I/Gecko(3446): ######################## extensions.js loaded
12-03 22:44:10.813: W/GeckoConsole(3446): Content JS WARN: Service.registerState: Provider should have a name. [object Object]
12-03 22:44:10.813: W/GeckoConsole(3446):     at exports.Service.registerState (app://system.gaiamobile.org/js/service.js:166:1)
12-03 22:44:11.113: I/Gecko(3614): [Child 3614] ###!!! ASSERTION: old rule tree still referenced: 'Not Reached', file /home/fischer/Projects/gecko-dev/layout/style/nsStyleSet.cpp, line 2227
12-03 22:44:11.413: I/Gecko(3446): -*-*- Webapps.jsm : _readManifests of {53e8b09b-4cd6-9947-be98-ef6ecaa5638d}
12-03 22:44:11.433: I/Gecko(3446): -*-*- Webapps.jsm : _readManifests of emergency-call.gaiamobile.org
12-03 22:44:11.433: I/Gecko(3446): -*-*- Webapps.jsm : _readManifests of homescreen.gaiamobile.org
12-03 22:44:11.613: I/Gecko(3446): -*-*- Webapps.jsm : _readManifests of pdfjs.gaiamobile.org
12-03 22:44:11.623: I/Gecko(3446): -*-*- Webapps.jsm : _readManifests of sync.gaiamobile.org
12-03 22:44:11.753: I/Gecko(3446): -*-*- Webapps.jsm : _readManifests of verticalhome.gaiamobile.org
12-03 22:44:11.763: I/Gecko(3446): -*-*- Webapps.jsm : _readManifests of wappush.gaiamobile.org
12-03 22:44:11.773: I/Gecko(3446): -*-*- Webapps.jsm : _readManifests of in_app_pay_test.gaiamobile.org
12-03 22:44:11.803: I/Gecko(3446): -*-*- Webapps.jsm : _readManifests of fm.gaiamobile.org
12-03 22:44:11.813: I/Gecko(3446): -*-*- Webapps.jsm : _readManifests of {2819463a-30c5-be4e-8eb1-f4cd7b924261}
12-03 22:44:11.823: I/Gecko(3446): -*-*- Webapps.jsm : _readManifests of {3149d2d8-1ab6-7d4b-93dd-9e01eed97a59}
12-03 22:44:11.823: I/Gecko(3446): -*-*- Webapps.jsm : _readManifests of bluetooth.gaiamobile.org
12-03 22:44:11.833: I/Gecko(3446): -*-*- Webapps.jsm : _readManifests of callscreen.gaiamobile.org
12-03 22:44:11.843: I/Gecko(3446): -*-*- Webapps.jsm : _readManifests of download.gaiamobile.org
12-03 22:44:11.863: I/Gecko(3446): -*-*- Webapps.jsm : _readManifests of {089a8980-1ed3-9045-9171-be7030cda3e3}
12-03 22:44:11.863: I/Gecko(3446): -*-*- Webapps.jsm : _readManifests of costcontrol.gaiamobile.org
12-03 22:44:11.873: I/Gecko(3446): -*-*- Webapps.jsm : _readManifests of default_theme.gaiamobile.org
12-03 22:44:11.883: I/Gecko(3446): -*-*- Webapps.jsm : _readManifests of findmydevice.gaiamobile.org
12-03 22:44:11.883: I/Gecko(3446): -*-*- Webapps.jsm : _readManifests of ftu.gaiamobile.org
12-03 22:44:11.893: I/Gecko(3446): -*-*- Webapps.jsm : _readManifests of keyboard.gaiamobile.org
12-03 22:44:11.903: I/Gecko(3446): -*-*- Webapps.jsm : _readManifests of operatorvariant.gaiamobile.org
12-03 22:44:11.913: I/Gecko(3446): -*-*- Webapps.jsm : _readManifests of ringtones.gaiamobile.org
12-03 22:44:11.943: I/Gecko(3446): ++DOMWINDOW == 7 (0xa0cdf400) [pid = 3446] [serial = 8] [outer = 0xa3157800]
12-03 22:44:11.993: I/Gecko(3446): -*-*- Webapps.jsm : _readManifests of bookmark.gaiamobile.org
12-03 22:44:12.003: I/Gecko(3446): -*-*- Webapps.jsm : _readManifests of network-alerts.gaiamobile.org
12-03 22:44:12.003: I/Gecko(3446): -*-*- Webapps.jsm : _readManifests of system.gaiamobile.org
12-03 22:44:12.013: I/Gecko(3446): -*-*- Webapps.jsm : _readManifests of marketplace-dev.allizom.org
12-03 22:44:12.023: I/Gecko(3446): -*-*- Webapps.jsm : _readManifests of {9e37efd2-6b9d-1143-91ea-6ea9763a56d0}
12-03 22:44:12.033: I/Gecko(3446): -*-*- Webapps.jsm : _readManifests of geoloc.gaiamobile.org
12-03 22:44:12.043: I/Gecko(3446): -*-*- Webapps.jsm : _readManifests of membuster.gaiamobile.org
12-03 22:44:12.053: I/Gecko(3446): -*-*- Webapps.jsm : _readManifests of share-receiver.gaiamobile.org
12-03 22:44:12.063: I/Gecko(3446): -*-*- Webapps.jsm : _readManifests of test-agent.gaiamobile.org
12-03 22:44:12.723: I/Gecko(3446): -*-*- Webapps.jsm : _readManifests of {53e8b09b-4cd6-9947-be98-ef6ecaa5638d}
12-03 22:44:12.733: I/Gecko(3446): -*-*- Webapps.jsm : _readManifests of emergency-call.gaiamobile.org
12-03 22:44:12.743: I/Gecko(3446): -*-*- Webapps.jsm : _readManifests of homescreen.gaiamobile.org
12-03 22:44:12.743: I/Gecko(3446): -*-*- Webapps.jsm : _readManifests of fl.gaiamobile.org
12-03 22:44:12.753: I/Gecko(3446): -*-*- Webapps.jsm : _readManifests of wallpaper.gaiamobile.org
12-03 22:44:12.763: I/Gecko(3446): -*-*- Webapps.jsm : _readManifests of ds-test.gaiamobile.org
12-03 22:44:12.813: I/Gecko(3446): -*-*- Webapps.jsm : _readManifests of bluetooth.gaiamobile.org
12-03 22:44:12.823: I/Gecko(3446): -*-*- Webapps.jsm : _readManifests of test-ime.gaiamobile.org
12-03 22:44:12.833: I/Gecko(3446): -*-*- Webapps.jsm : _readManifests of test-container.gaiamobile.org
12-03 22:44:12.843: I/Gecko(3446): -*-*- Webapps.jsm : _readManifests of test-iac-subscriber.gaiamobile.org
12-03 22:44:12.853: I/Gecko(3446): -*-*- Webapps.jsm : _readManifests of test-receiver-1.gaiamobile.org
12-03 22:44:12.863: I/Gecko(3446): -*-*- Webapps.jsm : _readManifests of test-receiver-inline.gaiamobile.org
12-03 22:44:12.873: I/Gecko(3446): -*-*- Webapps.jsm : _readManifests of test-wappush.gaiamobile.org
12-03 22:44:13.093: V/EventHub(3446): /dev/input/event1 got: time=80154.499596, type=3, code=57, value=196
12-03 22:44:13.093: V/EventHub(3446): event time 80154499596000, now 80154502118547
12-03 22:44:13.093: V/EventHub(3446): /dev/input/event1 got: time=80154.499596, type=3, code=53, value=0
12-03 22:44:13.093: V/EventHub(3446): event time 80154499596000, now 80154502118547
12-03 22:44:13.093: V/EventHub(3446): /dev/input/event1 got: time=80154.499596, type=3, code=54, value=1859
12-03 22:44:13.093: V/EventHub(3446): event time 80154499596000, now 80154502118547
12-03 22:44:13.093: V/EventHub(3446): /dev/input/event1 got: time=80154.499596, type=3, code=58, value=31
12-03 22:44:13.093: V/EventHub(3446): event time 80154499596000, now 80154502118547
12-03 22:44:13.093: V/EventHub(3446): /dev/input/event1 got: time=80154.499596, type=0, code=0, value=0
12-03 22:44:13.093: V/EventHub(3446): event time 80154499596000, now 80154502118547
12-03 22:44:13.103: V/EventHub(3446): /dev/input/event1 got: time=80154.516260, type=3, code=54, value=1855
12-03 22:44:13.103: V/EventHub(3446): event time 80154516260000, now 80154518788911
12-03 22:44:13.103: V/EventHub(3446): /dev/input/event1 got: time=80154.516260, type=3, code=58, value=44
12-03 22:44:13.103: V/EventHub(3446): event time 80154516260000, now 80154518788911
12-03 22:44:13.103: V/EventHub(3446): /dev/input/event1 got: time=80154.516260, type=3, code=48, value=5
12-03 22:44:13.103: V/EventHub(3446): event time 80154516260000, now 80154518788911
12-03 22:44:13.103: V/EventHub(3446): /dev/input/event1 got: time=80154.516260, type=0, code=0, value=0
12-03 22:44:13.103: V/EventHub(3446): event time 80154516260000, now 80154518788911
12-03 22:44:13.113: V/EventHub(3446): /dev/input/event1 got: time=80154.524610, type=3, code=54, value=1852
12-03 22:44:13.113: V/EventHub(3446): event time 80154524610000, now 80154527125422
12-03 22:44:13.113: V/EventHub(3446): /dev/input/event1 got: time=80154.524610, type=0, code=0, value=0
12-03 22:44:13.113: V/EventHub(3446): event time 80154524610000, now 80154527125422
12-03 22:44:13.123: V/EventHub(3446): /dev/input/event1 got: time=80154.532961, type=3, code=54, value=1848
12-03 22:44:13.123: V/EventHub(3446): event time 80154532961000, now 80154535509120
12-03 22:44:13.123: V/EventHub(3446): /dev/input/event1 got: time=80154.532961, type=3, code=58, value=45
12-03 22:44:13.123: V/EventHub(3446): event time 80154532961000, now 80154535509120
12-03 22:44:13.123: V/EventHub(3446): /dev/input/event1 got: time=80154.532961, type=0, code=0, value=0
12-03 22:44:13.123: V/EventHub(3446): event time 80154532961000, now 80154535509120
12-03 22:44:13.133: V/EventHub(3446): /dev/input/event1 got: time=80154.541287, type=3, code=54, value=1841
12-03 22:44:13.133: V/EventHub(3446): event time 80154541287000, now 80154543779692
12-03 22:44:13.133: V/EventHub(3446): /dev/input/event1 got: time=80154.541287, type=0, code=0, value=0
12-03 22:44:13.133: V/EventHub(3446): event time 80154541287000, now 80154543779692
12-03 22:44:13.143: V/EventHub(3446): /dev/input/event1 got: time=80154.549630, type=3, code=54, value=1837
12-03 22:44:13.143: V/EventHub(3446): event time 80154549630000, now 80154552213182
12-03 22:44:13.143: V/EventHub(3446): /dev/input/event1 got: time=80154.549630, type=0, code=0, value=0
12-03 22:44:13.143: V/EventHub(3446): event time 80154549630000, now 80154552213182
12-03 22:44:13.143: I/Gecko(3446): -*-*- Webapps.jsm : _readManifests of pdfjs.gaiamobile.org
12-03 22:44:13.153: V/EventHub(3446): /dev/input/event1 got: time=80154.557948, type=3, code=54, value=1833
12-03 22:44:13.153: V/EventHub(3446): event time 80154557948000, now 80154560481880
12-03 22:44:13.153: V/EventHub(3446): /dev/input/event1 got: time=80154.557948, type=0, code=0, value=0
12-03 22:44:13.153: V/EventHub(3446): event time 80154557948000, now 80154560481880
12-03 22:44:13.153: I/Gecko(3446): [Parent 3446] WARNING: 'NS_FAILED(rv)', file /home/fischer/Projects/gecko-dev/dom/base/nsXMLHttpRequest.cpp, line 2929
12-03 22:44:13.153: V/EventHub(3446): /dev/input/event1 got: time=80154.566348, type=3, code=54, value=1829
12-03 22:44:13.153: V/EventHub(3446): event time 80154566348000, now 80154568876931
12-03 22:44:13.153: V/EventHub(3446): /dev/input/event1 got: time=80154.566348, type=0, code=0, value=0
12-03 22:44:13.153: V/EventHub(3446): event time 80154566348000, now 80154568876931
12-03 22:44:13.163: V/EventHub(3446): /dev/input/event1 got: time=80154.574575, type=3, code=54, value=1814
12-03 22:44:13.163: V/EventHub(3446): event time 80154574575000, now 80154577092400
12-03 22:44:13.163: V/EventHub(3446): /dev/input/event1 got: time=80154.574575, type=0, code=0, value=0
12-03 22:44:13.163: V/EventHub(3446): event time 80154574575000, now 80154577092400
12-03 22:44:13.173: V/EventHub(3446): /dev/input/event1 got: time=80154.582981, type=3, code=54, value=1812
12-03 22:44:13.173: V/EventHub(3446): event time 80154582981000, now 80154585487503
12-03 22:44:13.173: V/EventHub(3446): /dev/input/event1 got: time=80154.582981, type=0, code=0, value=0
12-03 22:44:13.173: V/EventHub(3446): event time 80154582981000, now 80154585487503
12-03 22:44:13.183: V/EventHub(3446): /dev/input/event1 got: time=80154.591327, type=3, code=54, value=1809
12-03 22:44:13.183: V/EventHub(3446): event time 80154591327000, now 80154593842138
12-03 22:44:13.183: V/EventHub(3446): /dev/input/event1 got: time=80154.591327, type=0, code=0, value=0
12-03 22:44:13.183: V/EventHub(3446): event time 80154591327000, now 80154593842138
12-03 22:44:13.193: V/EventHub(3446): /dev/input/event1 got: time=80154.599687, type=3, code=54, value=1804
12-03 22:44:13.193: V/EventHub(3446): event time 80154599687000, now 80154602194691
12-03 22:44:13.193: V/EventHub(3446): /dev/input/event1 got: time=80154.599687, type=0, code=0, value=0
12-03 22:44:13.193: V/EventHub(3446): event time 80154599687000, now 80154602194691
12-03 22:44:13.203: V/EventHub(3446): /dev/input/event1 got: time=80154.607992, type=3, code=54, value=1796
12-03 22:44:13.203: V/EventHub(3446): event time 80154607992000, now 80154610517296
12-03 22:44:13.203: V/EventHub(3446): /dev/input/event1 got: time=80154.607992, type=0, code=0, value=0
12-03 22:44:13.203: V/EventHub(3446): event time 80154607992000, now 80154610517296
12-03 22:44:13.203: V/EventHub(3446): /dev/input/event1 got: time=80154.616343, type=3, code=54, value=1795
12-03 22:44:13.203: V/EventHub(3446): event time 80154616343000, now 80154618862244
12-03 22:44:13.203: V/EventHub(3446): /dev/input/event1 got: time=80154.616343, type=0, code=0, value=0
12-03 22:44:13.203: V/EventHub(3446): event time 80154616343000, now 80154618862244
12-03 22:44:13.213: V/EventHub(3446): /dev/input/event1 got: time=80154.624681, type=3, code=54, value=1794
12-03 22:44:13.213: V/EventHub(3446): event time 80154624681000, now 80154627198546
12-03 22:44:13.213: V/EventHub(3446): /dev/input/event1 got: time=80154.624681, type=0, code=0, value=0
12-03 22:44:13.213: V/EventHub(3446): event time 80154624681000, now 80154627198546
12-03 22:44:13.233: I/Gecko(3446): -*-*- Webapps.jsm : _readManifests of sync.gaiamobile.org
12-03 22:44:13.233: V/EventHub(3446): /dev/input/event1 got: time=80154.641389, type=3, code=54, value=1793
12-03 22:44:13.233: V/EventHub(3446): event time 80154641389000, now 80154643911411
12-03 22:44:13.233: V/EventHub(3446): /dev/input/event1 got: time=80154.641389, type=3, code=58, value=46
12-03 22:44:13.233: V/EventHub(3446): event time 80154641389000, now 80154643911411
12-03 22:44:13.233: V/EventHub(3446): /dev/input/event1 got: time=80154.641389, type=0, code=0, value=0
12-03 22:44:13.233: V/EventHub(3446): event time 80154641389000, now 80154643911411
12-03 22:44:13.233: I/Gecko(3446): -*-*- Webapps.jsm : _readManifests of verticalhome.gaiamobile.org
12-03 22:44:13.243: V/EventHub(3446): /dev/input/event1 got: time=80154.649698, type=3, code=54, value=1792
12-03 22:44:13.243: V/EventHub(3446): event time 80154649698000, now 80154652258859
12-03 22:44:13.243: V/EventHub(3446): /dev/input/event1 got: time=80154.649698, type=3, code=58, value=45
12-03 22:44:13.243: V/EventHub(3446): event time 80154649698000, now 80154652258859
12-03 22:44:13.243: V/EventHub(3446): /dev/input/event1 got: time=80154.649698, type=0, code=0, value=0
12-03 22:44:13.243: V/EventHub(3446): event time 80154649698000, now 80154652258859
12-03 22:44:13.243: I/Gecko(3446): -*-*- Webapps.jsm : _readManifests of wappush.gaiamobile.org
12-03 22:44:13.253: V/EventHub(3446): /dev/input/event1 got: time=80154.658038, type=3, code=54, value=1791
12-03 22:44:13.253: V/EventHub(3446): event time 80154658038000, now 80154660549067
12-03 22:44:13.253: V/EventHub(3446): /dev/input/event1 got: time=80154.658038, type=3, code=58, value=46
12-03 22:44:13.253: V/EventHub(3446): event time 80154658038000, now 80154660549067
12-03 22:44:13.253: V/EventHub(3446): /dev/input/event1 got: time=80154.658038, type=0, code=0, value=0
12-03 22:44:13.253: V/EventHub(3446): event time 80154658038000, now 80154660549067
12-03 22:44:13.253: I/Gecko(3446): -*-*- Webapps.jsm : _readManifests of in_app_pay_test.gaiamobile.org
12-03 22:44:13.253: V/EventHub(3446): /dev/input/event1 got: time=80154.666406, type=3, code=54, value=1790
12-03 22:44:13.253: V/EventHub(3446): event time 80154666406000, now 80154668921254
12-03 22:44:13.253: V/EventHub(3446): /dev/input/event1 got: time=80154.666406, type=3, code=58, value=45
12-03 22:44:13.253: V/EventHub(3446): event time 80154666406000, now 80154668921254
12-03 22:44:13.253: V/EventHub(3446): /dev/input/event1 got: time=80154.666406, type=0, code=0, value=0
12-03 22:44:13.253: V/EventHub(3446): event time 80154666406000, now 80154668921254
12-03 22:44:13.263: V/EventHub(3446): /dev/input/event1 got: time=80154.674689, type=3, code=54, value=1789
12-03 22:44:13.263: V/EventHub(3446): event time 80154674689000, now 80154677200057
12-03 22:44:13.263: V/EventHub(3446): /dev/input/event1 got: time=80154.674689, type=0, code=0, value=0
12-03 22:44:13.263: V/EventHub(3446): event time 80154674689000, now 80154677200057
12-03 22:44:13.273: V/EventHub(3446): /dev/input/event1 got: time=80154.683051, type=3, code=54, value=1788
12-03 22:44:13.273: V/EventHub(3446): event time 80154683051000, now 80154685575005
12-03 22:44:13.273: V/EventHub(3446): /dev/input/event1 got: time=80154.683051, type=0, code=0, value=0
12-03 22:44:13.273: V/EventHub(3446): event time 80154683051000, now 80154685575005
12-03 22:44:13.293: V/EventHub(3446): /dev/input/event1 got: time=80154.699753, type=3, code=54, value=1785
12-03 22:44:13.293: V/EventHub(3446): event time 80154699753000, now 80154702261724
12-03 22:44:13.293: V/EventHub(3446): /dev/input/event1 got: time=80154.699753, type=0, code=0, value=0
12-03 22:44:13.293: V/EventHub(3446): event time 80154699753000, now 80154702261724
12-03 22:44:13.303: V/EventHub(3446): /dev/input/event1 got: time=80154.708059, type=3, code=54, value=1783
12-03 22:44:13.303: V/EventHub(3446): event time 80154708059000, now 80154710596359
12-03 22:44:13.303: V/EventHub(3446): /dev/input/event1 got: time=80154.708059, type=3, code=58, value=46
12-03 22:44:13.303: V/EventHub(3446): event time 80154708059000, now 80154710596359
12-03 22:44:13.303: V/EventHub(3446): /dev/input/event1 got: time=80154.708059, type=0, code=0, value=0
12-03 22:44:13.303: V/EventHub(3446): event time 80154708059000, now 80154710596359
12-03 22:44:13.313: V/EventHub(3446): /dev/input/event1 got: time=80154.724779, type=3, code=54, value=1782
12-03 22:44:13.313: V/EventHub(3446): event time 80154724779000, now 80154727310057
12-03 22:44:13.313: V/EventHub(3446): /dev/input/event1 got: time=80154.724779, type=0, code=0, value=0
12-03 22:44:13.313: V/EventHub(3446): event time 80154724779000, now 80154727310057
12-03 22:44:13.323: V/EventHub(3446): /dev/input/event1 got: time=80154.733145, type=3, code=54, value=1780
12-03 22:44:13.323: V/EventHub(3446): event time 80154733145000, now 80154735680005
12-03 22:44:13.323: V/EventHub(3446): /dev/input/event1 got: time=80154.733145, type=0, code=0, value=0
12-03 22:44:13.323: V/EventHub(3446): event time 80154733145000, now 80154735680005
12-03 22:44:13.343: V/EventHub(3446): /dev/input/event1 got: time=80154.749770, type=3, code=54, value=1779
12-03 22:44:13.343: V/EventHub(3446): event time 80154749770000, now 80154756614379
12-03 22:44:13.343: V/EventHub(3446): /dev/input/event1 got: time=80154.749770, type=0, code=0, value=0
12-03 22:44:13.343: V/EventHub(3446): event time 80154749770000, now 80154756614379
12-03 22:44:13.353: V/EventHub(3446): /dev/input/event1 got: time=80154.758095, type=3, code=54, value=1777
12-03 22:44:13.353: V/EventHub(3446): event time 80154758095000, now 80154760613807
12-03 22:44:13.353: V/EventHub(3446): /dev/input/event1 got: time=80154.758095, type=0, code=0, value=0
12-03 22:44:13.353: V/EventHub(3446): event time 80154758095000, now 80154760613807
12-03 22:44:13.363: V/EventHub(3446): /dev/input/event1 got: time=80154.766428, type=3, code=54, value=1776
12-03 22:44:13.363: V/EventHub(3446): event time 80154766428000, now 80154770036984
12-03 22:44:13.363: V/EventHub(3446): /dev/input/event1 got: time=80154.766428, type=3, code=58, value=45
12-03 22:44:13.363: V/EventHub(3446): event time 80154766428000, now 80154770036984
12-03 22:44:13.363: V/EventHub(3446): /dev/input/event1 got: time=80154.766428, type=0, code=0, value=0
12-03 22:44:13.363: V/EventHub(3446): event time 80154766428000, now 80154770036984
12-03 22:44:13.363: V/EventHub(3446): /dev/input/event1 got: time=80154.774835, type=3, code=54, value=1775
12-03 22:44:13.363: V/EventHub(3446): event time 80154774835000, now 80154777376254
12-03 22:44:13.363: V/EventHub(3446): /dev/input/event1 got: time=80154.774835, type=0, code=0, value=0
12-03 22:44:13.363: V/EventHub(3446): event time 80154774835000, now 80154777376254
12-03 22:44:13.393: V/EventHub(3446): /dev/input/event1 got: time=80154.799832, type=3, code=54, value=1774
12-03 22:44:13.393: V/EventHub(3446): event time 80154799832000, now 80154802614380
12-03 22:44:13.393: V/EventHub(3446): /dev/input/event1 got: time=80154.799832, type=3, code=58, value=46
12-03 22:44:13.393: V/EventHub(3446): event time 80154799832000, now 80154802614380
12-03 22:44:13.393: V/EventHub(3446): /dev/input/event1 got: time=80154.799832, type=0, code=0, value=0
12-03 22:44:13.393: V/EventHub(3446): event time 80154799832000, now 80154802614380
12-03 22:44:13.403: V/EventHub(3446): /dev/input/event1 got: time=80154.808140, type=3, code=54, value=1772
12-03 22:44:13.403: V/EventHub(3446): event time 80154808140000, now 80154810655213
12-03 22:44:13.403: V/EventHub(3446): /dev/input/event1 got: time=80154.808140, type=3, code=58, value=45
12-03 22:44:13.403: V/EventHub(3446): event time 80154808140000, now 80154810655213
12-03 22:44:13.403: V/EventHub(3446): /dev/input/event1 got: time=80154.808140, type=0, code=0, value=0
12-03 22:44:13.403: V/EventHub(3446): event time 80154808140000, now 80154810655213
12-03 22:44:13.403: V/EventHub(3446): /dev/input/event1 got: time=80154.816531, type=3, code=54, value=1775
12-03 22:44:13.403: V/EventHub(3446): event time 80154816531000, now 80154819062452
12-03 22:44:13.403: V/EventHub(3446): /dev/input/event1 got: time=80154.816531, type=0, code=0, value=0
12-03 22:44:13.403: V/EventHub(3446): event time 80154816531000, now 80154819062452
12-03 22:44:13.423: V/EventHub(3446): /dev/input/event1 got: time=80154.833240, type=3, code=54, value=1777
12-03 22:44:13.423: V/EventHub(3446): event time 80154833240000, now 80154835765577
12-03 22:44:13.423: V/EventHub(3446): /dev/input/event1 got: time=80154.833240, type=3, code=58, value=46
12-03 22:44:13.423: V/EventHub(3446): event time 80154833240000, now 80154835765577
12-03 22:44:13.423: V/EventHub(3446): /dev/input/event1 got: time=80154.833240, type=0, code=0, value=0
12-03 22:44:13.423: V/EventHub(3446): event time 80154833240000, now 80154835765577
12-03 22:44:13.433: I/Gecko(3446): -*-*- Webapps.jsm : _readManifests of bookmark.gaiamobile.org
12-03 22:44:13.443: V/EventHub(3446): /dev/input/event1 got: time=80154.849888, type=3, code=54, value=1775
12-03 22:44:13.443: V/EventHub(3446): event time 80154849888000, now 80154852735838
12-03 22:44:13.443: V/EventHub(3446): /dev/input/event1 got: time=80154.849888, type=0, code=0, value=0
12-03 22:44:13.443: V/EventHub(3446): event time 80154849888000, now 80154852735838
12-03 22:44:13.453: V/EventHub(3446): /dev/input/event1 got: time=80154.866540, type=3, code=54, value=1774
12-03 22:44:13.453: V/EventHub(3446): event time 80154866540000, now 80154869057921
12-03 22:44:13.453: V/EventHub(3446): /dev/input/event1 got: time=80154.866540, type=0, code=0, value=0
12-03 22:44:13.453: V/EventHub(3446): event time 80154866540000, now 80154869057921
12-03 22:44:13.483: V/EventHub(3446): /dev/input/event1 got: time=80154.891516, type=3, code=54, value=1773
12-03 22:44:13.483: V/EventHub(3446): event time 80154891516000, now 80154894027869
12-03 22:44:13.483: V/EventHub(3446): /dev/input/event1 got: time=80154.891516, type=0, code=0, value=0
12-03 22:44:13.483: V/EventHub(3446): event time 80154891516000, now 80154894027869
12-03 22:44:13.503: V/EventHub(3446): /dev/input/event1 got: time=80154.908227, type=3, code=54, value=1777
12-03 22:44:13.503: V/EventHub(3446): event time 80154908227000, now 80154911128651
12-03 22:44:13.503: V/EventHub(3446): /dev/input/event1 got: time=80154.908227, type=3, code=58, value=45
12-03 22:44:13.503: V/EventHub(3446): event time 80154908227000, now 80154911128651
12-03 22:44:13.503: V/EventHub(3446): /dev/input/event1 got: time=80154.908227, type=0, code=0, value=0
12-03 22:44:13.503: V/EventHub(3446): event time 80154908227000, now 80154911128651
12-03 22:44:13.513: V/EventHub(3446): /dev/input/event1 got: time=80154.916557, type=3, code=54, value=1776
12-03 22:44:13.513: V/EventHub(3446): event time 80154916557000, now 80154920057192
12-03 22:44:13.513: V/EventHub(3446): /dev/input/event1 got: time=80154.916557, type=0, code=0, value=0
12-03 22:44:13.513: V/EventHub(3446): event time 80154916557000, now 80154920057192
12-03 22:44:13.513: V/EventHub(3446): /dev/input/event1 got: time=80154.924905, type=3, code=54, value=1775
12-03 22:44:13.513: V/EventHub(3446): event time 80154924905000, now 80154927449588
12-03 22:44:13.513: V/EventHub(3446): /dev/input/event1 got: time=80154.924905, type=0, code=0, value=0
12-03 22:44:13.513: V/EventHub(3446): event time 80154924905000, now 80154927449588
12-03 22:44:13.523: V/EventHub(3446): /dev/input/event1 got: time=80154.933285, type=3, code=54, value=1774
12-03 22:44:13.523: V/EventHub(3446): event time 80154933285000, now 80154935804432
12-03 22:44:13.523: V/EventHub(3446): /dev/input/event1 got: time=80154.933285, type=3, code=58, value=46
12-03 22:44:13.523: V/EventHub(3446): event time 80154933285000, now 80154935804432
12-03 22:44:13.523: V/EventHub(3446): /dev/input/event1 got: time=80154.933285, type=0, code=0, value=0
