12-03 02:02:54.956: D/skia(13460): Running dynamic CPU feature detection
12-03 02:02:54.956: D/skia(13460): START /proc/cpuinfo:
12-03 02:02:54.956: D/skia(13460): Processor	: ARMv7 Processor rev 0 (v7l)
12-03 02:02:54.956: D/skia(13460): processor	: 0
12-03 02:02:54.956: D/skia(13460): BogoMIPS	: 38.40
12-03 02:02:54.956: D/skia(13460): processor	: 1
12-03 02:02:54.956: D/skia(13460): BogoMIPS	: 38.40
12-03 02:02:54.956: D/skia(13460): processor	: 2
12-03 02:02:54.956: D/skia(13460): BogoMIPS	: 38.40
12-03 02:02:54.956: D/skia(13460): processor	: 3
12-03 02:02:54.956: D/skia(13460): BogoMIPS	: 38.40
12-03 02:02:54.956: D/skia(13460): Features	: swp half thumb fastmult vfp edsp neon vfpv3 tls vfpv4 idiva idivt 
12-03 02:02:54.956: D/skia(13460): CPU implementer	: 0x51
12-03 02:02:54.956: D/skia(13460): CPU architecture: 7
12-03 02:02:54.956: D/skia(13460): CPU variant	: 0x2
12-03 02:02:54.956: D/skia(13460): CPU part	: 0x06f
12-03 02:02:54.956: D/skia(13460): CPU revision	: 0
12-03 02:02:54.956: D/skia(13460): Hardware	: Qualcomm MSM 8974 HAMMERHEAD (Flattened Device Tree)
12-03 02:02:54.956: D/skia(13460): Revision	: 000b
12-03 02:02:54.956: D/skia(13460): Serial		: 0000000000000000
12-03 02:02:54.956: D/skia(13460): END /proc/cpuinfo
12-03 02:02:54.956: D/skia(13460): Device supports ARM NEON instructions!
12-03 02:02:54.956: I/Gecko(13183): -*-*- Webapps.jsm : _readManifests of gallery.gaiamobile.org
12-03 02:02:54.976: I/Gecko(13183): -*-*- Webapps.jsm : _readManifests of music.gaiamobile.org
12-03 02:02:54.986: I/Gecko(13183): -*-*- Webapps.jsm : _readManifests of video.gaiamobile.org
12-03 02:02:54.996: I/Gecko(13183): -*-*- Webapps.jsm : _readManifests of marketplace.firefox.com
12-03 02:02:55.006: I/Gecko(13183): -*-*- Webapps.jsm : _readManifests of calendar.gaiamobile.org
12-03 02:02:55.026: I/Gecko(13183): -*-*- Webapps.jsm : _readManifests of clock.gaiamobile.org
12-03 02:02:55.046: I/Gecko(13183): -*-*- Webapps.jsm : _readManifests of settings.gaiamobile.org
12-03 02:02:55.076: I/Gecko(13183): -*-*- Webapps.jsm : _readManifests of fm.gaiamobile.org
12-03 02:02:55.106: I/Gecko(13183): -*-*- Webapps.jsm : _readManifests of {9c78a561-86d4-ee41-ad55-e1831f5c1c14}
12-03 02:02:55.116: I/Gecko(13183): -*-*- Webapps.jsm : _readManifests of {b0bc9f53-2954-8549-8dcf-ef2b59e8f961}
12-03 02:02:55.136: I/Gecko(13183): -*-*- Webapps.jsm : _readManifests of {bbabd02f-ea0c-1245-a72d-e6c4cb44d704}
12-03 02:02:55.156: I/Gecko(13183): -*-*- Webapps.jsm : _readManifests of {239148df-4bc9-6f42-9d5e-6bb4b808fed2}
12-03 02:02:55.166: I/Gecko(13183): -*-*- Webapps.jsm : _readManifests of {f68f84f5-9056-da42-943f-2eb97060cd74}
12-03 02:02:55.186: I/Gecko(13183): -*-*- Webapps.jsm : _readManifests of {9bd0ca0c-1343-3745-8fd0-9fb1db1b1af4}
12-03 02:02:55.196: I/Gecko(13183): -*-*- Webapps.jsm : _readManifests of costcontrol.gaiamobile.org
12-03 02:02:55.206: I/Gecko(13183): -*-*- Webapps.jsm : _readManifests of bluetooth.gaiamobile.org
12-03 02:02:55.216: I/Gecko(13183): [Parent 13183] WARNING: No Document in SetRequestContext; can not query loadgroup; sending reports may fail.: file /home/fischer/Projects/gecko-dev/dom/security/nsCSPContext.cpp, line 603
12-03 02:02:55.216: I/Gecko(13183): [Parent 13183] WARNING: No Document in SetRequestContext; can not query loadgroup; sending reports may fail.: file /home/fischer/Projects/gecko-dev/dom/security/nsCSPContext.cpp, line 603
12-03 02:02:55.226: I/Gecko(13183): [Parent 13183] WARNING: No Document in SetRequestContext; can not query loadgroup; sending reports may fail.: file /home/fischer/Projects/gecko-dev/dom/security/nsCSPContext.cpp, line 603
12-03 02:02:55.266: I/Gecko(13183): [Parent 13183] WARNING: No Document in SetRequestContext; can not query loadgroup; sending reports may fail.: file /home/fischer/Projects/gecko-dev/dom/security/nsCSPContext.cpp, line 603
12-03 02:02:55.276: I/Gecko(13183): [Parent 13183] WARNING: No Document in SetRequestContext; can not query loadgroup; sending reports may fail.: file /home/fischer/Projects/gecko-dev/dom/security/nsCSPContext.cpp, line 603
12-03 02:02:55.276: I/Gecko(13183): [Parent 13183] WARNING: No Document in SetRequestContext; can not query loadgroup; sending reports may fail.: file /home/fischer/Projects/gecko-dev/dom/security/nsCSPContext.cpp, line 603
12-03 02:02:55.276: I/Gecko(13183): [Parent 13183] WARNING: No Document in SetRequestContext; can not query loadgroup; sending reports may fail.: file /home/fischer/Projects/gecko-dev/dom/security/nsCSPContext.cpp, line 603
12-03 02:02:55.276: I/Gecko(13183): [Parent 13183] WARNING: No Document in SetRequestContext; can not query loadgroup; sending reports may fail.: file /home/fischer/Projects/gecko-dev/dom/security/nsCSPContext.cpp, line 603
12-03 02:02:55.286: I/Gecko(13183): [Parent 13183] WARNING: No Document in SetRequestContext; can not query loadgroup; sending reports may fail.: file /home/fischer/Projects/gecko-dev/dom/security/nsCSPContext.cpp, line 603
12-03 02:02:55.286: I/Gecko(13183): [Parent 13183] WARNING: No Document in SetRequestContext; can not query loadgroup; sending reports may fail.: file /home/fischer/Projects/gecko-dev/dom/security/nsCSPContext.cpp, line 603
12-03 02:02:55.306: I/Gecko(13183): [Parent 13183] WARNING: No Document in SetRequestContext; can not query loadgroup; sending reports may fail.: file /home/fischer/Projects/gecko-dev/dom/security/nsCSPContext.cpp, line 603
12-03 02:02:56.376: I/Gecko(13183): [Parent 13183] WARNING: No Document in SetRequestContext; can not query loadgroup; sending reports may fail.: file /home/fischer/Projects/gecko-dev/dom/security/nsCSPContext.cpp, line 603
12-03 02:02:56.396: I/Gecko(13183): [Parent 13183] WARNING: No Document in SetRequestContext; can not query loadgroup; sending reports may fail.: file /home/fischer/Projects/gecko-dev/dom/security/nsCSPContext.cpp, line 603
12-03 02:02:56.396: I/Gecko(13183): [Parent 13183] WARNING: No Document in SetRequestContext; can not query loadgroup; sending reports may fail.: file /home/fischer/Projects/gecko-dev/dom/security/nsCSPContext.cpp, line 603
12-03 02:02:56.406: I/Gecko(13183): [Parent 13183] WARNING: No Document in SetRequestContext; can not query loadgroup; sending reports may fail.: file /home/fischer/Projects/gecko-dev/dom/security/nsCSPContext.cpp, line 603
12-03 02:02:56.406: I/Gecko(13183): [Parent 13183] WARNING: No Document in SetRequestContext; can not query loadgroup; sending reports may fail.: file /home/fischer/Projects/gecko-dev/dom/security/nsCSPContext.cpp, line 603
12-03 02:02:56.416: I/Gecko(13183): [Parent 13183] WARNING: No Document in SetRequestContext; can not query loadgroup; sending reports may fail.: file /home/fischer/Projects/gecko-dev/dom/security/nsCSPContext.cpp, line 603
12-03 02:02:56.426: I/Gecko(13183): [Parent 13183] WARNING: No Document in SetRequestContext; can not query loadgroup; sending reports may fail.: file /home/fischer/Projects/gecko-dev/dom/security/nsCSPContext.cpp, line 603
12-03 02:02:56.426: I/Gecko(13183): [Parent 13183] WARNING: No Document in SetRequestContext; can not query loadgroup; sending reports may fail.: file /home/fischer/Projects/gecko-dev/dom/security/nsCSPContext.cpp, line 603
12-03 02:02:56.476: I/Gecko(13183): [Parent 13183] WARNING: No Document in SetRequestContext; can not query loadgroup; sending reports may fail.: file /home/fischer/Projects/gecko-dev/dom/security/nsCSPContext.cpp, line 603
12-03 02:02:56.506: I/Gecko(13183): [Parent 13183] WARNING: No Document in SetRequestContext; can not query loadgroup; sending reports may fail.: file /home/fischer/Projects/gecko-dev/dom/security/nsCSPContext.cpp, line 603
12-03 02:02:56.526: I/Gecko(13183): [Parent 13183] WARNING: No Document in SetRequestContext; can not query loadgroup; sending reports may fail.: file /home/fischer/Projects/gecko-dev/dom/security/nsCSPContext.cpp, line 603
12-03 02:02:56.536: I/Gecko(13183): [Parent 13183] WARNING: No Document in SetRequestContext; can not query loadgroup; sending reports may fail.: file /home/fischer/Projects/gecko-dev/dom/security/nsCSPContext.cpp, line 603
12-03 02:02:56.556: I/Gecko(13183): [Parent 13183] WARNING: No Document in SetRequestContext; can not query loadgroup; sending reports may fail.: file /home/fischer/Projects/gecko-dev/dom/security/nsCSPContext.cpp, line 603
12-03 02:02:56.556: I/Gecko(13183): [Parent 13183] WARNING: No Document in SetRequestContext; can not query loadgroup; sending reports may fail.: file /home/fischer/Projects/gecko-dev/dom/security/nsCSPContext.cpp, line 603
12-03 02:02:56.566: I/Gecko(13183): [Parent 13183] WARNING: No Document in SetRequestContext; can not query loadgroup; sending reports may fail.: file /home/fischer/Projects/gecko-dev/dom/security/nsCSPContext.cpp, line 603
12-03 02:02:56.676: D/wpa_supplicant(13433): RX ctrl_iface - hexdump(len=18): 44 52 49 56 45 52 20 53 43 41 4e 2d 41 43 54 49 56 45
12-03 02:02:56.676: D/wpa_supplicant(13433): wlan0: Control interface command 'DRIVER SCAN-ACTIVE'
12-03 02:02:56.676: D/wpa_supplicant(13433): wpa_driver_nl80211_driver_cmd  len = 0, 0
12-03 02:02:56.696: D/wpa_supplicant(13433): RX ctrl_iface - hexdump(len=4): 53 43 41 4e
12-03 02:02:56.696: D/wpa_supplicant(13433): wlan0: Control interface command 'SCAN'
12-03 02:02:56.696: D/wpa_supplicant(13433): wlan0: Setting scan request: 0 sec 0 usec
12-03 02:02:56.696: D/wpa_supplicant(13433): wlan0: State: INACTIVE -> SCANNING
12-03 02:02:56.696: D/wpa_supplicant(13433): CTRL_IFACE monitor send - hexdump(len=41): 2f 64 61 74 61 2f 6d 69 73 63 2f 77 69 66 69 2f 73 6f 63 6b 65 74 73 2f 77 70 61 5f 63 74 72 6c ...
12-03 02:02:56.696: D/wpa_supplicant(13433): wlan0: Starting AP scan for wildcard SSID
12-03 02:02:56.696: D/wpa_supplicant(13433): wlan0: nl80211: scan request
12-03 02:02:56.696: I/Gecko(13183): -*- WifiWorker component: Event coming in: CTRL-EVENT-STATE-CHANGE id=-1 state=3 BSSID=00:00:00:00:00:00 SSID=
12-03 02:02:56.696: I/Gecko(13183): -*- WifiWorker component: State change: INACTIVE -> SCANNING
12-03 02:02:56.746: D/wpa_supplicant(13433): Scan requested (ret=0) - scan timeout 30 seconds
12-03 02:02:56.746: D/wpa_supplicant(13433): RX ctrl_iface - hexdump(len=19): 44 52 49 56 45 52 20 53 43 41 4e 2d 50 41 53 53 49 56 45
12-03 02:02:56.746: D/wpa_supplicant(13433): wlan0: Control interface command 'DRIVER SCAN-PASSIVE'
12-03 02:02:56.746: D/wpa_supplicant(13433): wpa_driver_nl80211_driver_cmd  len = 0, 0
12-03 02:02:56.746: D/wpa_supplicant(13433): nl80211: Drv Event 33 (NL80211_CMD_TRIGGER_SCAN) received for wlan0
12-03 02:02:56.746: D/wpa_supplicant(13433): wlan0: nl80211: Scan trigger
12-03 02:02:56.996: I/Gecko(13183): [Parent 13183] WARNING: No Document in SetRequestContext; can not query loadgroup; sending reports may fail.: file /home/fischer/Projects/gecko-dev/dom/security/nsCSPContext.cpp, line 603
12-03 02:02:56.996: I/Gecko(13183): [Parent 13183] WARNING: No Document in SetRequestContext; can not query loadgroup; sending reports may fail.: file /home/fischer/Projects/gecko-dev/dom/security/nsCSPContext.cpp, line 603
12-03 02:02:57.006: I/Gecko(13183): [Parent 13183] WARNING: No Document in SetRequestContext; can not query loadgroup; sending reports may fail.: file /home/fischer/Projects/gecko-dev/dom/security/nsCSPContext.cpp, line 603
12-03 02:02:57.026: I/Gecko(13183): [Parent 13183] WARNING: No Document in SetRequestContext; can not query loadgroup; sending reports may fail.: file /home/fischer/Projects/gecko-dev/dom/security/nsCSPContext.cpp, line 603
12-03 02:02:57.026: I/Gecko(13183): [Parent 13183] WARNING: No Document in SetRequestContext; can not query loadgroup; sending reports may fail.: file /home/fischer/Projects/gecko-dev/dom/security/nsCSPContext.cpp, line 603
12-03 02:02:57.816: I/Gecko(13183): [Parent 13183] WARNING: No Document in SetRequestContext; can not query loadgroup; sending reports may fail.: file /home/fischer/Projects/gecko-dev/dom/security/nsCSPContext.cpp, line 603
12-03 02:02:57.896: D/wpa_supplicant(13433): nl80211: Drv Event 34 (NL80211_CMD_NEW_SCAN_RESULTS) received for wlan0
12-03 02:02:57.896: D/wpa_supplicant(13433): wlan0: nl80211: New scan results available
12-03 02:02:57.896: D/wpa_supplicant(13433): wlan0: Event SCAN_RESULTS (3) received
12-03 02:02:57.896: D/wpa_supplicant(13433): nl80211: Received scan results (58 BSSes)
12-03 02:02:57.896: D/wpa_supplicant(13433): nl80211: Survey data missing
12-03 02:02:57.896: D/wpa_supplicant(13433): wlan0: BSS: Start scan result update 2
12-03 02:02:57.896: D/wpa_supplicant(13433): wlan0: BSS: Add new id 68 BSSID 3c:1e:04:0a:2f:0e SSID 'Amy_HoHoHo'
12-03 02:02:57.896: D/wpa_supplicant(13433): CTRL_IFACE monitor send - hexdump(len=41): 2f 64 61 74 61 2f 6d 69 73 63 2f 77 69 66 69 2f 73 6f 63 6b 65 74 73 2f 77 70 61 5f 63 74 72 6c ...
12-03 02:02:57.896: D/wpa_supplicant(13433): wlan0: BSS: Add new id 69 BSSID dc:38:e1:82:8a:02 SSID ''
12-03 02:02:57.896: D/wpa_supplicant(13433): CTRL_IFACE monitor send - hexdump(len=41): 2f 64 61 74 61 2f 6d 69 73 63 2f 77 69 66 69 2f 73 6f 63 6b 65 74 73 2f 77 70 61 5f 63 74 72 6c ...
12-03 02:02:57.896: D/wpa_supplicant(13433): wlan0: BSS: Add new id 70 BSSID dc:38:e1:83:1b:42 SSID ''
12-03 02:02:57.896: D/wpa_supplicant(13433): CTRL_IFACE monitor send - hexdump(len=41): 2f 64 61 74 61 2f 6d 69 73 63 2f 77 69 66 69 2f 73 6f 63 6b 65 74 73 2f 77 70 61 5f 63 74 72 6c ...
12-03 02:02:57.896: D/wpa_supplicant(13433): wlan0: BSS: Add new id 71 BSSID dc:38:e1:82:a1:c8 SSID 'ateam'
12-03 02:02:57.896: D/wpa_supplicant(13433): CTRL_IFACE monitor send - hexdump(len=41): 2f 64 61 74 61 2f 6d 69 73 63 2f 77 69 66 69 2f 73 6f 63 6b 65 74 73 2f 77 70 61 5f 63 74 72 6c ...
12-03 02:02:57.896: D/wpa_supplicant(13433): wlan0: BSS: Add new id 72 BSSID 00:d0:41:ce:d1:0d SSID 'plusdrinks'
12-03 02:02:57.896: D/wpa_supplicant(13433): CTRL_IFACE monitor send - hexdump(len=41): 2f 64 61 74 61 2f 6d 69 73 63 2f 77 69 66 69 2f 73 6f 63 6b 65 74 73 2f 77 70 61 5f 63 74 72 6c ...
12-03 02:02:57.896: D/wpa_supplicant(13433): wlan0: BSS: Add new id 73 BSSID 3c:94:d5:78:77:09 SSID 'ateam'
12-03 02:02:57.896: D/wpa_supplicant(13433): CTRL_IFACE monitor send - hexdump(len=41): 2f 64 61 74 61 2f 6d 69 73 63 2f 77 69 66 69 2f 73 6f 63 6b 65 74 73 2f 77 70 61 5f 63 74 72 6c ...
12-03 02:02:57.896: D/wpa_supplicant(13433): wlan0: BSS: Add new id 74 BSSID dc:38:e1:82:19:86 SSID 'Mozilla Guest'
12-03 02:02:57.896: D/wpa_supplicant(13433): CTRL_IFACE monitor send - hexdump(len=41): 2f 64 61 74 61 2f 6d 69 73 63 2f 77 69 66 69 2f 73 6f 63 6b 65 74 73 2f 77 70 61 5f 63 74 72 6c ...
12-03 02:02:57.896: D/wpa_supplicant(13433): wlan0: BSS: Add new id 75 BSSID 3c:94:d5:78:77:06 SSID 'Mozilla Guest'
12-03 02:02:57.896: D/wpa_supplicant(13433): CTRL_IFACE monitor send - hexdump(len=41): 2f 64 61 74 61 2f 6d 69 73 63 2f 77 69 66 69 2f 73 6f 63 6b 65 74 73 2f 77 70 61 5f 63 74 72 6c ...
12-03 02:02:57.896: D/wpa_supplicant(13433): BSS: last_scan_res_used=58/128 last_scan_full=0
12-03 02:02:57.896: D/wpa_supplicant(13433): wlan0: New scan results available
12-03 02:02:57.896: D/wpa_supplicant(13433): CTRL_IFACE monitor send - hexdump(len=41): 2f 64 61 74 61 2f 6d 69 73 63 2f 77 69 66 69 2f 73 6f 63 6b 65 74 73 2f 77 70 61 5f 63 74 72 6c ...
12-03 02:02:57.896: D/wpa_supplicant(13433): CTRL_IFACE monitor send - hexdump(len=41): 2f 64 61 74 61 2f 6d 69 73 63 2f 77 69 66 69 2f 73 6f 63 6b 65 74 73 2f 77 70 61 5f 63 74 72 6c ...
12-03 02:02:57.896: D/wpa_supplicant(13433): WPS: AP 3c:1e:04:0a:2f:0e type 0 added
12-03 02:02:57.896: D/wpa_supplicant(13433): WPS: AP 00:d0:41:ce:d1:0d type 0 added
12-03 02:02:57.896: D/wpa_supplicant(13433): WPS: AP[0] 3c:1e:04:0a:2f:0e type=0 tries=0 last_attempt=-1 sec ago blacklist=0
12-03 02:02:57.896: D/wpa_supplicant(13433): WPS: AP[1] 00:d0:41:ce:d1:0d type=0 tries=0 last_attempt=-1 sec ago blacklist=0
12-03 02:02:57.896: D/wpa_supplicant(13433): wlan0: No suitable network found
12-03 02:02:57.896: D/wpa_supplicant(13433): wlan0: Short-circuit new scan request since there are no enabled networks
12-03 02:02:57.896: D/wpa_supplicant(13433): wlan0: State: SCANNING -> INACTIVE
12-03 02:02:57.896: D/wpa_supplicant(13433): CTRL_IFACE monitor send - hexdump(len=41): 2f 64 61 74 61 2f 6d 69 73 63 2f 77 69 66 69 2f 73 6f 63 6b 65 74 73 2f 77 70 61 5f 63 74 72 6c ...
12-03 02:02:57.896: D/wpa_supplicant(13433): wlan0: Checking for other virtual interfaces sharing same radio (phy0) in event_scan_results
12-03 02:02:57.896: D/wpa_supplicant(13433): wlan0: P2P: Station mode scan operation not pending anymore (sta_scan_pending=0 p2p_cb_on_scan_complete=0)
12-03 02:02:57.896: D/wpa_supplicant(13433): RTM_NEWLINK: operstate=0 ifi_flags=0x11003 ([UP][LOWER_UP])
12-03 02:02:57.896: D/wpa_supplicant(13433): RTM_NEWLINK, IFLA_IFNAME: Interface 'wlan0' added
12-03 02:02:57.896: D/wpa_supplicant(13433): nl80211: if_removed already cleared - ignore event
12-03 02:02:57.896: I/Gecko(13183): -*- WifiWorker component: Event coming in: CTRL-EVENT-BSS-ADDED 68 3c:1e:04:0a:2f:0e
12-03 02:02:57.916: I/Gecko(13183): -*- WifiWorker component: Event coming in: CTRL-EVENT-BSS-ADDED 69 dc:38:e1:82:8a:02
12-03 02:02:57.916: I/Gecko(13183): -*- WifiWorker component: Event coming in: CTRL-EVENT-BSS-ADDED 70 dc:38:e1:83:1b:42
12-03 02:02:57.926: I/Gecko(13183): -*- WifiWorker component: Event coming in: CTRL-EVENT-BSS-ADDED 71 dc:38:e1:82:a1:c8
12-03 02:02:57.926: I/Gecko(13183): -*- WifiWorker component: Event coming in: CTRL-EVENT-BSS-ADDED 72 00:d0:41:ce:d1:0d
12-03 02:02:57.926: I/Gecko(13183): -*- WifiWorker component: Event coming in: CTRL-EVENT-BSS-ADDED 73 3c:94:d5:78:77:09
12-03 02:02:57.926: I/Gecko(13183): -*- WifiWorker component: Event coming in: CTRL-EVENT-BSS-ADDED 74 dc:38:e1:82:19:86
12-03 02:02:57.926: I/Gecko(13183): -*- WifiWorker component: Event coming in: CTRL-EVENT-BSS-ADDED 75 3c:94:d5:78:77:06
12-03 02:02:57.926: I/Gecko(13183): -*- WifiWorker component: Event coming in: CTRL-EVENT-SCAN-RESULTS 
12-03 02:02:57.926: I/Gecko(13183): -*- WifiWorker component: Notifying of scan results available
12-03 02:02:57.926: I/Gecko(13183): -*- WifiWorker component: Scan results are available! Asking for them.
12-03 02:02:57.926: D/wpa_supplicant(13433): RX ctrl_iface - hexdump(len=12): 53 43 41 4e 5f 52 45 53 55 4c 54 53
12-03 02:02:57.926: D/wpa_supplicant(13433): wlan0: Control interface command 'SCAN_RESULTS'
12-03 02:02:57.926: I/Gecko(13183): -*- WifiWorker component: Event coming in: WPS-AP-AVAILABLE 
12-03 02:02:57.926: D/wpa_supplicant(13433): RX ctrl_iface - hexdump(len=19): 44 52 49 56 45 52 20 53 43 41 4e 2d 50 41 53 53 49 56 45
12-03 02:02:57.926: D/wpa_supplicant(13433): wlan0: Control interface command 'DRIVER SCAN-PASSIVE'
12-03 02:02:57.926: D/wpa_supplicant(13433): wpa_driver_nl80211_driver_cmd  len = 0, 0
12-03 02:02:57.976: I/Gecko(13183): -*- WifiWorker component: Event coming in: CTRL-EVENT-STATE-CHANGE id=-1 state=2 BSSID=00:00:00:00:00:00 SSID=
12-03 02:02:57.986: I/Gecko(13183): -*- WifiWorker component: State change: SCANNING -> INACTIVE
12-03 02:02:57.986: I/Gecko(13183): [Parent 13183] WARNING: No Document in SetRequestContext; can not query loadgroup; sending reports may fail.: file /home/fischer/Projects/gecko-dev/dom/security/nsCSPContext.cpp, line 603
12-03 02:02:58.426: I/Gecko(13501): --DOMWINDOW == 2 (0xafa58800) [pid = 13501] [serial = 2] [outer = 0x0] [url = about:blank]
12-03 02:02:59.126: I/Gecko(13382): --DOMWINDOW == 8 (0xafa5e800) [pid = 13382] [serial = 2] [outer = 0x0] [url = about:blank]
12-03 02:02:59.566: I/Gecko(13183): -*-*- Webapps.jsm : _readManifests of bluetooth.gaiamobile.org
12-03 02:03:00.026: I/Gecko(14017): [Child 14017] WARNING: NS_ENSURE_TRUE(XRE_IsParentProcess()) failed: file ../../../../gecko-dev/dom/base/nsFrameMessageManager.cpp, line 1600
12-03 02:03:00.386: I/Gecko(14017): ++DOMWINDOW == 2 (0xafa62800) [pid = 14017] [serial = 2] [outer = 0xb0a9b800]
12-03 02:03:00.436: I/Gecko(14017): [Child 14017] WARNING: NS_ENSURE_TRUE(startupCache) failed: file /home/fischer/Projects/gecko-dev/dom/xbl/nsXBLDocumentInfo.cpp, line 199
12-03 02:03:00.446: I/Gecko(14017): [Child 14017] WARNING: NS_ENSURE_TRUE(startupCache) failed: file /home/fischer/Projects/gecko-dev/dom/xbl/nsXBLDocumentInfo.cpp, line 267
12-03 02:03:00.646: I/Gecko(13183): [Parent 13183] WARNING: A control runnable was posted to a worker that is already shutting down!: file /home/fischer/Projects/gecko-dev/dom/workers/WorkerPrivate.cpp, line 2337
12-03 02:03:00.646: I/Gecko(13183): [Parent 13183] WARNING: A control runnable was posted to a worker that is already shutting down!: file /home/fischer/Projects/gecko-dev/dom/workers/WorkerPrivate.cpp, line 2337
12-03 02:03:00.956: I/(Preallocated app)(14017): PAC file installed from data: URI
12-03 02:03:01.386: D/Default Home Screen(13460): Content JS DEBUG: Bug 1211266: getIcon retry 2 for app://communications.gaiamobile.org/manifest.webapp/dialer 
12-03 02:03:01.386: D/Default Home Screen(13460):     at proto.refresh/getImage/</this._iconFetchTimeout< (app://homescreen.gaiamobile.org/shared/elements/gaia-site-icon/script.js:580:1)
12-03 02:03:01.386: I/Gecko(13183): -*-*- Webapps.jsm : _readManifests of communications.gaiamobile.org
12-03 02:03:01.516: D/Default Home Screen(13460): Content JS DEBUG: Bug 1211266: getIcon retry 2 for app://sms.gaiamobile.org/manifest.webapp 
12-03 02:03:01.516: D/Default Home Screen(13460):     at proto.refresh/getImage/</this._iconFetchTimeout< (app://homescreen.gaiamobile.org/shared/elements/gaia-site-icon/script.js:580:1)
12-03 02:03:01.526: I/Gecko(13183): -*-*- Webapps.jsm : _readManifests of sms.gaiamobile.org
12-03 02:03:01.536: D/Default Home Screen(13460): Content JS DEBUG: Bug 1211266: getIcon retry 2 for app://communications.gaiamobile.org/manifest.webapp/contacts 
12-03 02:03:01.536: D/Default Home Screen(13460):     at proto.refresh/getImage/</this._iconFetchTimeout< (app://homescreen.gaiamobile.org/shared/elements/gaia-site-icon/script.js:580:1)
12-03 02:03:01.546: D/Default Home Screen(13460): Content JS DEBUG: Bug 1211266: getIcon retry 2 for app://email.gaiamobile.org/manifest.webapp 
12-03 02:03:01.546: D/Default Home Screen(13460):     at proto.refresh/getImage/</this._iconFetchTimeout< (app://homescreen.gaiamobile.org/shared/elements/gaia-site-icon/script.js:580:1)
12-03 02:03:01.546: I/Gecko(13183): -*-*- Webapps.jsm : _readManifests of communications.gaiamobile.org
12-03 02:03:01.556: D/Default Home Screen(13460): Content JS DEBUG: Bug 1211266: getIcon retry 2 for app://search.gaiamobile.org/manifest.webapp 
12-03 02:03:01.556: D/Default Home Screen(13460):     at proto.refresh/getImage/</this._iconFetchTimeout< (app://homescreen.gaiamobile.org/shared/elements/gaia-site-icon/script.js:580:1)
12-03 02:03:01.556: I/Gecko(13183): -*-*- Webapps.jsm : _readManifests of email.gaiamobile.org
12-03 02:03:01.566: I/Gecko(13183): -*-*- Webapps.jsm : _readManifests of search.gaiamobile.org
12-03 02:03:01.566: D/Default Home Screen(13460): Content JS DEBUG: Bug 1211266: getIcon retry 2 for app://camera.gaiamobile.org/manifest.webapp 
12-03 02:03:01.566: D/Default Home Screen(13460):     at proto.refresh/getImage/</this._iconFetchTimeout< (app://homescreen.gaiamobile.org/shared/elements/gaia-site-icon/script.js:580:1)
12-03 02:03:01.576: D/Default Home Screen(13460): Content JS DEBUG: Bug 1211266: getIcon retry 2 for app://gallery.gaiamobile.org/manifest.webapp 
12-03 02:03:01.576: D/Default Home Screen(13460):     at proto.refresh/getImage/</this._iconFetchTimeout< (app://homescreen.gaiamobile.org/shared/elements/gaia-site-icon/script.js:580:1)
12-03 02:03:01.576: I/Gecko(13183): -*-*- Webapps.jsm : _readManifests of camera.gaiamobile.org
12-03 02:03:01.586: D/Default Home Screen(13460): Content JS DEBUG: Bug 1211266: getIcon retry 2 for app://music.gaiamobile.org/manifest.webapp 
12-03 02:03:01.586: D/Default Home Screen(13460):     at proto.refresh/getImage/</this._iconFetchTimeout< (app://homescreen.gaiamobile.org/shared/elements/gaia-site-icon/script.js:580:1)
12-03 02:03:01.586: I/Gecko(13183): -*-*- Webapps.jsm : _readManifests of gallery.gaiamobile.org
12-03 02:03:01.586: D/Default Home Screen(13460): Content JS DEBUG: Bug 1211266: getIcon retry 2 for app://video.gaiamobile.org/manifest.webapp 
12-03 02:03:01.586: D/Default Home Screen(13460):     at proto.refresh/getImage/</this._iconFetchTimeout< (app://homescreen.gaiamobile.org/shared/elements/gaia-site-icon/script.js:580:1)
12-03 02:03:01.596: D/Default Home Screen(13460): Content JS DEBUG: Bug 1211266: getIcon retry 2 for https://marketplace.firefox.com/packaged.webapp 
12-03 02:03:01.596: D/Default Home Screen(13460):     at proto.refresh/getImage/</this._iconFetchTimeout< (app://homescreen.gaiamobile.org/shared/elements/gaia-site-icon/script.js:580:1)
12-03 02:03:01.596: I/Gecko(13183): -*-*- Webapps.jsm : _readManifests of music.gaiamobile.org
12-03 02:03:01.606: D/Default Home Screen(13460): Content JS DEBUG: Bug 1211266: getIcon retry 2 for app://calendar.gaiamobile.org/manifest.webapp 
12-03 02:03:01.606: D/Default Home Screen(13460):     at proto.refresh/getImage/</this._iconFetchTimeout< (app://homescreen.gaiamobile.org/shared/elements/gaia-site-icon/script.js:580:1)
12-03 02:03:01.606: I/Gecko(13183): -*-*- Webapps.jsm : _readManifests of video.gaiamobile.org
12-03 02:03:01.626: D/Default Home Screen(13460): Content JS DEBUG: Bug 1211266: getIcon retry 2 for app://clock.gaiamobile.org/manifest.webapp 
12-03 02:03:01.626: D/Default Home Screen(13460):     at proto.refresh/getImage/</this._iconFetchTimeout< (app://homescreen.gaiamobile.org/shared/elements/gaia-site-icon/script.js:580:1)
12-03 02:03:01.626: I/Gecko(13183): -*-*- Webapps.jsm : _readManifests of marketplace.firefox.com
12-03 02:03:01.626: D/Default Home Screen(13460): Content JS DEBUG: Bug 1211266: getIcon retry 2 for app://settings.gaiamobile.org/manifest.webapp 
12-03 02:03:01.626: D/Default Home Screen(13460):     at proto.refresh/getImage/</this._iconFetchTimeout< (app://homescreen.gaiamobile.org/shared/elements/gaia-site-icon/script.js:580:1)
12-03 02:03:01.626: D/Default Home Screen(13460): Content JS DEBUG: Bug 1211266: getIcon retry 2 for app://fm.gaiamobile.org/manifest.webapp 
12-03 02:03:01.626: D/Default Home Screen(13460):     at proto.refresh/getImage/</this._iconFetchTimeout< (app://homescreen.gaiamobile.org/shared/elements/gaia-site-icon/script.js:580:1)
12-03 02:03:01.636: D/Default Home Screen(13460): Content JS DEBUG: Bug 1211266: getIcon retry 2 for https://marketplace.firefox.com/app/8d979279-a142-4fee-993b-8e7797b221a5/manifest.webapp 
12-03 02:03:01.636: D/Default Home Screen(13460):     at proto.refresh/getImage/</this._iconFetchTimeout< (app://homescreen.gaiamobile.org/shared/elements/gaia-site-icon/script.js:580:1)
12-03 02:03:01.646: D/Default Home Screen(13460): Content JS DEBUG: Bug 1211266: getIcon retry 2 for https://www.bzlite.com/manifest.webapp 
12-03 02:03:01.646: D/Default Home Screen(13460):     at proto.refresh/getImage/</this._iconFetchTimeout< (app://homescreen.gaiamobile.org/shared/elements/gaia-site-icon/script.js:580:1)
12-03 02:03:01.646: D/Default Home Screen(13460): Content JS DEBUG: Bug 1211266: getIcon retry 2 for https://m.facebook.com/openwebapp/manifest.webapp 
12-03 02:03:01.646: D/Default Home Screen(13460):     at proto.refresh/getImage/</this._iconFetchTimeout< (app://homescreen.gaiamobile.org/shared/elements/gaia-site-icon/script.js:580:1)
12-03 02:03:01.646: I/Gecko(13183): -*-*- Webapps.jsm : _readManifests of calendar.gaiamobile.org
12-03 02:03:01.656: D/Default Home Screen(13460): Content JS DEBUG: Bug 1211266: getIcon retry 2 for https://mobile.twitter.com/cache/twitter.webapp 
12-03 02:03:01.656: D/Default Home Screen(13460):     at proto.refresh/getImage/</this._iconFetchTimeout< (app://homescreen.gaiamobile.org/shared/elements/gaia-site-icon/script.js:580:1)
12-03 02:03:01.656: D/Default Home Screen(13460): Content JS DEBUG: Bug 1211266: getIcon retry 2 for https://marketplace.firefox.com/app/dcdaeefc-26f4-4af6-ad22-82eb93beadcd/manifest.webapp 
12-03 02:03:01.656: D/Default Home Screen(13460):     at proto.refresh/getImage/</this._iconFetchTimeout< (app://homescreen.gaiamobile.org/shared/elements/gaia-site-icon/script.js:580:1)
12-03 02:03:01.656: D/Default Home Screen(13460): Content JS DEBUG: Bug 1211266: getIcon retry 2 for https://marketplace.firefox.com/app/9f96ce77-5b2d-42ca-a0d9-10a933dd84c4/manifest.webapp 
12-03 02:03:01.656: D/Default Home Screen(13460):     at proto.refresh/getImage/</this._iconFetchTimeout< (app://homescreen.gaiamobile.org/shared/elements/gaia-site-icon/script.js:580:1)
12-03 02:03:01.666: I/Gecko(13183): -*-*- Webapps.jsm : _readManifests of clock.gaiamobile.org
12-03 02:03:01.666: D/Default Home Screen(13460): Content JS DEBUG: Bug 1211266: getIcon retry 2 for app://costcontrol.gaiamobile.org/manifest.webapp 
12-03 02:03:01.666: D/Default Home Screen(13460):     at proto.refresh/getImage/</this._iconFetchTimeout< (app://homescreen.gaiamobile.org/shared/elements/gaia-site-icon/script.js:580:1)
12-03 02:03:01.666: I/Gecko(13183): -*-*- Webapps.jsm : _readManifests of settings.gaiamobile.org
12-03 02:03:01.676: D/Default Home Screen(13460): Content JS DEBUG: Bug 1211266: getIcon retry 2 for app://bluetooth.gaiamobile.org/manifest.webapp 
12-03 02:03:01.676: D/Default Home Screen(13460):     at proto.refresh/getImage/</this._iconFetchTimeout< (app://homescreen.gaiamobile.org/shared/elements/gaia-site-icon/script.js:580:1)
12-03 02:03:01.676: I/Gecko(13183): -*-*- Webapps.jsm : _readManifests of fm.gaiamobile.org
12-03 02:03:01.686: I/Gecko(13183): -*-*- Webapps.jsm : _readManifests of {9c78a561-86d4-ee41-ad55-e1831f5c1c14}
12-03 02:03:01.696: I/Gecko(13183): -*-*- Webapps.jsm : _readManifests of {b0bc9f53-2954-8549-8dcf-ef2b59e8f961}
12-03 02:03:01.716: I/Gecko(13183): -*-*- Webapps.jsm : _readManifests of {bbabd02f-ea0c-1245-a72d-e6c4cb44d704}
12-03 02:03:01.736: I/Gecko(13183): -*-*- Webapps.jsm : _readManifests of {239148df-4bc9-6f42-9d5e-6bb4b808fed2}
12-03 02:03:01.746: I/Gecko(13183): -*-*- Webapps.jsm : _readManifests of {f68f84f5-9056-da42-943f-2eb97060cd74}
12-03 02:03:01.756: I/Gecko(13183): -*-*- Webapps.jsm : _readManifests of {9bd0ca0c-1343-3745-8fd0-9fb1db1b1af4}
12-03 02:03:01.766: I/Gecko(13183): -*-*- Webapps.jsm : _readManifests of costcontrol.gaiamobile.org
12-03 02:03:01.776: I/Gecko(13183): -*-*- Webapps.jsm : _readManifests of bluetooth.gaiamobile.org
12-03 02:03:05.396: E/Default Home Screen(13460): [JavaScript Error: "TypeError: image is null" {file: "app://homescreen.gaiamobile.org/shared/elements/gaia-site-icon/script.js" line: 571}]
12-03 02:03:05.396: E/Default Home Screen(13460): [JavaScript Error: "TypeError: image is null" {file: "app://homescreen.gaiamobile.org/shared/elements/gaia-site-icon/script.js" line: 571}]
12-03 02:03:05.396: E/Default Home Screen(13460): [JavaScript Error: "TypeError: image is null" {file: "app://homescreen.gaiamobile.org/shared/elements/gaia-site-icon/script.js" line: 571}]
12-03 02:03:05.396: E/Default Home Screen(13460): [JavaScript Error: "TypeError: image is null" {file: "app://homescreen.gaiamobile.org/shared/elements/gaia-site-icon/script.js" line: 571}]
12-03 02:03:05.396: E/Default Home Screen(13460): [JavaScript Error: "TypeError: image is null" {file: "app://homescreen.gaiamobile.org/shared/elements/gaia-site-icon/script.js" line: 571}]
12-03 02:03:05.396: E/Default Home Screen(13460): [JavaScript Error: "TypeError: image is null" {file: "app://homescreen.gaiamobile.org/shared/elements/gaia-site-icon/script.js" line: 571}]
12-03 02:03:05.396: E/Default Home Screen(13460): [JavaScript Error: "TypeError: image is null" {file: "app://homescreen.gaiamobile.org/shared/elements/gaia-site-icon/script.js" line: 571}]
12-03 02:03:05.396: E/Default Home Screen(13460): [JavaScript Error: "TypeError: image is null" {file: "app://homescreen.gaiamobile.org/shared/elements/gaia-site-icon/script.js" line: 571}]
12-03 02:03:05.396: E/Default Home Screen(13460): [JavaScript Error: "TypeError: image is null" {file: "app://homescreen.gaiamobile.org/shared/elements/gaia-site-icon/script.js" line: 571}]
12-03 02:03:05.396: E/Default Home Screen(13460): [JavaScript Error: "TypeError: image is null" {file: "app://homescreen.gaiamobile.org/shared/elements/gaia-site-icon/script.js" line: 571}]
12-03 02:03:05.396: E/Default Home Screen(13460): [JavaScript Error: "TypeError: image is null" {file: "app://homescreen.gaiamobile.org/shared/elements/gaia-site-icon/script.js" line: 571}]
12-03 02:03:05.396: E/Default Home Screen(13460): [JavaScript Error: "TypeError: image is null" {file: "app://homescreen.gaiamobile.org/shared/elements/gaia-site-icon/script.js" line: 571}]
12-03 02:03:05.406: E/Default Home Screen(13460): [JavaScript Error: "TypeError: image is null" {file: "app://homescreen.gaiamobile.org/shared/elements/gaia-site-icon/script.js" line: 571}]
12-03 02:03:05.406: E/Default Home Screen(13460): [JavaScript Error: "TypeError: image is null" {file: "app://homescreen.gaiamobile.org/shared/elements/gaia-site-icon/script.js" line: 571}]
12-03 02:03:05.406: E/Default Home Screen(13460): [JavaScript Error: "TypeError: image is null" {file: "app://homescreen.gaiamobile.org/shared/elements/gaia-site-icon/script.js" line: 571}]
12-03 02:03:05.406: E/Default Home Screen(13460): [JavaScript Error: "TypeError: image is null" {file: "app://homescreen.gaiamobile.org/shared/elements/gaia-site-icon/script.js" line: 571}]
12-03 02:03:05.406: E/Default Home Screen(13460): [JavaScript Error: "TypeError: image is null" {file: "app://homescreen.gaiamobile.org/shared/elements/gaia-site-icon/script.js" line: 571}]
12-03 02:03:05.406: E/Default Home Screen(13460): [JavaScript Error: "TypeError: image is null" {file: "app://homescreen.gaiamobile.org/shared/elements/gaia-site-icon/script.js" line: 571}]
12-03 02:03:05.406: E/Default Home Screen(13460): [JavaScript Error: "TypeError: image is null" {file: "app://homescreen.gaiamobile.org/shared/elements/gaia-site-icon/script.js" line: 571}]
12-03 02:03:05.406: E/Default Home Screen(13460): [JavaScript Error: "TypeError: image is null" {file: "app://homescreen.gaiamobile.org/shared/elements/gaia-site-icon/script.js" line: 571}]
12-03 02:03:05.406: E/Default Home Screen(13460): [JavaScript Error: "TypeError: image is null" {file: "app://homescreen.gaiamobile.org/shared/elements/gaia-site-icon/script.js" line: 571}]
12-03 02:03:05.406: E/Default Home Screen(13460): [JavaScript Error: "TypeError: image is null" {file: "app://homescreen.gaiamobile.org/shared/elements/gaia-site-icon/script.js" line: 571}]
12-03 02:03:08.346: W/AudioFlinger(13184): Thread AudioOut_2 cannot connect to the power manager service
12-03 02:03:08.346: W/AudioFlinger(13184): Thread AudioOut_2 cannot connect to the power manager service
12-03 02:03:08.346: E/AudioFlinger(13184): no wake lock to update!
12-03 02:03:08.366: W/AudioFlinger(13184): Thread AudioOut_2 cannot connect to the power manager service
12-03 02:03:08.366: E/AudioFlinger(13184): no wake lock to update!
12-03 02:03:08.366: I/AudioMixer(13184): found effect "Multichannel Downmix To Stereo" from The Android Open Source Project
12-03 02:03:08.366: D/audio_hw_primary(13184): select_devices: out_snd_device(2: speaker) in_snd_device(0: )
12-03 02:03:08.446: W/AudioFlinger(13184): Thread AudioOut_2 cannot connect to the power manager service
12-03 02:03:08.446: E/AudioFlinger(13184): no wake lock to update!
12-03 02:03:08.496: W/AudioFlinger(13184): Thread AudioOut_2 cannot connect to the power manager service
12-03 02:03:08.496: E/AudioFlinger(13184): no wake lock to update!
12-03 02:03:13.766: I/Gecko(13183): [Parent 13183] WARNING: Audio Buffer is not full by the end of the callback.: 'Available() == 0 || mSampleWriteOffset == 0', file /home/fischer/Projects/gecko-dev/dom/media/AudioBufferUtils.h, line 87
12-03 02:03:13.826: W/AudioFlinger(13184): Thread AudioOut_2 cannot connect to the power manager service
12-03 02:03:13.826: E/AudioFlinger(13184): no wake lock to update!
12-03 02:03:14.796: V/EventHub(13183): /dev/input/event2 got: time=5758.720118, type=1, code=114, value=1
12-03 02:03:14.796: V/EventHub(13183): event time 5758720118000, now 5758720908903
12-03 02:03:14.796: V/EventHub(13183): /dev/input/event2 got: time=5758.720124, type=0, code=0, value=0
12-03 02:03:14.796: V/EventHub(13183): event time 5758720124000, now 5758720908903
12-03 02:03:14.856: I/Gecko(13183): [Parent 13183] WARNING: NS_ENSURE_TRUE(startupCache) failed: file /home/fischer/Projects/gecko-dev/dom/xbl/nsXBLDocumentInfo.cpp, line 199
12-03 02:03:14.866: I/Gecko(13183): [Parent 13183] WARNING: NS_ENSURE_TRUE(startupCache) failed: file /home/fischer/Projects/gecko-dev/dom/xbl/nsXBLDocumentInfo.cpp, line 267
12-03 02:03:14.906: I/Gecko(13382): [Child 13382] WARNING: NS_ENSURE_TRUE(startupCache) failed: file /home/fischer/Projects/gecko-dev/dom/xbl/nsXBLDocumentInfo.cpp, line 199
12-03 02:03:14.916: I/Gecko(13382): [Child 13382] WARNING: NS_ENSURE_TRUE(startupCache) failed: file /home/fischer/Projects/gecko-dev/dom/xbl/nsXBLDocumentInfo.cpp, line 267
12-03 02:03:14.996: V/EventHub(13183): /dev/input/event2 got: time=5758.920067, type=1, code=114, value=0
12-03 02:03:14.996: V/EventHub(13183): event time 5758920067000, now 5758920342861
12-03 02:03:14.996: V/EventHub(13183): /dev/input/event2 got: time=5758.920293, type=0, code=0, value=0
12-03 02:03:14.996: V/EventHub(13183): event time 5758920293000, now 5758920342861
12-03 02:03:14.996: I/GeckoDump(13183): AdbController: Failed to get key: [Exception... "Component returned failure code: 0x8000ffff (NS_ERROR_UNEXPECTED) [nsIPrefBranch.getCharPref]"  nsresult: "0x8000ffff (NS_ERROR_UNEXPECTED)"  location: "JS frame :: chrome://b2g/content/shell.js :: checkReloadKey :: line 500"  data: no]
12-03 02:03:15.226: W/AudioFlinger(13184): Thread AudioOut_3 cannot connect to the power manager service
12-03 02:03:15.226: W/AudioFlinger(13184): Thread AudioOut_3 cannot connect to the power manager service
12-03 02:03:15.226: E/AudioFlinger(13184): no wake lock to update!
12-03 02:03:15.276: I/Gecko(13183): [Parent 13183] WARNING: Unexpected topic in AudioManager: file /home/fischer/Projects/gecko-dev/dom/system/gonk/AudioManager.cpp, line 606
