12-03 02:02:40.846: I/Gecko(13183): -*-*- Webapps.jsm : _readManifests of {9c78a561-86d4-ee41-ad55-e1831f5c1c14}
12-03 02:02:40.856: I/Gecko(13183): -*-*- Webapps.jsm : _readManifests of {b0bc9f53-2954-8549-8dcf-ef2b59e8f961}
12-03 02:02:40.866: I/Gecko(13183): -*-*- Webapps.jsm : _readManifests of {9bd0ca0c-1343-3745-8fd0-9fb1db1b1af4}
12-03 02:02:40.876: I/Gecko(13183): -*-*- Webapps.jsm : _readManifests of {bbabd02f-ea0c-1245-a72d-e6c4cb44d704}
12-03 02:02:40.896: I/Gecko(13183): -*-*- Webapps.jsm : _readManifests of {f68f84f5-9056-da42-943f-2eb97060cd74}
12-03 02:02:40.906: I/Gecko(13183): -*-*- Webapps.jsm : _readManifests of {239148df-4bc9-6f42-9d5e-6bb4b808fed2}
12-03 02:02:42.006: I/Gecko(13183): -*-*- Webapps.jsm : _readManifests of communications.gaiamobile.org
12-03 02:02:42.036: I/Gecko(13183): -*-*- Webapps.jsm : _readManifests of communications.gaiamobile.org
12-03 02:02:42.066: I/Gecko(13183): -*-*- Webapps.jsm : _readManifests of sms.gaiamobile.org
12-03 02:02:42.076: I/Gecko(13183): -*-*- Webapps.jsm : _readManifests of sms.gaiamobile.org
12-03 02:02:42.096: I/Gecko(13183): -*-*- Webapps.jsm : _readManifests of communications.gaiamobile.org
12-03 02:02:42.106: I/Gecko(13183): -*-*- Webapps.jsm : _readManifests of communications.gaiamobile.org
12-03 02:02:42.116: I/Gecko(13183): -*-*- Webapps.jsm : _readManifests of email.gaiamobile.org
12-03 02:02:42.116: I/Gecko(13183): -*-*- Webapps.jsm : _readManifests of email.gaiamobile.org
12-03 02:02:42.126: I/Gecko(13183): -*-*- Webapps.jsm : _readManifests of search.gaiamobile.org
12-03 02:02:42.136: I/Gecko(13183): -*-*- Webapps.jsm : _readManifests of search.gaiamobile.org
12-03 02:02:42.156: I/Gecko(13183): -*-*- Webapps.jsm : _readManifests of camera.gaiamobile.org
12-03 02:02:42.166: I/Gecko(13183): -*-*- Webapps.jsm : _readManifests of camera.gaiamobile.org
12-03 02:02:42.176: I/Gecko(13183): -*-*- Webapps.jsm : _readManifests of gallery.gaiamobile.org
12-03 02:02:42.186: I/Gecko(13183): -*-*- Webapps.jsm : _readManifests of gallery.gaiamobile.org
12-03 02:02:42.196: I/Gecko(13183): -*-*- Webapps.jsm : _readManifests of music.gaiamobile.org
12-03 02:02:42.206: I/Gecko(13183): -*-*- Webapps.jsm : _readManifests of music.gaiamobile.org
12-03 02:02:42.216: I/Gecko(13183): -*-*- Webapps.jsm : _readManifests of video.gaiamobile.org
12-03 02:02:42.226: I/Gecko(13183): -*-*- Webapps.jsm : _readManifests of video.gaiamobile.org
12-03 02:02:42.236: I/Gecko(13183): -*-*- Webapps.jsm : _readManifests of marketplace.firefox.com
12-03 02:02:42.246: I/Gecko(13183): -*-*- Webapps.jsm : _readManifests of marketplace.firefox.com
12-03 02:02:42.256: I/Gecko(13183): -*-*- Webapps.jsm : _readManifests of calendar.gaiamobile.org
12-03 02:02:42.266: I/Gecko(13183): -*-*- Webapps.jsm : _readManifests of calendar.gaiamobile.org
12-03 02:02:42.276: I/Gecko(13183): -*-*- Webapps.jsm : _readManifests of clock.gaiamobile.org
12-03 02:02:42.286: I/Gecko(13183): -*-*- Webapps.jsm : _readManifests of clock.gaiamobile.org
12-03 02:02:42.296: I/Gecko(13183): -*-*- Webapps.jsm : _readManifests of settings.gaiamobile.org
12-03 02:02:42.306: I/Gecko(13183): -*-*- Webapps.jsm : _readManifests of settings.gaiamobile.org
12-03 02:02:42.316: I/Gecko(13183): -*-*- Webapps.jsm : _readManifests of fm.gaiamobile.org
12-03 02:02:42.326: I/Gecko(13183): -*-*- Webapps.jsm : _readManifests of fm.gaiamobile.org
12-03 02:02:42.336: I/Gecko(13183): -*-*- Webapps.jsm : _readManifests of {9c78a561-86d4-ee41-ad55-e1831f5c1c14}
12-03 02:02:42.346: I/Gecko(13183): -*-*- Webapps.jsm : _readManifests of {9c78a561-86d4-ee41-ad55-e1831f5c1c14}
12-03 02:02:42.356: I/Gecko(13183): -*-*- Webapps.jsm : _readManifests of {b0bc9f53-2954-8549-8dcf-ef2b59e8f961}
12-03 02:02:42.356: I/Gecko(13183): -*-*- Webapps.jsm : _readManifests of {b0bc9f53-2954-8549-8dcf-ef2b59e8f961}
12-03 02:02:42.376: I/Gecko(13183): -*-*- Webapps.jsm : _readManifests of {bbabd02f-ea0c-1245-a72d-e6c4cb44d704}
12-03 02:02:42.376: I/Gecko(13183): -*-*- Webapps.jsm : _readManifests of {bbabd02f-ea0c-1245-a72d-e6c4cb44d704}
12-03 02:02:42.396: I/Gecko(13183): -*-*- Webapps.jsm : _readManifests of {239148df-4bc9-6f42-9d5e-6bb4b808fed2}
12-03 02:02:42.406: I/Gecko(13183): -*-*- Webapps.jsm : _readManifests of {239148df-4bc9-6f42-9d5e-6bb4b808fed2}
12-03 02:02:42.416: I/Gecko(13183): -*-*- Webapps.jsm : _readManifests of {f68f84f5-9056-da42-943f-2eb97060cd74}
12-03 02:02:42.426: I/Gecko(13183): -*-*- Webapps.jsm : _readManifests of {f68f84f5-9056-da42-943f-2eb97060cd74}
12-03 02:02:42.436: I/Gecko(13183): -*-*- Webapps.jsm : _readManifests of {9bd0ca0c-1343-3745-8fd0-9fb1db1b1af4}
12-03 02:02:42.446: I/Gecko(13183): -*-*- Webapps.jsm : _readManifests of {9bd0ca0c-1343-3745-8fd0-9fb1db1b1af4}
12-03 02:02:42.456: I/Gecko(13183): -*-*- Webapps.jsm : _readManifests of costcontrol.gaiamobile.org
12-03 02:02:42.456: I/Gecko(13183): -*-*- Webapps.jsm : _readManifests of costcontrol.gaiamobile.org
12-03 02:02:42.476: I/Gecko(13183): -*-*- Webapps.jsm : _readManifests of bluetooth.gaiamobile.org
12-03 02:02:42.476: I/Gecko(13183): -*-*- Webapps.jsm : _readManifests of bluetooth.gaiamobile.org
12-03 02:02:42.486: I/Gecko(13183): -*-*- Webapps.jsm : _readManifests of bookmark.gaiamobile.org
12-03 02:02:42.496: I/Gecko(13183): -*-*- Webapps.jsm : _readManifests of bookmark.gaiamobile.org
12-03 02:02:42.496: I/Gecko(13183): -*-*- Webapps.jsm : _readManifests of callscreen.gaiamobile.org
12-03 02:02:42.506: I/Gecko(13183): -*-*- Webapps.jsm : _readManifests of callscreen.gaiamobile.org
12-03 02:02:42.516: I/Gecko(13183): -*-*- Webapps.jsm : _readManifests of default_theme.gaiamobile.org
12-03 02:02:42.526: I/Gecko(13183): -*-*- Webapps.jsm : _readManifests of default_theme.gaiamobile.org
12-03 02:02:42.536: I/Gecko(13183): -*-*- Webapps.jsm : _readManifests of download.gaiamobile.org
12-03 02:02:42.546: I/Gecko(13183): -*-*- Webapps.jsm : _readManifests of download.gaiamobile.org
12-03 02:02:42.546: I/Gecko(13183): -*-*- Webapps.jsm : _readManifests of emergency-call.gaiamobile.org
12-03 02:02:42.556: I/Gecko(13183): -*-*- Webapps.jsm : _readManifests of emergency-call.gaiamobile.org
12-03 02:02:42.566: I/Gecko(13183): -*-*- Webapps.jsm : _readManifests of findmydevice.gaiamobile.org
12-03 02:02:42.576: I/Gecko(13183): -*-*- Webapps.jsm : _readManifests of findmydevice.gaiamobile.org
12-03 02:02:42.586: I/Gecko(13183): -*-*- Webapps.jsm : _readManifests of fl.gaiamobile.org
12-03 02:02:42.586: I/Gecko(13183): -*-*- Webapps.jsm : _readManifests of fl.gaiamobile.org
12-03 02:02:42.596: I/Gecko(13183): -*-*- Webapps.jsm : _readManifests of ftu.gaiamobile.org
12-03 02:02:42.606: I/Gecko(13183): -*-*- Webapps.jsm : _readManifests of ftu.gaiamobile.org
12-03 02:02:42.666: I/Gecko(13183): -*-*- Webapps.jsm : _readManifests of homescreen.gaiamobile.org
12-03 02:02:42.676: I/Gecko(13183): -*-*- Webapps.jsm : _readManifests of homescreen.gaiamobile.org
12-03 02:02:42.686: I/Gecko(13183): -*-*- Webapps.jsm : _readManifests of keyboard.gaiamobile.org
12-03 02:02:42.696: I/Gecko(13183): -*-*- Webapps.jsm : _readManifests of keyboard.gaiamobile.org
12-03 02:02:42.706: I/Gecko(13183): -*-*- Webapps.jsm : _readManifests of network-alerts.gaiamobile.org
12-03 02:02:42.716: I/Gecko(13183): -*-*- Webapps.jsm : _readManifests of network-alerts.gaiamobile.org
12-03 02:02:42.726: I/Gecko(13183): -*-*- Webapps.jsm : _readManifests of operatorvariant.gaiamobile.org
12-03 02:02:42.746: I/Gecko(13183): -*-*- Webapps.jsm : _readManifests of operatorvariant.gaiamobile.org
12-03 02:02:42.756: I/Gecko(13183): -*-*- Webapps.jsm : _readManifests of pdfjs.gaiamobile.org
12-03 02:02:42.766: I/Gecko(13183): -*-*- Webapps.jsm : _readManifests of pdfjs.gaiamobile.org
12-03 02:02:42.776: I/Gecko(13183): -*-*- Webapps.jsm : _readManifests of ringtones.gaiamobile.org
12-03 02:02:42.776: I/Gecko(13183): -*-*- Webapps.jsm : _readManifests of ringtones.gaiamobile.org
12-03 02:02:42.796: I/Gecko(13183): -*-*- Webapps.jsm : _readManifests of sharedtest.gaiamobile.org
12-03 02:02:42.796: I/Gecko(13183): -*-*- Webapps.jsm : _readManifests of sharedtest.gaiamobile.org
12-03 02:02:42.816: I/Gecko(13183): -*-*- Webapps.jsm : _readManifests of sync.gaiamobile.org
12-03 02:02:42.826: I/Gecko(13183): -*-*- Webapps.jsm : _readManifests of sync.gaiamobile.org
12-03 02:02:42.836: I/Gecko(13183): -*-*- Webapps.jsm : _readManifests of system.gaiamobile.org
12-03 02:02:42.846: I/Gecko(13183): -*-*- Webapps.jsm : _readManifests of system.gaiamobile.org
12-03 02:02:42.846: I/Gecko(13183): -*-*- Webapps.jsm : _readManifests of verticalhome.gaiamobile.org
12-03 02:02:42.856: I/Gecko(13183): -*-*- Webapps.jsm : _readManifests of verticalhome.gaiamobile.org
12-03 02:02:42.866: I/Gecko(13183): --DOMWINDOW == 6 (0xa6e3b800) [pid = 13183] [serial = 7] [outer = 0xa6db8000] [url = about:blank]
12-03 02:02:42.876: I/Gecko(13183): -*-*- Webapps.jsm : _readManifests of wallpaper.gaiamobile.org
12-03 02:02:42.886: I/Gecko(13183): -*-*- Webapps.jsm : _readManifests of wallpaper.gaiamobile.org
12-03 02:02:42.916: I/Gecko(13183): -*-*- Webapps.jsm : _readManifests of wappush.gaiamobile.org
12-03 02:02:42.926: I/Gecko(13183): -*-*- Webapps.jsm : _readManifests of wappush.gaiamobile.org
12-03 02:02:42.936: I/Gecko(13183): -*-*- Webapps.jsm : _readManifests of marketplace-dev.allizom.org
12-03 02:02:42.946: I/Gecko(13183): -*-*- Webapps.jsm : _readManifests of marketplace-dev.allizom.org
12-03 02:02:42.956: I/Gecko(13183): -*-*- Webapps.jsm : _readManifests of in_app_pay_test.gaiamobile.org
12-03 02:02:42.966: I/Gecko(13183): -*-*- Webapps.jsm : _readManifests of in_app_pay_test.gaiamobile.org
12-03 02:02:43.036: I/Gecko(13183): -*-*- Webapps.jsm : _readManifests of marketplace.allizom.org
12-03 02:02:43.046: I/Gecko(13183): -*-*- Webapps.jsm : _readManifests of marketplace.allizom.org
12-03 02:02:43.056: I/Gecko(13183): -*-*- Webapps.jsm : _readManifests of {4770ee75-75be-0d4f-aaab-38e9b9f3f245}
12-03 02:02:43.066: I/Gecko(13183): -*-*- Webapps.jsm : _readManifests of {4770ee75-75be-0d4f-aaab-38e9b9f3f245}
12-03 02:02:43.126: I/Gecko(13183): -*-*- Webapps.jsm : _readManifests of ds-test.gaiamobile.org
12-03 02:02:43.136: I/Gecko(13183): -*-*- Webapps.jsm : _readManifests of ds-test.gaiamobile.org
12-03 02:02:43.166: I/Gecko(13183): -*-*- Webapps.jsm : _readManifests of geoloc.gaiamobile.org
12-03 02:02:43.176: I/Gecko(13183): -*-*- Webapps.jsm : _readManifests of geoloc.gaiamobile.org
12-03 02:02:43.216: I/Gecko(13183): -*-*- Webapps.jsm : _readManifests of l20n-app.gaiamobile.org
12-03 02:02:43.246: I/Gecko(13183): -*-*- Webapps.jsm : _readManifests of l20n-app.gaiamobile.org
12-03 02:02:43.316: I/Gecko(13183): -*-*- Webapps.jsm : _readManifests of membuster.gaiamobile.org
12-03 02:02:43.316: I/Gecko(13183): -*-*- Webapps.jsm : _readManifests of membuster.gaiamobile.org
12-03 02:02:43.356: I/Gecko(13183): -*-*- Webapps.jsm : _readManifests of test-ime.gaiamobile.org
12-03 02:02:43.386: I/Gecko(13183): -*-*- Webapps.jsm : _readManifests of test-ime.gaiamobile.org
12-03 02:02:43.416: I/Gecko(13183): -*-*- Webapps.jsm : _readManifests of share-receiver.gaiamobile.org
12-03 02:02:43.436: I/Gecko(13183): -*-*- Webapps.jsm : _readManifests of share-receiver.gaiamobile.org
12-03 02:02:43.496: I/Gecko(13183): -*-*- Webapps.jsm : _readManifests of template.gaiamobile.org
12-03 02:02:43.516: I/Gecko(13183): -*-*- Webapps.jsm : _readManifests of template.gaiamobile.org
12-03 02:02:43.546: I/Gecko(13183): -*-*- Webapps.jsm : _readManifests of test-agent.gaiamobile.org
12-03 02:02:43.556: I/Gecko(13183): -*-*- Webapps.jsm : _readManifests of test-agent.gaiamobile.org
12-03 02:02:43.586: I/Gecko(13183): -*-*- Webapps.jsm : _readManifests of test-container.gaiamobile.org
12-03 02:02:43.596: I/Gecko(13183): -*-*- Webapps.jsm : _readManifests of test-container.gaiamobile.org
12-03 02:02:43.746: I/Gecko(13183): -*-*- Webapps.jsm : _readManifests of test-iac-publisher.gaiamobile.org
12-03 02:02:43.756: I/Gecko(13183): -*-*- Webapps.jsm : _readManifests of test-iac-publisher.gaiamobile.org
12-03 02:02:43.766: I/Gecko(13183): -*-*- Webapps.jsm : _readManifests of test-iac-subscriber.gaiamobile.org
12-03 02:02:43.766: I/Gecko(13183): -*-*- Webapps.jsm : _readManifests of test-iac-subscriber.gaiamobile.org
12-03 02:02:43.796: I/Gecko(13183): -*-*- Webapps.jsm : _readManifests of test-otasp.gaiamobile.org
12-03 02:02:43.806: I/Gecko(13183): -*-*- Webapps.jsm : _readManifests of test-otasp.gaiamobile.org
12-03 02:02:43.876: I/Gecko(13183): -*-*- Webapps.jsm : _readManifests of test-receiver-1.gaiamobile.org
12-03 02:02:43.906: I/Gecko(13183): -*-*- Webapps.jsm : _readManifests of test-receiver-1.gaiamobile.org
12-03 02:02:43.926: I/Gecko(13183): -*-*- Webapps.jsm : _readManifests of test-receiver-2.gaiamobile.org
12-03 02:02:43.936: I/Gecko(13183): -*-*- Webapps.jsm : _readManifests of test-receiver-2.gaiamobile.org
12-03 02:02:43.976: I/Gecko(13183): -*-*- Webapps.jsm : _readManifests of test-receiver-inline.gaiamobile.org
12-03 02:02:43.996: I/Gecko(13183): -*-*- Webapps.jsm : _readManifests of test-receiver-inline.gaiamobile.org
12-03 02:02:44.056: I/Gecko(13183): -*-*- Webapps.jsm : _readManifests of test-startup-limit.gaiamobile.org
12-03 02:02:44.066: I/Gecko(13183): -*-*- Webapps.jsm : _readManifests of test-startup-limit.gaiamobile.org
12-03 02:02:44.086: I/Gecko(13183): -*-*- Webapps.jsm : _readManifests of test-wappush.gaiamobile.org
12-03 02:02:44.096: I/Gecko(13183): -*-*- Webapps.jsm : _readManifests of test-wappush.gaiamobile.org
12-03 02:02:44.146: I/Gecko(13183): -*-*- Webapps.jsm : _readManifests of uitest.gaiamobile.org
12-03 02:02:44.276: I/Gecko(13183): -*-*- Webapps.jsm : _readManifests of uitest.gaiamobile.org
12-03 02:02:44.326: I/Gecko(13183): -*-*- Webapps.jsm : _readManifests of uitest-privileged.gaiamobile.org
12-03 02:02:44.346: I/Gecko(13183): -*-*- Webapps.jsm : _readManifests of uitest-privileged.gaiamobile.org
12-03 02:02:44.356: I/Gecko(13183): -*-*- Webapps.jsm : _readManifests of contacts-manager.gaiamobile.org
12-03 02:02:44.366: I/Gecko(13183): -*-*- Webapps.jsm : _readManifests of contacts-manager.gaiamobile.org
12-03 02:02:44.396: I/Gecko(13183): -*-*- Webapps.jsm : _readManifests of contacts-ds-provider1.gaiamobile.org
12-03 02:02:44.406: I/Gecko(13183): -*-*- Webapps.jsm : _readManifests of contacts-ds-provider1.gaiamobile.org
12-03 02:02:44.426: I/Gecko(13183): -*-*- Webapps.jsm : _readManifests of contacts-ds-provider2.gaiamobile.org
12-03 02:02:44.436: I/Gecko(13183): -*-*- Webapps.jsm : _readManifests of contacts-ds-provider2.gaiamobile.org
12-03 02:02:44.516: I/Gecko(13183): -*-*- Webapps.jsm : _readManifests of mobile-wallet.gaiamobile.org
12-03 02:02:44.516: E/ThermalEngine(192): TM Id 'SKIN_THERMAL_management_1' Sensor 'xo_therm_pu2' - alarm raised 1 at 40.0 degC
12-03 02:02:44.516: E/ThermalEngine(192): ACTION: LCD - Setting max LCD brightness to 229
12-03 02:02:44.516: E/ThermalEngine(192): Setting curr LCD brightness to 255
12-03 02:02:44.606: I/Gecko(13183): -*-*- Webapps.jsm : _readManifests of mobile-wallet.gaiamobile.org
12-03 02:02:44.626: I/Gecko(13183): -*-*- Webapps.jsm : _readManifests of theme-test-1.gaiamobile.org
12-03 02:02:44.636: I/Gecko(13183): -*-*- Webapps.jsm : _readManifests of theme-test-1.gaiamobile.org
12-03 02:02:44.706: I/Gecko(13183): -*-*- Webapps.jsm : _readManifests of theme-test-2.gaiamobile.org
12-03 02:02:44.716: I/Gecko(13183): -*-*- Webapps.jsm : _readManifests of theme-test-2.gaiamobile.org
12-03 02:02:44.746: I/Gecko(13183): -*-*- Webapps.jsm : _readManifests of theme-test-3.gaiamobile.org
12-03 02:02:44.766: I/Gecko(13183): -*-*- Webapps.jsm : _readManifests of theme-test-3.gaiamobile.org
12-03 02:02:44.866: I/Gecko(13183): -*-*- Webapps.jsm : _readManifests of nfc-api-test.gaiamobile.org
12-03 02:02:44.886: I/Gecko(13183): -*-*- Webapps.jsm : _readManifests of nfc-api-test.gaiamobile.org
12-03 02:02:44.926: I/Gecko(13183): -*-*- Webapps.jsm : _readManifests of music-oga.gaiamobile.org
12-03 02:02:44.936: I/Gecko(13183): -*-*- Webapps.jsm : _readManifests of music-oga.gaiamobile.org
12-03 02:02:45.136: I/Gecko(13183): -*-*- Webapps.jsm : _readManifests of addon1.gaiamobile.org
12-03 02:02:45.146: I/Gecko(13183): -*-*- Webapps.jsm : _readManifests of addon1.gaiamobile.org
12-03 02:02:45.176: I/Gecko(13183): -*-*- Webapps.jsm : _readManifests of addon2.gaiamobile.org
12-03 02:02:45.186: I/Gecko(13183): -*-*- Webapps.jsm : _readManifests of addon2.gaiamobile.org
12-03 02:02:45.226: I/Gecko(13183): -*-*- Webapps.jsm : _readManifests of addon3.gaiamobile.org
12-03 02:02:45.256: I/Gecko(13183): -*-*- Webapps.jsm : _readManifests of addon3.gaiamobile.org
12-03 02:02:45.346: I/Gecko(13183): -*-*- Webapps.jsm : _readManifests of {cdfe3c28-da45-5449-b5ce-df0ca27292bb}
12-03 02:02:45.376: I/Gecko(13183): -*-*- Webapps.jsm : _readManifests of {cdfe3c28-da45-5449-b5ce-df0ca27292bb}
12-03 02:02:45.726: E/GeckoConsole(13183): [JavaScript Error: "1449126165732	Toolkit.Telemetry	ERROR	TelemetrySession::assemblePayloadWithMeasurements - caught exception: TypeError: invalid 'in' operand hls (resource://gre/modules/TelemetrySession.jsm:863:1) JS Stack trace: getHistograms@TelemetrySession.jsm:863:1 < Impl.assemblePayloadWithMeasurements/payloadObj.histograms<@TelemetrySession.jsm:1158:33 < Impl.assemblePayloadWithMeasurements/protect@TelemetrySession.jsm:1147:16 < Impl.assemblePayloadWithMeasurements@TelemetrySession.jsm:1158:19 < getSessionPayload@TelemetrySession.jsm:1232:19 < Impl._saveAbortedSessionPing@TelemetrySession.jsm:1852:17 < setupChromeProcess/this._delayedInitTask<@TelemetrySession.jsm:1367:19" {file: "resource://gre/modules/Log.jsm" line: 751}]
12-03 02:02:45.746: E/GeckoConsole(13183): [JavaScript Error: "1449126165746	Toolkit.Telemetry	ERROR	TelemetrySession::assemblePayloadWithMeasurements - caught exception: TypeError: keyed.subsessionSnapshot is not a function (resource://gre/modules/TelemetrySession.jsm:904:38) JS Stack trace: Impl.getKeyedHistograms@TelemetrySession.jsm:904:38 < Impl.assemblePayloadWithMeasurements/payloadObj.keyedHistograms<@TelemetrySession.jsm:1159:38 < Impl.assemblePayloadWithMeasurements/protect@TelemetrySession.jsm:1147:16 < Impl.assemblePayloadWithMeasurements@TelemetrySession.jsm:1159:24 < getSessionPayload@TelemetrySession.jsm:1232:19 < Impl._saveAbortedSessionPing@TelemetrySession.jsm:1852:17 < setupChromeProcess/this._delayedInitTask<@TelemetrySession.jsm:1367:19" {file: "resource://gre/modules/Log.jsm" line: 751}]
12-03 02:02:46.896: I/Gecko(13183): -*-*- Webapps.jsm : _readManifests of calendar.gaiamobile.org
12-03 02:02:46.906: I/Gecko(13183): -*-*- Webapps.jsm : _readManifests of camera.gaiamobile.org
12-03 02:02:46.916: I/Gecko(13183): -*-*- Webapps.jsm : _readManifests of clock.gaiamobile.org
12-03 02:02:46.926: I/Gecko(13183): -*-*- Webapps.jsm : _readManifests of communications.gaiamobile.org
12-03 02:02:46.936: I/Gecko(13183): -*-*- Webapps.jsm : _readManifests of communications.gaiamobile.org
12-03 02:02:46.946: I/Gecko(13183): -*-*- Webapps.jsm : _readManifests of costcontrol.gaiamobile.org
12-03 02:02:46.956: I/Gecko(13183): -*-*- Webapps.jsm : _readManifests of email.gaiamobile.org
12-03 02:02:46.956: I/Gecko(13183): -*-*- Webapps.jsm : _readManifests of fm.gaiamobile.org
12-03 02:02:46.966: I/Gecko(13183): -*-*- Webapps.jsm : _readManifests of gallery.gaiamobile.org
12-03 02:02:47.026: I/Gecko(13183): -*-*- Webapps.jsm : _readManifests of marketplace.firefox.com
12-03 02:02:47.046: I/Gecko(13183): -*-*- Webapps.jsm : _readManifests of music.gaiamobile.org
12-03 02:02:47.056: I/Gecko(13183): -*-*- Webapps.jsm : _readManifests of search.gaiamobile.org
12-03 02:02:47.066: I/Gecko(13183): -*-*- Webapps.jsm : _readManifests of settings.gaiamobile.org
12-03 02:02:47.116: I/Gecko(13183): -*-*- Webapps.jsm : _readManifests of sms.gaiamobile.org
12-03 02:02:47.146: I/Gecko(13183): -*-*- Webapps.jsm : _readManifests of video.gaiamobile.org
12-03 02:02:47.156: I/Gecko(13183): -*-*- Webapps.jsm : _readManifests of {9c78a561-86d4-ee41-ad55-e1831f5c1c14}
12-03 02:02:47.166: I/Gecko(13183): -*-*- Webapps.jsm : _readManifests of {b0bc9f53-2954-8549-8dcf-ef2b59e8f961}
12-03 02:02:47.196: I/Gecko(13183): -*-*- Webapps.jsm : _readManifests of {9bd0ca0c-1343-3745-8fd0-9fb1db1b1af4}
12-03 02:02:47.206: I/Gecko(13183): -*-*- Webapps.jsm : _readManifests of {bbabd02f-ea0c-1245-a72d-e6c4cb44d704}
12-03 02:02:47.256: I/Gecko(13183): -*-*- Webapps.jsm : _readManifests of {f68f84f5-9056-da42-943f-2eb97060cd74}
12-03 02:02:47.276: I/Gecko(13183): -*-*- Webapps.jsm : _readManifests of {239148df-4bc9-6f42-9d5e-6bb4b808fed2}
12-03 02:02:47.396: I/Gecko(13183): -*-*- Webapps.jsm : _readManifests of communications.gaiamobile.org
12-03 02:02:47.406: I/Gecko(13183): -*-*- Webapps.jsm : _readManifests of sms.gaiamobile.org
12-03 02:02:48.816: I/Gecko(13183): -*-*- Webapps.jsm : _readManifests of communications.gaiamobile.org
12-03 02:02:48.826: I/Gecko(13183): -*-*- Webapps.jsm : _readManifests of email.gaiamobile.org
12-03 02:02:48.846: I/Gecko(13183): -*-*- Webapps.jsm : _readManifests of search.gaiamobile.org
12-03 02:02:48.856: I/Gecko(13183): -*-*- Webapps.jsm : _readManifests of camera.gaiamobile.org
12-03 02:02:48.866: I/Gecko(13183): -*-*- Webapps.jsm : _readManifests of gallery.gaiamobile.org
12-03 02:02:48.876: I/Gecko(13183): -*-*- Webapps.jsm : _readManifests of music.gaiamobile.org
12-03 02:02:48.886: I/Gecko(13183): -*-*- Webapps.jsm : _readManifests of video.gaiamobile.org
12-03 02:02:48.896: I/Gecko(13183): -*-*- Webapps.jsm : _readManifests of marketplace.firefox.com
12-03 02:02:48.906: I/Gecko(13183): -*-*- Webapps.jsm : _readManifests of calendar.gaiamobile.org
12-03 02:02:48.906: I/Gecko(13183): -*-*- Webapps.jsm : _readManifests of clock.gaiamobile.org
12-03 02:02:48.926: I/Gecko(13183): -*-*- Webapps.jsm : _readManifests of settings.gaiamobile.org
12-03 02:02:48.946: I/Gecko(13183): -*-*- Webapps.jsm : _readManifests of fm.gaiamobile.org
12-03 02:02:48.986: I/Gecko(13183): -*-*- Webapps.jsm : _readManifests of {9c78a561-86d4-ee41-ad55-e1831f5c1c14}
12-03 02:02:48.986: I/Gecko(13183): -*-*- Webapps.jsm : _readManifests of {b0bc9f53-2954-8549-8dcf-ef2b59e8f961}
12-03 02:02:49.076: I/Gecko(13183): -*-*- Webapps.jsm : _readManifests of {bbabd02f-ea0c-1245-a72d-e6c4cb44d704}
12-03 02:02:49.086: I/Gecko(13183): -*-*- Webapps.jsm : _readManifests of {239148df-4bc9-6f42-9d5e-6bb4b808fed2}
12-03 02:02:49.106: I/Gecko(13183): -*-*- Webapps.jsm : _readManifests of {f68f84f5-9056-da42-943f-2eb97060cd74}
12-03 02:02:49.116: I/Gecko(13183): -*-*- Webapps.jsm : _readManifests of {9bd0ca0c-1343-3745-8fd0-9fb1db1b1af4}
12-03 02:02:49.126: I/Gecko(13183): -*-*- Webapps.jsm : _readManifests of costcontrol.gaiamobile.org
12-03 02:02:49.156: I/Gecko(13183): -*-*- Webapps.jsm : _readManifests of bluetooth.gaiamobile.org
12-03 02:02:49.166: E/Default Home Screen(13460): Content JS ERROR: Failed to retrieve icon [object DOMError] 
12-03 02:02:49.166: E/Default Home Screen(13460):     at proto.refresh/handleError (app://homescreen.gaiamobile.org/shared/elements/gaia-site-icon/script.js:559:11)
12-03 02:02:49.206: I/Gecko(13183): -*-*- Webapps.jsm : _readManifests of bookmark.gaiamobile.org
12-03 02:02:49.256: E/Default Home Screen(13460): Content JS ERROR: Failed to retrieve icon [object DOMError] 
12-03 02:02:49.256: E/Default Home Screen(13460):     at proto.refresh/handleError (app://homescreen.gaiamobile.org/shared/elements/gaia-site-icon/script.js:559:11)
12-03 02:02:49.286: I/Gecko(13183): -*-*- Webapps.jsm : _readManifests of callscreen.gaiamobile.org
12-03 02:02:49.296: I/Gecko(13183): -*-*- Webapps.jsm : _readManifests of default_theme.gaiamobile.org
12-03 02:02:49.326: I/Gecko(13183): -*-*- Webapps.jsm : _readManifests of download.gaiamobile.org
12-03 02:02:49.376: I/Gecko(13183): -*-*- Webapps.jsm : _readManifests of emergency-call.gaiamobile.org
12-03 02:02:49.466: I/Gecko(13183): -*-*- Webapps.jsm : _readManifests of findmydevice.gaiamobile.org
12-03 02:02:49.466: E/Default Home Screen(13460): Content JS ERROR: Failed to retrieve icon [object DOMError] 
12-03 02:02:49.466: E/Default Home Screen(13460):     at proto.refresh/handleError (app://homescreen.gaiamobile.org/shared/elements/gaia-site-icon/script.js:559:11)
12-03 02:02:49.496: I/Gecko(13183): -*-*- Webapps.jsm : _readManifests of fl.gaiamobile.org
12-03 02:02:49.506: I/Gecko(13183): -*-*- Webapps.jsm : _readManifests of ftu.gaiamobile.org
12-03 02:02:49.536: I/Gecko(13183): -*-*- Webapps.jsm : _readManifests of homescreen.gaiamobile.org
12-03 02:02:49.616: I/Gecko(13183): -*-*- Webapps.jsm : _readManifests of keyboard.gaiamobile.org
12-03 02:02:49.626: I/Gecko(13183): -*-*- Webapps.jsm : _readManifests of network-alerts.gaiamobile.org
12-03 02:02:49.676: E/Default Home Screen(13460): Content JS ERROR: Failed to retrieve icon [object DOMError] 
12-03 02:02:49.676: E/Default Home Screen(13460):     at proto.refresh/handleError (app://homescreen.gaiamobile.org/shared/elements/gaia-site-icon/script.js:559:11)
12-03 02:02:49.686: I/Gecko(13183): -*-*- Webapps.jsm : _readManifests of operatorvariant.gaiamobile.org
12-03 02:02:49.736: I/Gecko(13183): -*-*- Webapps.jsm : _readManifests of pdfjs.gaiamobile.org
12-03 02:02:49.796: I/Gecko(13183): -*-*- Webapps.jsm : _readManifests of ringtones.gaiamobile.org
12-03 02:02:49.876: I/Gecko(13183): -*-*- Webapps.jsm : _readManifests of sharedtest.gaiamobile.org
12-03 02:02:49.906: E/Default Home Screen(13460): Content JS ERROR: Failed to retrieve icon [object DOMError] 
12-03 02:02:49.906: E/Default Home Screen(13460):     at proto.refresh/handleError (app://homescreen.gaiamobile.org/shared/elements/gaia-site-icon/script.js:559:11)
12-03 02:02:49.976: I/Gecko(13183): -*-*- Webapps.jsm : _readManifests of sync.gaiamobile.org
12-03 02:02:49.986: I/Gecko(13183): -*-*- Webapps.jsm : _readManifests of system.gaiamobile.org
12-03 02:02:50.106: I/Gecko(13183): -*-*- Webapps.jsm : _readManifests of verticalhome.gaiamobile.org
12-03 02:02:50.136: I/Gecko(13183): -*-*- Webapps.jsm : _readManifests of wallpaper.gaiamobile.org
12-03 02:02:50.246: I/Gecko(13183): -*-*- Webapps.jsm : _readManifests of wappush.gaiamobile.org
12-03 02:02:50.276: I/Gecko(13183): -*-*- Webapps.jsm : _readManifests of marketplace-dev.allizom.org
12-03 02:02:50.286: I/Gecko(13183): -*-*- Webapps.jsm : _readManifests of in_app_pay_test.gaiamobile.org
12-03 02:02:50.316: I/Gecko(13183): -*-*- Webapps.jsm : _readManifests of marketplace.allizom.org
12-03 02:02:50.386: I/Gecko(13183): -*-*- Webapps.jsm : _readManifests of {4770ee75-75be-0d4f-aaab-38e9b9f3f245}
12-03 02:02:50.406: I/Gecko(13183): -*-*- Webapps.jsm : _readManifests of ds-test.gaiamobile.org
12-03 02:02:50.456: I/Gecko(13183): -*-*- Webapps.jsm : _readManifests of geoloc.gaiamobile.org
12-03 02:02:50.466: E/Default Home Screen(13460): Content JS ERROR: Failed to retrieve icon [object DOMError] 
12-03 02:02:50.466: E/Default Home Screen(13460):     at proto.refresh/handleError (app://homescreen.gaiamobile.org/shared/elements/gaia-site-icon/script.js:559:11)
12-03 02:02:50.486: I/Gecko(13183): -*-*- Webapps.jsm : _readManifests of l20n-app.gaiamobile.org
12-03 02:02:50.526: I/Gecko(13183): -*-*- Webapps.jsm : _readManifests of membuster.gaiamobile.org
12-03 02:02:50.586: I/Gecko(13183): -*-*- Webapps.jsm : _readManifests of test-ime.gaiamobile.org
12-03 02:02:50.616: I/Gecko(13183): -*-*- Webapps.jsm : _readManifests of share-receiver.gaiamobile.org
12-03 02:02:50.666: I/Gecko(13183): -*-*- Webapps.jsm : _readManifests of template.gaiamobile.org
12-03 02:02:50.716: I/Gecko(13183): -*-*- Webapps.jsm : _readManifests of test-agent.gaiamobile.org
12-03 02:02:50.766: I/Gecko(13183): -*-*- Webapps.jsm : _readManifests of test-container.gaiamobile.org
12-03 02:02:50.846: I/Gecko(13183): -*-*- Webapps.jsm : _readManifests of test-iac-publisher.gaiamobile.org
12-03 02:02:50.946: I/Gecko(13183): -*-*- Webapps.jsm : _readManifests of test-iac-subscriber.gaiamobile.org
12-03 02:02:50.956: I/Gecko(13183): -*-*- Webapps.jsm : _readManifests of test-otasp.gaiamobile.org
12-03 02:02:50.986: I/Gecko(13183): -*-*- Webapps.jsm : _readManifests of test-receiver-1.gaiamobile.org
12-03 02:02:50.996: I/Gecko(13183): -*-*- Webapps.jsm : _readManifests of test-receiver-2.gaiamobile.org
12-03 02:02:51.016: I/Gecko(13183): -*-*- Webapps.jsm : _readManifests of test-receiver-inline.gaiamobile.org
12-03 02:02:51.046: I/Gecko(13183): -*-*- Webapps.jsm : _readManifests of test-startup-limit.gaiamobile.org
12-03 02:02:51.106: I/Gecko(13183): -*-*- Webapps.jsm : _readManifests of test-wappush.gaiamobile.org
12-03 02:02:51.116: I/Gecko(13183): [Parent 13183] WARNING: No Document in SetRequestContext; can not query loadgroup; sending reports may fail.: file /home/fischer/Projects/gecko-dev/dom/security/nsCSPContext.cpp, line 603
12-03 02:02:51.146: I/Gecko(13183): -*-*- Webapps.jsm : _readManifests of uitest.gaiamobile.org
12-03 02:02:51.206: I/Gecko(13183): -*-*- Webapps.jsm : _readManifests of uitest-privileged.gaiamobile.org
12-03 02:02:51.216: E/Default Home Screen(13460): Content JS ERROR: Failed to retrieve icon [object DOMError] 
12-03 02:02:51.216: E/Default Home Screen(13460):     at proto.refresh/handleError (app://homescreen.gaiamobile.org/shared/elements/gaia-site-icon/script.js:559:11)
12-03 02:02:51.216: I/Gecko(13183): -*-*- Webapps.jsm : _readManifests of contacts-manager.gaiamobile.org
12-03 02:02:51.266: I/Gecko(13183): -*-*- Webapps.jsm : _readManifests of contacts-ds-provider1.gaiamobile.org
12-03 02:02:51.266: I/Gecko(13460): --DOMWINDOW == 2 (0xafa6e000) [pid = 13460] [serial = 2] [outer = 0x0] [url = about:blank]
12-03 02:02:51.316: I/Gecko(13183): -*-*- Webapps.jsm : _readManifests of contacts-ds-provider2.gaiamobile.org
12-03 02:02:51.356: I/Gecko(13183): -*-*- Webapps.jsm : _readManifests of mobile-wallet.gaiamobile.org
12-03 02:02:51.376: I/Gecko(13183): [Parent 13183] WARNING: No Document in SetRequestContext; can not query loadgroup; sending reports may fail.: file /home/fischer/Projects/gecko-dev/dom/security/nsCSPContext.cpp, line 603
12-03 02:02:51.396: E/Default Home Screen(13460): Content JS ERROR: Failed to retrieve icon [object DOMError] 
12-03 02:02:51.396: E/Default Home Screen(13460):     at proto.refresh/handleError (app://homescreen.gaiamobile.org/shared/elements/gaia-site-icon/script.js:559:11)
12-03 02:02:51.406: I/Gecko(13183): -*-*- Webapps.jsm : _readManifests of theme-test-1.gaiamobile.org
12-03 02:02:51.446: E/Default Home Screen(13460): Content JS ERROR: Failed to retrieve icon [object DOMError] 
12-03 02:02:51.446: E/Default Home Screen(13460):     at proto.refresh/handleError (app://homescreen.gaiamobile.org/shared/elements/gaia-site-icon/script.js:559:11)
12-03 02:02:51.446: I/Gecko(13183): -*-*- Webapps.jsm : _readManifests of theme-test-2.gaiamobile.org
12-03 02:02:51.486: E/Default Home Screen(13460): Content JS ERROR: Failed to retrieve icon [object DOMError] 
12-03 02:02:51.486: E/Default Home Screen(13460):     at proto.refresh/handleError (app://homescreen.gaiamobile.org/shared/elements/gaia-site-icon/script.js:559:11)
12-03 02:02:51.486: I/Gecko(13183): -*-*- Webapps.jsm : _readManifests of theme-test-3.gaiamobile.org
12-03 02:02:51.556: I/Gecko(13183): -*-*- Webapps.jsm : _readManifests of nfc-api-test.gaiamobile.org
12-03 02:02:51.596: I/Gecko(13183): -*-*- Webapps.jsm : _readManifests of music-oga.gaiamobile.org
12-03 02:02:51.626: E/Default Home Screen(13460): Content JS ERROR: Failed to retrieve icon [object DOMError] 
12-03 02:02:51.626: E/Default Home Screen(13460):     at proto.refresh/handleError (app://homescreen.gaiamobile.org/shared/elements/gaia-site-icon/script.js:559:11)
12-03 02:02:51.646: I/Gecko(13183): -*-*- Webapps.jsm : _readManifests of addon1.gaiamobile.org
12-03 02:02:51.666: E/Default Home Screen(13460): Content JS ERROR: Failed to retrieve icon [object DOMError] 
12-03 02:02:51.666: E/Default Home Screen(13460):     at proto.refresh/handleError (app://homescreen.gaiamobile.org/shared/elements/gaia-site-icon/script.js:559:11)
12-03 02:02:51.716: E/Default Home Screen(13460): Content JS ERROR: Failed to retrieve icon [object DOMError] 
12-03 02:02:51.716: E/Default Home Screen(13460):     at proto.refresh/handleError (app://homescreen.gaiamobile.org/shared/elements/gaia-site-icon/script.js:559:11)
12-03 02:02:51.716: I/Gecko(13183): -*-*- Webapps.jsm : _readManifests of addon2.gaiamobile.org
12-03 02:02:51.746: I/Gecko(13183): -*-*- Webapps.jsm : _readManifests of addon3.gaiamobile.org
12-03 02:02:51.776: I/Gecko(13183): -*-*- Webapps.jsm : _readManifests of {cdfe3c28-da45-5449-b5ce-df0ca27292bb}
12-03 02:02:52.136: I/Gecko(13183): [Parent 13183] WARNING: No Document in SetRequestContext; can not query loadgroup; sending reports may fail.: file /home/fischer/Projects/gecko-dev/dom/security/nsCSPContext.cpp, line 603
12-03 02:02:52.146: I/Gecko(13183): [Parent 13183] WARNING: No Document in SetRequestContext; can not query loadgroup; sending reports may fail.: file /home/fischer/Projects/gecko-dev/dom/security/nsCSPContext.cpp, line 603
12-03 02:02:52.476: I/Gecko(13183): [Parent 13183] WARNING: No Document in SetRequestContext; can not query loadgroup; sending reports may fail.: file /home/fischer/Projects/gecko-dev/dom/security/nsCSPContext.cpp, line 603
12-03 02:02:52.486: I/Gecko(13183): [Parent 13183] WARNING: No Document in SetRequestContext; can not query loadgroup; sending reports may fail.: file /home/fischer/Projects/gecko-dev/dom/security/nsCSPContext.cpp, line 603
12-03 02:02:52.486: I/Gecko(13183): [Parent 13183] WARNING: No Document in SetRequestContext; can not query loadgroup; sending reports may fail.: file /home/fischer/Projects/gecko-dev/dom/security/nsCSPContext.cpp, line 603
12-03 02:02:52.496: I/Gecko(13183): [Parent 13183] WARNING: No Document in SetRequestContext; can not query loadgroup; sending reports may fail.: file /home/fischer/Projects/gecko-dev/dom/security/nsCSPContext.cpp, line 603
12-03 02:02:52.506: I/Gecko(13183): [Parent 13183] WARNING: No Document in SetRequestContext; can not query loadgroup; sending reports may fail.: file /home/fischer/Projects/gecko-dev/dom/security/nsCSPContext.cpp, line 603
12-03 02:02:52.516: I/Gecko(13183): [Parent 13183] WARNING: No Document in SetRequestContext; can not query loadgroup; sending reports may fail.: file /home/fischer/Projects/gecko-dev/dom/security/nsCSPContext.cpp, line 603
12-03 02:02:52.526: I/Gecko(13183): [Parent 13183] WARNING: No Document in SetRequestContext; can not query loadgroup; sending reports may fail.: file /home/fischer/Projects/gecko-dev/dom/security/nsCSPContext.cpp, line 603
12-03 02:02:52.546: I/Gecko(13183): [Parent 13183] WARNING: No Document in SetRequestContext; can not query loadgroup; sending reports may fail.: file /home/fischer/Projects/gecko-dev/dom/security/nsCSPContext.cpp, line 603
12-03 02:02:52.556: I/Gecko(13183): [Parent 13183] WARNING: No Document in SetRequestContext; can not query loadgroup; sending reports may fail.: file /home/fischer/Projects/gecko-dev/dom/security/nsCSPContext.cpp, line 603
12-03 02:02:52.556: I/Gecko(13183): [Parent 13183] WARNING: No Document in SetRequestContext; can not query loadgroup; sending reports may fail.: file /home/fischer/Projects/gecko-dev/dom/security/nsCSPContext.cpp, line 603
12-03 02:02:52.566: I/Gecko(13183): [Parent 13183] WARNING: No Document in SetRequestContext; can not query loadgroup; sending reports may fail.: file /home/fischer/Projects/gecko-dev/dom/security/nsCSPContext.cpp, line 603
12-03 02:02:52.636: I/Gecko(13183): [Parent 13183] WARNING: No Document in SetRequestContext; can not query loadgroup; sending reports may fail.: file /home/fischer/Projects/gecko-dev/dom/security/nsCSPContext.cpp, line 603
12-03 02:02:52.666: I/Gecko(13183): [Parent 13183] WARNING: No Document in SetRequestContext; can not query loadgroup; sending reports may fail.: file /home/fischer/Projects/gecko-dev/dom/security/nsCSPContext.cpp, line 603
12-03 02:02:52.666: I/Gecko(13183): [Parent 13183] WARNING: No Document in SetRequestContext; can not query loadgroup; sending reports may fail.: file /home/fischer/Projects/gecko-dev/dom/security/nsCSPContext.cpp, line 603
12-03 02:02:52.696: I/Gecko(13183): [Parent 13183] WARNING: No Document in SetRequestContext; can not query loadgroup; sending reports may fail.: file /home/fischer/Projects/gecko-dev/dom/security/nsCSPContext.cpp, line 603
12-03 02:02:52.696: I/Gecko(13183): [Parent 13183] WARNING: No Document in SetRequestContext; can not query loadgroup; sending reports may fail.: file /home/fischer/Projects/gecko-dev/dom/security/nsCSPContext.cpp, line 603
12-03 02:02:52.706: I/Gecko(13183): [Parent 13183] WARNING: No Document in SetRequestContext; can not query loadgroup; sending reports may fail.: file /home/fischer/Projects/gecko-dev/dom/security/nsCSPContext.cpp, line 603
12-03 02:02:52.716: I/Gecko(13183): [Parent 13183] WARNING: No Document in SetRequestContext; can not query loadgroup; sending reports may fail.: file /home/fischer/Projects/gecko-dev/dom/security/nsCSPContext.cpp, line 603
12-03 02:02:52.966: I/Gecko(13183): [Parent 13183] WARNING: No Document in SetRequestContext; can not query loadgroup; sending reports may fail.: file /home/fischer/Projects/gecko-dev/dom/security/nsCSPContext.cpp, line 603
12-03 02:02:52.976: I/Gecko(13183): [Parent 13183] WARNING: No Document in SetRequestContext; can not query loadgroup; sending reports may fail.: file /home/fischer/Projects/gecko-dev/dom/security/nsCSPContext.cpp, line 603
12-03 02:02:52.976: I/Gecko(13183): -*-*- Webapps.jsm : _readManifests of ftu.gaiamobile.org
12-03 02:02:52.996: I/Gecko(13183): XXX FIXME : Dispatch a mozFxAccountsChromeEvent: undefined
12-03 02:02:52.996: I/Gecko(13183): [Parent 13183] WARNING: No Document in SetRequestContext; can not query loadgroup; sending reports may fail.: file /home/fischer/Projects/gecko-dev/dom/security/nsCSPContext.cpp, line 603
12-03 02:02:53.006: I/Gecko(13183): [Parent 13183] WARNING: No Document in SetRequestContext; can not query loadgroup; sending reports may fail.: file /home/fischer/Projects/gecko-dev/dom/security/nsCSPContext.cpp, line 603
12-03 02:02:53.006: I/Gecko(13183): [Parent 13183] WARNING: No Document in SetRequestContext; can not query loadgroup; sending reports may fail.: file /home/fischer/Projects/gecko-dev/dom/security/nsCSPContext.cpp, line 603
12-03 02:02:53.056: I/Gecko(13183): [Parent 13183] WARNING: No Document in SetRequestContext; can not query loadgroup; sending reports may fail.: file /home/fischer/Projects/gecko-dev/dom/security/nsCSPContext.cpp, line 603
12-03 02:02:53.066: I/Gecko(13183): [Parent 13183] WARNING: No Document in SetRequestContext; can not query loadgroup; sending reports may fail.: file /home/fischer/Projects/gecko-dev/dom/security/nsCSPContext.cpp, line 603
12-03 02:02:53.066: I/Gecko(13183): [Parent 13183] WARNING: No Document in SetRequestContext; can not query loadgroup; sending reports may fail.: file /home/fischer/Projects/gecko-dev/dom/security/nsCSPContext.cpp, line 603
12-03 02:02:53.066: I/Gecko(13183): [Parent 13183] WARNING: No Document in SetRequestContext; can not query loadgroup; sending reports may fail.: file /home/fischer/Projects/gecko-dev/dom/security/nsCSPContext.cpp, line 603
12-03 02:02:53.086: I/Gecko(13183): [Parent 13183] WARNING: No Document in SetRequestContext; can not query loadgroup; sending reports may fail.: file /home/fischer/Projects/gecko-dev/dom/security/nsCSPContext.cpp, line 603
12-03 02:02:53.096: I/Gecko(13183): [Parent 13183] WARNING: No Document in SetRequestContext; can not query loadgroup; sending reports may fail.: file /home/fischer/Projects/gecko-dev/dom/security/nsCSPContext.cpp, line 603
12-03 02:02:53.096: I/Gecko(13183): [Parent 13183] WARNING: No Document in SetRequestContext; can not query loadgroup; sending reports may fail.: file /home/fischer/Projects/gecko-dev/dom/security/nsCSPContext.cpp, line 603
12-03 02:02:53.096: I/Gecko(13183): [Parent 13183] WARNING: No Document in SetRequestContext; can not query loadgroup; sending reports may fail.: file /home/fischer/Projects/gecko-dev/dom/security/nsCSPContext.cpp, line 603
12-03 02:02:53.096: I/Gecko(13183): [Parent 13183] WARNING: No Document in SetRequestContext; can not query loadgroup; sending reports may fail.: file /home/fischer/Projects/gecko-dev/dom/security/nsCSPContext.cpp, line 603
12-03 02:02:53.136: I/Gecko(13183): XXX FIXME : Dispatch a mozIACChromeEvent: inter-app-comm-permission
12-03 02:02:53.136: I/Gecko(13183): XXX FIXME : Dispatch a mozIACContentEvent: inter-app-comm-permission
12-03 02:02:53.156: I/Gecko(13183): [Parent 13183] WARNING: No Document in SetRequestContext; can not query loadgroup; sending reports may fail.: file /home/fischer/Projects/gecko-dev/dom/security/nsCSPContext.cpp, line 603
12-03 02:02:53.156: I/Gecko(13183): [Parent 13183] WARNING: No Document in SetRequestContext; can not query loadgroup; sending reports may fail.: file /home/fischer/Projects/gecko-dev/dom/security/nsCSPContext.cpp, line 603
12-03 02:02:53.816: I/Gecko(13183): [Parent 13183] WARNING: No Document in SetRequestContext; can not query loadgroup; sending reports may fail.: file /home/fischer/Projects/gecko-dev/dom/security/nsCSPContext.cpp, line 603
12-03 02:02:54.496: I/Gecko(13501): ######################## extensions.js loaded
12-03 02:02:54.516: W/Built-in Keyboard(13501): [JavaScript Warning: "Use of nsIFile in content process is deprecated." {file: "jar:file:///system/b2g/omni.ja!/components/DirectoryProvider.js" line: 81}]
12-03 02:02:54.586: I/Gecko(13501): ++DOMWINDOW == 3 (0xaf75e800) [pid = 13501] [serial = 3] [outer = 0xb0a9b800]
12-03 02:02:54.776: D/Default Home Screen(13460): Content JS DEBUG: Bug 1211266: getIcon retry 1 for app://communications.gaiamobile.org/manifest.webapp/dialer 
12-03 02:02:54.776: D/Default Home Screen(13460):     at proto.refresh/getImage/</this._iconFetchTimeout< (app://homescreen.gaiamobile.org/shared/elements/gaia-site-icon/script.js:580:1)
12-03 02:02:54.776: D/Default Home Screen(13460): Content JS DEBUG: Bug 1211266: getIcon retry 1 for app://sms.gaiamobile.org/manifest.webapp 
12-03 02:02:54.776: D/Default Home Screen(13460):     at proto.refresh/getImage/</this._iconFetchTimeout< (app://homescreen.gaiamobile.org/shared/elements/gaia-site-icon/script.js:580:1)
12-03 02:02:54.786: D/Default Home Screen(13460): Content JS DEBUG: Bug 1211266: getIcon retry 1 for app://communications.gaiamobile.org/manifest.webapp/contacts 
12-03 02:02:54.786: D/Default Home Screen(13460):     at proto.refresh/getImage/</this._iconFetchTimeout< (app://homescreen.gaiamobile.org/shared/elements/gaia-site-icon/script.js:580:1)
12-03 02:02:54.796: I/Gecko(13183): -*-*- Webapps.jsm : _readManifests of communications.gaiamobile.org
12-03 02:02:54.796: D/Default Home Screen(13460): Content JS DEBUG: Bug 1211266: getIcon retry 1 for app://email.gaiamobile.org/manifest.webapp 
12-03 02:02:54.796: D/Default Home Screen(13460):     at proto.refresh/getImage/</this._iconFetchTimeout< (app://homescreen.gaiamobile.org/shared/elements/gaia-site-icon/script.js:580:1)
12-03 02:02:54.796: D/Default Home Screen(13460): Content JS DEBUG: Bug 1211266: getIcon retry 1 for app://search.gaiamobile.org/manifest.webapp 
12-03 02:02:54.796: D/Default Home Screen(13460):     at proto.refresh/getImage/</this._iconFetchTimeout< (app://homescreen.gaiamobile.org/shared/elements/gaia-site-icon/script.js:580:1)
12-03 02:02:54.806: I/Gecko(13183): -*-*- Webapps.jsm : _readManifests of sms.gaiamobile.org
12-03 02:02:54.806: D/Default Home Screen(13460): Content JS DEBUG: Bug 1211266: getIcon retry 1 for app://camera.gaiamobile.org/manifest.webapp 
12-03 02:02:54.806: D/Default Home Screen(13460):     at proto.refresh/getImage/</this._iconFetchTimeout< (app://homescreen.gaiamobile.org/shared/elements/gaia-site-icon/script.js:580:1)
12-03 02:02:54.806: D/Default Home Screen(13460): Content JS DEBUG: Bug 1211266: getIcon retry 1 for app://gallery.gaiamobile.org/manifest.webapp 
12-03 02:02:54.806: D/Default Home Screen(13460):     at proto.refresh/getImage/</this._iconFetchTimeout< (app://homescreen.gaiamobile.org/shared/elements/gaia-site-icon/script.js:580:1)
12-03 02:02:54.816: D/Default Home Screen(13460): Content JS DEBUG: Bug 1211266: getIcon retry 1 for app://music.gaiamobile.org/manifest.webapp 
12-03 02:02:54.816: D/Default Home Screen(13460):     at proto.refresh/getImage/</this._iconFetchTimeout< (app://homescreen.gaiamobile.org/shared/elements/gaia-site-icon/script.js:580:1)
12-03 02:02:54.816: D/Default Home Screen(13460): Content JS DEBUG: Bug 1211266: getIcon retry 1 for app://video.gaiamobile.org/manifest.webapp 
12-03 02:02:54.816: D/Default Home Screen(13460):     at proto.refresh/getImage/</this._iconFetchTimeout< (app://homescreen.gaiamobile.org/shared/elements/gaia-site-icon/script.js:580:1)
12-03 02:02:54.826: D/Default Home Screen(13460): Content JS DEBUG: Bug 1211266: getIcon retry 1 for https://marketplace.firefox.com/packaged.webapp 
12-03 02:02:54.826: D/Default Home Screen(13460):     at proto.refresh/getImage/</this._iconFetchTimeout< (app://homescreen.gaiamobile.org/shared/elements/gaia-site-icon/script.js:580:1)
12-03 02:02:54.836: D/Default Home Screen(13460): Content JS DEBUG: Bug 1211266: getIcon retry 1 for app://calendar.gaiamobile.org/manifest.webapp 
12-03 02:02:54.836: D/Default Home Screen(13460):     at proto.refresh/getImage/</this._iconFetchTimeout< (app://homescreen.gaiamobile.org/shared/elements/gaia-site-icon/script.js:580:1)
12-03 02:02:54.846: D/Default Home Screen(13460): Content JS DEBUG: Bug 1211266: getIcon retry 1 for app://clock.gaiamobile.org/manifest.webapp 
12-03 02:02:54.846: D/Default Home Screen(13460):     at proto.refresh/getImage/</this._iconFetchTimeout< (app://homescreen.gaiamobile.org/shared/elements/gaia-site-icon/script.js:580:1)
12-03 02:02:54.846: D/Default Home Screen(13460): Content JS DEBUG: Bug 1211266: getIcon retry 1 for app://settings.gaiamobile.org/manifest.webapp 
12-03 02:02:54.846: D/Default Home Screen(13460):     at proto.refresh/getImage/</this._iconFetchTimeout< (app://homescreen.gaiamobile.org/shared/elements/gaia-site-icon/script.js:580:1)
12-03 02:02:54.856: D/Default Home Screen(13460): Content JS DEBUG: Bug 1211266: getIcon retry 1 for app://fm.gaiamobile.org/manifest.webapp 
12-03 02:02:54.856: D/Default Home Screen(13460):     at proto.refresh/getImage/</this._iconFetchTimeout< (app://homescreen.gaiamobile.org/shared/elements/gaia-site-icon/script.js:580:1)
12-03 02:02:54.876: I/Gecko(13183): -*-*- Webapps.jsm : _readManifests of communications.gaiamobile.org
12-03 02:02:54.896: D/Default Home Screen(13460): Content JS DEBUG: Bug 1211266: getIcon retry 1 for https://marketplace.firefox.com/app/8d979279-a142-4fee-993b-8e7797b221a5/manifest.webapp 
12-03 02:02:54.896: D/Default Home Screen(13460):     at proto.refresh/getImage/</this._iconFetchTimeout< (app://homescreen.gaiamobile.org/shared/elements/gaia-site-icon/script.js:580:1)
12-03 02:02:54.896: I/Gecko(13183): -*-*- Webapps.jsm : _readManifests of email.gaiamobile.org
12-03 02:02:54.906: D/Default Home Screen(13460): Content JS DEBUG: Bug 1211266: getIcon retry 1 for https://www.bzlite.com/manifest.webapp 
12-03 02:02:54.906: D/Default Home Screen(13460):     at proto.refresh/getImage/</this._iconFetchTimeout< (app://homescreen.gaiamobile.org/shared/elements/gaia-site-icon/script.js:580:1)
12-03 02:02:54.906: D/Default Home Screen(13460): Content JS DEBUG: Bug 1211266: getIcon retry 1 for https://m.facebook.com/openwebapp/manifest.webapp 
12-03 02:02:54.906: D/Default Home Screen(13460):     at proto.refresh/getImage/</this._iconFetchTimeout< (app://homescreen.gaiamobile.org/shared/elements/gaia-site-icon/script.js:580:1)
12-03 02:02:54.906: D/Default Home Screen(13460): Content JS DEBUG: Bug 1211266: getIcon retry 1 for https://mobile.twitter.com/cache/twitter.webapp 
12-03 02:02:54.906: D/Default Home Screen(13460):     at proto.refresh/getImage/</this._iconFetchTimeout< (app://homescreen.gaiamobile.org/shared/elements/gaia-site-icon/script.js:580:1)
12-03 02:02:54.916: D/Default Home Screen(13460): Content JS DEBUG: Bug 1211266: getIcon retry 1 for https://marketplace.firefox.com/app/dcdaeefc-26f4-4af6-ad22-82eb93beadcd/manifest.webapp 
12-03 02:02:54.916: D/Default Home Screen(13460):     at proto.refresh/getImage/</this._iconFetchTimeout< (app://homescreen.gaiamobile.org/shared/elements/gaia-site-icon/script.js:580:1)
12-03 02:02:54.916: D/Default Home Screen(13460): Content JS DEBUG: Bug 1211266: getIcon retry 1 for https://marketplace.firefox.com/app/9f96ce77-5b2d-42ca-a0d9-10a933dd84c4/manifest.webapp 
12-03 02:02:54.916: D/Default Home Screen(13460):     at proto.refresh/getImage/</this._iconFetchTimeout< (app://homescreen.gaiamobile.org/shared/elements/gaia-site-icon/script.js:580:1)
12-03 02:02:54.926: D/Default Home Screen(13460): Content JS DEBUG: Bug 1211266: getIcon retry 1 for app://costcontrol.gaiamobile.org/manifest.webapp 
12-03 02:02:54.926: D/Default Home Screen(13460):     at proto.refresh/getImage/</this._iconFetchTimeout< (app://homescreen.gaiamobile.org/shared/elements/gaia-site-icon/script.js:580:1)
12-03 02:02:54.926: I/Gecko(13183): -*-*- Webapps.jsm : _readManifests of search.gaiamobile.org
12-03 02:02:54.926: D/Default Home Screen(13460): Content JS DEBUG: Bug 1211266: getIcon retry 1 for app://bluetooth.gaiamobile.org/manifest.webapp 
12-03 02:02:54.926: D/Default Home Screen(13460):     at proto.refresh/getImage/</this._iconFetchTimeout< (app://homescreen.gaiamobile.org/shared/elements/gaia-site-icon/script.js:580:1)
12-03 02:02:54.936: I/Gecko(13183): -*-*- Webapps.jsm : _readManifests of camera.gaiamobile.org
