12-03 22:31:19.413: I/Gecko(435): [Parent 435] WARNING: No Document in SetRequestContext; can not query loadgroup; sending reports may fail.: file /home/fischer/Projects/gecko-dev/dom/security/nsCSPContext.cpp, line 603
12-03 22:31:19.413: I/Gecko(435): [Parent 435] WARNING: No Document in SetRequestContext; can not query loadgroup; sending reports may fail.: file /home/fischer/Projects/gecko-dev/dom/security/nsCSPContext.cpp, line 603
12-03 22:31:19.413: I/Gecko(435): -*- WifiWorker component: Event coming in: CTRL-EVENT-BSS-ADDED 28 dc:38:e1:83:13:41
12-03 22:31:19.413: I/Gecko(435): -*- WifiWorker component: Event coming in: CTRL-EVENT-BSS-ADDED 29 3c:94:d5:78:77:02
12-03 22:31:19.413: I/Gecko(435): [Parent 435] WARNING: No Document in SetRequestContext; can not query loadgroup; sending reports may fail.: file /home/fischer/Projects/gecko-dev/dom/security/nsCSPContext.cpp, line 603
12-03 22:31:19.423: I/Gecko(435): -*- WifiWorker component: Event coming in: CTRL-EVENT-BSS-ADDED 30 3c:94:d5:78:77:00
12-03 22:31:19.423: I/Gecko(435): [Parent 435] WARNING: No Document in SetRequestContext; can not query loadgroup; sending reports may fail.: file /home/fischer/Projects/gecko-dev/dom/security/nsCSPContext.cpp, line 603
12-03 22:31:19.433: I/Gecko(435): -*- WifiWorker component: Event coming in: CTRL-EVENT-BSS-ADDED 31 3c:94:d5:78:77:08
12-03 22:31:19.433: I/Gecko(435): [Parent 435] WARNING: No Document in SetRequestContext; can not query loadgroup; sending reports may fail.: file /home/fischer/Projects/gecko-dev/dom/security/nsCSPContext.cpp, line 603
12-03 22:31:19.433: I/Gecko(435): -*- WifiWorker component: Event coming in: CTRL-EVENT-BSS-ADDED 32 dc:38:e1:82:a1:c1
12-03 22:31:19.433: I/Gecko(435): -*- WifiWorker component: Event coming in: CTRL-EVENT-BSS-ADDED 33 3c:94:d5:7b:b8:02
12-03 22:31:19.433: I/Gecko(435): -*- WifiWorker component: Event coming in: CTRL-EVENT-BSS-ADDED 34 3c:94:d5:7b:b8:08
12-03 22:31:19.433: I/Gecko(435): -*- WifiWorker component: Event coming in: CTRL-EVENT-BSS-ADDED 35 dc:38:e1:82:a1:c3
12-03 22:31:19.433: I/Gecko(435): -*- WifiWorker component: Event coming in: CTRL-EVENT-BSS-ADDED 36 dc:38:e1:82:a1:c9
12-03 22:31:19.433: I/Gecko(435): -*- WifiWorker component: Event coming in: CTRL-EVENT-BSS-ADDED 37 3c:94:d5:7b:b8:00
12-03 22:31:19.433: I/Gecko(435): -*- WifiWorker component: Event coming in: CTRL-EVENT-BSS-ADDED 38 dc:38:e1:82:a1:c8
12-03 22:31:19.433: I/Gecko(435): -*- WifiWorker component: Event coming in: CTRL-EVENT-BSS-ADDED 39 1c:b7:2c:86:fa:a0
12-03 22:31:19.433: I/Gecko(435): -*- WifiWorker component: Event coming in: CTRL-EVENT-BSS-ADDED 40 dc:38:e1:83:69:84
12-03 22:31:19.433: I/Gecko(435): -*- WifiWorker component: Event coming in: CTRL-EVENT-BSS-ADDED 41 dc:38:e1:83:69:86
12-03 22:31:19.433: I/Gecko(435): -*- WifiWorker component: Event coming in: CTRL-EVENT-BSS-ADDED 42 dc:38:e1:82:f6:84
12-03 22:31:19.433: I/Gecko(435): [Parent 435] WARNING: No Document in SetRequestContext; can not query loadgroup; sending reports may fail.: file /home/fischer/Projects/gecko-dev/dom/security/nsCSPContext.cpp, line 603
12-03 22:31:19.443: I/Gecko(435): -*- WifiWorker component: Event coming in: CTRL-EVENT-BSS-ADDED 43 dc:38:e1:83:69:87
12-03 22:31:19.443: I/Gecko(435): -*-*- Webapps.jsm : _readManifests of verticalhome.gaiamobile.org
12-03 22:31:19.453: I/Gecko(435): -*- WifiWorker component: Event coming in: CTRL-EVENT-BSS-ADDED 44 dc:38:e1:83:69:85
12-03 22:31:19.453: I/Gecko(435): -*- WifiWorker component: Event coming in: CTRL-EVENT-BSS-ADDED 45 fa:8f:ca:76:43:ff
12-03 22:31:19.453: I/Gecko(435): -*- WifiWorker component: Event coming in: CTRL-EVENT-BSS-ADDED 46 dc:38:e1:82:f6:86
12-03 22:31:19.453: I/Gecko(435): -*- WifiWorker component: Event coming in: CTRL-EVENT-BSS-ADDED 47 dc:38:e1:82:8a:06
12-03 22:31:19.463: I/Gecko(435): -*- WifiWorker component: Event coming in: CTRL-EVENT-BSS-ADDED 48 dc:38:e1:82:8a:04
12-03 22:31:19.463: I/Gecko(435): -*- WifiWorker component: Event coming in: CTRL-EVENT-BSS-ADDED 49 dc:38:e1:83:29:85
12-03 22:31:19.463: I/Gecko(435): -*- WifiWorker component: Event coming in: CTRL-EVENT-BSS-ADDED 50 dc:38:e1:83:29:87
12-03 22:31:19.463: I/Gecko(435): -*- WifiWorker component: Event coming in: CTRL-EVENT-BSS-ADDED 51 dc:38:e1:82:8a:07
12-03 22:31:19.463: I/Gecko(435): -*- WifiWorker component: Event coming in: CTRL-EVENT-BSS-ADDED 52 dc:38:e1:82:8a:05
12-03 22:31:19.463: I/Gecko(435): -*- WifiWorker component: Event coming in: CTRL-EVENT-BSS-ADDED 53 dc:38:e1:82:19:85
12-03 22:31:19.463: I/Gecko(435): -*- WifiWorker component: Event coming in: CTRL-EVENT-BSS-ADDED 54 dc:38:e1:82:19:86
12-03 22:31:19.463: I/Gecko(435): -*- WifiWorker component: Event coming in: CTRL-EVENT-BSS-ADDED 55 dc:38:e1:83:13:46
12-03 22:31:19.463: I/Gecko(435): -*- WifiWorker component: Event coming in: CTRL-EVENT-BSS-ADDED 56 dc:38:e1:83:13:44
12-03 22:31:19.463: I/Gecko(435): -*- WifiWorker component: Event coming in: CTRL-EVENT-BSS-ADDED 57 dc:38:e1:82:19:84
12-03 22:31:19.463: I/Gecko(435): -*- WifiWorker component: Event coming in: CTRL-EVENT-BSS-ADDED 58 dc:38:e1:83:1b:44
12-03 22:31:19.463: I/Gecko(435): -*- WifiWorker component: Event coming in: CTRL-EVENT-BSS-ADDED 59 dc:38:e1:82:19:87
12-03 22:31:19.463: I/Gecko(435): -*- WifiWorker component: Event coming in: CTRL-EVENT-BSS-ADDED 60 dc:38:e1:83:13:47
12-03 22:31:19.463: I/Gecko(435): -*- WifiWorker component: Event coming in: CTRL-EVENT-BSS-ADDED 61 dc:38:e1:83:13:45
12-03 22:31:19.463: I/Gecko(435): -*- WifiWorker component: Event coming in: CTRL-EVENT-BSS-ADDED 62 dc:38:e1:82:a1:c4
12-03 22:31:19.463: I/Gecko(435): -*- WifiWorker component: Event coming in: CTRL-EVENT-BSS-ADDED 63 dc:38:e1:82:a1:c6
12-03 22:31:19.463: I/Gecko(435): -*- WifiWorker component: Event coming in: CTRL-EVENT-BSS-ADDED 64 3c:94:d5:78:77:06
12-03 22:31:19.463: I/Gecko(435): -*- WifiWorker component: Event coming in: CTRL-EVENT-BSS-ADDED 65 3c:94:d5:78:77:04
12-03 22:31:19.463: I/Gecko(435): [Parent 435] WARNING: No Document in SetRequestContext; can not query loadgroup; sending reports may fail.: file /home/fischer/Projects/gecko-dev/dom/security/nsCSPContext.cpp, line 603
12-03 22:31:19.463: I/Gecko(435): -*- WifiWorker component: Event coming in: CTRL-EVENT-BSS-ADDED 66 3c:94:d5:7b:b8:04
12-03 22:31:19.463: I/Gecko(435): -*- WifiWorker component: Event coming in: CTRL-EVENT-BSS-ADDED 67 dc:38:e1:82:a1:c7
12-03 22:31:19.473: I/Gecko(435): -*- WifiWorker component: Event coming in: CTRL-EVENT-BSS-ADDED 68 dc:38:e1:82:a1:c5
12-03 22:31:19.513: I/Gecko(435): -*- WifiWorker component: Event coming in: CTRL-EVENT-SCAN-RESULTS
12-03 22:31:19.513: I/Gecko(435): -*- WifiWorker component: Notifying of scan results available
12-03 22:31:19.513: I/Gecko(435): -*- WifiWorker component: Scan results are available! Asking for them.
12-03 22:31:19.513: D/wpa_supplicant(686): RX ctrl_iface - hexdump(len=12): 53 43 41 4e 5f 52 45 53 55 4c 54 53
12-03 22:31:19.513: D/wpa_supplicant(686): wlan0: Control interface command 'SCAN_RESULTS'
12-03 22:31:19.513: I/Gecko(435): -*-*- Webapps.jsm : _readManifests of wallpaper.gaiamobile.org
12-03 22:31:19.533: I/Gecko(435): -*- WifiWorker component: Event coming in: WPS-AP-AVAILABLE
12-03 22:31:19.533: D/wpa_supplicant(686): RX ctrl_iface - hexdump(len=19): 44 52 49 56 45 52 20 53 43 41 4e 2d 50 41 53 53 49 56 45
12-03 22:31:19.533: D/wpa_supplicant(686): wlan0: Control interface command 'DRIVER SCAN-PASSIVE'
12-03 22:31:19.533: D/wpa_supplicant(686): wpa_driver_nl80211_driver_cmd  len = 0, 0
12-03 22:31:19.583: I/Gecko(435): -*-*- Webapps.jsm : _readManifests of wappush.gaiamobile.org
12-03 22:31:19.593: I/Gecko(435): -*- WifiWorker component: Event coming in: CTRL-EVENT-STATE-CHANGE id=-1 state=2 BSSID=00:00:00:00:00:00 SSID=
12-03 22:31:19.593: I/Gecko(435): -*- WifiWorker component: State change: SCANNING -> INACTIVE
12-03 22:31:19.603: I/Gecko(435): -*-*- Webapps.jsm : _readManifests of marketplace-dev.allizom.org
12-03 22:31:19.813: I/Gecko(435): -*-*- Webapps.jsm : _readManifests of in_app_pay_test.gaiamobile.org
12-03 22:31:19.873: I/Gecko(435): -*-*- Webapps.jsm : _readManifests of marketplace.allizom.org
12-03 22:31:19.883: I/Gecko(435): -*-*- Webapps.jsm : _readManifests of {8a55ed5a-9fd2-5a49-9bd1-0b20ff0ab6dc}
12-03 22:31:19.893: I/Gecko(435): -*-*- Webapps.jsm : _readManifests of ds-test.gaiamobile.org
12-03 22:31:19.903: I/Gecko(435): -*-*- Webapps.jsm : _readManifests of geoloc.gaiamobile.org
12-03 22:31:19.913: I/Gecko(435): -*-*- Webapps.jsm : _readManifests of l20n-app.gaiamobile.org
12-03 22:31:19.923: I/Gecko(435): -*-*- Webapps.jsm : _readManifests of membuster.gaiamobile.org
12-03 22:31:19.933: I/Gecko(435): -*-*- Webapps.jsm : _readManifests of test-ime.gaiamobile.org
12-03 22:31:19.983: I/Gecko(435): -*-*- Webapps.jsm : _readManifests of share-receiver.gaiamobile.org
12-03 22:31:19.993: I/Gecko(435): -*-*- Webapps.jsm : _readManifests of template.gaiamobile.org
12-03 22:31:20.003: I/Gecko(435): -*-*- Webapps.jsm : _readManifests of test-agent.gaiamobile.org
12-03 22:31:20.053: I/Gecko(435): -*-*- Webapps.jsm : _readManifests of test-container.gaiamobile.org
12-03 22:31:20.063: I/Gecko(435): -*-*- Webapps.jsm : _readManifests of test-iac-publisher.gaiamobile.org
12-03 22:31:20.083: I/Gecko(435): -*-*- Webapps.jsm : _readManifests of test-iac-subscriber.gaiamobile.org
12-03 22:31:20.123: I/Gecko(435): -*-*- Webapps.jsm : _readManifests of test-otasp.gaiamobile.org
12-03 22:31:20.213: I/Gecko(435): -*-*- Webapps.jsm : _readManifests of test-receiver-1.gaiamobile.org
12-03 22:31:20.223: I/Gecko(435): -*-*- Webapps.jsm : _readManifests of test-receiver-2.gaiamobile.org
12-03 22:31:20.253: I/Gecko(435): -*-*- Webapps.jsm : _readManifests of test-receiver-inline.gaiamobile.org
12-03 22:31:20.283: I/Gecko(435): -*-*- Webapps.jsm : _readManifests of test-startup-limit.gaiamobile.org
12-03 22:31:20.313: I/Gecko(435): -*-*- Webapps.jsm : _readManifests of test-wappush.gaiamobile.org
12-03 22:31:20.393: I/Gecko(435): -*-*- Webapps.jsm : _readManifests of uitest.gaiamobile.org
12-03 22:31:20.403: I/Gecko(435): -*-*- Webapps.jsm : _readManifests of uitest-privileged.gaiamobile.org
12-03 22:31:20.413: E/Default Home Screen(718): Content JS ERROR: Failed to retrieve icon [object DOMError]
12-03 22:31:20.413: E/Default Home Screen(718):     at proto.refresh/handleError (app://homescreen.gaiamobile.org/shared/elements/gaia-site-icon/script.js:559:11)
12-03 22:31:20.433: I/Gecko(435): -*-*- Webapps.jsm : _readManifests of contacts-manager.gaiamobile.org
12-03 22:31:20.453: I/Gecko(435): -*-*- Webapps.jsm : _readManifests of contacts-ds-provider1.gaiamobile.org
12-03 22:31:20.543: I/Gecko(435): -*-*- Webapps.jsm : _readManifests of contacts-ds-provider2.gaiamobile.org
12-03 22:31:20.553: I/Gecko(435): -*-*- Webapps.jsm : _readManifests of mobile-wallet.gaiamobile.org
12-03 22:31:20.563: E/Default Home Screen(718): Content JS ERROR: Failed to retrieve icon [object DOMError]
12-03 22:31:20.563: E/Default Home Screen(718):     at proto.refresh/handleError (app://homescreen.gaiamobile.org/shared/elements/gaia-site-icon/script.js:559:11)
12-03 22:31:20.573: I/Gecko(435): -*-*- Webapps.jsm : _readManifests of theme-test-1.gaiamobile.org
12-03 22:31:20.583: I/Gecko(435): [Parent 435] WARNING: No Document in SetRequestContext; can not query loadgroup; sending reports may fail.: file /home/fischer/Projects/gecko-dev/dom/security/nsCSPContext.cpp, line 603
12-03 22:31:20.613: I/Gecko(435): [Parent 435] WARNING: No Document in SetRequestContext; can not query loadgroup; sending reports may fail.: file /home/fischer/Projects/gecko-dev/dom/security/nsCSPContext.cpp, line 603
12-03 22:31:20.613: I/Gecko(435): [Parent 435] WARNING: No Document in SetRequestContext; can not query loadgroup; sending reports may fail.: file /home/fischer/Projects/gecko-dev/dom/security/nsCSPContext.cpp, line 603
12-03 22:31:20.623: I/Gecko(435): [Parent 435] WARNING: No Document in SetRequestContext; can not query loadgroup; sending reports may fail.: file /home/fischer/Projects/gecko-dev/dom/security/nsCSPContext.cpp, line 603
12-03 22:31:20.623: I/Gecko(435): [Parent 435] WARNING: No Document in SetRequestContext; can not query loadgroup; sending reports may fail.: file /home/fischer/Projects/gecko-dev/dom/security/nsCSPContext.cpp, line 603
12-03 22:31:20.633: I/Gecko(435): -*-*- Webapps.jsm : _readManifests of theme-test-2.gaiamobile.org
12-03 22:31:20.683: I/Gecko(435): [Parent 435] WARNING: No Document in SetRequestContext; can not query loadgroup; sending reports may fail.: file /home/fischer/Projects/gecko-dev/dom/security/nsCSPContext.cpp, line 603
12-03 22:31:20.683: I/Gecko(435): [Parent 435] WARNING: No Document in SetRequestContext; can not query loadgroup; sending reports may fail.: file /home/fischer/Projects/gecko-dev/dom/security/nsCSPContext.cpp, line 603
12-03 22:31:20.693: E/Default Home Screen(718): Content JS ERROR: Failed to retrieve icon [object DOMError]
12-03 22:31:20.693: E/Default Home Screen(718):     at proto.refresh/handleError (app://homescreen.gaiamobile.org/shared/elements/gaia-site-icon/script.js:559:11)
12-03 22:31:20.773: E/Default Home Screen(718): Content JS ERROR: Failed to retrieve icon [object DOMError]
12-03 22:31:20.773: E/Default Home Screen(718):     at proto.refresh/handleError (app://homescreen.gaiamobile.org/shared/elements/gaia-site-icon/script.js:559:11)
12-03 22:31:20.883: E/Default Home Screen(718): Content JS ERROR: Failed to retrieve icon [object DOMError]
12-03 22:31:20.883: E/Default Home Screen(718):     at proto.refresh/handleError (app://homescreen.gaiamobile.org/shared/elements/gaia-site-icon/script.js:559:11)
12-03 22:31:20.903: I/Gecko(435): [Parent 435] WARNING: No Document in SetRequestContext; can not query loadgroup; sending reports may fail.: file /home/fischer/Projects/gecko-dev/dom/security/nsCSPContext.cpp, line 603
12-03 22:31:20.903: I/Gecko(435): [Parent 435] WARNING: No Document in SetRequestContext; can not query loadgroup; sending reports may fail.: file /home/fischer/Projects/gecko-dev/dom/security/nsCSPContext.cpp, line 603
12-03 22:31:20.913: I/Gecko(435): -*-*- Webapps.jsm : _readManifests of ftu.gaiamobile.org
12-03 22:31:20.923: I/Gecko(435): -*-*- Webapps.jsm : _readManifests of theme-test-3.gaiamobile.org
12-03 22:31:20.973: I/Gecko(435): -*-*- Webapps.jsm : _readManifests of nfc-api-test.gaiamobile.org
12-03 22:31:20.983: I/Gecko(435): -*-*- Webapps.jsm : _readManifests of music-oga.gaiamobile.org
12-03 22:31:20.993: E/Default Home Screen(718): Content JS ERROR: Failed to retrieve icon [object DOMError]
12-03 22:31:20.993: E/Default Home Screen(718):     at proto.refresh/handleError (app://homescreen.gaiamobile.org/shared/elements/gaia-site-icon/script.js:559:11)
12-03 22:31:20.993: I/Gecko(435): -*-*- Webapps.jsm : _readManifests of addon1.gaiamobile.org
12-03 22:31:21.013: I/Gecko(435): XXX FIXME : Dispatch a mozFxAccountsChromeEvent: undefined
12-03 22:31:21.023: I/Gecko(435): -*-*- Webapps.jsm : _readManifests of addon2.gaiamobile.org
12-03 22:31:21.033: I/Gecko(435): [Parent 435] WARNING: No Document in SetRequestContext; can not query loadgroup; sending reports may fail.: file /home/fischer/Projects/gecko-dev/dom/security/nsCSPContext.cpp, line 603
12-03 22:31:21.033: I/Gecko(435): [Parent 435] WARNING: No Document in SetRequestContext; can not query loadgroup; sending reports may fail.: file /home/fischer/Projects/gecko-dev/dom/security/nsCSPContext.cpp, line 603
12-03 22:31:21.033: E/Default Home Screen(718): Content JS ERROR: Failed to retrieve icon [object DOMError]
12-03 22:31:21.033: E/Default Home Screen(718):     at proto.refresh/handleError (app://homescreen.gaiamobile.org/shared/elements/gaia-site-icon/script.js:559:11)
12-03 22:31:21.033: I/Gecko(435): [Parent 435] WARNING: No Document in SetRequestContext; can not query loadgroup; sending reports may fail.: file /home/fischer/Projects/gecko-dev/dom/security/nsCSPContext.cpp, line 603
12-03 22:31:21.043: I/Gecko(435): -*-*- Webapps.jsm : _readManifests of addon3.gaiamobile.org
12-03 22:31:21.053: I/Gecko(435): [Parent 435] WARNING: No Document in SetRequestContext; can not query loadgroup; sending reports may fail.: file /home/fischer/Projects/gecko-dev/dom/security/nsCSPContext.cpp, line 603
12-03 22:31:21.053: I/Gecko(435): [Parent 435] WARNING: No Document in SetRequestContext; can not query loadgroup; sending reports may fail.: file /home/fischer/Projects/gecko-dev/dom/security/nsCSPContext.cpp, line 603
12-03 22:31:21.053: I/Gecko(435): [Parent 435] WARNING: No Document in SetRequestContext; can not query loadgroup; sending reports may fail.: file /home/fischer/Projects/gecko-dev/dom/security/nsCSPContext.cpp, line 603
12-03 22:31:21.063: I/Gecko(435): [Parent 435] WARNING: No Document in SetRequestContext; can not query loadgroup; sending reports may fail.: file /home/fischer/Projects/gecko-dev/dom/security/nsCSPContext.cpp, line 603
12-03 22:31:21.113: I/Gecko(435): -*-*- Webapps.jsm : _readManifests of {c297ba8c-3f18-e542-a561-2f07804d4f61}
12-03 22:31:21.123: I/Gecko(435): [Parent 435] WARNING: No Document in SetRequestContext; can not query loadgroup; sending reports may fail.: file /home/fischer/Projects/gecko-dev/dom/security/nsCSPContext.cpp, line 603
12-03 22:31:21.123: I/Gecko(435): [Parent 435] WARNING: No Document in SetRequestContext; can not query loadgroup; sending reports may fail.: file /home/fischer/Projects/gecko-dev/dom/security/nsCSPContext.cpp, line 603
12-03 22:31:21.123: I/Gecko(435): [Parent 435] WARNING: No Document in SetRequestContext; can not query loadgroup; sending reports may fail.: file /home/fischer/Projects/gecko-dev/dom/security/nsCSPContext.cpp, line 603
12-03 22:31:21.133: I/Gecko(435): [Parent 435] WARNING: No Document in SetRequestContext; can not query loadgroup; sending reports may fail.: file /home/fischer/Projects/gecko-dev/dom/security/nsCSPContext.cpp, line 603
12-03 22:31:21.133: I/Gecko(435): [Parent 435] WARNING: No Document in SetRequestContext; can not query loadgroup; sending reports may fail.: file /home/fischer/Projects/gecko-dev/dom/security/nsCSPContext.cpp, line 603
12-03 22:31:21.143: I/Gecko(435): XXX FIXME : Dispatch a mozIACChromeEvent: inter-app-comm-permission
12-03 22:31:21.143: I/Gecko(435): XXX FIXME : Dispatch a mozIACContentEvent: inter-app-comm-permission
12-03 22:31:21.163: I/Gecko(435): [Parent 435] WARNING: No Document in SetRequestContext; can not query loadgroup; sending reports may fail.: file /home/fischer/Projects/gecko-dev/dom/security/nsCSPContext.cpp, line 603
12-03 22:31:21.163: I/Gecko(435): -*-*- Webapps.jsm : _readManifests of {c401fc3f-cd01-c449-b88e-1b4c19e2454f}
12-03 22:31:21.173: I/Gecko(435): [Parent 435] WARNING: No Document in SetRequestContext; can not query loadgroup; sending reports may fail.: file /home/fischer/Projects/gecko-dev/dom/security/nsCSPContext.cpp, line 603
12-03 22:31:21.833: I/Gecko(435): [Parent 435] WARNING: No Document in SetRequestContext; can not query loadgroup; sending reports may fail.: file /home/fischer/Projects/gecko-dev/dom/security/nsCSPContext.cpp, line 603
12-03 22:31:22.243: E/Default Home Screen(718): Content JS ERROR: Failed to retrieve icon [object DOMError]
12-03 22:31:22.243: E/Default Home Screen(718):     at proto.refresh/handleError (app://homescreen.gaiamobile.org/shared/elements/gaia-site-icon/script.js:559:11)
12-03 22:31:23.183: D/wpa_supplicant(686): RX ctrl_iface - hexdump(len=18): 44 52 49 56 45 52 20 53 43 41 4e 2d 41 43 54 49 56 45
12-03 22:31:23.183: D/wpa_supplicant(686): wlan0: Control interface command 'DRIVER SCAN-ACTIVE'
12-03 22:31:23.183: D/wpa_supplicant(686): wpa_driver_nl80211_driver_cmd  len = 0, 0
12-03 22:31:23.193: D/wpa_supplicant(686): RX ctrl_iface - hexdump(len=4): 53 43 41 4e
12-03 22:31:23.193: D/wpa_supplicant(686): wlan0: Control interface command 'SCAN'
12-03 22:31:23.193: D/wpa_supplicant(686): wlan0: Setting scan request: 0 sec 0 usec
12-03 22:31:23.193: D/wpa_supplicant(686): wlan0: State: INACTIVE -> SCANNING
12-03 22:31:23.193: D/wpa_supplicant(686): CTRL_IFACE monitor send - hexdump(len=39): 2f 64 61 74 61 2f 6d 69 73 63 2f 77 69 66 69 2f 73 6f 63 6b 65 74 73 2f 77 70 61 5f 63 74 72 6c ...
12-03 22:31:23.193: D/wpa_supplicant(686): wlan0: Starting AP scan for wildcard SSID
12-03 22:31:23.193: D/wpa_supplicant(686): wlan0: nl80211: scan request
12-03 22:31:23.213: I/Gecko(435): -*- WifiWorker component: Event coming in: CTRL-EVENT-STATE-CHANGE id=-1 state=3 BSSID=00:00:00:00:00:00 SSID=
12-03 22:31:23.213: I/Gecko(435): -*- WifiWorker component: State change: INACTIVE -> SCANNING
12-03 22:31:23.243: D/wpa_supplicant(686): Scan requested (ret=0) - scan timeout 30 seconds
12-03 22:31:23.243: D/wpa_supplicant(686): RX ctrl_iface - hexdump(len=19): 44 52 49 56 45 52 20 53 43 41 4e 2d 50 41 53 53 49 56 45
12-03 22:31:23.243: D/wpa_supplicant(686): wlan0: Control interface command 'DRIVER SCAN-PASSIVE'
12-03 22:31:23.243: D/wpa_supplicant(686): wpa_driver_nl80211_driver_cmd  len = 0, 0
12-03 22:31:23.243: D/wpa_supplicant(686): nl80211: Drv Event 33 (NL80211_CMD_TRIGGER_SCAN) received for wlan0
12-03 22:31:23.243: D/wpa_supplicant(686): wlan0: nl80211: Scan trigger
12-03 22:31:23.353: I/Gecko(435): --DOMWINDOW == 6 (0xab231000) [pid = 435] [serial = 7] [outer = 0xab22c800] [url = about:blank]
12-03 22:31:23.473: I/Gecko(754): ######################## extensions.js loaded
12-03 22:31:23.493: W/Built-in Keyboard(754): [JavaScript Warning: "Use of nsIFile in content process is deprecated." {file: "jar:file:///system/b2g/omni.ja!/components/DirectoryProvider.js" line: 81}]
12-03 22:31:23.533: I/Gecko(754): ++DOMWINDOW == 3 (0xaf76f400) [pid = 754] [serial = 3] [outer = 0xb0a98800]
12-03 22:31:23.873: I/Gecko(435): [Parent 435] WARNING: No Document in SetRequestContext; can not query loadgroup; sending reports may fail.: file /home/fischer/Projects/gecko-dev/dom/security/nsCSPContext.cpp, line 603
12-03 22:31:23.893: I/Gecko(435): [Parent 435] WARNING: No Document in SetRequestContext; can not query loadgroup; sending reports may fail.: file /home/fischer/Projects/gecko-dev/dom/security/nsCSPContext.cpp, line 603
12-03 22:31:23.903: I/Gecko(435): [Parent 435] WARNING: No Document in SetRequestContext; can not query loadgroup; sending reports may fail.: file /home/fischer/Projects/gecko-dev/dom/security/nsCSPContext.cpp, line 603
12-03 22:31:23.983: I/Gecko(435): [Parent 435] WARNING: No Document in SetRequestContext; can not query loadgroup; sending reports may fail.: file /home/fischer/Projects/gecko-dev/dom/security/nsCSPContext.cpp, line 603
12-03 22:31:23.983: I/AutoMounter(435): UpdateState: ums:A0C0E0 mtp:A1C0E0 mode:0 usb:1 tryToShare:0 state:IDLE
12-03 22:31:23.983: I/AutoMounter(435): UpdateState: Volume sdcard is Mounted and inserted @ /mnt/shell/emulated/0 gen 1 locked 0 sharing x
12-03 22:31:23.983: I/Gecko(435): [Parent 435] WARNING: No Document in SetRequestContext; can not query loadgroup; sending reports may fail.: file /home/fischer/Projects/gecko-dev/dom/security/nsCSPContext.cpp, line 603
12-03 22:31:23.983: I/Gecko(435): [Parent 435] WARNING: No Document in SetRequestContext; can not query loadgroup; sending reports may fail.: file /home/fischer/Projects/gecko-dev/dom/security/nsCSPContext.cpp, line 603
12-03 22:31:23.983: I/Gecko(435): [Parent 435] WARNING: No Document in SetRequestContext; can not query loadgroup; sending reports may fail.: file /home/fischer/Projects/gecko-dev/dom/security/nsCSPContext.cpp, line 603
12-03 22:31:23.983: I/Gecko(435): [Parent 435] WARNING: No Document in SetRequestContext; can not query loadgroup; sending reports may fail.: file /home/fischer/Projects/gecko-dev/dom/security/nsCSPContext.cpp, line 603
12-03 22:31:23.993: I/Gecko(435): [Parent 435] WARNING: No Document in SetRequestContext; can not query loadgroup; sending reports may fail.: file /home/fischer/Projects/gecko-dev/dom/security/nsCSPContext.cpp, line 603
12-03 22:31:23.993: I/Gecko(435): [Parent 435] WARNING: No Document in SetRequestContext; can not query loadgroup; sending reports may fail.: file /home/fischer/Projects/gecko-dev/dom/security/nsCSPContext.cpp, line 603
12-03 22:31:24.113: I/Gecko(435): [Parent 435] WARNING: No Document in SetRequestContext; can not query loadgroup; sending reports may fail.: file /home/fischer/Projects/gecko-dev/dom/security/nsCSPContext.cpp, line 603
12-03 22:31:24.403: D/wpa_supplicant(686): nl80211: Drv Event 34 (NL80211_CMD_NEW_SCAN_RESULTS) received for wlan0
12-03 22:31:24.403: D/wpa_supplicant(686): wlan0: nl80211: New scan results available
12-03 22:31:24.403: D/wpa_supplicant(686): wlan0: Event SCAN_RESULTS (3) received
12-03 22:31:24.403: D/wpa_supplicant(686): nl80211: Received scan results (67 BSSes)
12-03 22:31:24.403: D/wpa_supplicant(686): nl80211: Survey data missing
12-03 22:31:24.403: D/wpa_supplicant(686): wlan0: BSS: Start scan result update 2
12-03 22:31:24.403: D/wpa_supplicant(686): wlan0: BSS: Add new id 69 BSSID dc:38:e1:83:29:82 SSID ''
12-03 22:31:24.403: D/wpa_supplicant(686): CTRL_IFACE monitor send - hexdump(len=39): 2f 64 61 74 61 2f 6d 69 73 63 2f 77 69 66 69 2f 73 6f 63 6b 65 74 73 2f 77 70 61 5f 63 74 72 6c ...
12-03 22:31:24.403: D/wpa_supplicant(686): wlan0: BSS: Add new id 70 BSSID dc:38:e1:82:8a:01 SSID 'Mozilla'
12-03 22:31:24.403: D/wpa_supplicant(686): CTRL_IFACE monitor send - hexdump(len=39): 2f 64 61 74 61 2f 6d 69 73 63 2f 77 69 66 69 2f 73 6f 63 6b 65 74 73 2f 77 70 61 5f 63 74 72 6c ...
12-03 22:31:24.403: D/wpa_supplicant(686): wlan0: BSS: Add new id 71 BSSID dc:38:e1:82:8a:02 SSID ''
12-03 22:31:24.403: D/wpa_supplicant(686): CTRL_IFACE monitor send - hexdump(len=39): 2f 64 61 74 61 2f 6d 69 73 63 2f 77 69 66 69 2f 73 6f 63 6b 65 74 73 2f 77 70 61 5f 63 74 72 6c ...
12-03 22:31:24.403: D/wpa_supplicant(686): wlan0: BSS: Add new id 72 BSSID dc:38:e1:83:1b:48 SSID 'ateam'
12-03 22:31:24.403: D/wpa_supplicant(686): CTRL_IFACE monitor send - hexdump(len=39): 2f 64 61 74 61 2f 6d 69 73 63 2f 77 69 66 69 2f 73 6f 63 6b 65 74 73 2f 77 70 61 5f 63 74 72 6c ...
12-03 22:31:24.403: D/wpa_supplicant(686): wlan0: BSS: Add new id 73 BSSID dc:38:e1:83:1b:42 SSID ''
12-03 22:31:24.403: D/wpa_supplicant(686): CTRL_IFACE monitor send - hexdump(len=39): 2f 64 61 74 61 2f 6d 69 73 63 2f 77 69 66 69 2f 73 6f 63 6b 65 74 73 2f 77 70 61 5f 63 74 72 6c ...
12-03 22:31:24.403: D/wpa_supplicant(686): wlan0: BSS: Add new id 74 BSSID 3c:94:d5:78:77:01 SSID 'Mozilla'
12-03 22:31:24.403: D/wpa_supplicant(686): CTRL_IFACE monitor send - hexdump(len=39): 2f 64 61 74 61 2f 6d 69 73 63 2f 77 69 66 69 2f 73 6f 63 6b 65 74 73 2f 77 70 61 5f 63 74 72 6c ...
12-03 22:31:24.403: D/wpa_supplicant(686): wlan0: BSS: Add new id 75 BSSID 3c:94:d5:78:77:09 SSID 'ateam'
12-03 22:31:24.403: I/Gecko(435): -*- WifiWorker component: Event coming in: CTRL-EVENT-BSS-ADDED 69 dc:38:e1:83:29:82
12-03 22:31:24.403: D/wpa_supplicant(686): CTRL_IFACE monitor send - hexdump(len=39): 2f 64 61 74 61 2f 6d 69 73 63 2f 77 69 66 69 2f 73 6f 63 6b 65 74 73 2f 77 70 61 5f 63 74 72 6c ...
12-03 22:31:24.403: D/wpa_supplicant(686): wlan0: BSS: Add new id 76 BSSID 3c:94:d5:7b:b8:09 SSID 'ateam'
12-03 22:31:24.403: D/wpa_supplicant(686): CTRL_IFACE monitor send - hexdump(len=39): 2f 64 61 74 61 2f 6d 69 73 63 2f 77 69 66 69 2f 73 6f 63 6b 65 74 73 2f 77 70 61 5f 63 74 72 6c ...
12-03 22:31:24.403: D/wpa_supplicant(686): wlan0: BSS: Add new id 77 BSSID dc:38:e1:83:29:84 SSID 'openwireless.org'
12-03 22:31:24.403: D/wpa_supplicant(686): CTRL_IFACE monitor send - hexdump(len=39): 2f 64 61 74 61 2f 6d 69 73 63 2f 77 69 66 69 2f 73 6f 63 6b 65 74 73 2f 77 70 61 5f 63 74 72 6c ...
12-03 22:31:24.403: D/wpa_supplicant(686): wlan0: BSS: Add new id 78 BSSID dc:38:e1:83:29:86 SSID 'Mozilla Guest'
12-03 22:31:24.403: D/wpa_supplicant(686): CTRL_IFACE monitor send - hexdump(len=39): 2f 64 61 74 61 2f 6d 69 73 63 2f 77 69 66 69 2f 73 6f 63 6b 65 74 73 2f 77 70 61 5f 63 74 72 6c ...
12-03 22:31:24.403: D/wpa_supplicant(686): wlan0: BSS: Add new id 79 BSSID dc:38:e1:83:1b:46 SSID 'Mozilla Guest'
12-03 22:31:24.403: D/wpa_supplicant(686): CTRL_IFACE monitor send - hexdump(len=39): 2f 64 61 74 61 2f 6d 69 73 63 2f 77 69 66 69 2f 73 6f 63 6b 65 74 73 2f 77 70 61 5f 63 74 72 6c ...
12-03 22:31:24.403: D/wpa_supplicant(686): wlan0: BSS: Add new id 80 BSSID 3c:94:d5:78:77:05 SSID 'openwireless.org'
12-03 22:31:24.403: D/wpa_supplicant(686): CTRL_IFACE monitor send - hexdump(len=39): 2f 64 61 74 61 2f 6d 69 73 63 2f 77 69 66 69 2f 73 6f 63 6b 65 74 73 2f 77 70 61 5f 63 74 72 6c ...
12-03 22:31:24.403: D/wpa_supplicant(686): wlan0: BSS: Add new id 81 BSSID 3c:94:d5:7b:b8:05 SSID 'openwireless.org'
12-03 22:31:24.403: D/wpa_supplicant(686): CTRL_IFACE monitor send - hexdump(len=39): 2f 64 61 74 61 2f 6d 69 73 63 2f 77 69 66 69 2f 73 6f 63 6b 65 74 73 2f 77 70 61 5f 63 74 72 6c ...
12-03 22:31:24.403: D/wpa_supplicant(686): wlan0: BSS: Add new id 82 BSSID 3c:94:d5:7b:b8:07 SSID 'Mozilla Guest'
12-03 22:31:24.403: D/wpa_supplicant(686): CTRL_IFACE monitor send - hexdump(len=39): 2f 64 61 74 61 2f 6d 69 73 63 2f 77 69 66 69 2f 73 6f 63 6b 65 74 73 2f 77 70 61 5f 63 74 72 6c ...
12-03 22:31:24.403: D/wpa_supplicant(686): wlan0: BSS: Add new id 83 BSSID 3c:94:d5:78:77:07 SSID 'Mozilla Guest'
12-03 22:31:24.403: D/wpa_supplicant(686): CTRL_IFACE monitor send - hexdump(len=39): 2f 64 61 74 61 2f 6d 69 73 63 2f 77 69 66 69 2f 73 6f 63 6b 65 74 73 2f 77 70 61 5f 63 74 72 6c ...
12-03 22:31:24.403: D/wpa_supplicant(686): BSS: last_scan_res_used=67/128 last_scan_full=0
12-03 22:31:24.403: D/wpa_supplicant(686): wlan0: New scan results available
12-03 22:31:24.403: D/wpa_supplicant(686): CTRL_IFACE monitor send - hexdump(len=39): 2f 64 61 74 61 2f 6d 69 73 63 2f 77 69 66 69 2f 73 6f 63 6b 65 74 73 2f 77 70 61 5f 63 74 72 6c ...
12-03 22:31:24.403: I/Gecko(435): -*- WifiWorker component: Event coming in: CTRL-EVENT-BSS-ADDED 70 dc:38:e1:82:8a:01
12-03 22:31:24.403: D/wpa_supplicant(686): CTRL_IFACE monitor send - hexdump(len=39): 2f 64 61 74 61 2f 6d 69 73 63 2f 77 69 66 69 2f 73 6f 63 6b 65 74 73 2f 77 70 61 5f 63 74 72 6c ...
12-03 22:31:24.403: D/wpa_supplicant(686): WPS: AP[0] 3c:1e:04:0a:2f:0e type=0 tries=0 last_attempt=-1 sec ago blacklist=0
12-03 22:31:24.403: D/wpa_supplicant(686): WPS: AP[1] 1c:b7:2c:86:fa:a0 type=0 tries=0 last_attempt=-1 sec ago blacklist=0
12-03 22:31:24.403: D/wpa_supplicant(686): wlan0: No suitable network found
12-03 22:31:24.403: D/wpa_supplicant(686): wlan0: Short-circuit new scan request since there are no enabled networks
12-03 22:31:24.403: D/wpa_supplicant(686): wlan0: State: SCANNING -> INACTIVE
12-03 22:31:24.403: D/wpa_supplicant(686): CTRL_IFACE monitor send - hexdump(len=39): 2f 64 61 74 61 2f 6d 69 73 63 2f 77 69 66 69 2f 73 6f 63 6b 65 74 73 2f 77 70 61 5f 63 74 72 6c ...
12-03 22:31:24.403: D/wpa_supplicant(686): wlan0: Checking for other virtual interfaces sharing same radio (phy0) in event_scan_results
12-03 22:31:24.403: D/wpa_supplicant(686): wlan0: P2P: Station mode scan operation not pending anymore (sta_scan_pending=0 p2p_cb_on_scan_complete=0)
12-03 22:31:24.403: D/wpa_supplicant(686): RTM_NEWLINK: operstate=0 ifi_flags=0x11003 ([UP][LOWER_UP])
12-03 22:31:24.403: D/wpa_supplicant(686): RTM_NEWLINK, IFLA_IFNAME: Interface 'wlan0' added
12-03 22:31:24.403: D/wpa_supplicant(686): nl80211: if_removed already cleared - ignore event
12-03 22:31:24.403: I/Gecko(435): -*- WifiWorker component: Event coming in: CTRL-EVENT-BSS-ADDED 71 dc:38:e1:82:8a:02
12-03 22:31:24.413: I/Gecko(435): -*- WifiWorker component: Event coming in: CTRL-EVENT-BSS-ADDED 72 dc:38:e1:83:1b:48
12-03 22:31:24.413: I/Gecko(435): -*- WifiWorker component: Event coming in: CTRL-EVENT-BSS-ADDED 73 dc:38:e1:83:1b:42
12-03 22:31:24.413: I/Gecko(435): [Parent 435] WARNING: No Document in SetRequestContext; can not query loadgroup; sending reports may fail.: file /home/fischer/Projects/gecko-dev/dom/security/nsCSPContext.cpp, line 603
12-03 22:31:24.413: I/Gecko(435): -*- WifiWorker component: Event coming in: CTRL-EVENT-BSS-ADDED 74 3c:94:d5:78:77:01
12-03 22:31:24.423: I/Gecko(435): -*- WifiWorker component: Event coming in: CTRL-EVENT-BSS-ADDED 75 3c:94:d5:78:77:09
12-03 22:31:24.423: I/Gecko(435): -*- WifiWorker component: Event coming in: CTRL-EVENT-BSS-ADDED 76 3c:94:d5:7b:b8:09
12-03 22:31:24.423: I/Gecko(435): -*- WifiWorker component: Event coming in: CTRL-EVENT-BSS-ADDED 77 dc:38:e1:83:29:84
12-03 22:31:24.423: I/Gecko(435): -*- WifiWorker component: Event coming in: CTRL-EVENT-BSS-ADDED 78 dc:38:e1:83:29:86
12-03 22:31:24.423: I/Gecko(435): -*- WifiWorker component: Event coming in: CTRL-EVENT-BSS-ADDED 79 dc:38:e1:83:1b:46
12-03 22:31:24.423: I/Gecko(435): -*- WifiWorker component: Event coming in: CTRL-EVENT-BSS-ADDED 80 3c:94:d5:78:77:05
12-03 22:31:24.423: I/Gecko(435): -*- WifiWorker component: Event coming in: CTRL-EVENT-BSS-ADDED 81 3c:94:d5:7b:b8:05
12-03 22:31:24.423: I/Gecko(435): -*- WifiWorker component: Event coming in: CTRL-EVENT-BSS-ADDED 82 3c:94:d5:7b:b8:07
12-03 22:31:24.433: I/Gecko(435): -*- WifiWorker component: Event coming in: CTRL-EVENT-BSS-ADDED 83 3c:94:d5:78:77:07
12-03 22:31:24.433: I/Gecko(435): -*- WifiWorker component: Event coming in: CTRL-EVENT-SCAN-RESULTS
12-03 22:31:24.433: I/Gecko(435): -*- WifiWorker component: Notifying of scan results available
12-03 22:31:24.433: I/Gecko(435): -*- WifiWorker component: Scan results are available! Asking for them.
12-03 22:31:24.433: D/wpa_supplicant(686): RX ctrl_iface - hexdump(len=12): 53 43 41 4e 5f 52 45 53 55 4c 54 53
12-03 22:31:24.433: D/wpa_supplicant(686): wlan0: Control interface command 'SCAN_RESULTS'
12-03 22:31:24.433: I/Gecko(435): -*- WifiWorker component: Event coming in: WPS-AP-AVAILABLE
12-03 22:31:24.433: I/Gecko(435): -*- WifiWorker component: Event coming in: CTRL-EVENT-STATE-CHANGE id=-1 state=2 BSSID=00:00:00:00:00:00 SSID=
12-03 22:31:24.433: I/Gecko(435): -*- WifiWorker component: State change: SCANNING -> INACTIVE
12-03 22:31:24.433: D/wpa_supplicant(686): RX ctrl_iface - hexdump(len=19): 44 52 49 56 45 52 20 53 43 41 4e 2d 50 41 53 53 49 56 45
12-03 22:31:24.433: D/wpa_supplicant(686): wlan0: Control interface command 'DRIVER SCAN-PASSIVE'
12-03 22:31:24.433: D/wpa_supplicant(686): wpa_driver_nl80211_driver_cmd  len = 0, 0
12-03 22:31:24.463: I/Gecko(435): [Parent 435] WARNING: No Document in SetRequestContext; can not query loadgroup; sending reports may fail.: file /home/fischer/Projects/gecko-dev/dom/security/nsCSPContext.cpp, line 603
12-03 22:31:24.463: I/Gecko(435): [Parent 435] WARNING: No Document in SetRequestContext; can not query loadgroup; sending reports may fail.: file /home/fischer/Projects/gecko-dev/dom/security/nsCSPContext.cpp, line 603
12-03 22:31:24.463: I/Gecko(435): [Parent 435] WARNING: No Document in SetRequestContext; can not query loadgroup; sending reports may fail.: file /home/fischer/Projects/gecko-dev/dom/security/nsCSPContext.cpp, line 603
12-03 22:31:24.463: I/Gecko(435): [Parent 435] WARNING: No Document in SetRequestContext; can not query loadgroup; sending reports may fail.: file /home/fischer/Projects/gecko-dev/dom/security/nsCSPContext.cpp, line 603
12-03 22:31:24.643: I/Gecko(435): [Parent 435] WARNING: No Document in SetRequestContext; can not query loadgroup; sending reports may fail.: file /home/fischer/Projects/gecko-dev/dom/security/nsCSPContext.cpp, line 603
12-03 22:31:24.643: I/Gecko(435): [Parent 435] WARNING: No Document in SetRequestContext; can not query loadgroup; sending reports may fail.: file /home/fischer/Projects/gecko-dev/dom/security/nsCSPContext.cpp, line 603
12-03 22:31:24.643: I/Gecko(435): [Parent 435] WARNING: No Document in SetRequestContext; can not query loadgroup; sending reports may fail.: file /home/fischer/Projects/gecko-dev/dom/security/nsCSPContext.cpp, line 603
12-03 22:31:24.653: D/Default Home Screen(718): Content JS DEBUG: Bug 1211266: getIcon retry 1 for app://communications.gaiamobile.org/manifest.webapp/dialer
12-03 22:31:24.653: D/Default Home Screen(718):     at proto.refresh/getImage/</this._iconFetchTimeout< (app://homescreen.gaiamobile.org/shared/elements/gaia-site-icon/script.js:580:1)
12-03 22:31:24.653: D/Default Home Screen(718): Content JS DEBUG: Bug 1211266: getIcon retry 1 for app://sms.gaiamobile.org/manifest.webapp
12-03 22:31:24.653: D/Default Home Screen(718):     at proto.refresh/getImage/</this._iconFetchTimeout< (app://homescreen.gaiamobile.org/shared/elements/gaia-site-icon/script.js:580:1)
12-03 22:31:24.663: D/Default Home Screen(718): Content JS DEBUG: Bug 1211266: getIcon retry 1 for app://communications.gaiamobile.org/manifest.webapp/contacts
12-03 22:31:24.663: D/Default Home Screen(718):     at proto.refresh/getImage/</this._iconFetchTimeout< (app://homescreen.gaiamobile.org/shared/elements/gaia-site-icon/script.js:580:1)
12-03 22:31:24.663: D/Default Home Screen(718): Content JS DEBUG: Bug 1211266: getIcon retry 1 for app://email.gaiamobile.org/manifest.webapp
12-03 22:31:24.663: D/Default Home Screen(718):     at proto.refresh/getImage/</this._iconFetchTimeout< (app://homescreen.gaiamobile.org/shared/elements/gaia-site-icon/script.js:580:1)
12-03 22:31:24.673: D/Default Home Screen(718): Content JS DEBUG: Bug 1211266: getIcon retry 1 for app://search.gaiamobile.org/manifest.webapp
12-03 22:31:24.673: D/Default Home Screen(718):     at proto.refresh/getImage/</this._iconFetchTimeout< (app://homescreen.gaiamobile.org/shared/elements/gaia-site-icon/script.js:580:1)
12-03 22:31:24.673: D/Default Home Screen(718): Content JS DEBUG: Bug 1211266: getIcon retry 1 for app://camera.gaiamobile.org/manifest.webapp
12-03 22:31:24.673: D/Default Home Screen(718):     at proto.refresh/getImage/</this._iconFetchTimeout< (app://homescreen.gaiamobile.org/shared/elements/gaia-site-icon/script.js:580:1)
12-03 22:31:24.673: D/Default Home Screen(718): Content JS DEBUG: Bug 1211266: getIcon retry 1 for app://gallery.gaiamobile.org/manifest.webapp
12-03 22:31:24.673: D/Default Home Screen(718):     at proto.refresh/getImage/</this._iconFetchTimeout< (app://homescreen.gaiamobile.org/shared/elements/gaia-site-icon/script.js:580:1)
12-03 22:31:24.683: D/Default Home Screen(718): Content JS DEBUG: Bug 1211266: getIcon retry 1 for app://music.gaiamobile.org/manifest.webapp
12-03 22:31:24.683: D/Default Home Screen(718):     at proto.refresh/getImage/</this._iconFetchTimeout< (app://homescreen.gaiamobile.org/shared/elements/gaia-site-icon/script.js:580:1)
12-03 22:31:24.683: D/Default Home Screen(718): Content JS DEBUG: Bug 1211266: getIcon retry 1 for app://video.gaiamobile.org/manifest.webapp
12-03 22:31:24.683: D/Default Home Screen(718):     at proto.refresh/getImage/</this._iconFetchTimeout< (app://homescreen.gaiamobile.org/shared/elements/gaia-site-icon/script.js:580:1)
12-03 22:31:24.693: D/Default Home Screen(718): Content JS DEBUG: Bug 1211266: getIcon retry 1 for https://marketplace.firefox.com/packaged.webapp
12-03 22:31:24.693: D/Default Home Screen(718):     at proto.refresh/getImage/</this._iconFetchTimeout< (app://homescreen.gaiamobile.org/shared/elements/gaia-site-icon/script.js:580:1)
12-03 22:31:24.703: D/Default Home Screen(718): Content JS DEBUG: Bug 1211266: getIcon retry 1 for app://calendar.gaiamobile.org/manifest.webapp
12-03 22:31:24.703: D/Default Home Screen(718):     at proto.refresh/getImage/</this._iconFetchTimeout< (app://homescreen.gaiamobile.org/shared/elements/gaia-site-icon/script.js:580:1)
12-03 22:31:24.723: I/Gecko(435): -*-*- Webapps.jsm : _readManifests of communications.gaiamobile.org
12-03 22:31:24.783: I/Gecko(435): -*-*- Webapps.jsm : _readManifests of sms.gaiamobile.org
12-03 22:31:24.813: I/Gecko(435): -*-*- Webapps.jsm : _readManifests of communications.gaiamobile.org
12-03 22:31:24.823: I/Gecko(435): -*-*- Webapps.jsm : _readManifests of email.gaiamobile.org
12-03 22:31:24.833: I/Gecko(435): -*-*- Webapps.jsm : _readManifests of search.gaiamobile.org
12-03 22:31:24.843: I/Gecko(435): -*-*- Webapps.jsm : _readManifests of camera.gaiamobile.org
12-03 22:31:24.853: I/Gecko(435): -*-*- Webapps.jsm : _readManifests of gallery.gaiamobile.org
12-03 22:31:24.863: I/Gecko(435): -*-*- Webapps.jsm : _readManifests of music.gaiamobile.org
12-03 22:31:24.873: I/Gecko(435): -*-*- Webapps.jsm : _readManifests of video.gaiamobile.org
12-03 22:31:24.883: I/Gecko(435): -*-*- Webapps.jsm : _readManifests of marketplace.firefox.com
12-03 22:31:24.893: I/Gecko(435): -*-*- Webapps.jsm : _readManifests of calendar.gaiamobile.org
12-03 22:31:24.913: I/Gecko(435): -*-*- Webapps.jsm : _readManifests of ringtones.gaiamobile.org
12-03 22:31:24.923: I/Gecko(435): -*-*- Webapps.jsm : _readManifests of ringtones.gaiamobile.org
12-03 22:31:24.933: I/Gecko(435): -*-*- Webapps.jsm : _readManifests of in_app_pay_test.gaiamobile.org
12-03 22:31:24.943: I/Gecko(435): -*-*- Webapps.jsm : _readManifests of in_app_pay_test.gaiamobile.org
12-03 22:31:24.953: I/Gecko(435): -*-*- Webapps.jsm : _readManifests of membuster.gaiamobile.org
12-03 22:31:24.963: I/Gecko(435): -*-*- Webapps.jsm : _readManifests of membuster.gaiamobile.org
12-03 22:31:24.963: D/Default Home Screen(718): Content JS DEBUG: Bug 1211266: getIcon retry 1 for app://clock.gaiamobile.org/manifest.webapp
12-03 22:31:24.963: D/Default Home Screen(718):     at proto.refresh/getImage/</this._iconFetchTimeout< (app://homescreen.gaiamobile.org/shared/elements/gaia-site-icon/script.js:580:1)
12-03 22:31:24.973: D/Default Home Screen(718): Content JS DEBUG: Bug 1211266: getIcon retry 1 for app://settings.gaiamobile.org/manifest.webapp
12-03 22:31:24.973: D/Default Home Screen(718):     at proto.refresh/getImage/</this._iconFetchTimeout< (app://homescreen.gaiamobile.org/shared/elements/gaia-site-icon/script.js:580:1)
12-03 22:31:24.973: I/Gecko(435): -*-*- Webapps.jsm : _readManifests of test-agent.gaiamobile.org
12-03 22:31:24.983: I/Gecko(435): -*-*- Webapps.jsm : _readManifests of test-agent.gaiamobile.org
12-03 22:31:24.993: I/Gecko(435): -*-*- Webapps.jsm : _readManifests of test-otasp.gaiamobile.org
12-03 22:31:25.003: I/Gecko(435): -*-*- Webapps.jsm : _readManifests of test-otasp.gaiamobile.org
12-03 22:31:25.023: I/Gecko(435): -*-*- Webapps.jsm : _readManifests of test-receiver-inline.gaiamobile.org
12-03 22:31:25.033: I/Gecko(435): -*-*- Webapps.jsm : _readManifests of test-receiver-inline.gaiamobile.org
12-03 22:31:25.043: I/Gecko(435): -*-*- Webapps.jsm : _readManifests of test-wappush.gaiamobile.org
12-03 22:31:25.053: I/Gecko(435): -*-*- Webapps.jsm : _readManifests of test-wappush.gaiamobile.org
12-03 22:31:25.063: D/skia(718): Running dynamic CPU feature detection
12-03 22:31:25.063: D/skia(718): START /proc/cpuinfo:
12-03 22:31:25.063: D/skia(718): Processor  : ARMv7 Processor rev 0 (v7l)
12-03 22:31:25.063: D/skia(718): processor  : 0
12-03 22:31:25.063: D/skia(718): BogoMIPS : 38.40
12-03 22:31:25.063: D/skia(718): processor  : 1
12-03 22:31:25.063: D/skia(718): BogoMIPS : 38.40
12-03 22:31:25.063: D/skia(718): processor  : 2
12-03 22:31:25.063: D/skia(718): BogoMIPS : 38.40
12-03 22:31:25.063: D/skia(718): processor  : 3
12-03 22:31:25.063: D/skia(718): BogoMIPS : 38.40
12-03 22:31:25.063: D/skia(718): Features : swp half thumb fastmult vfp edsp neon vfpv3 tls vfpv4 idiva idivt
12-03 22:31:25.063: D/skia(718): CPU implementer  : 0x51
12-03 22:31:25.063: D/skia(718): CPU architecture: 7
12-03 22:31:25.063: D/skia(718): CPU variant  : 0x2
12-03 22:31:25.063: D/skia(718): CPU part : 0x06f
12-03 22:31:25.063: D/skia(718): CPU revision : 0
12-03 22:31:25.063: D/skia(718): Hardware : Qualcomm MSM 8974 HAMMERHEAD (Flattened Device Tree)
12-03 22:31:25.063: D/skia(718): Revision : 000b
12-03 22:31:25.063: D/skia(718): Serial   : 0000000000000000
12-03 22:31:25.063: D/skia(718): END /proc/cpuinfo
12-03 22:31:25.063: D/skia(718): Device supports ARM NEON instructions!
12-03 22:31:25.073: I/Gecko(435): -*-*- Webapps.jsm : _readManifests of uitest-privileged.gaiamobile.org
12-03 22:31:25.083: I/Gecko(435): -*-*- Webapps.jsm : _readManifests of uitest-privileged.gaiamobile.org
12-03 22:31:25.103: I/Gecko(435): -*-*- Webapps.jsm : _readManifests of contacts-ds-provider1.gaiamobile.org
12-03 22:31:25.113: I/Gecko(435): -*-*- Webapps.jsm : _readManifests of contacts-ds-provider1.gaiamobile.org
12-03 22:31:25.123: I/Gecko(435): -*-*- Webapps.jsm : _readManifests of mobile-wallet.gaiamobile.org
12-03 22:31:25.133: I/Gecko(435): -*-*- Webapps.jsm : _readManifests of mobile-wallet.gaiamobile.org
12-03 22:31:25.143: I/Gecko(435): -*-*- Webapps.jsm : _readManifests of nfc-api-test.gaiamobile.org
12-03 22:31:25.153: I/Gecko(435): -*-*- Webapps.jsm : _readManifests of nfc-api-test.gaiamobile.org
12-03 22:31:25.173: I/Gecko(435): -*-*- Webapps.jsm : _readManifests of music-oga.gaiamobile.org
12-03 22:31:25.183: I/Gecko(435): -*-*- Webapps.jsm : _readManifests of music-oga.gaiamobile.org
12-03 22:31:25.193: I/Gecko(435): -*-*- Webapps.jsm : _readManifests of {c401fc3f-cd01-c449-b88e-1b4c19e2454f}
12-03 22:31:25.203: I/Gecko(435): -*-*- Webapps.jsm : _readManifests of {c401fc3f-cd01-c449-b88e-1b4c19e2454f}
12-03 22:31:25.213: I/Gecko(435): -*-*- Webapps.jsm : _readManifests of clock.gaiamobile.org
12-03 22:31:25.223: I/Gecko(435): -*-*- Webapps.jsm : _readManifests of settings.gaiamobile.org
12-03 22:31:25.233: I/Gecko(435): -*-*- Webapps.jsm : _readManifests of ringtones.gaiamobile.org
12-03 22:31:25.243: I/Gecko(435): -*-*- Webapps.jsm : _readManifests of in_app_pay_test.gaiamobile.org
12-03 22:31:25.253: I/Gecko(435): -*-*- Webapps.jsm : _readManifests of membuster.gaiamobile.org
12-03 22:31:25.293: I/Gecko(435): [Parent 435] WARNING: No Document in SetRequestContext; can not query loadgroup; sending reports may fail.: file /home/fischer/Projects/gecko-dev/dom/security/nsCSPContext.cpp, line 603
12-03 22:31:25.303: I/Gecko(435): [Parent 435] WARNING: No Document in SetRequestContext; can not query loadgroup; sending reports may fail.: file /home/fischer/Projects/gecko-dev/dom/security/nsCSPContext.cpp, line 603
12-03 22:31:25.333: I/Gecko(435): [Parent 435] WARNING: No Document in SetRequestContext; can not query loadgroup; sending reports may fail.: file /home/fischer/Projects/gecko-dev/dom/security/nsCSPContext.cpp, line 603
12-03 22:31:25.343: I/Gecko(435): [Parent 435] WARNING: No Document in SetRequestContext; can not query loadgroup; sending reports may fail.: file /home/fischer/Projects/gecko-dev/dom/security/nsCSPContext.cpp, line 603
12-03 22:31:25.363: I/Gecko(435): [Parent 435] WARNING: No Document in SetRequestContext; can not query loadgroup; sending reports may fail.: file /home/fischer/Projects/gecko-dev/dom/security/nsCSPContext.cpp, line 603
12-03 22:31:25.363: I/Gecko(435): [Parent 435] WARNING: No Document in SetRequestContext; can not query loadgroup; sending reports may fail.: file /home/fischer/Projects/gecko-dev/dom/security/nsCSPContext.cpp, line 603
12-03 22:31:25.373: I/Gecko(435): [Parent 435] WARNING: No Document in SetRequestContext; can not query loadgroup; sending reports may fail.: file /home/fischer/Projects/gecko-dev/dom/security/nsCSPContext.cpp, line 603
12-03 22:31:25.413: I/Gecko(435): -*-*- Webapps.jsm : _readManifests of test-agent.gaiamobile.org
12-03 22:31:25.433: D/wpa_supplicant(686): RX ctrl_iface - hexdump(len=18): 44 52 49 56 45 52 20 53 43 41 4e 2d 41 43 54 49 56 45
12-03 22:31:25.433: D/wpa_supplicant(686): wlan0: Control interface command 'DRIVER SCAN-ACTIVE'
12-03 22:31:25.433: D/wpa_supplicant(686): wpa_driver_nl80211_driver_cmd  len = 0, 0
12-03 22:31:25.433: D/wpa_supplicant(686): RX ctrl_iface - hexdump(len=4): 53 43 41 4e
12-03 22:31:25.433: D/wpa_supplicant(686): wlan0: Control interface command 'SCAN'
12-03 22:31:25.433: D/wpa_supplicant(686): wlan0: Setting scan request: 0 sec 0 usec
12-03 22:31:25.433: D/wpa_supplicant(686): wlan0: State: INACTIVE -> SCANNING
12-03 22:31:25.433: D/wpa_supplicant(686): CTRL_IFACE monitor send - hexdump(len=39): 2f 64 61 74 61 2f 6d 69 73 63 2f 77 69 66 69 2f 73 6f 63 6b 65 74 73 2f 77 70 61 5f 63 74 72 6c ...
12-03 22:31:25.433: D/wpa_supplicant(686): wlan0: Starting AP scan for wildcard SSID
12-03 22:31:25.433: D/wpa_supplicant(686): wlan0: nl80211: scan request
12-03 22:31:25.433: I/Gecko(435): -*- WifiWorker component: Event coming in: CTRL-EVENT-STATE-CHANGE id=-1 state=3 BSSID=00:00:00:00:00:00 SSID=
12-03 22:31:25.433: I/Gecko(435): -*- WifiWorker component: State change: INACTIVE -> SCANNING
12-03 22:31:25.483: D/wpa_supplicant(686): Scan requested (ret=0) - scan timeout 30 seconds
12-03 22:31:25.483: D/wpa_supplicant(686): RX ctrl_iface - hexdump(len=19): 44 52 49 56 45 52 20 53 43 41 4e 2d 50 41 53 53 49 56 45
12-03 22:31:25.483: D/wpa_supplicant(686): wlan0: Control interface command 'DRIVER SCAN-PASSIVE'
12-03 22:31:25.483: D/wpa_supplicant(686): wpa_driver_nl80211_driver_cmd  len = 0, 0
12-03 22:31:25.483: D/wpa_supplicant(686): nl80211: Drv Event 33 (NL80211_CMD_TRIGGER_SCAN) received for wlan0
12-03 22:31:25.483: D/wpa_supplicant(686): wlan0: nl80211: Scan trigger
12-03 22:31:25.493: I/Gecko(435): [Parent 435] WARNING: No Document in SetRequestContext; can not query loadgroup; sending reports may fail.: file /home/fischer/Projects/gecko-dev/dom/security/nsCSPContext.cpp, line 603
12-03 22:31:25.503: I/Gecko(435): [Parent 435] WARNING: No Document in SetRequestContext; can not query loadgroup; sending reports may fail.: file /home/fischer/Projects/gecko-dev/dom/security/nsCSPContext.cpp, line 603
12-03 22:31:25.513: I/Gecko(435): [Parent 435] WARNING: No Document in SetRequestContext; can not query loadgroup; sending reports may fail.: file /home/fischer/Projects/gecko-dev/dom/security/nsCSPContext.cpp, line 603
