12-03 02:02:09.366: I/Gecko(13183): -*-*- OfflineCacheInstaller.jsm : cacheDir.path =/system/b2g/webapps/addon3.gaiamobile.org/cache
12-03 02:02:09.376: I/Gecko(13183): -*-*- OfflineCacheInstaller.jsm : cacheDir.exists() === false
12-03 02:02:09.376: I/Gecko(13183): -*-*- Webapps.jsm : fullAppcachePath = app://addon3.gaiamobile.org/
12-03 02:02:09.376: I/Gecko(13183): -*-*- Webapps.jsm : app.localId = 1076
12-03 02:02:09.376: I/Gecko(13183): -*-*- Webapps.jsm : app.cachePath = undefined
12-03 02:02:09.376: I/Gecko(13183): -*-*- Webapps.jsm : app.basePath = /system/b2g/webapps
12-03 02:02:09.376: I/Gecko(13183): -*-*- Webapps.jsm : Find fallback manifestCache on fileName
12-03 02:02:09.646: I/Gecko(13183): -*-*- Webapps.jsm : Find fallback manifestCache on fileName
12-03 02:02:09.646: I/Gecko(13183): -*-*- Webapps.jsm : _readManifests
12-03 02:02:09.646: I/Gecko(13183): -*-*- OfflineCacheInstaller.jsm : installCache
12-03 02:02:09.656: I/Gecko(13183): -*-*- OfflineCacheInstaller.jsm : cacheDir =[xpconnect wrapped nsIFile @ 0xaa4c4100 (native @ 0xab629230)]
12-03 02:02:09.656: I/Gecko(13183): -*-*- OfflineCacheInstaller.jsm : cacheDir.path =/system/b2g/webapps/{cdfe3c28-da45-5449-b5ce-df0ca27292bb}
12-03 02:02:09.656: I/Gecko(13183): -*-*- OfflineCacheInstaller.jsm : resourcesMetadata =[xpconnect wrapped nsIFile @ 0xaa4c42b0 (native @ 0xab6292c0)]
12-03 02:02:09.656: I/Gecko(13183): -*-*- OfflineCacheInstaller.jsm : resourcesMetadata.path =/system/b2g/webapps/{cdfe3c28-da45-5449-b5ce-df0ca27292bb}/resources_metadata.json
12-03 02:02:09.656: I/Gecko(13183): -*-*- OfflineCacheInstaller.jsm : cacheDir =[xpconnect wrapped nsIFile @ 0xaa4c4100 (native @ 0xab629230)]
12-03 02:02:09.656: I/Gecko(13183): -*-*- OfflineCacheInstaller.jsm : cacheDir.path =/system/b2g/webapps/{cdfe3c28-da45-5449-b5ce-df0ca27292bb}/cache
12-03 02:02:09.656: I/Gecko(13183): -*-*- OfflineCacheInstaller.jsm : cacheManifest =[xpconnect wrapped nsIFile @ 0xaa4c4340 (native @ 0xab6293e0)]
12-03 02:02:09.656: I/Gecko(13183): -*-*- OfflineCacheInstaller.jsm : cacheManifest.path =/system/b2g/webapps/{cdfe3c28-da45-5449-b5ce-df0ca27292bb}/cache/manifest.appcache
12-03 02:02:09.656: I/Gecko(13183): *************************
12-03 02:02:09.656: I/Gecko(13183): A coding exception was thrown in a Promise resolution callback.
12-03 02:02:09.656: I/Gecko(13183): See https://developer.mozilla.org/Mozilla/JavaScript_code_modules/Promise.jsm/Promise
12-03 02:02:09.656: I/Gecko(13183): Full message: ReferenceError: aApp is not defined
12-03 02:02:09.656: I/Gecko(13183): Full stack: installCache@resource://gre/modules/OfflineCacheInstaller.jsm:299:73
12-03 02:02:09.656: I/Gecko(13183): this.DOMApplicationRegistry.updateOfflineCacheForApp/<@resource://gre/modules/Webapps.jsm:562:1
12-03 02:02:09.656: I/Gecko(13183): Handler.prototype.process@resource://gre/modules/Promise.jsm -> resource://gre/modules/Promise-backend.js:934:23
12-03 02:02:09.656: I/Gecko(13183): this.PromiseWalker.walkerLoop@resource://gre/modules/Promise.jsm -> resource://gre/modules/Promise-backend.js:813:7
12-03 02:02:09.656: I/Gecko(13183): this.PromiseWalker.scheduleWalkerLoop/<@resource://gre/modules/Promise.jsm -> resource://gre/modules/Promise-backend.js:747:1
12-03 02:02:09.656: I/Gecko(13183): *************************
12-03 02:02:09.666: I/Gecko(13183): -*-*- Webapps.jsm : Find fallback manifestCache on fileName
12-03 02:02:09.986: I/(Nuwa)(13200): Failed to load native module at path '/system/b2g/components/libtest656331.so': (80004005) dlopen failed: library "/system/b2g/components/libtest656331.so" not found
12-03 02:02:09.986: I/(Nuwa)(13200): Failed to load native module at path '/system/b2g/components/libtestcompnoaslr.so': (80004005) dlopen failed: library "/system/b2g/components/libtestcompnoaslr.so" not found
12-03 02:02:09.986: I/(Nuwa)(13200): Failed to load native module at path '/system/b2g/components/libtestcomponent.so': (80004005) dlopen failed: library "/system/b2g/components/libtestcomponent.so" not found
12-03 02:02:10.566: I/Gecko(13183): -*-*- Webapps.jsm : _readManifests of bluetooth.gaiamobile.org
12-03 02:02:10.576: I/Gecko(13183): -*-*- Webapps.jsm : _readManifests of bookmark.gaiamobile.org
12-03 02:02:10.596: I/Gecko(13183): [Parent 13183] WARNING: NextRequestSerialNumber doesn't match!: 'aLoggingInfo.nextRequestSerialNumber() == loggingInfo->mLoggingInfo.nextRequestSerialNumber()', file ../../../../gecko-dev/dom/indexedDB/ActorsParent.cpp, line 12724
12-03 02:02:10.606: I/Gecko(13183): -*-*- Webapps.jsm : _readManifests of calendar.gaiamobile.org
12-03 02:02:10.616: I/Gecko(13183): -*-*- Webapps.jsm : _readManifests of callscreen.gaiamobile.org
12-03 02:02:10.636: I/Gecko(13183): -*-*- Webapps.jsm : _readManifests of camera.gaiamobile.org
12-03 02:02:10.646: I/Gecko(13183): -*-*- Webapps.jsm : _readManifests of clock.gaiamobile.org
12-03 02:02:10.656: I/Gecko(13183): -*-*- Webapps.jsm : _readManifests of communications.gaiamobile.org
12-03 02:02:10.676: I/Gecko(13183): -*-*- Webapps.jsm : _readManifests of costcontrol.gaiamobile.org
12-03 02:02:10.686: I/Gecko(13183): -*-*- Webapps.jsm : _readManifests of default_theme.gaiamobile.org
12-03 02:02:10.696: I/Gecko(13183): -*-*- Webapps.jsm : _readManifests of download.gaiamobile.org
12-03 02:02:10.706: I/Gecko(13183): -*-*- Webapps.jsm : _readManifests of email.gaiamobile.org
12-03 02:02:10.726: I/Gecko(13183): -*-*- Webapps.jsm : _readManifests of emergency-call.gaiamobile.org
12-03 02:02:10.726: I/Gecko(13183): -*-*- Webapps.jsm : _readManifests of findmydevice.gaiamobile.org
12-03 02:02:10.736: I/Gecko(13183): -*-*- Webapps.jsm : _readManifests of fl.gaiamobile.org
12-03 02:02:10.746: I/Gecko(13183): -*-*- Webapps.jsm : _readManifests of fm.gaiamobile.org
12-03 02:02:10.746: I/Gecko(13183): -*-*- Webapps.jsm : _readManifests of ftu.gaiamobile.org
12-03 02:02:10.756: I/Gecko(13183): -*-*- Webapps.jsm : _readManifests of gallery.gaiamobile.org
12-03 02:02:10.766: I/Gecko(13183): -*-*- Webapps.jsm : _readManifests of homescreen.gaiamobile.org
12-03 02:02:10.776: I/Gecko(13183): -*-*- Webapps.jsm : _readManifests of keyboard.gaiamobile.org
12-03 02:02:10.776: I/Gecko(13183): -*-*- Webapps.jsm : _readManifests of marketplace.firefox.com
12-03 02:02:10.786: I/Gecko(13183): -*-*- Webapps.jsm : _readManifests of music.gaiamobile.org
12-03 02:02:10.796: I/Gecko(13183): -*-*- Webapps.jsm : _readManifests of network-alerts.gaiamobile.org
12-03 02:02:10.806: I/Gecko(13183): -*-*- Webapps.jsm : _readManifests of operatorvariant.gaiamobile.org
12-03 02:02:10.806: I/Gecko(13183): -*-*- Webapps.jsm : _readManifests of pdfjs.gaiamobile.org
12-03 02:02:10.816: I/Gecko(13183): -*-*- Webapps.jsm : _readManifests of ringtones.gaiamobile.org
12-03 02:02:10.826: I/Gecko(13183): -*-*- Webapps.jsm : _readManifests of search.gaiamobile.org
12-03 02:02:10.836: I/Gecko(13183): -*-*- Webapps.jsm : _readManifests of settings.gaiamobile.org
12-03 02:02:10.846: I/Gecko(13183): -*-*- Webapps.jsm : _readManifests of sharedtest.gaiamobile.org
12-03 02:02:10.846: I/Gecko(13183): -*-*- Webapps.jsm : _readManifests of sms.gaiamobile.org
12-03 02:02:10.856: I/Gecko(13183): -*-*- Webapps.jsm : _readManifests of sync.gaiamobile.org
12-03 02:02:10.866: I/Gecko(13183): -*-*- Webapps.jsm : _readManifests of system.gaiamobile.org
12-03 02:02:10.896: I/Gecko(13183): -*-*- Webapps.jsm : _readManifests of verticalhome.gaiamobile.org
12-03 02:02:10.906: I/Gecko(13183): -*-*- Webapps.jsm : _readManifests of video.gaiamobile.org
12-03 02:02:10.916: I/Gecko(13183): -*-*- Webapps.jsm : _readManifests of wallpaper.gaiamobile.org
12-03 02:02:10.926: I/Gecko(13183): -*-*- Webapps.jsm : _readManifests of wappush.gaiamobile.org
12-03 02:02:10.926: I/Gecko(13183): -*-*- Webapps.jsm : _readManifests of {9c78a561-86d4-ee41-ad55-e1831f5c1c14}
12-03 02:02:10.936: I/Gecko(13183): -*-*- Webapps.jsm : _readManifests of {b0bc9f53-2954-8549-8dcf-ef2b59e8f961}
12-03 02:02:10.946: I/Gecko(13183): -*-*- Webapps.jsm : _readManifests of {9bd0ca0c-1343-3745-8fd0-9fb1db1b1af4}
12-03 02:02:10.946: I/Gecko(13183): -*-*- Webapps.jsm : _readManifests of {bbabd02f-ea0c-1245-a72d-e6c4cb44d704}
12-03 02:02:10.956: I/Gecko(13183): -*-*- Webapps.jsm : _readManifests of {f68f84f5-9056-da42-943f-2eb97060cd74}
12-03 02:02:10.966: I/Gecko(13183): -*-*- Webapps.jsm : _readManifests of {239148df-4bc9-6f42-9d5e-6bb4b808fed2}
12-03 02:02:10.966: I/Gecko(13183): -*-*- Webapps.jsm : _readManifests of marketplace-dev.allizom.org
12-03 02:02:10.976: I/Gecko(13183): -*-*- Webapps.jsm : _readManifests of in_app_pay_test.gaiamobile.org
12-03 02:02:10.986: I/Gecko(13183): -*-*- Webapps.jsm : _readManifests of marketplace.allizom.org
12-03 02:02:10.986: I/Gecko(13183): -*-*- Webapps.jsm : _readManifests of {4770ee75-75be-0d4f-aaab-38e9b9f3f245}
12-03 02:02:10.996: I/Gecko(13183): -*-*- Webapps.jsm : _readManifests of ds-test.gaiamobile.org
12-03 02:02:11.006: I/Gecko(13183): -*-*- Webapps.jsm : _readManifests of geoloc.gaiamobile.org
12-03 02:02:11.016: I/Gecko(13183): -*-*- Webapps.jsm : _readManifests of l20n-app.gaiamobile.org
12-03 02:02:11.026: I/Gecko(13183): -*-*- Webapps.jsm : _readManifests of membuster.gaiamobile.org
12-03 02:02:11.026: I/Gecko(13183): -*-*- Webapps.jsm : _readManifests of test-ime.gaiamobile.org
12-03 02:02:11.036: I/Gecko(13183): -*-*- Webapps.jsm : _readManifests of share-receiver.gaiamobile.org
12-03 02:02:11.046: I/Gecko(13183): -*-*- Webapps.jsm : _readManifests of template.gaiamobile.org
12-03 02:02:11.056: I/Gecko(13183): -*-*- Webapps.jsm : _readManifests of test-agent.gaiamobile.org
12-03 02:02:11.056: I/Gecko(13183): -*-*- Webapps.jsm : _readManifests of test-container.gaiamobile.org
12-03 02:02:11.066: I/Gecko(13183): -*-*- Webapps.jsm : _readManifests of test-iac-publisher.gaiamobile.org
12-03 02:02:11.076: I/Gecko(13183): -*-*- Webapps.jsm : _readManifests of test-iac-subscriber.gaiamobile.org
12-03 02:02:11.086: I/Gecko(13183): -*-*- Webapps.jsm : _readManifests of test-otasp.gaiamobile.org
12-03 02:02:11.086: I/Gecko(13183): -*-*- Webapps.jsm : _readManifests of test-receiver-1.gaiamobile.org
12-03 02:02:11.096: I/Gecko(13183): -*-*- Webapps.jsm : _readManifests of test-receiver-2.gaiamobile.org
12-03 02:02:11.106: I/Gecko(13183): -*-*- Webapps.jsm : _readManifests of test-receiver-inline.gaiamobile.org
12-03 02:02:11.116: I/Gecko(13183): -*-*- Webapps.jsm : _readManifests of test-startup-limit.gaiamobile.org
12-03 02:02:11.116: I/Gecko(13183): -*-*- Webapps.jsm : _readManifests of test-wappush.gaiamobile.org
12-03 02:02:11.126: I/Gecko(13183): -*-*- Webapps.jsm : _readManifests of uitest.gaiamobile.org
12-03 02:02:11.136: I/Gecko(13183): -*-*- Webapps.jsm : _readManifests of uitest-privileged.gaiamobile.org
12-03 02:02:11.146: I/Gecko(13183): -*-*- Webapps.jsm : _readManifests of contacts-manager.gaiamobile.org
12-03 02:02:11.156: I/Gecko(13183): -*-*- Webapps.jsm : _readManifests of contacts-ds-provider1.gaiamobile.org
12-03 02:02:11.166: I/Gecko(13183): -*-*- Webapps.jsm : _readManifests of contacts-ds-provider2.gaiamobile.org
12-03 02:02:11.176: I/Gecko(13183): -*-*- Webapps.jsm : _readManifests of mobile-wallet.gaiamobile.org
12-03 02:02:11.186: I/Gecko(13183): -*-*- Webapps.jsm : _readManifests of theme-test-1.gaiamobile.org
12-03 02:02:11.196: I/Gecko(13183): -*-*- Webapps.jsm : _readManifests of theme-test-2.gaiamobile.org
12-03 02:02:11.196: I/Gecko(13183): -*-*- Webapps.jsm : _readManifests of theme-test-3.gaiamobile.org
12-03 02:02:11.206: I/Gecko(13183): -*-*- Webapps.jsm : _readManifests of nfc-api-test.gaiamobile.org
12-03 02:02:11.216: I/Gecko(13183): -*-*- Webapps.jsm : _readManifests of music-oga.gaiamobile.org
12-03 02:02:11.226: I/Gecko(13183): -*-*- Webapps.jsm : _readManifests of addon1.gaiamobile.org
12-03 02:02:11.226: I/Gecko(13183): -*-*- Webapps.jsm : _readManifests of addon2.gaiamobile.org
12-03 02:02:11.236: I/Gecko(13183): -*-*- Webapps.jsm : _readManifests of addon3.gaiamobile.org
12-03 02:02:11.246: I/Gecko(13183): -*-*- Webapps.jsm : _readManifests of {cdfe3c28-da45-5449-b5ce-df0ca27292bb}
12-03 02:02:11.256: I/Gecko(13183): -*-*- Webapps.jsm : _readManifests of bluetooth.gaiamobile.org
12-03 02:02:12.906: I/Gecko(13200): [Child 13200] WARNING: NS_ENSURE_SUCCESS(rv, rv) failed with result 0x80004005: file /home/fischer/Projects/gecko-dev/toolkit/xre/nsXREDirProvider.cpp, line 1412
12-03 02:02:13.016: I/Gecko(13183): AlarmService: Callback after getting alarms from database: []
12-03 02:02:13.016: I/Gecko(13183): AlarmService: Current alarm: null
12-03 02:02:13.016: I/Gecko(13183): AlarmService: Alarm queue: []
12-03 02:02:13.246: I/Gecko(13200): [Child 13200] WARNING: Unable to printf the requested string due to error.: file /home/fischer/Projects/gecko-dev/ipc/chromium/src/base/string_util.cc, line 427
12-03 02:02:13.266: I/Gecko(13183): [Parent 13183] WARNING: Bluetooth is already disabled, or the toggling failed.: file ../../../../gecko-dev/dom/bluetooth/common/BluetoothService.cpp, line 506
12-03 02:02:13.266: I/Gecko(13183): [Parent 13183] WARNING: No observer registered for path /B2G/bluetooth/adapter: file ../../../../gecko-dev/dom/bluetooth/common/BluetoothService.cpp, line 397
12-03 02:02:13.326: I/Gecko(13200): [Child 13200] WARNING: ENSURE_MAIN_PROCESS failed. Cannot SetCString from content process: b2g.safe_mode: file /home/fischer/Projects/gecko-dev/modules/libpref/Preferences.cpp, line 1489
12-03 02:02:13.326: I/Gecko(13200): [Child 13200] WARNING: NS_ENSURE_TRUE(lowMemFd != -1) failed: file ../../../../gecko-dev/widget/gonk/GonkMemoryPressureMonitoring.cpp, line 130
12-03 02:02:13.556: I/Gecko(13200): ++DOCSHELL 0xb0a9b400 == 1 [pid = 13200] [id = 1]
12-03 02:02:13.576: I/Gecko(13200): ++DOMWINDOW == 1 (0xb0a9b800) [pid = 13200] [serial = 1] [outer = 0x0]
12-03 02:02:13.716: I/Gonk(13183): Connected to netd
12-03 02:02:13.966: E/BandwidthController(171): No such iface wlan0 to delete
12-03 02:02:14.066: I/Gecko(13200): ###################################### forms.js loaded
12-03 02:02:14.076: I/Gecko(13200): ############################### browserElementPanning.js loaded
12-03 02:02:14.086: I/Gecko(13200): ###################################### BrowserElementCopyPaste.js loaded
12-03 02:02:14.136: I/Gecko(13200): ######################## BrowserElementChildPreload.js loaded
12-03 02:02:14.176: I/Gonk(13183): RIL[0]: OnConnectSuccess
12-03 02:02:14.276: W/AudioPolicyManagerBase(13184): setPhoneState() setting same state 0
12-03 02:02:14.426: I/rmt_storage(170): rmt_storage_connect_cb: clnt_h=0xa conn_h=0xb8b63160
12-03 02:02:14.426: I/rmt_storage(170): rmt_storage_rw_iovec_cb: /boot/modem_fs1: clnt_h=0x1: req_h=0xe msg_id=3: R/W request received
12-03 02:02:14.426: I/rmt_storage(170): wakelock acquired: 1, error no: 2
12-03 02:02:14.426: I/rmt_storage(170): rmt_storage_client_thread: /boot/modem_fs1: clnt_h=0x1 Unblock worker thread (th_id: -1196020016)
12-03 02:02:14.496: I/rmt_storage(170): rmt_storage_client_thread: /boot/modem_fs1: clnt_h=0x1: req_h=0xe msg_id=3: Bytes written = 1572864
12-03 02:02:14.496: I/rmt_storage(170): rmt_storage_client_thread: /boot/modem_fs1: clnt_h=0x1: req_h=0xe msg_id=3: Send response: res=0 err=0
12-03 02:02:14.496: I/rmt_storage(170): rmt_storage_client_thread: /boot/modem_fs1: clnt_h=0x1 About to block rmt_storage client thread (th_id: -1196020016) wakelock released: 1, error no: 0
12-03 02:02:14.506: I/rmt_storage(170): rmt_storage_disconnect_cb: clnt_h=0x0xa conn_h=0x0xb8b63160
12-03 02:02:15.366: D/SoftapController(171): Softap fwReload - Ok
12-03 02:02:15.496: W/AudioFlinger(13184): Thread AudioOut_2 cannot connect to the power manager service
12-03 02:02:15.496: W/AudioFlinger(13184): Thread AudioOut_2 cannot connect to the power manager service
12-03 02:02:15.496: E/AudioFlinger(13184): no wake lock to update!
12-03 02:02:15.496: W/AudioFlinger(13184): Thread AudioOut_3 cannot connect to the power manager service
12-03 02:02:15.496: W/AudioFlinger(13184): Thread AudioOut_3 cannot connect to the power manager service
12-03 02:02:15.496: E/AudioFlinger(13184): no wake lock to update!
12-03 02:02:15.576: I/Gecko(13183): -*-*- Webapps.jsm : _readManifests of bluetooth.gaiamobile.org
12-03 02:02:15.806: I/Gecko(13183): [Parent 13183] WARNING: 'NS_FAILED(rv)', file /home/fischer/Projects/gecko-dev/dom/system/gonk/AudioManager.cpp, line 1452
12-03 02:02:15.806: I/Gecko(13183): [Parent 13183] WARNING: 'NS_FAILED(rv)', file /home/fischer/Projects/gecko-dev/dom/system/gonk/AudioManager.cpp, line 1419
12-03 02:02:16.026: I/Gecko(13382): [Child 13382] WARNING: NS_ENSURE_TRUE(XRE_IsParentProcess()) failed: file ../../../../gecko-dev/dom/base/nsFrameMessageManager.cpp, line 1600
12-03 02:02:16.746: I/Gecko(13382): ++DOMWINDOW == 2 (0xafa5e800) [pid = 13382] [serial = 2] [outer = 0xb0a9b800]
12-03 02:02:16.796: I/Gecko(13382): [Child 13382] WARNING: NS_ENSURE_TRUE(startupCache) failed: file /home/fischer/Projects/gecko-dev/dom/xbl/nsXBLDocumentInfo.cpp, line 199
12-03 02:02:16.806: I/Gecko(13382): [Child 13382] WARNING: NS_ENSURE_TRUE(startupCache) failed: file /home/fischer/Projects/gecko-dev/dom/xbl/nsXBLDocumentInfo.cpp, line 267
12-03 02:02:17.066: I/VolumeManager(13183): SetUnmountRequested for volume sdcard to 0 CanBeMounted = 0
12-03 02:02:17.066: I/VolumeManager(13183): SetMountRequested for volume sdcard to 0 CanBeMounted = 0
12-03 02:02:17.066: I/VolumeManager(13183): SetSharingMode for volume sdcard to 1 canBeShared = 0
12-03 02:02:17.066: I/AutoMounter(13183): UpdateState: ums:A0C0E0 mtp:A1C0E0 mode:0 usb:1 tryToShare:0 state:IDLE
12-03 02:02:17.066: I/AutoMounter(13183): UpdateState: Volume sdcard is Mounted and inserted @ /mnt/shell/emulated/0 gen 1 locked 0 sharing x
12-03 02:02:17.066: I/AutoMounter(13183): UpdateState: ums:A0C0E0 mtp:A1C0E0 mode:0 usb:1 tryToShare:0 state:IDLE
12-03 02:02:17.066: I/AutoMounter(13183): UpdateState: Volume sdcard is Mounted and inserted @ /mnt/shell/emulated/0 gen 1 locked 0 sharing x
12-03 02:02:17.296: I/Gecko(13183): -*-*- Webapps.jsm : _readManifests of homescreen.gaiamobile.org
12-03 02:02:17.326: I/(Preallocated app)(13382): PAC file installed from data: URI
12-03 02:02:17.406: I/Gecko(13183): [Parent 13183] WARNING: A runnable was posted to a worker that is already shutting down!: file /home/fischer/Projects/gecko-dev/dom/workers/WorkerPrivate.cpp, line 2264
12-03 02:02:17.406: I/Gecko(13183): [Parent 13183] WARNING: Failed to update worker languages!: file /home/fischer/Projects/gecko-dev/dom/workers/WorkerPrivate.cpp, line 2937
12-03 02:02:17.476: I/Gecko(13183): ++DOCSHELL 0xa4c99000 == 2 [pid = 13183] [id = 2]
12-03 02:02:17.476: I/Gecko(13183): ++DOMWINDOW == 3 (0xa4c99800) [pid = 13183] [serial = 3] [outer = 0x0]
12-03 02:02:17.666: I/Gecko(13183): ###################################### forms.js loaded
12-03 02:02:17.676: I/Gecko(13183): ###################################### BrowserElementCopyPaste.js loaded
12-03 02:02:17.686: I/Gecko(13183): ############################### browserElementPanning.js loaded
12-03 02:02:17.736: I/Gecko(13183): ######################## BrowserElementChildPreload.js loaded
12-03 02:02:17.806: I/Gecko(13183): ++DOMWINDOW == 4 (0xa2f4c800) [pid = 13183] [serial = 4] [outer = 0xa4c99800]
12-03 02:02:17.836: I/Gecko(13183): ######################## extensions.js loaded
12-03 02:02:17.896: I/Gecko(13183): *** UTM:SVC TimerManager:registerTimer - id: user-agent-updates-timer
12-03 02:02:17.896: I/GeckoConsole(13183): UTM:SVC TimerManager:registerTimer - id: user-agent-updates-timer
12-03 02:02:17.976: I/wpa_supplicant(13433): Successfully initialized wpa_supplicant
12-03 02:02:17.976: I/wpa_supplicant(13433): rfkill: Cannot open RFKILL control device
12-03 02:02:18.026: I/Gecko(13183): ++DOMWINDOW == 5 (0xa4c60000) [pid = 13183] [serial = 5] [outer = 0xa4c99800]
12-03 02:02:18.336: I/Gecko(13183): [Parent 13183] WARNING: NS_ENSURE_SUCCESS(rv, rv) failed with result 0x80520012: file /home/fischer/Projects/gecko-dev/layout/style/Loader.cpp, line 2390
12-03 02:02:18.906: I/Gecko(13183): -*-*- Webapps.jsm : _readManifests of bluetooth.gaiamobile.org
12-03 02:02:19.176: I/Gecko(13183): [Parent 13183] WARNING: NS_ENSURE_SUCCESS(rv, rv) failed with result 0x80520012: file /home/fischer/Projects/gecko-dev/layout/style/Loader.cpp, line 2121
12-03 02:02:20.586: I/Gecko(13183): XXX FIXME : Dispatch a mozChromeEvent: webapps-registry-ready
12-03 02:02:20.926: I/Gecko(13183): Attempting load of libEGL.so
12-03 02:02:20.926: D/libEGL(13183): loaded /vendor/lib/egl/libEGL_adreno.so
12-03 02:02:20.926: D/libEGL(13183): loaded /vendor/lib/egl/libGLESv1_CM_adreno.so
12-03 02:02:20.926: D/libEGL(13183): loaded /vendor/lib/egl/libGLESv2_adreno.so
12-03 02:02:20.936: I/Adreno-EGL(13183): <qeglDrvAPI_eglInitialize:320>: EGL 1.4 QUALCOMM Build: I0404c4692afb8623f95c43aeb6d5e13ed4b30ddbDate: 11/06/13
12-03 02:02:20.946: I/Gecko(13183): Initializing context 0xa7146df0 surface 0xa2e0c540 on display 0x1
12-03 02:02:20.956: I/GeckoConsole(13183): OpenGL compositor Initialized Succesfully.
12-03 02:02:20.956: I/GeckoConsole(13183): Version: OpenGL ES 3.0 V@53.0 AU@  (CL@)
12-03 02:02:20.956: I/GeckoConsole(13183): Vendor: Qualcomm
12-03 02:02:20.956: I/GeckoConsole(13183): Renderer: Adreno (TM) 330
12-03 02:02:20.956: I/GeckoConsole(13183): FBO Texture Target: TEXTURE_2D
12-03 02:02:21.176: I/Gecko(13183): XXX FIXME : Dispatch a mozChromeEvent: system-first-paint
12-03 02:02:22.326: I/Gecko(13183): LogShake.jsm: Disabling QA Mode
12-03 02:02:23.526: I/GeckoConsole(13183): PAC file installed from data: URI
12-03 02:02:25.336: I/GeckoDump(13183): AUS:Settings: Not a dogfooder!
12-03 02:02:25.846: I/Gecko(13183): [Parent 13183] WARNING: A control runnable was posted to a worker that is already shutting down!: file /home/fischer/Projects/gecko-dev/dom/workers/WorkerPrivate.cpp, line 2337
12-03 02:02:25.846: I/Gecko(13183): [Parent 13183] WARNING: A control runnable was posted to a worker that is already shutting down!: file /home/fischer/Projects/gecko-dev/dom/workers/WorkerPrivate.cpp, line 2337
12-03 02:02:28.156: I/GeckoDump(13183): AdbController: Starting USB debugger on /data/local/debugger-socket
12-03 02:02:28.316: I/Gecko(13183): AlarmService: _onTimezoneChanged()
12-03 02:02:28.316: I/Gecko(13183): AlarmService: _restoreAlarmsFromDb()
12-03 02:02:28.376: I/Gecko(13183): AlarmService: Callback after getting alarms from database: []
12-03 02:02:28.376: I/Gecko(13183): AlarmService: Current alarm: null
12-03 02:02:28.376: I/Gecko(13183): AlarmService: Alarm queue: []
12-03 02:02:28.516: I/Gecko(13183): [Parent 13183] WARNING: Unexpected topic in AudioManager: file /home/fischer/Projects/gecko-dev/dom/system/gonk/AudioManager.cpp, line 606
12-03 02:02:28.516: I/Gecko(13183): [Parent 13183] WARNING: Unexpected topic in AudioManager: file /home/fischer/Projects/gecko-dev/dom/system/gonk/AudioManager.cpp, line 606
12-03 02:02:28.516: I/Gecko(13183): [Parent 13183] WARNING: Unexpected topic in AudioManager: file /home/fischer/Projects/gecko-dev/dom/system/gonk/AudioManager.cpp, line 606
12-03 02:02:28.516: I/Gecko(13183): [Parent 13183] WARNING: Unexpected topic in AudioManager: file /home/fischer/Projects/gecko-dev/dom/system/gonk/AudioManager.cpp, line 606
12-03 02:02:28.526: I/Gecko(13183): [Parent 13183] WARNING: Unexpected topic in AudioManager: file /home/fischer/Projects/gecko-dev/dom/system/gonk/AudioManager.cpp, line 606
12-03 02:02:28.526: I/Gecko(13183): [Parent 13183] WARNING: Unexpected topic in AudioManager: file /home/fischer/Projects/gecko-dev/dom/system/gonk/AudioManager.cpp, line 606
12-03 02:02:28.526: I/Gecko(13183): [Parent 13183] WARNING: Unexpected topic in AudioManager: file /home/fischer/Projects/gecko-dev/dom/system/gonk/AudioManager.cpp, line 606
12-03 02:02:28.536: I/Gecko(13183): [Parent 13183] WARNING: Unexpected topic in AudioManager: file /home/fischer/Projects/gecko-dev/dom/system/gonk/AudioManager.cpp, line 606
12-03 02:02:28.536: I/Gecko(13183): [Parent 13183] WARNING: Unexpected topic in AudioManager: file /home/fischer/Projects/gecko-dev/dom/system/gonk/AudioManager.cpp, line 606
12-03 02:02:28.536: I/Gecko(13183): [Parent 13183] WARNING: Unexpected topic in AudioManager: file /home/fischer/Projects/gecko-dev/dom/system/gonk/AudioManager.cpp, line 606
12-03 02:02:28.536: I/Gecko(13183): [Parent 13183] WARNING: Unexpected topic in AudioManager: file /home/fischer/Projects/gecko-dev/dom/system/gonk/AudioManager.cpp, line 606
12-03 02:02:28.546: I/Gecko(13183): [Parent 13183] WARNING: Unexpected topic in AudioManager: file /home/fischer/Projects/gecko-dev/dom/system/gonk/AudioManager.cpp, line 606
12-03 02:02:28.546: I/Gecko(13183): [Parent 13183] WARNING: Unexpected topic in AudioManager: file /home/fischer/Projects/gecko-dev/dom/system/gonk/AudioManager.cpp, line 606
12-03 02:02:28.546: I/Gecko(13183): [Parent 13183] WARNING: Unexpected topic in AudioManager: file /home/fischer/Projects/gecko-dev/dom/system/gonk/AudioManager.cpp, line 606
12-03 02:02:28.546: I/Gecko(13183): [Parent 13183] WARNING: Unexpected topic in AudioManager: file /home/fischer/Projects/gecko-dev/dom/system/gonk/AudioManager.cpp, line 606
12-03 02:02:28.706: I/Gecko(13183): [Parent 13183] WARNING: NS_ENSURE_SUCCESS(rv, rv) failed with result 0x80520012: file /home/fischer/Projects/gecko-dev/dom/html/HTMLMediaElement.cpp, line 1337
12-03 02:02:28.816: I/GeckoDump(13183): XXX FIXME : Got a mozContentEvent: system-message-listener-ready
12-03 02:02:28.826: I/Gecko(13183): XXX FIXME : Dispatch a mozPrefChromeEvent: undefined
12-03 02:02:30.106: E/GeckoConsole(13183): [JavaScript Error: "A promise chain failed to handle a rejection. Did you forget to '.catch', or did you forget to 'return'?
12-03 02:02:30.106: E/GeckoConsole(13183): See https://developer.mozilla.org/Mozilla/JavaScript_code_modules/Promise.jsm/Promise
12-03 02:02:30.106: E/GeckoConsole(13183): Date: Thu Dec 03 2015 02:02:09 GMT-0500 (EST)
12-03 02:02:30.106: E/GeckoConsole(13183): Full Message: ReferenceError: aApp is not defined
12-03 02:02:30.106: E/GeckoConsole(13183): Full Stack: installCache@resource://gre/modules/OfflineCacheInstaller.jsm:299:73
12-03 02:02:30.106: E/GeckoConsole(13183): this.DOMApplicationRegistry.updateOfflineCacheForApp/<@resource://gre/modules/Webapps.jsm:562:1
12-03 02:02:30.106: E/GeckoConsole(13183): Handler.prototype.process@resource://gre/modules/Promise.jsm -> resource://gre/modules/Promise-backend.js:934:23
12-03 02:02:30.106: E/GeckoConsole(13183): this.PromiseWalker.walkerLoop@resource://gre/modules/Promise.jsm -> resource://gre/modules/Promise-backend.js:813:7
12-03 02:02:30.106: E/GeckoConsole(13183): this.PromiseWalker.scheduleWalkerLoop/<@resource://gre/modules/Promise.jsm -> resource://gre/modules/Promise-backend.js:747:1
12-03 02:02:30.106: E/GeckoConsole(13183): " {file: "resource://gre/modules/OfflineCacheInstaller.jsm" line: 299 column: 0 source: "299"}]
12-03 02:02:32.136: I/Gecko(13183): -*-*- Webapps.jsm : _readManifests of ftu.gaiamobile.org
12-03 02:02:32.146: I/Gecko(13183): XXX FIXME : Dispatch a webapps-launch: undefined
12-03 02:02:32.186: I/Gecko(13382): ######################## extensions.js loaded
12-03 02:02:32.216: W/FTU(13382): [JavaScript Warning: "Use of nsIFile in content process is deprecated." {file: "jar:file:///system/b2g/omni.ja!/components/DirectoryProvider.js" line: 81}]
12-03 02:02:33.996: I/GeckoDump(13183): XXX FIXME : Got a mozContentEvent: update-prompt-ready
12-03 02:02:34.216: I/Gecko(13382): ++DOMWINDOW == 3 (0xaf754c00) [pid = 13382] [serial = 3] [outer = 0xb0a9b800]
12-03 02:02:34.276: I/Gecko(13183): -*-*- Webapps.jsm : _readManifests of bluetooth.gaiamobile.org
12-03 02:02:34.546: I/Gecko(13382): ++DOCSHELL 0xafa5fc00 == 2 [pid = 13382] [id = 2]
12-03 02:02:34.546: I/Gecko(13382): ++DOMWINDOW == 4 (0xafa60400) [pid = 13382] [serial = 4] [outer = 0x0]
12-03 02:02:34.546: I/Gecko(13382): ++DOCSHELL 0xafa60c00 == 3 [pid = 13382] [id = 3]
12-03 02:02:34.546: I/Gecko(13382): ++DOMWINDOW == 5 (0xafa61400) [pid = 13382] [serial = 5] [outer = 0x0]
12-03 02:02:34.546: I/Gecko(13382): ++DOCSHELL 0xafa61800 == 4 [pid = 13382] [id = 4]
12-03 02:02:34.546: I/Gecko(13382): ++DOMWINDOW == 6 (0xafa62000) [pid = 13382] [serial = 6] [outer = 0x0]
12-03 02:02:34.816: I/Gecko(13460): [Child 13460] WARNING: NS_ENSURE_TRUE(XRE_IsParentProcess()) failed: file ../../../../gecko-dev/dom/base/nsFrameMessageManager.cpp, line 1600
12-03 02:02:35.036: I/Gecko(13183): ++DOCSHELL 0xa6db7c00 == 3 [pid = 13183] [id = 3]
12-03 02:02:35.036: I/Gecko(13183): ++DOMWINDOW == 6 (0xa6db8000) [pid = 13183] [serial = 6] [outer = 0x0]
12-03 02:02:35.076: I/Gecko(13183): ###################################### BrowserElementCopyPaste.js loaded
12-03 02:02:35.086: I/Gecko(13183): ############################### browserElementPanning.js loaded
12-03 02:02:35.126: I/Gecko(13183): ######################## BrowserElementChildPreload.js loaded
12-03 02:02:35.136: I/Gecko(13183): ++DOMWINDOW == 7 (0xa6e3b800) [pid = 13183] [serial = 7] [outer = 0xa6db8000]
12-03 02:02:35.166: I/Gecko(13183): ######################## extensions.js loaded
12-03 02:02:35.236: W/GeckoConsole(13183): Content JS WARN: Service.registerState: Provider should have a name. [object Object] 
12-03 02:02:35.236: W/GeckoConsole(13183):     at exports.Service.registerState (app://system.gaiamobile.org/js/service.js:166:1)
12-03 02:02:35.986: I/Gecko(13183): [Parent 13183] WARNING: No Document in SetRequestContext; can not query loadgroup; sending reports may fail.: file /home/fischer/Projects/gecko-dev/dom/security/nsCSPContext.cpp, line 603
12-03 02:02:35.986: I/Gecko(13183): [Parent 13183] WARNING: No Document in SetRequestContext; can not query loadgroup; sending reports may fail.: file /home/fischer/Projects/gecko-dev/dom/security/nsCSPContext.cpp, line 603
12-03 02:02:35.986: I/Gecko(13183): [Parent 13183] WARNING: No Document in SetRequestContext; can not query loadgroup; sending reports may fail.: file /home/fischer/Projects/gecko-dev/dom/security/nsCSPContext.cpp, line 603
12-03 02:02:35.986: I/Gecko(13183): [Parent 13183] WARNING: No Document in SetRequestContext; can not query loadgroup; sending reports may fail.: file /home/fischer/Projects/gecko-dev/dom/security/nsCSPContext.cpp, line 603
12-03 02:02:36.126: I/Gecko(13183): [Parent 13183] WARNING: No Document in SetRequestContext; can not query loadgroup; sending reports may fail.: file /home/fischer/Projects/gecko-dev/dom/security/nsCSPContext.cpp, line 603
12-03 02:02:36.136: I/Gecko(13183): [Parent 13183] WARNING: No Document in SetRequestContext; can not query loadgroup; sending reports may fail.: file /home/fischer/Projects/gecko-dev/dom/security/nsCSPContext.cpp, line 603
12-03 02:02:36.136: I/Gecko(13183): [Parent 13183] WARNING: No Document in SetRequestContext; can not query loadgroup; sending reports may fail.: file /home/fischer/Projects/gecko-dev/dom/security/nsCSPContext.cpp, line 603
12-03 02:02:36.136: I/Gecko(13183): [Parent 13183] WARNING: No Document in SetRequestContext; can not query loadgroup; sending reports may fail.: file /home/fischer/Projects/gecko-dev/dom/security/nsCSPContext.cpp, line 603
12-03 02:02:36.136: I/Gecko(13183): [Parent 13183] WARNING: No Document in SetRequestContext; can not query loadgroup; sending reports may fail.: file /home/fischer/Projects/gecko-dev/dom/security/nsCSPContext.cpp, line 603
12-03 02:02:36.136: I/Gecko(13183): [Parent 13183] WARNING: No Document in SetRequestContext; can not query loadgroup; sending reports may fail.: file /home/fischer/Projects/gecko-dev/dom/security/nsCSPContext.cpp, line 603
12-03 02:02:36.136: I/Gecko(13183): [Parent 13183] WARNING: No Document in SetRequestContext; can not query loadgroup; sending reports may fail.: file /home/fischer/Projects/gecko-dev/dom/security/nsCSPContext.cpp, line 603
12-03 02:02:36.146: I/Gecko(13183): [Parent 13183] WARNING: No Document in SetRequestContext; can not query loadgroup; sending reports may fail.: file /home/fischer/Projects/gecko-dev/dom/security/nsCSPContext.cpp, line 603
12-03 02:02:36.146: I/Gecko(13183): [Parent 13183] WARNING: No Document in SetRequestContext; can not query loadgroup; sending reports may fail.: file /home/fischer/Projects/gecko-dev/dom/security/nsCSPContext.cpp, line 603
12-03 02:02:36.156: I/Gecko(13183): [Parent 13183] WARNING: No Document in SetRequestContext; can not query loadgroup; sending reports may fail.: file /home/fischer/Projects/gecko-dev/dom/security/nsCSPContext.cpp, line 603
12-03 02:02:36.156: I/Gecko(13183): [Parent 13183] WARNING: No Document in SetRequestContext; can not query loadgroup; sending reports may fail.: file /home/fischer/Projects/gecko-dev/dom/security/nsCSPContext.cpp, line 603
12-03 02:02:36.156: I/Gecko(13183): [Parent 13183] WARNING: No Document in SetRequestContext; can not query loadgroup; sending reports may fail.: file /home/fischer/Projects/gecko-dev/dom/security/nsCSPContext.cpp, line 603
12-03 02:02:36.156: I/Gecko(13183): [Parent 13183] WARNING: No Document in SetRequestContext; can not query loadgroup; sending reports may fail.: file /home/fischer/Projects/gecko-dev/dom/security/nsCSPContext.cpp, line 603
12-03 02:02:36.166: I/Gecko(13183): [Parent 13183] WARNING: No Document in SetRequestContext; can not query loadgroup; sending reports may fail.: file /home/fischer/Projects/gecko-dev/dom/security/nsCSPContext.cpp, line 603
12-03 02:02:36.166: I/Gecko(13183): [Parent 13183] WARNING: No Document in SetRequestContext; can not query loadgroup; sending reports may fail.: file /home/fischer/Projects/gecko-dev/dom/security/nsCSPContext.cpp, line 603
12-03 02:02:36.166: I/Gecko(13183): [Parent 13183] WARNING: No Document in SetRequestContext; can not query loadgroup; sending reports may fail.: file /home/fischer/Projects/gecko-dev/dom/security/nsCSPContext.cpp, line 603
12-03 02:02:36.166: I/Gecko(13183): [Parent 13183] WARNING: No Document in SetRequestContext; can not query loadgroup; sending reports may fail.: file /home/fischer/Projects/gecko-dev/dom/security/nsCSPContext.cpp, line 603
12-03 02:02:36.166: I/Gecko(13183): [Parent 13183] WARNING: No Document in SetRequestContext; can not query loadgroup; sending reports may fail.: file /home/fischer/Projects/gecko-dev/dom/security/nsCSPContext.cpp, line 603
12-03 02:02:36.176: I/Gecko(13183): [Parent 13183] WARNING: No Document in SetRequestContext; can not query loadgroup; sending reports may fail.: file /home/fischer/Projects/gecko-dev/dom/security/nsCSPContext.cpp, line 603
12-03 02:02:36.176: I/Gecko(13183): [Parent 13183] WARNING: No Document in SetRequestContext; can not query loadgroup; sending reports may fail.: file /home/fischer/Projects/gecko-dev/dom/security/nsCSPContext.cpp, line 603
12-03 02:02:36.176: I/Gecko(13183): [Parent 13183] WARNING: No Document in SetRequestContext; can not query loadgroup; sending reports may fail.: file /home/fischer/Projects/gecko-dev/dom/security/nsCSPContext.cpp, line 603
12-03 02:02:36.176: I/Gecko(13183): [Parent 13183] WARNING: No Document in SetRequestContext; can not query loadgroup; sending reports may fail.: file /home/fischer/Projects/gecko-dev/dom/security/nsCSPContext.cpp, line 603
12-03 02:02:36.176: I/Gecko(13183): [Parent 13183] WARNING: No Document in SetRequestContext; can not query loadgroup; sending reports may fail.: file /home/fischer/Projects/gecko-dev/dom/security/nsCSPContext.cpp, line 603
12-03 02:02:36.176: I/Gecko(13183): [Parent 13183] WARNING: No Document in SetRequestContext; can not query loadgroup; sending reports may fail.: file /home/fischer/Projects/gecko-dev/dom/security/nsCSPContext.cpp, line 603
12-03 02:02:36.176: I/Gecko(13183): [Parent 13183] WARNING: No Document in SetRequestContext; can not query loadgroup; sending reports may fail.: file /home/fischer/Projects/gecko-dev/dom/security/nsCSPContext.cpp, line 603
12-03 02:02:36.186: I/Gecko(13183): [Parent 13183] WARNING: No Document in SetRequestContext; can not query loadgroup; sending reports may fail.: file /home/fischer/Projects/gecko-dev/dom/security/nsCSPContext.cpp, line 603
12-03 02:02:36.186: I/Gecko(13183): [Parent 13183] WARNING: No Document in SetRequestContext; can not query loadgroup; sending reports may fail.: file /home/fischer/Projects/gecko-dev/dom/security/nsCSPContext.cpp, line 603
12-03 02:02:36.186: I/Gecko(13183): [Parent 13183] WARNING: No Document in SetRequestContext; can not query loadgroup; sending reports may fail.: file /home/fischer/Projects/gecko-dev/dom/security/nsCSPContext.cpp, line 603
12-03 02:02:36.186: I/Gecko(13183): [Parent 13183] WARNING: No Document in SetRequestContext; can not query loadgroup; sending reports may fail.: file /home/fischer/Projects/gecko-dev/dom/security/nsCSPContext.cpp, line 603
12-03 02:02:36.206: I/Gecko(13183): ++DOMWINDOW == 8 (0xa6661000) [pid = 13183] [serial = 8] [outer = 0xa6db8000]
12-03 02:02:36.396: I/Gecko(13460): ++DOMWINDOW == 2 (0xafa6e000) [pid = 13460] [serial = 2] [outer = 0xb0a9b800]
12-03 02:02:36.456: I/Gecko(13460): [Child 13460] WARNING: NS_ENSURE_TRUE(startupCache) failed: file /home/fischer/Projects/gecko-dev/dom/xbl/nsXBLDocumentInfo.cpp, line 199
12-03 02:02:36.456: I/Gecko(13460): [Child 13460] WARNING: NS_ENSURE_TRUE(startupCache) failed: file /home/fischer/Projects/gecko-dev/dom/xbl/nsXBLDocumentInfo.cpp, line 267
12-03 02:02:36.676: I/Gecko(13382): ++DOMWINDOW == 7 (0xb1cd6c00) [pid = 13382] [serial = 7] [outer = 0xafa60400]
12-03 02:02:36.696: I/Gecko(13382): ++DOMWINDOW == 8 (0xae889400) [pid = 13382] [serial = 8] [outer = 0xafa61400]
12-03 02:02:36.716: I/Gecko(13382): ++DOMWINDOW == 9 (0xae88c800) [pid = 13382] [serial = 9] [outer = 0xafa62000]
12-03 02:02:36.726: I/Gecko(13183): -*-*- Webapps.jsm : _readManifests of ftu.gaiamobile.org
12-03 02:02:36.806: I/Gecko(13382): [Child 13382] ###!!! ASSERTION: style context has old rule node: 'mRoots[i]->RuleNode()->RuleTree() == mRuleTree', file /home/fischer/Projects/gecko-dev/layout/style/nsStyleSet.cpp, line 317
12-03 02:02:36.806: I/Gecko(13382): [Child 13382] ###!!! ASSERTION: old rule tree still referenced: 'Not Reached', file /home/fischer/Projects/gecko-dev/layout/style/nsStyleSet.cpp, line 2227
12-03 02:02:36.956: I/Gecko(13183): [Parent 13183] WARNING: No Document in SetRequestContext; can not query loadgroup; sending reports may fail.: file /home/fischer/Projects/gecko-dev/dom/security/nsCSPContext.cpp, line 603
12-03 02:02:36.966: I/Gecko(13183): [Parent 13183] WARNING: No Document in SetRequestContext; can not query loadgroup; sending reports may fail.: file /home/fischer/Projects/gecko-dev/dom/security/nsCSPContext.cpp, line 603
12-03 02:02:37.006: I/Gecko(13183): [Parent 13183] WARNING: No Document in SetRequestContext; can not query loadgroup; sending reports may fail.: file /home/fischer/Projects/gecko-dev/dom/security/nsCSPContext.cpp, line 603
12-03 02:02:37.016: I/Gecko(13183): [Parent 13183] WARNING: No Document in SetRequestContext; can not query loadgroup; sending reports may fail.: file /home/fischer/Projects/gecko-dev/dom/security/nsCSPContext.cpp, line 603
12-03 02:02:37.406: I/Gecko(13460): ######################## extensions.js loaded
12-03 02:02:37.436: W/Default Home Screen(13460): [JavaScript Warning: "Use of nsIFile in content process is deprecated." {file: "jar:file:///system/b2g/omni.ja!/components/DirectoryProvider.js" line: 81}]
12-03 02:02:37.516: I/Gecko(13460): ++DOMWINDOW == 3 (0xaf71e000) [pid = 13460] [serial = 3] [outer = 0xb0a9b800]
12-03 02:02:37.716: I/Default Home Screen(13460): PAC file installed from data: URI
12-03 02:02:37.756: I/Gecko(13183): [Parent 13183] WARNING: No Document in SetRequestContext; can not query loadgroup; sending reports may fail.: file /home/fischer/Projects/gecko-dev/dom/security/nsCSPContext.cpp, line 603
12-03 02:02:37.756: I/Gecko(13183): [Parent 13183] WARNING: No Document in SetRequestContext; can not query loadgroup; sending reports may fail.: file /home/fischer/Projects/gecko-dev/dom/security/nsCSPContext.cpp, line 603
12-03 02:02:37.756: I/Gecko(13183): [Parent 13183] WARNING: No Document in SetRequestContext; can not query loadgroup; sending reports may fail.: file /home/fischer/Projects/gecko-dev/dom/security/nsCSPContext.cpp, line 603
12-03 02:02:37.756: I/Gecko(13183): [Parent 13183] WARNING: No Document in SetRequestContext; can not query loadgroup; sending reports may fail.: file /home/fischer/Projects/gecko-dev/dom/security/nsCSPContext.cpp, line 603
12-03 02:02:37.776: W/Default Home Screen(13460): [JavaScript Warning: "Error in parsing value for 'text-align'.  Declaration dropped." {file: "app://homescreen.gaiamobile.org/index.html#root" line: 43 column: 18 source: "      text-align: -moz-start;"}]
12-03 02:02:37.776: I/Gecko(13183): [Parent 13183] WARNING: No Document in SetRequestContext; can not query loadgroup; sending reports may fail.: file /home/fischer/Projects/gecko-dev/dom/security/nsCSPContext.cpp, line 603
12-03 02:02:37.776: I/Gecko(13183): [Parent 13183] WARNING: No Document in SetRequestContext; can not query loadgroup; sending reports may fail.: file /home/fischer/Projects/gecko-dev/dom/security/nsCSPContext.cpp, line 603
12-03 02:02:37.776: W/Default Home Screen(13460): [JavaScript Warning: "Error in parsing value for 'text-align'.  Declaration dropped." {file: "app://homescreen.gaiamobile.org/index.html#root" line: 43 column: 18 source: "      text-align: -moz-start;"}]
12-03 02:02:37.826: I/Gecko(13183): XXX FIXME : Dispatch a mozIACChromeEvent: inter-app-comm-permission
12-03 02:02:37.826: I/Gecko(13183): XXX FIXME : Dispatch a mozIACContentEvent: inter-app-comm-permission
12-03 02:02:38.526: I/Gecko(13183): [Parent 13183] WARNING: No Document in SetRequestContext; can not query loadgroup; sending reports may fail.: file /home/fischer/Projects/gecko-dev/dom/security/nsCSPContext.cpp, line 603
12-03 02:02:38.546: I/GeckoConsole(13183): Content JS LOG: defaultAdapter changed. address: 00:00:00:00:00:00 
12-03 02:02:38.546: I/GeckoConsole(13183):     at onManagerAttributeChanged (app://callscreen.gaiamobile.org/shared/js/bluetooth_helper.js:69:1)
12-03 02:02:38.556: I/Gecko(13183): [Parent 13183] ###!!! ASSERTION: QueryInterface needed: 'query_result.get() == mRawPtr', file ../../dist/include/nsCOMPtr.h, line 415
12-03 02:02:38.636: I/Gecko(13183): -*-*- Webapps.jsm : _readManifests of bluetooth.gaiamobile.org
12-03 02:02:38.746: I/Gecko(13183): [Parent 13183] ###!!! ASSERTION: why should we have flushed style again?: 'mPresShell && currentGeneration == mPresShell->GetPresContext()->GetRestyleGeneration()', file /home/fischer/Projects/gecko-dev/layout/style/nsComputedDOMStyle.cpp, line 722
12-03 02:02:38.796: I/Gecko(13183): [Parent 13183] WARNING: No Document in SetRequestContext; can not query loadgroup; sending reports may fail.: file /home/fischer/Projects/gecko-dev/dom/security/nsCSPContext.cpp, line 603
12-03 02:02:38.946: I/Gecko(13183): [Parent 13183] WARNING: 'NS_FAILED(rv)', file /home/fischer/Projects/gecko-dev/dom/base/nsXMLHttpRequest.cpp, line 2929
12-03 02:02:38.946: I/GeckoConsole(13183): Content JS LOG: Error handling bluetooth request 
12-03 02:02:38.946: I/GeckoConsole(13183):     at BluetoothHelper/_handleRequest/request.onerror (app://callscreen.gaiamobile.org/shared/js/bluetooth_helper.js:39:7)
12-03 02:02:39.056: I/Gecko(13183): [Parent 13183] WARNING: 'NS_FAILED(rv)', file /home/fischer/Projects/gecko-dev/dom/base/nsXMLHttpRequest.cpp, line 2929
12-03 02:02:39.076: I/Gecko(13183): [Parent 13183] WARNING: 'NS_FAILED(rv)', file /home/fischer/Projects/gecko-dev/dom/base/nsXMLHttpRequest.cpp, line 2929
12-03 02:02:39.096: I/Gecko(13183): [Parent 13183] WARNING: 'NS_FAILED(rv)', file /home/fischer/Projects/gecko-dev/dom/base/nsXMLHttpRequest.cpp, line 2929
12-03 02:02:39.126: D/skia(13183): Running dynamic CPU feature detection
12-03 02:02:39.126: D/skia(13183): START /proc/cpuinfo:
12-03 02:02:39.126: D/skia(13183): Processor	: ARMv7 Processor rev 0 (v7l)
12-03 02:02:39.126: D/skia(13183): processor	: 0
12-03 02:02:39.126: D/skia(13183): BogoMIPS	: 38.40
12-03 02:02:39.126: D/skia(13183): processor	: 1
12-03 02:02:39.126: D/skia(13183): BogoMIPS	: 38.40
12-03 02:02:39.126: D/skia(13183): processor	: 2
12-03 02:02:39.126: D/skia(13183): BogoMIPS	: 38.40
12-03 02:02:39.126: D/skia(13183): processor	: 3
12-03 02:02:39.126: D/skia(13183): BogoMIPS	: 38.40
12-03 02:02:39.126: D/skia(13183): Features	: swp half thumb fastmult vfp edsp neon vfpv3 tls vfpv4 idiva idivt 
12-03 02:02:39.126: D/skia(13183): CPU implementer	: 0x51
12-03 02:02:39.126: D/skia(13183): CPU architecture: 7
12-03 02:02:39.126: D/skia(13183): CPU variant	: 0x2
12-03 02:02:39.126: D/skia(13183): CPU part	: 0x06f
12-03 02:02:39.126: D/skia(13183): CPU revision	: 0
12-03 02:02:39.126: D/skia(13183): Hardware	: Qualcomm MSM 8974 HAMMERHEAD (Flattened Device Tree)
12-03 02:02:39.126: D/skia(13183): Revision	: 000b
12-03 02:02:39.126: D/skia(13183): Serial		: 0000000000000000
12-03 02:02:39.126: D/skia(13183): END /proc/cpuinfo
12-03 02:02:39.126: D/skia(13183): Device supports ARM NEON instructions!
12-03 02:02:39.136: I/Gecko(13501): [Child 13501] WARNING: NS_ENSURE_TRUE(XRE_IsParentProcess()) failed: file ../../../../gecko-dev/dom/base/nsFrameMessageManager.cpp, line 1600
12-03 02:02:39.566: I/Gecko(13501): ++DOMWINDOW == 2 (0xafa58800) [pid = 13501] [serial = 2] [outer = 0xb0a9b800]
12-03 02:02:39.636: I/Gecko(13501): [Child 13501] WARNING: NS_ENSURE_TRUE(startupCache) failed: file /home/fischer/Projects/gecko-dev/dom/xbl/nsXBLDocumentInfo.cpp, line 199
12-03 02:02:39.646: I/Gecko(13501): [Child 13501] WARNING: NS_ENSURE_TRUE(startupCache) failed: file /home/fischer/Projects/gecko-dev/dom/xbl/nsXBLDocumentInfo.cpp, line 267
12-03 02:02:40.126: I/Gecko(13183): [Parent 13183] WARNING: No Document in SetRequestContext; can not query loadgroup; sending reports may fail.: file /home/fischer/Projects/gecko-dev/dom/security/nsCSPContext.cpp, line 603
12-03 02:02:40.186: I/Gecko(13183): [Parent 13183] WARNING: No Document in SetRequestContext; can not query loadgroup; sending reports may fail.: file /home/fischer/Projects/gecko-dev/dom/security/nsCSPContext.cpp, line 603
12-03 02:02:40.216: I/(Preallocated app)(13501): PAC file installed from data: URI
12-03 02:02:40.216: I/Gecko(13183): [Parent 13183] WARNING: No Document in SetRequestContext; can not query loadgroup; sending reports may fail.: file /home/fischer/Projects/gecko-dev/dom/security/nsCSPContext.cpp, line 603
12-03 02:02:40.246: I/Gecko(13183): [Parent 13183] WARNING: No Document in SetRequestContext; can not query loadgroup; sending reports may fail.: file /home/fischer/Projects/gecko-dev/dom/security/nsCSPContext.cpp, line 603
12-03 02:02:40.246: I/Gecko(13183): [Parent 13183] WARNING: No Document in SetRequestContext; can not query loadgroup; sending reports may fail.: file /home/fischer/Projects/gecko-dev/dom/security/nsCSPContext.cpp, line 603
12-03 02:02:40.276: I/Gecko(13183): [Parent 13183] WARNING: No Document in SetRequestContext; can not query loadgroup; sending reports may fail.: file /home/fischer/Projects/gecko-dev/dom/security/nsCSPContext.cpp, line 603
12-03 02:02:40.446: I/Gecko(13183): [Parent 13183] WARNING: A control runnable was posted to a worker that is already shutting down!: file /home/fischer/Projects/gecko-dev/dom/workers/WorkerPrivate.cpp, line 2337
12-03 02:02:40.446: I/Gecko(13183): [Parent 13183] WARNING: A control runnable was posted to a worker that is already shutting down!: file /home/fischer/Projects/gecko-dev/dom/workers/WorkerPrivate.cpp, line 2337
12-03 02:02:40.476: I/Gecko(13183): --DOMWINDOW == 7 (0xa2f4c800) [pid = 13183] [serial = 4] [outer = 0x0] [url = about:blank]
12-03 02:02:40.516: W/Default Home Screen(13460): Content JS WARN: Loading default settings, import failed: No verticalhome app order to import 
12-03 02:02:40.516: W/Default Home Screen(13460):     at FirstRun/< (app://homescreen.gaiamobile.org/js/firstrun.js:17:9)
12-03 02:02:40.616: I/Gecko(13183): -*-*- Webapps.jsm : _readManifests of calendar.gaiamobile.org
12-03 02:02:40.626: I/Gecko(13183): -*-*- Webapps.jsm : _readManifests of camera.gaiamobile.org
12-03 02:02:40.636: I/Gecko(13183): -*-*- Webapps.jsm : _readManifests of clock.gaiamobile.org
12-03 02:02:40.646: I/Gecko(13183): -*-*- Webapps.jsm : _readManifests of communications.gaiamobile.org
12-03 02:02:40.666: I/Gecko(13183): -*-*- Webapps.jsm : _readManifests of communications.gaiamobile.org
12-03 02:02:40.676: I/Gecko(13183): -*-*- Webapps.jsm : _readManifests of costcontrol.gaiamobile.org
12-03 02:02:40.686: I/Gecko(13183): -*-*- Webapps.jsm : _readManifests of email.gaiamobile.org
12-03 02:02:40.696: W/libsuspend(13183): Error writing 'on' to /sys/power/state: Invalid argument
12-03 02:02:40.696: I/libsuspend(13183): Selected autosleep
12-03 02:02:40.696: E/ANDR-PERF-LOCK(1604): Failed to reset optimization for resource: 4 level: 0
12-03 02:02:40.696: D/qdhwcomposer(13183): hwc_blank: Unblanking display: 0
12-03 02:02:40.696: D/qdhwcomposer(13183): hwc_blank: Done unblanking display: 0
12-03 02:02:40.726: I/Gecko(13183): -*-*- Webapps.jsm : _readManifests of fm.gaiamobile.org
12-03 02:02:40.736: I/Gecko(13183): -*-*- Webapps.jsm : _readManifests of gallery.gaiamobile.org
12-03 02:02:40.746: I/Gecko(13183): -*-*- Webapps.jsm : _readManifests of marketplace.firefox.com
12-03 02:02:40.796: I/Gecko(13183): -*-*- Webapps.jsm : _readManifests of music.gaiamobile.org
12-03 02:02:40.806: I/Gecko(13183): -*-*- Webapps.jsm : _readManifests of search.gaiamobile.org
12-03 02:02:40.816: I/Gecko(13183): -*-*- Webapps.jsm : _readManifests of settings.gaiamobile.org
12-03 02:02:40.816: I/Gecko(13183): -*-*- Webapps.jsm : _readManifests of sms.gaiamobile.org
12-03 02:02:40.846: I/Gecko(13183): -*-*- Webapps.jsm : _readManifests of video.gaiamobile.org
