12-03 22:45:04.023: I/Gecko(4216): [4216] WARNING: XPCOM objects created/destroyed from static ctor/dtor: file /home/fischer/Projects/gecko-dev/xpcom/base/nsTraceRefcnt.cpp, line 167
12-03 22:45:04.023: I/Gecko(4216): [4216] WARNING: XPCOM objects created/destroyed from static ctor/dtor: file /home/fischer/Projects/gecko-dev/xpcom/base/nsTraceRefcnt.cpp, line 167
12-03 22:45:04.023: I/Gecko(4216): [4216] WARNING: XPCOM objects created/destroyed from static ctor/dtor: file /home/fischer/Projects/gecko-dev/xpcom/base/nsTraceRefcnt.cpp, line 167
12-03 22:45:04.023: I/Gecko(4216): [4216] WARNING: XPCOM objects created/destroyed from static ctor/dtor: file /home/fischer/Projects/gecko-dev/xpcom/base/nsTraceRefcnt.cpp, line 167
12-03 22:45:04.023: I/Gecko(4216): [4216] WARNING: XPCOM objects created/destroyed from static ctor/dtor: file /home/fischer/Projects/gecko-dev/xpcom/base/nsTraceRefcnt.cpp, line 167
12-03 22:45:04.023: I/Gecko(4216): [4216] WARNING: XPCOM objects created/destroyed from static ctor/dtor: file /home/fischer/Projects/gecko-dev/xpcom/base/nsTraceRefcnt.cpp, line 167
12-03 22:45:04.023: I/Gecko(4216): [4216] WARNING: XPCOM objects created/destroyed from static ctor/dtor: file /home/fischer/Projects/gecko-dev/xpcom/base/nsTraceRefcnt.cpp, line 167
12-03 22:45:04.023: I/Gecko(4216): [4216] WARNING: XPCOM objects created/destroyed from static ctor/dtor: file /home/fischer/Projects/gecko-dev/xpcom/base/nsTraceRefcnt.cpp, line 167
12-03 22:45:04.023: I/Gecko(4216): [4216] WARNING: XPCOM objects created/destroyed from static ctor/dtor: file /home/fischer/Projects/gecko-dev/xpcom/base/nsTraceRefcnt.cpp, line 167
12-03 22:45:04.023: I/Gecko(4216): [4216] WARNING: XPCOM objects created/destroyed from static ctor/dtor: file /home/fischer/Projects/gecko-dev/xpcom/base/nsTraceRefcnt.cpp, line 167
12-03 22:45:04.023: I/Gecko(4216): [4216] WARNING: XPCOM objects created/destroyed from static ctor/dtor: file /home/fischer/Projects/gecko-dev/xpcom/base/nsTraceRefcnt.cpp, line 167
12-03 22:45:04.023: I/Gecko(4216): [4216] WARNING: XPCOM objects created/destroyed from static ctor/dtor: file /home/fischer/Projects/gecko-dev/xpcom/base/nsTraceRefcnt.cpp, line 167
12-03 22:45:04.023: I/Gecko(4216): [4216] WARNING: XPCOM objects created/destroyed from static ctor/dtor: file /home/fischer/Projects/gecko-dev/xpcom/base/nsTraceRefcnt.cpp, line 167
12-03 22:45:04.023: I/Gecko(4216): [4216] WARNING: XPCOM objects created/destroyed from static ctor/dtor: file /home/fischer/Projects/gecko-dev/xpcom/base/nsTraceRefcnt.cpp, line 167
12-03 22:45:04.023: I/Gecko(4216): [4216] WARNING: XPCOM objects created/destroyed from static ctor/dtor: file /home/fischer/Projects/gecko-dev/xpcom/base/nsTraceRefcnt.cpp, line 167
12-03 22:45:04.023: I/Gecko(4216): [4216] WARNING: XPCOM objects created/destroyed from static ctor/dtor: file /home/fischer/Projects/gecko-dev/xpcom/base/nsTraceRefcnt.cpp, line 167
12-03 22:45:04.023: I/Gecko(4216): [4216] WARNING: XPCOM objects created/destroyed from static ctor/dtor: file /home/fischer/Projects/gecko-dev/xpcom/base/nsTraceRefcnt.cpp, line 167
12-03 22:45:04.033: I/Gecko(4216): [4216] WARNING: XPCOM objects created/destroyed from static ctor/dtor: file /home/fischer/Projects/gecko-dev/xpcom/base/nsTraceRefcnt.cpp, line 167
12-03 22:45:04.033: I/Gecko(4216): [4216] WARNING: XPCOM objects created/destroyed from static ctor/dtor: file /home/fischer/Projects/gecko-dev/xpcom/base/nsTraceRefcnt.cpp, line 167
12-03 22:45:04.033: I/Gecko(4216): [4216] WARNING: XPCOM objects created/destroyed from static ctor/dtor: file /home/fischer/Projects/gecko-dev/xpcom/base/nsTraceRefcnt.cpp, line 167
12-03 22:45:04.033: I/Gecko(4216): [4216] WARNING: XPCOM objects created/destroyed from static ctor/dtor: file /home/fischer/Projects/gecko-dev/xpcom/base/nsTraceRefcnt.cpp, line 167
12-03 22:45:04.033: I/Gecko(4216): [4216] WARNING: XPCOM objects created/destroyed from static ctor/dtor: file /home/fischer/Projects/gecko-dev/xpcom/base/nsTraceRefcnt.cpp, line 167
12-03 22:45:04.033: I/Gecko(4232): [4232] WARNING: Tried to RegisterCallback without an AtExitManager: file /home/fischer/Projects/gecko-dev/ipc/chromium/src/base/at_exit.cc, line 40
12-03 22:45:04.033: W/(4216): could not open framebuffer
12-03 22:45:04.273: I/qdutils(4216): Right Split=0
12-03 22:45:04.273: D/qdhwcomposer(4216): int qhwc::adRead(): /sys/class/graphics/fb2/ad could not be opened : No such file or directory
12-03 22:45:04.273: I/qdhwcomposer(4216): Initializing Qualcomm Hardware Composer
12-03 22:45:04.273: I/qdhwcomposer(4216): MDP version: 500
12-03 22:45:04.273: D/qdhwcomposer(4216): hwc_getDisplayAttributes disp = 0, width = 1080
12-03 22:45:04.273: D/qdhwcomposer(4216): hwc_getDisplayAttributes disp = 0, height = 1920
12-03 22:45:04.273: E/qdhwcomposer(4216): Unknown display attribute 0
12-03 22:45:04.273: I/PowerHAL(4216): power_init
12-03 22:45:04.273: D/qdhwcomposer(4216): hwc_blank: Unblanking display: 0
12-03 22:45:04.273: D/qdhwcomposer(4216): hwc_blank: Done unblanking display: 0
12-03 22:45:04.273: W/Gonk(4216): Could not open boot animation
12-03 22:45:04.273: W/Gonk(4216): Show solid color frame for bootAnim
12-03 22:45:04.293: E/mm-camera(198): stats_module_stop_session: list =0xb8897418, remove port =0xb888cd90 name=stats_sink from module=0xb8876778, name=stats
12-03 22:45:04.293: E/mm-camera(198): stats_module_stop_session: 1 port =0xb888cd90 name=stats_sink
12-03 22:45:04.293: E/mm-camera(198): stats_module_stop_session: 2 port =0xb888cd90 name=stats_sink
12-03 22:45:04.293: I/mm-camera(198): gyro_module_stop_session: Enter
12-03 22:45:04.293: I/mm-camera(198): gyro_module_stop_session: Deinit DSPS
12-03 22:45:04.293: I/mm-camera(198): gyro_module_stop_session: Exit successful
12-03 22:45:04.293: E/mm-camera(198): stats_module_stop_session: 3 port =0xb888cd90 name=stats_sink
12-03 22:45:04.293: E/mm-camera(198): cpp_module_stop_session:453, info: stopping session 1 ...
12-03 22:45:04.293: E/mm-camera(198): cpp_thread_process_pipe_message:359, CPP_THREAD_MSG_ABORT: cpp_thread exiting..
12-03 22:45:04.303: E/mm-camera(198): cpp_module_stop_session:495, info: session 1 stopped.
12-03 22:45:04.303: E/mm-camera(198): c2d_module_stop_session:322, info: stopping session 1 ...
12-03 22:45:04.303: E/mm-camera(198): c2d_module_stop_session:327, info: stopping c2d_thread...
12-03 22:45:04.303: E/mm-camera(198): c2d_module_post_msg_to_thread:381, msg.type=1
12-03 22:45:04.303: E/mm-camera(198): c2d_thread_process_pipe_message:503, C2D_THREAD_MSG_ABORT: c2d_thread exiting..
12-03 22:45:04.303: E/mm-camera(198): c2d_module_stop_session:339, closing c2d subdev...
12-03 22:45:04.303: E/mm-camera(198): c2d_module_stop_session:361, info: session 1 stopped.
12-03 22:45:04.303: D/QCamera3HWI(4218): static int8_t qcamera::QCamera3HardwareInterface::lookupFwkName(const qcamera::QCamera3HardwareInterface::QCameraMap*, int, int): Cannot find matching framework type
12-03 22:45:04.303: D/QCamera3HWI(4218): static int8_t qcamera::QCamera3HardwareInterface::lookupFwkName(const qcamera::QCamera3HardwareInterface::QCameraMap*, int, int): Cannot find matching framework type
12-03 22:45:04.303: D/QCamera3HWI(4218): static int8_t qcamera::QCamera3HardwareInterface::lookupFwkName(const qcamera::QCamera3HardwareInterface::QCameraMap*, int, int): Cannot find matching framework type
12-03 22:45:04.303: D/QCamera3HWI(4218): static int8_t qcamera::QCamera3HardwareInterface::lookupFwkName(const qcamera::QCamera3HardwareInterface::QCameraMap*, int, int): Cannot find matching framework type
12-03 22:45:04.303: D/QCamera3HWI(4218): static int8_t qcamera::QCamera3HardwareInterface::lookupFwkName(const qcamera::QCamera3HardwareInterface::QCameraMap*, int, int): Cannot find matching framework type
12-03 22:45:04.303: D/QCamera3HWI(4218): static int8_t qcamera::QCamera3HardwareInterface::lookupFwkName(const qcamera::QCamera3HardwareInterface::QCameraMap*, int, int): Cannot find matching framework type
12-03 22:45:04.303: D/QCamera3HWI(4218): static int8_t qcamera::QCamera3HardwareInterface::lookupFwkName(const qcamera::QCamera3HardwareInterface::QCameraMap*, int, int): Cannot find matching framework type
12-03 22:45:04.303: D/QCamera3HWI(4218): static int8_t qcamera::QCamera3HardwareInterface::lookupFwkName(const qcamera::QCamera3HardwareInterface::QCameraMap*, int, int): Cannot find matching framework type
12-03 22:45:04.303: D/QCamera3HWI(4218): static int8_t qcamera::QCamera3HardwareInterface::lookupFwkName(const qcamera::QCamera3HardwareInterface::QCameraMap*, int, int): Cannot find matching framework type
12-03 22:45:04.303: E/mm-camera-intf(4218): mm_camera_open: dev name = /dev/video2, cam_idx = 2
12-03 22:45:04.303: E/mm-camera-sensor(198): module_sensor_start_session:577 session 2
12-03 22:45:04.313: I/GeckoConsole(4216): Failed to load native module at path '/system/b2g/components/libtest656331.so': (80004005) dlopen failed: library "/system/b2g/components/libtest656331.so" not found
12-03 22:45:04.313: I/GeckoConsole(4216): Failed to load native module at path '/system/b2g/components/libtestcompnoaslr.so': (80004005) dlopen failed: library "/system/b2g/components/libtestcompnoaslr.so" not found
12-03 22:45:04.313: I/GeckoConsole(4216): Failed to load native module at path '/system/b2g/components/libtestcomponent.so': (80004005) dlopen failed: library "/system/b2g/components/libtestcomponent.so" not found
12-03 22:45:04.333: D/qdutils(4216): DEBUG_CALC_FPS: 0
12-03 22:45:04.333: D/qdutils(4216): period: 10
12-03 22:45:04.333: D/qdutils(4216): ignorethresh_us: 500000
12-03 22:45:04.533: E/mm-camera-sensor(198): module_sensor_init_session:471 ois device is not supported
12-03 22:45:04.533: I/mm-camera(198): gyro_module_start_session: Enter
12-03 22:45:04.533: I/mm-camera(198): gyro_module_start_session: Init DSPS
12-03 22:45:04.533: I/mm-camera(198): gyro_module_start_session: Exit successful
12-03 22:45:04.533: I/mm-camera(198): gyro_module_get_port: Exit successful
12-03 22:45:04.533: E/mm-camera(198): cpp_module_start_session:352, info: starting session 2
12-03 22:45:04.553: E/mm-camera(198): cpp_thread_func:55: cpp_thread entering the polling loop...
12-03 22:45:04.553: E/mm-camera(198): cpp_module_start_session:422, info: cpp_thread created.
12-03 22:45:04.553: E/mm-camera(198): cpp_module_start_session:425, info: session 2 started.
12-03 22:45:04.553: E/mm-camera(198): c2d_module_start_session:246, info: starting session 2
12-03 22:45:04.553: E/mm-camera(198): c2d_module_start_session:284, info: c2d_thread created.
12-03 22:45:04.553: E/mm-camera(198): c2d_module_start_session:306, info: session 2 started.
12-03 22:45:04.553: E/mm-camera-sensor(198): module_module_set_session_data:2435 max delay 2 report dSelay 1
12-03 22:45:04.553: E/mm-camera(198): module_faceproc_set_session_data:1826] Per frame control 2 1
12-03 22:45:04.553: E/mm-camera(198): c2d_thread_func:39: c2d_thread entering the polling loop...
12-03 22:45:04.553: E/mm-camera-intf(4218): mm_camera_open:  opened, break out while loop
12-03 22:45:04.553: E/mm-camera(198): mct_pipeline_process_set:command=800000b
12-03 22:45:04.553: E/mm-camera(198): mct_pipeline_get_stream: no children
12-03 22:45:04.553: E/mm-camera(198): mct_pipeline_process_set:1370: Couldn't find stream
12-03 22:45:04.553: E/mm-camera-sensor(198): module_sensor_stop_session:630 session 2
12-03 22:45:04.613: I/Gecko(4216): [4216] WARNING: NS_ENSURE_TRUE(lowMemFd != -1) failed: file ../../../../gecko-dev/widget/gonk/GonkMemoryPressureMonitoring.cpp, line 130
12-03 22:45:04.643: E/mm-camera(198): stats_module_stop_session: list =0xb8892f60, remove port =0xb88888d8 name=stats_sink from module=0xb8876778, name=stats
12-03 22:45:04.643: E/mm-camera(198): stats_module_stop_session: 1 port =0xb88888d8 name=stats_sink
12-03 22:45:04.643: E/mm-camera(198): stats_module_stop_session: 2 port =0xb88888d8 name=stats_sink
12-03 22:45:04.643: I/mm-camera(198): gyro_module_stop_session: Enter
12-03 22:45:04.643: I/mm-camera(198): gyro_module_stop_session: Deinit DSPS
12-03 22:45:04.643: I/mm-camera(198): gyro_module_stop_session: Exit successful
12-03 22:45:04.643: E/mm-camera(198): stats_module_stop_session: 3 port =0xb88888d8 name=stats_sink
12-03 22:45:04.643: E/mm-camera(198): cpp_module_stop_session:453, info: stopping session 2 ...
12-03 22:45:04.643: E/mm-camera(198): cpp_thread_process_pipe_message:359, CPP_THREAD_MSG_ABORT: cpp_thread exiting..
12-03 22:45:04.653: E/mm-camera(198): cpp_module_stop_session:495, info: session 2 stopped.
12-03 22:45:04.653: E/mm-camera(198): c2d_module_stop_session:322, info: stopping session 2 ...
12-03 22:45:04.653: E/mm-camera(198): c2d_module_stop_session:327, info: stopping c2d_thread...
12-03 22:45:04.653: E/mm-camera(198): c2d_module_post_msg_to_thread:381, msg.type=1
12-03 22:45:04.653: E/mm-camera(198): c2d_thread_process_pipe_message:503, C2D_THREAD_MSG_ABORT: c2d_thread exiting..
12-03 22:45:04.653: E/mm-camera(198): c2d_module_stop_session:339, closing c2d subdev...
12-03 22:45:04.653: E/mm-camera(198): c2d_module_stop_session:361, info: session 2 stopped.
12-03 22:45:04.653: D/QCamera3HWI(4218): static int8_t qcamera::QCamera3HardwareInterface::lookupFwkName(const qcamera::QCamera3HardwareInterface::QCameraMap*, int, int): Cannot find matching framework type
12-03 22:45:04.653: D/QCamera3HWI(4218): static int8_t qcamera::QCamera3HardwareInterface::lookupFwkName(const qcamera::QCamera3HardwareInterface::QCameraMap*, int, int): Cannot find matching framework type
12-03 22:45:04.653: D/QCamera3HWI(4218): static int8_t qcamera::QCamera3HardwareInterface::lookupFwkName(const qcamera::QCamera3HardwareInterface::QCameraMap*, int, int): Cannot find matching framework type
12-03 22:45:04.653: D/QCamera3HWI(4218): static int8_t qcamera::QCamera3HardwareInterface::lookupFwkName(const qcamera::QCamera3HardwareInterface::QCameraMap*, int, int): Cannot find matching framework type
12-03 22:45:04.653: D/QCamera3HWI(4218): static int8_t qcamera::QCamera3HardwareInterface::lookupFwkName(const qcamera::QCamera3HardwareInterface::QCameraMap*, int, int): Cannot find matching framework type
12-03 22:45:04.653: D/QCamera3HWI(4218): static int8_t qcamera::QCamera3HardwareInterface::lookupFwkName(const qcamera::QCamera3HardwareInterface::QCameraMap*, int, int): Cannot find matching framework type
12-03 22:45:04.653: D/QCamera3HWI(4218): static int8_t qcamera::QCamera3HardwareInterface::lookupFwkName(const qcamera::QCamera3HardwareInterface::QCameraMap*, int, int): Cannot find matching framework type
12-03 22:45:04.653: D/QCamera3HWI(4218): static int8_t qcamera::QCamera3HardwareInterface::lookupFwkName(const qcamera::QCamera3HardwareInterface::QCameraMap*, int, int): Cannot find matching framework type
12-03 22:45:04.653: I/CameraService(4218): Loaded "QCamera Module" camera module
12-03 22:45:04.653: I/AudioPolicyManagerBase(4218): loadAudioPolicyConfig() loaded /system/etc/audio_policy.conf
12-03 22:45:04.653: D/audio_hw_primary(4218): adev_open: enter
12-03 22:45:04.753: D/(4218): [ACDB Command]->SW Minor/Major version mismatch warning /etc/Bluetooth_cal.acdb
12-03 22:45:04.753: D/(4218): [ACDB Command]->ACDB Sw Major = 2, ACDB Sw Minor = 0
12-03 22:45:04.753: D/(4218): [ACDB Command]->ACDB File Major = 1, ACDB File Minor = 3
12-03 22:45:04.753: D/(4218): [ACDB Command]->SW Minor/Major version mismatch warning /etc/General_cal.acdb
12-03 22:45:04.753: D/(4218): [ACDB Command]->ACDB Sw Major = 2, ACDB Sw Minor = 0
12-03 22:45:04.753: D/(4218): [ACDB Command]->ACDB File Major = 1, ACDB File Minor = 3
12-03 22:45:04.753: D/(4218): [ACDB Command]->SW Minor/Major version mismatch warning /etc/Global_cal.acdb
12-03 22:45:04.753: D/(4218): [ACDB Command]->ACDB Sw Major = 2, ACDB Sw Minor = 0
12-03 22:45:04.753: D/(4218): [ACDB Command]->ACDB File Major = 1, ACDB File Minor = 3
12-03 22:45:04.753: D/(4218): [ACDB Command]->SW Minor/Major version mismatch warning /etc/Handset_cal.acdb
12-03 22:45:04.753: D/(4218): [ACDB Command]->ACDB Sw Major = 2, ACDB Sw Minor = 0
12-03 22:45:04.753: D/(4218): [ACDB Command]->ACDB File Major = 1, ACDB File Minor = 3
12-03 22:45:04.753: D/(4218): [ACDB Command]->SW Minor/Major version mismatch warning /etc/Hdmi_cal.acdb
12-03 22:45:04.753: D/(4218): [ACDB Command]->ACDB Sw Major = 2, ACDB Sw Minor = 0
12-03 22:45:04.753: D/(4218): [ACDB Command]->ACDB File Major = 1, ACDB File Minor = 3
12-03 22:45:04.753: D/(4218): [ACDB Command]->SW Minor/Major version mismatch warning /etc/Headset_cal.acdb
12-03 22:45:04.753: D/(4218): [ACDB Command]->ACDB Sw Major = 2, ACDB Sw Minor = 0
12-03 22:45:04.753: D/(4218): [ACDB Command]->ACDB File Major = 1, ACDB File Minor = 3
12-03 22:45:04.753: D/(4218): [ACPH]->Online service registered with ACPH
12-03 22:45:04.753: E/Diag_Lib(4218):  Diag_LSM_Init: Failed to open handle to diag driver, error = 2
12-03 22:45:04.753: E/Diag_Lib(4218):  diagpkt_tbl_reg: Registration failed.
12-03 22:45:04.763: D/(4218): [ACPH]->ACPH init success
12-03 22:45:04.763: D/(4218): [ACPH]->DSP RTC service registered with ACPH
12-03 22:45:04.763: D/(4218): [ACPH]->ADIE RTC service registered with ACPH
12-03 22:45:04.763: D/(4218): ACDBFILE_MGR: Property for the pid 00012E47 not found
12-03 22:45:04.763: D/(4218): ACDB_COMMAND: Failed to fetch the property info for pid 00012E47
12-03 22:45:04.763: E/ACDB-LOADER(4218): Error: ACDB get adm topologies returned = -18
12-03 22:45:04.763: D/(4218): ACDBFILE_MGR: Property for the pid 00012E48 not found
12-03 22:45:04.763: D/(4218): ACDB_COMMAND: Failed to fetch the property info for pid 00012E48
12-03 22:45:04.763: E/ACDB-LOADER(4218): Error: ACDB get asm topologies returned = -18
12-03 22:45:04.773: D/(4218): Failed to fetch the lookup information of the device 00000067
12-03 22:45:04.773: E/ACDB-LOADER(4218): Error: ACDB ANC returned = -1
12-03 22:45:04.773: I/AudioFlinger(4218): loadHwModule() Loaded primary audio interface from QCOM Audio HAL (audio) handle 1
12-03 22:45:04.773: I/AudioFlinger(4218): HAL output buffer size 240 frames, normal mix buffer size 960 frames
12-03 22:45:04.773: I/AudioMixer(4218): found effect "Multichannel Downmix To Stereo" from The Android Open Source Project
12-03 22:45:04.773: E/MonoPipe(4218): Failed to fetch local time frequency when constructing a MonoPipe (res = -32).  getNextWriteTimestamp calls will be non-functional
12-03 22:45:04.773: I/AudioFlinger(4218): Using module 1 has the primary audio interface
12-03 22:45:04.773: I/AudioFlinger(4218): AudioFlinger's thread 0xb5ebc008 ready to run
12-03 22:45:04.773: W/AudioFlinger(4218): Thread AudioOut_2 cannot connect to the power manager service
12-03 22:45:04.773: D/audio_hw_primary(4218): out_set_parameters: enter: usecase(1: low-latency-playback) kvpairs: routing=2
12-03 22:45:04.773: W/AudioFlinger(4218): Thread AudioOut_2 cannot connect to the power manager service
12-03 22:45:04.773: W/AudioFlinger(4218): Thread AudioOut_2 cannot connect to the power manager service
12-03 22:45:04.773: E/AudioFlinger(4218): no wake lock to update!
12-03 22:45:04.773: I/AudioFlinger(4218): HAL output buffer size 960 frames, normal mix buffer size 960 frames
12-03 22:45:04.773: I/AudioMixer(4218): found effect "Multichannel Downmix To Stereo" from The Android Open Source Project
12-03 22:45:04.783: I/AudioFlinger(4218): AudioFlinger's thread 0xb5c4e008 ready to run
12-03 22:45:04.783: W/AudioFlinger(4218): Thread AudioOut_3 cannot connect to the power manager service
12-03 22:45:04.783: D/audio_hw_primary(4218): out_set_parameters: enter: usecase(0: deep-buffer-playback) kvpairs: routing=2
12-03 22:45:04.783: W/AudioFlinger(4218): Thread AudioOut_3 cannot connect to the power manager service
12-03 22:45:04.783: W/AudioFlinger(4218): Thread AudioOut_3 cannot connect to the power manager service
12-03 22:45:04.783: E/AudioFlinger(4218): no wake lock to update!
12-03 22:45:04.783: I/audio_a2dp_hw(4218): adev_open:  adev_open in A2dp_hw module
12-03 22:45:04.783: I/AudioFlinger(4218): loadHwModule() Loaded a2dp audio interface from A2DP Audio HW HAL (audio) handle 4
12-03 22:45:04.783: I/AudioFlinger(4218): loadHwModule() Loaded usb audio interface from USB audio HW HAL (audio) handle 5
12-03 22:45:04.783: I/r_submix(4218): adev_open(name=audio_hw_if)
12-03 22:45:04.783: I/r_submix(4218): adev_init_check()
12-03 22:45:04.783: I/AudioFlinger(4218): loadHwModule() Loaded r_submix audio interface from Wifi Display audio HAL (audio) handle 6
12-03 22:45:04.783: I/AudioPolicyService(4218): Loaded audio policy from LEGACY Audio Policy HAL (audio_policy)
12-03 22:45:04.953: I/Gecko(4216): [4216] WARNING: Failed to create Addons Manager.: file /home/fischer/Projects/gecko-dev/toolkit/xre/nsXREDirProvider.cpp, line 883
12-03 22:45:05.773: I/VolumeManager(4216): changing state from 'Uninitialized' to 'Starting'
12-03 22:45:05.773: I/VolumeManager(4216): Connected to vold
12-03 22:45:05.773: I/VolumeManager(4216): Volume sdcard (1): changing state from Init to Mounted @ '/mnt/shell/emulated/0' (1 observers) mountGeneration = 1, locked = 0
12-03 22:45:05.773: I/VolumeManager(4216): READY: Volume: sdcard (1) is Mounted and inserted @ /mnt/shell/emulated/0 gen 1 locked 0
12-03 22:45:05.773: I/VolumeManager(4216): READY:   Sharing x Mounting n Formating n Unmounting n
12-03 22:45:05.773: I/VolumeManager(4216): changing state from 'Starting' to 'Volumes Ready'
12-03 22:45:05.783: I/AutoMounter(4216): UpdateState: ums:A0C0E0 mtp:A1C0E0 mode:0 usb:1 tryToShare:0 state:IDLE
12-03 22:45:05.783: I/AutoMounter(4216): UpdateState: Volume sdcard is Mounted and inserted @ /mnt/shell/emulated/0 gen 1 locked 0 sharing x
12-03 22:45:05.843: I/Gecko(4216): MobileConnectionService: init complete
12-03 22:45:06.023: I/Gecko(4216): 1449200706029  Marionette  INFO  Marionette enabled via build flag and pref
12-03 22:45:07.783: I/Gecko(4216): 1449200707785  Marionette  INFO  Listening on port 2828
12-03 22:45:07.943: V/EventHub(4216): Opening device: /dev/input/event5
12-03 22:45:07.943: V/EventHub(4216): Created descriptor: raw=:0000:0000:name:msm8974-taiko-mtp-snd-card Headset Jack, cooked=c8e3782483b4837ead6602e20483c46ff801112c
12-03 22:45:07.943: V/EventHub(4216): add device 1: /dev/input/event5
12-03 22:45:07.943: V/EventHub(4216):   bus:        0000
12-03 22:45:07.943: V/EventHub(4216):   vendor      0000
12-03 22:45:07.943: V/EventHub(4216):   product     0000
12-03 22:45:07.943: V/EventHub(4216):   version     0000
12-03 22:45:07.943: V/EventHub(4216):   name:       "msm8974-taiko-mtp-snd-card Headset Jack"
12-03 22:45:07.943: V/EventHub(4216):   location:   "ALSA"
12-03 22:45:07.943: V/EventHub(4216):   unique id:  ""
12-03 22:45:07.943: V/EventHub(4216):   descriptor: "c8e3782483b4837ead6602e20483c46ff801112c"
12-03 22:45:07.943: V/EventHub(4216):   driver:     v1.0.1
12-03 22:45:07.943: D/EventHub(4216): No input device configuration file found for device 'msm8974-taiko-mtp-snd-card Headset Jack'.
12-03 22:45:07.943: I/EventHub(4216): New device: id=1, fd=61, path='/dev/input/event5', name='msm8974-taiko-mtp-snd-card Headset Jack', classes=0x80, configuration='', keyLayout='', keyCharacterMap='', builtinKeyboard=false, usingSuspendBlockIoctl=true, usingClockIoctl=true
12-03 22:45:07.943: V/EventHub(4216): Opening device: /dev/input/event4
12-03 22:45:07.943: V/EventHub(4216): Created descriptor: raw=:0000:0000:name:msm8974-taiko-mtp-snd-card Button Jack, cooked=96fe62b244c555351ec576b282232e787fb42bab
12-03 22:45:07.943: V/EventHub(4216): add device 2: /dev/input/event4
12-03 22:45:07.943: V/EventHub(4216):   bus:        0000
12-03 22:45:07.943: V/EventHub(4216):   vendor      0000
12-03 22:45:07.943: V/EventHub(4216):   product     0000
12-03 22:45:07.943: V/EventHub(4216):   version     0000
12-03 22:45:07.943: V/EventHub(4216):   name:       "msm8974-taiko-mtp-snd-card Button Jack"
12-03 22:45:07.943: V/EventHub(4216):   location:   "ALSA"
12-03 22:45:07.943: V/EventHub(4216):   unique id:  ""
12-03 22:45:07.943: V/EventHub(4216):   descriptor: "96fe62b244c555351ec576b282232e787fb42bab"
12-03 22:45:07.943: V/EventHub(4216):   driver:     v1.0.1
12-03 22:45:07.943: D/EventHub(4216): No input device configuration file found for device 'msm8974-taiko-mtp-snd-card Button Jack'.
12-03 22:45:07.943: W/EventHub(4216): Unable to disable kernel key repeat for /dev/input/event4: Function not implemented
12-03 22:45:07.943: I/EventHub(4216): New device: id=2, fd=63, path='/dev/input/event4', name='msm8974-taiko-mtp-snd-card Button Jack', classes=0x1, configuration='', keyLayout='/system/usr/keylayout/msm8974-taiko-mtp-snd-card_Button_Jack.kl', keyCharacterMap='/system/usr/keychars/msm8974-taiko-mtp-snd-card_Button_Jack.kcm', builtinKeyboard=false, usingSuspendBlockIoctl=true, usingClockIoctl=true
12-03 22:45:07.943: V/EventHub(4216): Opening device: /dev/input/event3
12-03 22:45:07.943: V/EventHub(4216): Created descriptor: raw=:0001:0001:, cooked=485d69228e24f5e46da1598745890b214130dbc4
12-03 22:45:07.943: V/EventHub(4216): add device 3: /dev/input/event3
12-03 22:45:07.943: V/EventHub(4216):   bus:        0000
12-03 22:45:07.943: V/EventHub(4216):   vendor      0001
12-03 22:45:07.943: V/EventHub(4216):   product     0001
12-03 22:45:07.943: V/EventHub(4216):   version     0001
12-03 22:45:07.943: V/EventHub(4216):   name:       "hs_detect"
12-03 22:45:07.943: V/EventHub(4216):   location:   ""
12-03 22:45:07.943: V/EventHub(4216):   unique id:  ""
12-03 22:45:07.943: V/EventHub(4216):   descriptor: "485d69228e24f5e46da1598745890b214130dbc4"
12-03 22:45:07.943: V/EventHub(4216):   driver:     v1.0.1
12-03 22:45:07.943: D/EventHub(4216): No input device configuration file found for device 'hs_detect'.
12-03 22:45:07.943: W/EventHub(4216): Unable to disable kernel key repeat for /dev/input/event3: Function not implemented
12-03 22:45:07.943: I/EventHub(4216): New device: id=3, fd=64, path='/dev/input/event3', name='hs_detect', classes=0x81, configuration='', keyLayout='/system/usr/keylayout/hs_detect.kl', keyCharacterMap='/system/usr/keychars/hs_detect.kcm', builtinKeyboard=false, usingSuspendBlockIoctl=true, usingClockIoctl=true
12-03 22:45:07.943: V/EventHub(4216): Opening device: /dev/input/event1
12-03 22:45:07.943: V/EventHub(4216): Created descriptor: raw=:0000:0000:name:touch_dev, cooked=4e2720e99bd2b59adae8529881343531fff7c98e
12-03 22:45:07.943: V/EventHub(4216): add device 4: /dev/input/event1
12-03 22:45:07.943: V/EventHub(4216):   bus:        0000
12-03 22:45:07.943: V/EventHub(4216):   vendor      0000
12-03 22:45:07.943: V/EventHub(4216):   product     0000
12-03 22:45:07.943: V/EventHub(4216):   version     0000
12-03 22:45:07.943: V/EventHub(4216):   name:       "touch_dev"
12-03 22:45:07.943: V/EventHub(4216):   location:   ""
12-03 22:45:07.943: V/EventHub(4216):   unique id:  ""
12-03 22:45:07.943: V/EventHub(4216):   descriptor: "4e2720e99bd2b59adae8529881343531fff7c98e"
12-03 22:45:07.943: V/EventHub(4216):   driver:     v1.0.1
12-03 22:45:07.943: I/EventHub(4216): New device: id=4, fd=65, path='/dev/input/event1', name='touch_dev', classes=0x14, configuration='/system/usr/idc/touch_dev.idc', keyLayout='', keyCharacterMap='', builtinKeyboard=false, usingSuspendBlockIoctl=true, usingClockIoctl=true
12-03 22:45:07.943: V/EventHub(4216): Opening device: /dev/input/event0
12-03 22:45:07.943: V/EventHub(4216): Created descriptor: raw=:0000:0000:name:qpnp_pon, cooked=fb60d4f4370f5dbe8267b63d38dea852987571ab
12-03 22:45:07.943: V/EventHub(4216): add device 5: /dev/input/event0
12-03 22:45:07.943: V/EventHub(4216):   bus:        0000
12-03 22:45:07.943: V/EventHub(4216):   vendor      0000
12-03 22:45:07.943: V/EventHub(4216):   product     0000
12-03 22:45:07.943: V/EventHub(4216):   version     0000
12-03 22:45:07.943: V/EventHub(4216):   name:       "qpnp_pon"
12-03 22:45:07.943: V/EventHub(4216):   location:   "qpnp_pon/input0"
12-03 22:45:07.943: V/EventHub(4216):   unique id:  ""
12-03 22:45:07.943: V/EventHub(4216):   descriptor: "fb60d4f4370f5dbe8267b63d38dea852987571ab"
12-03 22:45:07.943: V/EventHub(4216):   driver:     v1.0.1
12-03 22:45:07.943: D/EventHub(4216): No input device configuration file found for device 'qpnp_pon'.
12-03 22:45:07.943: W/EventHub(4216): Unable to disable kernel key repeat for /dev/input/event0: Function not implemented
12-03 22:45:07.943: I/EventHub(4216): New device: id=5, fd=66, path='/dev/input/event0', name='qpnp_pon', classes=0x1, configuration='', keyLayout='/system/usr/keylayout/qpnp_pon.kl', keyCharacterMap='/system/usr/keychars/qpnp_pon.kcm', builtinKeyboard=false, usingSuspendBlockIoctl=true, usingClockIoctl=true
12-03 22:45:07.943: V/EventHub(4216): Opening device: /dev/input/event2
12-03 22:45:07.943: V/EventHub(4216): Created descriptor: raw=:0001:0001:, cooked=485d69228e24f5e46da1598745890b214130dbc4
12-03 22:45:07.943: V/EventHub(4216): add device 6: /dev/input/event2
12-03 22:45:07.943: V/EventHub(4216):   bus:        0019
12-03 22:45:07.943: V/EventHub(4216):   vendor      0001
12-03 22:45:07.943: V/EventHub(4216):   product     0001
12-03 22:45:07.943: V/EventHub(4216):   version     0100
12-03 22:45:07.943: V/EventHub(4216):   name:       "gpio-keys"
12-03 22:45:07.943: V/EventHub(4216):   location:   "gpio-keys/input0"
12-03 22:45:07.943: V/EventHub(4216):   unique id:  ""
12-03 22:45:07.943: V/EventHub(4216):   descriptor: "485d69228e24f5e46da1598745890b214130dbc4"
12-03 22:45:07.943: V/EventHub(4216):   driver:     v1.0.1
12-03 22:45:07.943: D/EventHub(4216): No input device configuration file found for device 'gpio-keys'.
12-03 22:45:07.943: W/EventHub(4216): Unable to disable kernel key repeat for /dev/input/event2: Function not implemented
12-03 22:45:07.943: I/EventHub(4216): New device: id=6, fd=67, path='/dev/input/event2', name='gpio-keys', classes=0x81, configuration='', keyLayout='/system/usr/keylayout/gpio-keys.kl', keyCharacterMap='/system/usr/keychars/gpio-keys.kcm', builtinKeyboard=false, usingSuspendBlockIoctl=true, usingClockIoctl=true
12-03 22:45:07.943: V/EventHub(4216): Created descriptor: raw=:0000:0000:uniqueId:<virtual>name:Virtual, cooked=a718a782d34bc767f4689c232d64d527998ea7fd
12-03 22:45:07.953: I/libsensor1(4216): sensor1_init_once: Setting log level to 4
12-03 22:45:07.953: I/qcom_sensors_hal(4216): hal_init: Setting log level to 4
12-03 22:45:07.953: V/EventHub(4216): Reporting device opened: id=-1, name=<virtual>
12-03 22:45:07.953: V/EventHub(4216): Reporting device opened: id=6, name=/dev/input/event2
12-03 22:45:07.953: V/EventHub(4216): Reporting device opened: id=5, name=/dev/input/event0
12-03 22:45:07.953: V/EventHub(4216): Reporting device opened: id=4, name=/dev/input/event1
12-03 22:45:07.953: V/EventHub(4216): Reporting device opened: id=3, name=/dev/input/event3
12-03 22:45:07.953: V/EventHub(4216): Reporting device opened: id=2, name=/dev/input/event4
12-03 22:45:07.953: V/EventHub(4216): Reporting device opened: id=1, name=/dev/input/event5
12-03 22:45:07.953: I/InputReader(4216): Device added: id=-1, name='Virtual', sources=0x00000301
12-03 22:45:07.953: I/InputReader(4216): Device added: id=6, name='gpio-keys', sources=0x80000101
12-03 22:45:07.953: I/InputReader(4216): Device added: id=5, name='qpnp_pon', sources=0x00000101
12-03 22:45:07.953: I/InputReader(4216): Device reconfigured: id=4, name='touch_dev', size 1080x1920, orientation 0, mode 1, display id 0
12-03 22:45:07.953: I/InputReader(4216): Device added: id=4, name='touch_dev', sources=0x00001002
12-03 22:45:07.953: I/InputReader(4216): Device added: id=3, name='hs_detect', sources=0x80000101
12-03 22:45:07.953: I/InputReader(4216): Device added: id=2, name='msm8974-taiko-mtp-snd-card Button Jack', sources=0x00000101
12-03 22:45:07.953: I/InputReader(4216): Device added: id=1, name='msm8974-taiko-mtp-snd-card Headset Jack', sources=0x80000000
12-03 22:45:08.043: I/HWComposer(4216): Creating new instance
12-03 22:45:08.043: I/qdhwcomposer(4216): hwc_registerProcs
12-03 22:45:08.043: I/qdhwcomposer(4216): Initializing UEVENT Thread
12-03 22:45:08.043: I/qdhwcomposer(4216): Initializing VSYNC Thread
12-03 22:45:08.043: I/qdhwcomposer(4216): vsync_loop: Reading vsync for dpy=0 from /sys/class/graphics/fb0/vsync_event
12-03 22:45:08.043: I/qdhwcomposer(4216): vsync_loop: Reading vsync for dpy=1 from /sys/class/graphics/fb1/vsync_event
12-03 22:45:08.053: I/Gecko(4216): ++DOCSHELL 0xadec4c00 == 1 [pid = 4216] [id = 1]
12-03 22:45:08.053: I/Gecko(4216): ++DOMWINDOW == 1 (0xadec5000) [pid = 4216] [serial = 1] [outer = 0x0]
12-03 22:45:08.063: I/Gecko(4216): ++DOMWINDOW == 2 (0xadec5c00) [pid = 4216] [serial = 2] [outer = 0xadec5000]
12-03 22:45:08.703: I/Gecko(4216): [4216] WARNING: NS_ENSURE_SUCCESS(rv, rv) failed with result 0x80520012: file /home/fischer/Projects/gecko-dev/extensions/cookie/nsPermissionManager.cpp, line 2609
12-03 22:45:08.873: I/GeckoDump(4216): Error getting tracking ID [Exception... "Component returned failure code: 0x8000ffff (NS_ERROR_UNEXPECTED) [nsIPrefBranch.getIntPref]"  nsresult: "0x8000ffff (NS_ERROR_UNEXPECTED)"  location: "JS frame :: chrome://b2g/content/settings.js :: setUpdateTrackingId :: line 294"  data: no]
12-03 22:45:09.643: I/Gecko(4216): AlarmService: init()
12-03 22:45:09.653: I/Gecko(4216): AlarmService: _restoreAlarmsFromDb()
12-03 22:45:09.843: W/GeckoConsole(4216): [JavaScript Warning: "Empty string passed to getElementById()." {file: "chrome://b2g/content/shell.html" line: 0}]
12-03 22:45:10.623: I/Gecko(4216): -*-*- Webapps.jsm : init
12-03 22:45:10.633: I/Gecko(4216): -*-*- Webapps.jsm : loadAndUpdateApps
12-03 22:45:10.893: I/Gecko(4216): [4216] WARNING: NS_ENSURE_TRUE(startupCache) failed: file /home/fischer/Projects/gecko-dev/dom/xbl/nsXBLDocumentInfo.cpp, line 199
12-03 22:45:10.893: I/Gecko(4216): [4216] WARNING: NS_ENSURE_TRUE(startupCache) failed: file /home/fischer/Projects/gecko-dev/dom/xbl/nsXBLDocumentInfo.cpp, line 267
12-03 22:45:10.953: I/Gecko(4216): [Parent 4216] WARNING: Unable to printf the requested string due to error.: file /home/fischer/Projects/gecko-dev/ipc/chromium/src/base/string_util.cc, line 427
12-03 22:45:10.953: I/Gecko(4216): [Parent 4216] WARNING: Unable to printf the requested string due to error.: file /home/fischer/Projects/gecko-dev/ipc/chromium/src/base/string_util.cc, line 427
12-03 22:45:10.953: I/Gecko(4216): [Parent 4216] WARNING: Unable to printf the requested string due to error.: file /home/fischer/Projects/gecko-dev/ipc/chromium/src/base/string_util.cc, line 427
12-03 22:45:10.953: I/Gecko(4216): [Parent 4216] WARNING: Unable to printf the requested string due to error.: file /home/fischer/Projects/gecko-dev/ipc/chromium/src/base/string_util.cc, line 427
12-03 22:45:11.163: I/Gecko(4216): -*-*- Webapps.jsm : runUpdate || !loadAppPermission
12-03 22:45:11.243: I/Gecko(4232): [Child 4232] WARNING: '!compMgr', file /home/fischer/Projects/gecko-dev/xpcom/glue/nsComponentManagerUtils.cpp, line 63
12-03 22:45:11.243: I/Gecko(4232): [Child 4232] WARNING: NS_ENSURE_TRUE(InitStaticMembers()) failed: file /home/fischer/Projects/gecko-dev/modules/libpref/Preferences.cpp, line 1355
12-03 22:45:12.053: I/Gecko(4216): -*-*- Webapps.jsm : updateOfflineCacheForApp and appId = bluetooth.gaiamobile.org
12-03 22:45:12.053: I/Gecko(4216): -*-*- Webapps.jsm : updateOfflineCacheForApp and app.manifestURL = app://bluetooth.gaiamobile.org/manifest.webapp
12-03 22:45:12.053: I/Gecko(4216): -*-*- Webapps.jsm : _readManifests of bluetooth.gaiamobile.org
12-03 22:45:12.053: I/Gecko(4216): -*-*- Webapps.jsm : Find no manifestCache of bluetooth.gaiamobile.org. The manifest file used to be named manifest.json, so fallback on /system/b2g/webapps/bluetooth.gaiamobile.org
12-03 22:45:12.063: I/Gecko(4216): -*-*- Webapps.jsm : _readManifests of bluetooth.gaiamobile.org
12-03 22:45:12.063: I/Gecko(4216): -*-*- Webapps.jsm : Find no manifestCache of bluetooth.gaiamobile.org. The manifest file used to be named manifest.json, so fallback on /system/b2g/webapps/bluetooth.gaiamobile.org
12-03 22:45:12.063: I/Gecko(4216): -*-*- Webapps.jsm : updateOfflineCacheForApp and appId = bookmark.gaiamobile.org
12-03 22:45:12.063: I/Gecko(4216): -*-*- Webapps.jsm : updateOfflineCacheForApp and app.manifestURL = app://bookmark.gaiamobile.org/manifest.webapp
12-03 22:45:12.063: I/Gecko(4216): -*-*- Webapps.jsm : _readManifests of bookmark.gaiamobile.org
12-03 22:45:12.073: I/Gecko(4216): -*-*- Webapps.jsm : Find no manifestCache of bookmark.gaiamobile.org. The manifest file used to be named manifest.json, so fallback on /system/b2g/webapps/bookmark.gaiamobile.org
12-03 22:45:12.073: I/Gecko(4216): -*-*- Webapps.jsm : _readManifests of bookmark.gaiamobile.org
12-03 22:45:12.083: I/Gecko(4216): -*-*- Webapps.jsm : Find no manifestCache of bookmark.gaiamobile.org. The manifest file used to be named manifest.json, so fallback on /system/b2g/webapps/bookmark.gaiamobile.org
12-03 22:45:12.083: I/Gecko(4216): -*-*- Webapps.jsm : updateOfflineCacheForApp and appId = calendar.gaiamobile.org
12-03 22:45:12.083: I/Gecko(4216): -*-*- Webapps.jsm : updateOfflineCacheForApp and app.manifestURL = app://calendar.gaiamobile.org/manifest.webapp
12-03 22:45:12.083: I/Gecko(4216): -*-*- Webapps.jsm : _readManifests of calendar.gaiamobile.org
12-03 22:45:12.093: I/Gecko(4216): -*-*- Webapps.jsm : Find no manifestCache of calendar.gaiamobile.org. The manifest file used to be named manifest.json, so fallback on /system/b2g/webapps/calendar.gaiamobile.org
12-03 22:45:12.093: I/Gecko(4216): -*-*- Webapps.jsm : _readManifests of calendar.gaiamobile.org
12-03 22:45:12.093: I/Gecko(4216): -*-*- Webapps.jsm : Find no manifestCache of calendar.gaiamobile.org. The manifest file used to be named manifest.json, so fallback on /system/b2g/webapps/calendar.gaiamobile.org
12-03 22:45:12.103: I/Gecko(4216): -*-*- Webapps.jsm : updateOfflineCacheForApp and appId = callscreen.gaiamobile.org
12-03 22:45:12.103: I/Gecko(4216): -*-*- Webapps.jsm : updateOfflineCacheForApp and app.manifestURL = app://callscreen.gaiamobile.org/manifest.webapp
12-03 22:45:12.103: I/Gecko(4216): -*-*- Webapps.jsm : _readManifests of callscreen.gaiamobile.org
12-03 22:45:12.103: I/Gecko(4216): -*-*- Webapps.jsm : Find no manifestCache of callscreen.gaiamobile.org. The manifest file used to be named manifest.json, so fallback on /system/b2g/webapps/callscreen.gaiamobile.org
12-03 22:45:12.103: I/Gecko(4216): -*-*- Webapps.jsm : _readManifests of callscreen.gaiamobile.org
12-03 22:45:12.113: I/Gecko(4216): -*-*- Webapps.jsm : Find no manifestCache of callscreen.gaiamobile.org. The manifest file used to be named manifest.json, so fallback on /system/b2g/webapps/callscreen.gaiamobile.org
12-03 22:45:12.113: I/Gecko(4216): -*-*- Webapps.jsm : updateOfflineCacheForApp and appId = camera.gaiamobile.org
12-03 22:45:12.113: I/Gecko(4216): -*-*- Webapps.jsm : updateOfflineCacheForApp and app.manifestURL = app://camera.gaiamobile.org/manifest.webapp
12-03 22:45:12.113: I/Gecko(4216): -*-*- Webapps.jsm : _readManifests of camera.gaiamobile.org
12-03 22:45:12.113: I/Gecko(4216): -*-*- Webapps.jsm : Find no manifestCache of camera.gaiamobile.org. The manifest file used to be named manifest.json, so fallback on /system/b2g/webapps/camera.gaiamobile.org
12-03 22:45:12.163: I/Gecko(4216): -*-*- Webapps.jsm : _readManifests of camera.gaiamobile.org
12-03 22:45:12.163: I/Gecko(4216): -*-*- Webapps.jsm : Find no manifestCache of camera.gaiamobile.org. The manifest file used to be named manifest.json, so fallback on /system/b2g/webapps/camera.gaiamobile.org
12-03 22:45:12.173: I/Gecko(4216): -*-*- Webapps.jsm : updateOfflineCacheForApp and appId = clock.gaiamobile.org
12-03 22:45:12.173: I/Gecko(4216): -*-*- Webapps.jsm : updateOfflineCacheForApp and app.manifestURL = app://clock.gaiamobile.org/manifest.webapp
12-03 22:45:12.173: I/Gecko(4216): -*-*- Webapps.jsm : _readManifests of clock.gaiamobile.org
12-03 22:45:12.173: I/Gecko(4216): -*-*- Webapps.jsm : Find no manifestCache of clock.gaiamobile.org. The manifest file used to be named manifest.json, so fallback on /system/b2g/webapps/clock.gaiamobile.org
12-03 22:45:12.183: I/Gecko(4216): -*-*- Webapps.jsm : _readManifests of clock.gaiamobile.org
12-03 22:45:12.183: I/Gecko(4216): -*-*- Webapps.jsm : Find no manifestCache of clock.gaiamobile.org. The manifest file used to be named manifest.json, so fallback on /system/b2g/webapps/clock.gaiamobile.org
12-03 22:45:12.193: I/Gecko(4216): -*-*- Webapps.jsm : updateOfflineCacheForApp and appId = communications.gaiamobile.org
12-03 22:45:12.193: I/Gecko(4216): -*-*- Webapps.jsm : updateOfflineCacheForApp and app.manifestURL = app://communications.gaiamobile.org/manifest.webapp
12-03 22:45:12.193: I/Gecko(4216): -*-*- Webapps.jsm : _readManifests of communications.gaiamobile.org
12-03 22:45:12.203: I/Gecko(4216): -*-*- Webapps.jsm : Find no manifestCache of communications.gaiamobile.org. The manifest file used to be named manifest.json, so fallback on /system/b2g/webapps/communications.gaiamobile.org
12-03 22:45:12.203: I/Gecko(4216): -*-*- Webapps.jsm : _readManifests of communications.gaiamobile.org
12-03 22:45:12.213: I/Gecko(4216): -*-*- Webapps.jsm : Find no manifestCache of communications.gaiamobile.org. The manifest file used to be named manifest.json, so fallback on /system/b2g/webapps/communications.gaiamobile.org
12-03 22:45:12.213: I/Gecko(4216): -*-*- Webapps.jsm : updateOfflineCacheForApp and appId = costcontrol.gaiamobile.org
12-03 22:45:12.213: I/Gecko(4216): -*-*- Webapps.jsm : updateOfflineCacheForApp and app.manifestURL = app://costcontrol.gaiamobile.org/manifest.webapp
12-03 22:45:12.213: I/Gecko(4216): -*-*- Webapps.jsm : _readManifests of costcontrol.gaiamobile.org
12-03 22:45:12.223: I/Gecko(4216): -*-*- Webapps.jsm : Find no manifestCache of costcontrol.gaiamobile.org. The manifest file used to be named manifest.json, so fallback on /system/b2g/webapps/costcontrol.gaiamobile.org
12-03 22:45:12.233: I/Gecko(4216): -*-*- Webapps.jsm : _readManifests of costcontrol.gaiamobile.org
12-03 22:45:12.233: I/Gecko(4216): -*-*- Webapps.jsm : Find no manifestCache of costcontrol.gaiamobile.org. The manifest file used to be named manifest.json, so fallback on /system/b2g/webapps/costcontrol.gaiamobile.org
12-03 22:45:12.233: I/Gecko(4216): -*-*- Webapps.jsm : updateOfflineCacheForApp and appId = default_theme.gaiamobile.org
12-03 22:45:12.233: I/Gecko(4216): -*-*- Webapps.jsm : updateOfflineCacheForApp and app.manifestURL = app://default_theme.gaiamobile.org/manifest.webapp
12-03 22:45:12.233: I/Gecko(4216): -*-*- Webapps.jsm : _readManifests of default_theme.gaiamobile.org
12-03 22:45:12.243: I/Gecko(4216): -*-*- Webapps.jsm : Find no manifestCache of default_theme.gaiamobile.org. The manifest file used to be named manifest.json, so fallback on /system/b2g/webapps/default_theme.gaiamobile.org
12-03 22:45:12.243: I/Gecko(4216): -*-*- Webapps.jsm : _readManifests of default_theme.gaiamobile.org
12-03 22:45:12.243: I/Gecko(4216): -*-*- Webapps.jsm : Find no manifestCache of default_theme.gaiamobile.org. The manifest file used to be named manifest.json, so fallback on /system/b2g/webapps/default_theme.gaiamobile.org
12-03 22:45:12.253: I/Gecko(4216): -*-*- Webapps.jsm : updateOfflineCacheForApp and appId = download.gaiamobile.org
12-03 22:45:12.253: I/Gecko(4216): -*-*- Webapps.jsm : updateOfflineCacheForApp and app.manifestURL = app://download.gaiamobile.org/manifest.webapp
12-03 22:45:12.253: I/Gecko(4216): -*-*- Webapps.jsm : _readManifests of download.gaiamobile.org
12-03 22:45:12.253: I/Gecko(4216): -*-*- Webapps.jsm : Find no manifestCache of download.gaiamobile.org. The manifest file used to be named manifest.json, so fallback on /system/b2g/webapps/download.gaiamobile.org
12-03 22:45:12.263: I/Gecko(4216): -*-*- Webapps.jsm : _readManifests of download.gaiamobile.org
12-03 22:45:12.263: I/Gecko(4216): -*-*- Webapps.jsm : Find no manifestCache of download.gaiamobile.org. The manifest file used to be named manifest.json, so fallback on /system/b2g/webapps/download.gaiamobile.org
12-03 22:45:12.273: I/Gecko(4216): -*-*- Webapps.jsm : updateOfflineCacheForApp and appId = email.gaiamobile.org
12-03 22:45:12.273: I/Gecko(4216): -*-*- Webapps.jsm : updateOfflineCacheForApp and app.manifestURL = app://email.gaiamobile.org/manifest.webapp
12-03 22:45:12.283: I/Gecko(4216): -*-*- Webapps.jsm : _readManifests of email.gaiamobile.org
12-03 22:45:12.283: I/Gecko(4216): -*-*- Webapps.jsm : Find no manifestCache of email.gaiamobile.org. The manifest file used to be named manifest.json, so fallback on /system/b2g/webapps/email.gaiamobile.org
12-03 22:45:12.283: I/Gecko(4216): -*-*- Webapps.jsm : _readManifests of email.gaiamobile.org
12-03 22:45:12.283: I/Gecko(4216): -*-*- Webapps.jsm : Find no manifestCache of email.gaiamobile.org. The manifest file used to be named manifest.json, so fallback on /system/b2g/webapps/email.gaiamobile.org
12-03 22:45:12.293: I/Gecko(4216): -*-*- Webapps.jsm : updateOfflineCacheForApp and appId = emergency-call.gaiamobile.org
12-03 22:45:12.293: I/Gecko(4216): -*-*- Webapps.jsm : updateOfflineCacheForApp and app.manifestURL = app://emergency-call.gaiamobile.org/manifest.webapp
12-03 22:45:12.293: I/Gecko(4216): -*-*- Webapps.jsm : _readManifests of emergency-call.gaiamobile.org
12-03 22:45:12.293: I/Gecko(4216): -*-*- Webapps.jsm : Find no manifestCache of emergency-call.gaiamobile.org. The manifest file used to be named manifest.json, so fallback on /system/b2g/webapps/emergency-call.gaiamobile.org
12-03 22:45:12.303: I/Gecko(4216): -*-*- Webapps.jsm : _readManifests of emergency-call.gaiamobile.org
12-03 22:45:12.303: I/Gecko(4216): -*-*- Webapps.jsm : Find no manifestCache of emergency-call.gaiamobile.org. The manifest file used to be named manifest.json, so fallback on /system/b2g/webapps/emergency-call.gaiamobile.org
12-03 22:45:12.313: I/Gecko(4216): -*-*- Webapps.jsm : updateOfflineCacheForApp and appId = findmydevice.gaiamobile.org
12-03 22:45:12.313: I/Gecko(4216): -*-*- Webapps.jsm : updateOfflineCacheForApp and app.manifestURL = app://findmydevice.gaiamobile.org/manifest.webapp
12-03 22:45:12.313: I/Gecko(4216): -*-*- Webapps.jsm : _readManifests of findmydevice.gaiamobile.org
12-03 22:45:12.313: I/Gecko(4216): -*-*- Webapps.jsm : Find no manifestCache of findmydevice.gaiamobile.org. The manifest file used to be named manifest.json, so fallback on /system/b2g/webapps/findmydevice.gaiamobile.org
12-03 22:45:12.313: I/Gecko(4216): -*-*- Webapps.jsm : _readManifests of findmydevice.gaiamobile.org
12-03 22:45:12.313: I/Gecko(4216): -*-*- Webapps.jsm : Find no manifestCache of findmydevice.gaiamobile.org. The manifest file used to be named manifest.json, so fallback on /system/b2g/webapps/findmydevice.gaiamobile.org
12-03 22:45:12.323: I/Gecko(4216): -*-*- Webapps.jsm : updateOfflineCacheForApp and appId = fl.gaiamobile.org
12-03 22:45:12.323: I/Gecko(4216): -*-*- Webapps.jsm : updateOfflineCacheForApp and app.manifestURL = app://fl.gaiamobile.org/manifest.webapp
12-03 22:45:12.323: I/Gecko(4216): -*-*- Webapps.jsm : _readManifests of fl.gaiamobile.org
12-03 22:45:12.323: I/Gecko(4216): -*-*- Webapps.jsm : Find no manifestCache of fl.gaiamobile.org. The manifest file used to be named manifest.json, so fallback on /system/b2g/webapps/fl.gaiamobile.org
12-03 22:45:12.333: I/Gecko(4216): -*-*- Webapps.jsm : _readManifests of fl.gaiamobile.org
12-03 22:45:12.333: I/Gecko(4216): -*-*- Webapps.jsm : Find no manifestCache of fl.gaiamobile.org. The manifest file used to be named manifest.json, so fallback on /system/b2g/webapps/fl.gaiamobile.org
12-03 22:45:12.333: I/Gecko(4216): -*-*- Webapps.jsm : updateOfflineCacheForApp and appId = fm.gaiamobile.org
12-03 22:45:12.333: I/Gecko(4216): -*-*- Webapps.jsm : updateOfflineCacheForApp and app.manifestURL = app://fm.gaiamobile.org/manifest.webapp
12-03 22:45:12.333: I/Gecko(4216): -*-*- Webapps.jsm : _readManifests of fm.gaiamobile.org
12-03 22:45:12.343: I/Gecko(4216): -*-*- Webapps.jsm : Find no manifestCache of fm.gaiamobile.org. The manifest file used to be named manifest.json, so fallback on /system/b2g/webapps/fm.gaiamobile.org
12-03 22:45:12.343: I/Gecko(4216): -*-*- Webapps.jsm : _readManifests of fm.gaiamobile.org
12-03 22:45:12.343: I/Gecko(4216): -*-*- Webapps.jsm : Find no manifestCache of fm.gaiamobile.org. The manifest file used to be named manifest.json, so fallback on /system/b2g/webapps/fm.gaiamobile.org
12-03 22:45:12.363: I/Gecko(4216): -*-*- Webapps.jsm : updateOfflineCacheForApp and appId = ftu.gaiamobile.org
12-03 22:45:12.363: I/Gecko(4216): -*-*- Webapps.jsm : updateOfflineCacheForApp and app.manifestURL = app://ftu.gaiamobile.org/manifest.webapp
12-03 22:45:12.363: I/Gecko(4216): -*-*- Webapps.jsm : _readManifests of ftu.gaiamobile.org
12-03 22:45:12.363: I/Gecko(4216): -*-*- Webapps.jsm : Find no manifestCache of ftu.gaiamobile.org. The manifest file used to be named manifest.json, so fallback on /system/b2g/webapps/ftu.gaiamobile.org
12-03 22:45:12.373: I/Gecko(4216): -*-*- Webapps.jsm : _readManifests of ftu.gaiamobile.org
12-03 22:45:12.373: I/Gecko(4216): -*-*- Webapps.jsm : Find no manifestCache of ftu.gaiamobile.org. The manifest file used to be named manifest.json, so fallback on /system/b2g/webapps/ftu.gaiamobile.org
12-03 22:45:12.373: I/Gecko(4216): -*-*- Webapps.jsm : updateOfflineCacheForApp and appId = gallery.gaiamobile.org
12-03 22:45:12.373: I/Gecko(4216): -*-*- Webapps.jsm : updateOfflineCacheForApp and app.manifestURL = app://gallery.gaiamobile.org/manifest.webapp
12-03 22:45:12.373: I/Gecko(4216): -*-*- Webapps.jsm : _readManifests of gallery.gaiamobile.org
12-03 22:45:12.383: I/Gecko(4216): -*-*- Webapps.jsm : Find no manifestCache of gallery.gaiamobile.org. The manifest file used to be named manifest.json, so fallback on /system/b2g/webapps/gallery.gaiamobile.org
12-03 22:45:12.383: I/Gecko(4216): -*-*- Webapps.jsm : _readManifests of gallery.gaiamobile.org
