12-09 15:07:54.646: I/Gecko(11759): [Parent 11759] WARNING: No Document in SetRequestContext; can not query loadgroup; sending reports may fail.: file /Users/foxbrush/Projects/gecko-dev-appcache/dom/security/nsCSPContext.cpp, line 603
12-09 15:07:54.646: I/Gecko(11759): [Parent 11759] WARNING: No Document in SetRequestContext; can not query loadgroup; sending reports may fail.: file /Users/foxbrush/Projects/gecko-dev-appcache/dom/security/nsCSPContext.cpp, line 603
12-09 15:07:54.656: I/Gecko(11759): [Parent 11759] WARNING: No Document in SetRequestContext; can not query loadgroup; sending reports may fail.: file /Users/foxbrush/Projects/gecko-dev-appcache/dom/security/nsCSPContext.cpp, line 603
12-09 15:07:54.686: I/Gecko(11759): [Parent 11759] WARNING: No Document in SetRequestContext; can not query loadgroup; sending reports may fail.: file /Users/foxbrush/Projects/gecko-dev-appcache/dom/security/nsCSPContext.cpp, line 603
12-09 15:07:54.716: I/Gecko(11759): [Parent 11759] WARNING: No Document in SetRequestContext; can not query loadgroup; sending reports may fail.: file /Users/foxbrush/Projects/gecko-dev-appcache/dom/security/nsCSPContext.cpp, line 603
12-09 15:07:54.756: I/Gecko(11759): [Parent 11759] WARNING: No Document in SetRequestContext; can not query loadgroup; sending reports may fail.: file /Users/foxbrush/Projects/gecko-dev-appcache/dom/security/nsCSPContext.cpp, line 603
12-09 15:07:54.776: I/Gecko(11759): [Parent 11759] WARNING: No Document in SetRequestContext; can not query loadgroup; sending reports may fail.: file /Users/foxbrush/Projects/gecko-dev-appcache/dom/security/nsCSPContext.cpp, line 603
12-09 15:07:54.786: I/Gecko(11759): [Parent 11759] WARNING: No Document in SetRequestContext; can not query loadgroup; sending reports may fail.: file /Users/foxbrush/Projects/gecko-dev-appcache/dom/security/nsCSPContext.cpp, line 603
12-09 15:07:54.786: I/Gecko(11759): [Parent 11759] WARNING: No Document in SetRequestContext; can not query loadgroup; sending reports may fail.: file /Users/foxbrush/Projects/gecko-dev-appcache/dom/security/nsCSPContext.cpp, line 603
12-09 15:07:54.786: I/Gecko(11759): [Parent 11759] WARNING: No Document in SetRequestContext; can not query loadgroup; sending reports may fail.: file /Users/foxbrush/Projects/gecko-dev-appcache/dom/security/nsCSPContext.cpp, line 603
12-09 15:07:54.796: I/Gecko(11759): [Parent 11759] WARNING: No Document in SetRequestContext; can not query loadgroup; sending reports may fail.: file /Users/foxbrush/Projects/gecko-dev-appcache/dom/security/nsCSPContext.cpp, line 603
12-09 15:07:54.806: I/Gecko(11759): [Parent 11759] WARNING: No Document in SetRequestContext; can not query loadgroup; sending reports may fail.: file /Users/foxbrush/Projects/gecko-dev-appcache/dom/security/nsCSPContext.cpp, line 603
12-09 15:07:54.806: I/Gecko(11759): [Parent 11759] WARNING: No Document in SetRequestContext; can not query loadgroup; sending reports may fail.: file /Users/foxbrush/Projects/gecko-dev-appcache/dom/security/nsCSPContext.cpp, line 603
12-09 15:07:54.816: I/Gecko(11759): [Parent 11759] WARNING: No Document in SetRequestContext; can not query loadgroup; sending reports may fail.: file /Users/foxbrush/Projects/gecko-dev-appcache/dom/security/nsCSPContext.cpp, line 603
12-09 15:07:54.836: I/Gecko(11759): [Parent 11759] WARNING: No Document in SetRequestContext; can not query loadgroup; sending reports may fail.: file /Users/foxbrush/Projects/gecko-dev-appcache/dom/security/nsCSPContext.cpp, line 603
12-09 15:07:54.896: I/Gecko(11759): -*-*- Webapps.jsm : _readManifests of settings.gaiamobile.org
12-09 15:07:54.936: I/Gecko(11759): XXX FIXME : Dispatch a mozIACChromeEvent: inter-app-comm-permission
12-09 15:07:54.936: I/Gecko(11759): XXX FIXME : Dispatch a mozIACContentEvent: inter-app-comm-permission
12-09 15:07:55.006: I/Gecko(11759): XXX FIXME : Dispatch a mozFxAccountsChromeEvent: undefined
12-09 15:07:55.036: I/Gecko(11759): XXX FIXME : Dispatch a mozFxAccountsChromeEvent: undefined
12-09 15:07:55.066: W/Settings(12651): Content JS WARN: No callbacks for method getAccount
12-09 15:07:55.066: W/Settings(12651):     at onMessage (app://settings.gaiamobile.org/shared/js/fxa_iac_client.js:90:11)
12-09 15:07:55.086: I/(Preallocated app)(13114): PAC file installed from data: URI
12-09 15:07:58.026: V/EventHub(11759): /dev/input/event1 got: time=17374.333021, type=3, code=57, value=355
12-09 15:07:58.026: V/EventHub(11759): event time 17374333021000, now 17374336048484
12-09 15:07:58.026: V/EventHub(11759): /dev/input/event1 got: time=17374.333021, type=3, code=53, value=942
12-09 15:07:58.026: V/EventHub(11759): event time 17374333021000, now 17374336048484
12-09 15:07:58.026: V/EventHub(11759): /dev/input/event1 got: time=17374.333021, type=3, code=54, value=333
12-09 15:07:58.026: V/EventHub(11759): event time 17374333021000, now 17374336048484
12-09 15:07:58.026: V/EventHub(11759): /dev/input/event1 got: time=17374.333021, type=3, code=58, value=51
12-09 15:07:58.026: V/EventHub(11759): event time 17374333021000, now 17374336048484
12-09 15:07:58.026: V/EventHub(11759): /dev/input/event1 got: time=17374.333021, type=0, code=0, value=0
12-09 15:07:58.026: V/EventHub(11759): event time 17374333021000, now 17374336048484
12-09 15:07:58.106: V/EventHub(11759): /dev/input/event1 got: time=17374.415856, type=3, code=54, value=332
12-09 15:07:58.106: V/EventHub(11759): event time 17374415856000, now 17374418433484
12-09 15:07:58.106: V/EventHub(11759): /dev/input/event1 got: time=17374.415856, type=0, code=0, value=0
12-09 15:07:58.106: V/EventHub(11759): event time 17374415856000, now 17374418433484
12-09 15:07:58.116: V/EventHub(11759): /dev/input/event1 got: time=17374.424151, type=3, code=57, value=-1
12-09 15:07:58.116: V/EventHub(11759): event time 17374424151000, now 17374426627807
12-09 15:07:58.116: V/EventHub(11759): /dev/input/event1 got: time=17374.424151, type=0, code=0, value=0
12-09 15:07:58.116: V/EventHub(11759): event time 17374424151000, now 17374426627807
12-09 15:07:58.176: I/Gecko(11759): [Parent 11759] WARNING: No Document in SetRequestContext; can not query loadgroup; sending reports may fail.: file /Users/foxbrush/Projects/gecko-dev-appcache/dom/security/nsCSPContext.cpp, line 603
12-09 15:07:58.176: I/Gecko(11759): [Parent 11759] WARNING: No Document in SetRequestContext; can not query loadgroup; sending reports may fail.: file /Users/foxbrush/Projects/gecko-dev-appcache/dom/security/nsCSPContext.cpp, line 603
12-09 15:07:58.216: E/ThermalEngine(193): TM Id 'SKIN_THERMAL_management_1' Sensor 'xo_therm_pu2' - alarm raised 1 at 40.0 degC
12-09 15:07:58.216: E/ThermalEngine(193): ACTION: LCD - Setting max LCD brightness to 229
12-09 15:07:58.216: E/ThermalEngine(193): Setting curr LCD brightness to 255
12-09 15:07:58.246: I/Gecko(11759): [Parent 11759] WARNING: No Document in SetRequestContext; can not query loadgroup; sending reports may fail.: file /Users/foxbrush/Projects/gecko-dev-appcache/dom/security/nsCSPContext.cpp, line 603
12-09 15:07:58.276: I/Gecko(11759): [Parent 11759] WARNING: No Document in SetRequestContext; can not query loadgroup; sending reports may fail.: file /Users/foxbrush/Projects/gecko-dev-appcache/dom/security/nsCSPContext.cpp, line 603
12-09 15:07:58.336: W/GeckoConsole(11759): Content JS WARN: L10nError: "quick-settings-wifiButton-off-initializing" not found in en-US in app://system.gaiamobile.org/index.html
12-09 15:07:58.336: W/GeckoConsole(11759):     at reportMissingEntity (app://system.gaiamobile.org/shared/js/l10n.js:2120:9)
12-09 15:07:58.346: D/DHCP(11759): failed to set prefixLength 0: Cannot assign requested address
12-09 15:07:58.376: I/Settings(12651): Content JS LOG: Please check passing options for updateListItemStatus
12-09 15:07:58.376: I/Settings(12651):     at WifiUtils.updateListItemStatus (app://settings.gaiamobile.org/js/modules/wifi_utils.js:314:9)
12-09 15:07:58.426: D/DHCP(11759): failed to set prefixLength 0: Cannot assign requested address
12-09 15:07:58.546: E/BandwidthController(172): No such iface wlan0 to delete
12-09 15:07:58.556: I/wpa_supplicant(12039): wlan0: CTRL-EVENT-TERMINATING
12-09 15:07:58.566: I/Settings(12651): Content JS LOG: Please check passing options for updateListItemStatus
12-09 15:07:58.566: I/Settings(12651):     at WifiUtils.updateListItemStatus (app://settings.gaiamobile.org/js/modules/wifi_utils.js:314:9)
12-09 15:07:59.066: V/EventHub(11759): /dev/input/event1 got: time=17375.369138, type=3, code=57, value=356
12-09 15:07:59.066: V/EventHub(11759): event time 17375369138000, now 17375371645515
12-09 15:07:59.066: V/EventHub(11759): /dev/input/event1 got: time=17375.369138, type=3, code=53, value=577
12-09 15:07:59.066: V/EventHub(11759): event time 17375369138000, now 17375371645515
12-09 15:07:59.066: V/EventHub(11759): /dev/input/event1 got: time=17375.369138, type=3, code=54, value=1854
12-09 15:07:59.066: V/EventHub(11759): event time 17375369138000, now 17375371645515
12-09 15:07:59.066: V/EventHub(11759): /dev/input/event1 got: time=17375.369138, type=3, code=58, value=50
12-09 15:07:59.066: V/EventHub(11759): event time 17375369138000, now 17375371645515
12-09 15:07:59.066: V/EventHub(11759): /dev/input/event1 got: time=17375.369138, type=0, code=0, value=0
12-09 15:07:59.066: V/EventHub(11759): event time 17375369138000, now 17375371645515
12-09 15:07:59.126: V/EventHub(11759): /dev/input/event1 got: time=17375.435882, type=3, code=54, value=1855
12-09 15:07:59.126: V/EventHub(11759): event time 17375435882000, now 17375438370827
12-09 15:07:59.126: V/EventHub(11759): /dev/input/event1 got: time=17375.435882, type=3, code=58, value=48
12-09 15:07:59.126: V/EventHub(11759): event time 17375435882000, now 17375438370827
12-09 15:07:59.126: V/EventHub(11759): /dev/input/event1 got: time=17375.435882, type=0, code=0, value=0
12-09 15:07:59.126: V/EventHub(11759): event time 17375435882000, now 17375438370827
12-09 15:07:59.136: V/EventHub(11759): /dev/input/event1 got: time=17375.444189, type=3, code=53, value=578
12-09 15:07:59.136: V/EventHub(11759): event time 17375444189000, now 17375446686556
12-09 15:07:59.136: V/EventHub(11759): /dev/input/event1 got: time=17375.444189, type=3, code=54, value=1856
12-09 15:07:59.136: V/EventHub(11759): event time 17375444189000, now 17375446686556
12-09 15:07:59.136: V/EventHub(11759): /dev/input/event1 got: time=17375.444189, type=0, code=0, value=0
12-09 15:07:59.136: V/EventHub(11759): event time 17375444189000, now 17375446686556
12-09 15:07:59.146: V/EventHub(11759): /dev/input/event1 got: time=17375.452035, type=3, code=53, value=580
12-09 15:07:59.146: V/EventHub(11759): event time 17375452035000, now 17375454505775
12-09 15:07:59.146: V/EventHub(11759): /dev/input/event1 got: time=17375.452035, type=3, code=54, value=1858
12-09 15:07:59.146: V/EventHub(11759): event time 17375452035000, now 17375454505775
12-09 15:07:59.146: V/EventHub(11759): /dev/input/event1 got: time=17375.452035, type=3, code=58, value=46
12-09 15:07:59.146: V/EventHub(11759): event time 17375452035000, now 17375454505775
12-09 15:07:59.146: V/EventHub(11759): /dev/input/event1 got: time=17375.452035, type=0, code=0, value=0
12-09 15:07:59.146: V/EventHub(11759): event time 17375452035000, now 17375454505775
12-09 15:07:59.156: V/EventHub(11759): /dev/input/event1 got: time=17375.460355, type=3, code=57, value=-1
12-09 15:07:59.156: V/EventHub(11759): event time 17375460355000, now 17375462810202
12-09 15:07:59.156: V/EventHub(11759): /dev/input/event1 got: time=17375.460355, type=0, code=0, value=0
12-09 15:07:59.156: V/EventHub(11759): event time 17375460355000, now 17375462810202
12-09 15:07:59.266: I/Gecko(11759): [Parent 11759] WARNING: No Document in SetRequestContext; can not query loadgroup; sending reports may fail.: file /Users/foxbrush/Projects/gecko-dev-appcache/dom/security/nsCSPContext.cpp, line 603
12-09 15:07:59.286: I/Gecko(11759): [Parent 11759] WARNING: No Document in SetRequestContext; can not query loadgroup; sending reports may fail.: file /Users/foxbrush/Projects/gecko-dev-appcache/dom/security/nsCSPContext.cpp, line 603
12-09 15:07:59.366: D/DHCP(11759): failed to set prefixLength 0: Cannot assign requested address
12-09 15:07:59.606: E/BandwidthController(172): No such iface wlan0 to delete
12-09 15:07:59.876: I/Gecko(11759): XXX FIXME : Dispatch a mozChromeEvent: default-volume-channel-changed
12-09 15:08:00.246: D/skia(12651): Running dynamic CPU feature detection
12-09 15:08:00.246: D/skia(12651): START /proc/cpuinfo:
12-09 15:08:00.246: D/skia(12651): Processor  : ARMv7 Processor rev 0 (v7l)
12-09 15:08:00.246: D/skia(12651): processor  : 0
12-09 15:08:00.246: D/skia(12651): BogoMIPS : 38.40
12-09 15:08:00.246: D/skia(12651): processor  : 1
12-09 15:08:00.246: D/skia(12651): BogoMIPS : 38.40
12-09 15:08:00.246: D/skia(12651): processor  : 2
12-09 15:08:00.246: D/skia(12651): BogoMIPS : 38.40
12-09 15:08:00.246: D/skia(12651): processor  : 3
12-09 15:08:00.246: D/skia(12651): BogoMIPS : 38.40
12-09 15:08:00.246: D/skia(12651): Features : swp half thumb fastmult vfp edsp neon vfpv3 tls vfpv4 idiva idivt
12-09 15:08:00.246: D/skia(12651): CPU implementer  : 0x51
12-09 15:08:00.246: D/skia(12651): CPU architecture: 7
12-09 15:08:00.246: D/skia(12651): CPU variant  : 0x2
12-09 15:08:00.246: D/skia(12651): CPU part : 0x06f
12-09 15:08:00.246: D/skia(12651): CPU revision : 0
12-09 15:08:00.246: D/skia(12651): Hardware : Qualcomm MSM 8974 HAMMERHEAD (Flattened Device Tree)
12-09 15:08:00.246: D/skia(12651): Revision : 000b
12-09 15:08:00.246: D/skia(12651): Serial   : 0000000000000000
12-09 15:08:00.246: D/skia(12651): END /proc/cpuinfo
12-09 15:08:00.246: D/skia(12651): Device supports ARM NEON instructions!
12-09 15:08:14.466: I/Gecko(11759): *** UTM:SVC TimerManager:notify - notified @mozilla.org/extensions/blocklist;1
12-09 15:08:14.466: I/GeckoConsole(11759): UTM:SVC TimerManager:notify - notified @mozilla.org/extensions/blocklist;1
12-09 15:08:58.256: E/ThermalEngine(193): TM Id 'SKIN_THERMAL_management_1' Sensor 'xo_therm_pu2' - alarm cleared 1 at 38.0 degC
12-09 15:08:58.256: E/ThermalEngine(193): ACTION: LCD - Setting max LCD brightness to 255
12-09 15:08:59.326: D/qdhwcomposer(11759): hwc_blank: Blanking display: 0
12-09 15:08:59.596: D/qdhwcomposer(11759): hwc_blank: Done blanking display: 0
12-09 15:08:59.596: E/ANDR-PERF-LOCK(26866): Failed to apply optimization for resource: 4 level: 0
12-09 15:08:59.676: E/qdhwcomposer(11759): Display is blanked - Cannot enable vsync
12-09 15:08:59.676: I/Gecko(11759): [Parent 11759] WARNING: Vsync status did not change.: file /Users/foxbrush/Projects/gecko-dev-appcache/gfx/thebes/VsyncSource.cpp, line 136
12-09 15:10:14.526: I/Gecko(11759): *** UTM:SVC TimerManager:notify - notified timerID: user-agent-updates-timer
12-09 15:10:14.526: I/GeckoConsole(11759): UTM:SVC TimerManager:notify - notified timerID: user-agent-updates-timer
12-09 15:10:14.536: I/Gecko(11759): *** UTM:SVC TimerManager:registerTimer - id: user-agent-updates-timer
12-09 15:10:14.536: I/GeckoConsole(11759): UTM:SVC TimerManager:registerTimer - id: user-agent-updates-timer
12-09 15:10:30.976: E/GeckoConsole(11759): [JavaScript Error: "1449691830977  Toolkit.Telemetry ERROR TelemetrySession::assemblePayloadWithMeasurements - caught exception: TypeError: invalid 'in' operand hls (resource://gre/modules/TelemetrySession.jsm:863:1) JS Stack trace: getHistograms@TelemetrySession.jsm:863:1 < Impl.assemblePayloadWithMeasurements/payloadObj.histograms<@TelemetrySession.jsm:1158:33 < Impl.assemblePayloadWithMeasurements/protect@TelemetrySession.jsm:1147:16 < Impl.assemblePayloadWithMeasurements@TelemetrySession.jsm:1158:19 < getSessionPayload@TelemetrySession.jsm:1232:19 < Impl._saveAbortedSessionPing@TelemetrySession.jsm:1852:17 < TelemetryScheduler._saveAbortedPing@TelemetrySession.jsm:372:12 < TelemetryScheduler._schedulerTickLogic@TelemetrySession.jsm:449:1 < TelemetryScheduler._onSchedulerTick@TelemetrySession.jsm:408:17 < TelemetryScheduler._rescheduleTimeout/this._schedulerTimer<@TelemetrySession.jsm:329:44 < setTimeout_timer@Timer.jsm:30:5" {file: "resource://gre/modules/Log.jsm" line: 751}]
12-09 15:10:30.976: E/GeckoConsole(11759): [JavaScript Error: "1449691830983  Toolkit.Telemetry ERROR TelemetrySession::assemblePayloadWithMeasurements - caught exception: TypeError: keyed.subsessionSnapshot is not a function (resource://gre/modules/TelemetrySession.jsm:904:38) JS Stack trace: Impl.getKeyedHistograms@TelemetrySession.jsm:904:38 < Impl.assemblePayloadWithMeasurements/payloadObj.keyedHistograms<@TelemetrySession.jsm:1159:38 < Impl.assemblePayloadWithMeasurements/protect@TelemetrySession.jsm:1147:16 < Impl.assemblePayloadWithMeasurements@TelemetrySession.jsm:1159:24 < getSessionPayload@TelemetrySession.jsm:1232:19 < Impl._saveAbortedSessionPing@TelemetrySession.jsm:1852:17 < TelemetryScheduler._saveAbortedPing@TelemetrySession.jsm:372:12 < TelemetryScheduler._schedulerTickLogic@TelemetrySession.jsm:449:1 < TelemetryScheduler._onSchedulerTick@TelemetrySession.jsm:408:17 < TelemetryScheduler._rescheduleTimeout/this._schedulerTimer<@TelemetrySession.jsm:329:44 < setTimeout_timer@Timer.jsm:30:5" {file: "resource://gre/modules/Log.jsm" line:
12-09 15:11:43.596: V/EventHub(11759): /dev/input/event0 got: time=17599.898354, type=1, code=116, value=1
12-09 15:11:43.596: V/EventHub(11759): event time 17599898354000, now 17599898441437
12-09 15:11:43.596: V/EventHub(11759): /dev/input/event0 got: time=17599.898363, type=0, code=0, value=0
12-09 15:11:43.596: V/EventHub(11759): event time 17599898363000, now 17599898441437
12-09 15:11:43.636: E/ANDR-PERF-LOCK(26866): Failed to reset optimization for resource: 4 level: 0
12-09 15:11:43.636: D/qdhwcomposer(11759): hwc_blank: Unblanking display: 0
12-09 15:11:43.746: V/EventHub(11759): /dev/input/event0 got: time=17600.056909, type=1, code=116, value=0
12-09 15:11:43.746: V/EventHub(11759): event time 17600056909000, now 17600056982383
12-09 15:11:43.746: V/EventHub(11759): /dev/input/event0 got: time=17600.056919, type=0, code=0, value=0
12-09 15:11:43.746: V/EventHub(11759): event time 17600056919000, now 17600056982383
12-09 15:11:43.876: D/qdhwcomposer(11759): hwc_blank: Done unblanking display: 0
12-09 15:11:44.016: I/Gecko(11759): XXX FIXME : Dispatch a mozChromeEvent: default-volume-channel-changed
12-09 15:11:48.836: I/AutoMounter(11759): UpdateState: ums:A0C0E0 mtp:A1C0E0 mode:0 usb:0 tryToShare:0 state:IDLE
12-09 15:11:48.836: I/AutoMounter(11759): UpdateState: Volume sdcard is Mounted and inserted @ /mnt/shell/emulated/0 gen 1 locked 0 sharing x
12-09 15:11:52.506: I/AutoMounter(11759): UpdateState: ums:A0C0E0 mtp:A1C0E0 mode:0 usb:1 tryToShare:0 state:IDLE
12-09 15:11:52.506: I/AutoMounter(11759): UpdateState: Volume sdcard is Mounted and inserted @ /mnt/shell/emulated/0 gen 1 locked 0 sharing x
12-09 15:12:19.186: I/Gecko(11759): [Parent 11759] WARNING: A control runnable was posted to a worker that is already shutting down!: file /Users/foxbrush/Projects/gecko-dev-appcache/dom/workers/WorkerPrivate.cpp, line 2337
12-09 15:12:19.186: I/Gecko(11759): [Parent 11759] WARNING: A control runnable was posted to a worker that is already shutting down!: file /Users/foxbrush/Projects/gecko-dev-appcache/dom/workers/WorkerPrivate.cpp, line 2337
12-09 15:12:43.966: D/qdhwcomposer(11759): hwc_blank: Blanking display: 0
12-09 15:12:44.256: D/qdhwcomposer(11759): hwc_blank: Done blanking display: 0
12-09 15:12:44.256: E/ANDR-PERF-LOCK(26866): Failed to apply optimization for resource: 4 level: 0
12-09 15:12:44.336: E/qdhwcomposer(11759): Display is blanked - Cannot enable vsync
12-09 15:12:44.336: I/Gecko(11759): [Parent 11759] WARNING: Vsync status did not change.: file /Users/foxbrush/Projects/gecko-dev-appcache/gfx/thebes/VsyncSource.cpp, line 136
12-09 15:13:08.316: I/AutoMounter(11759): UpdateState: ums:A0C0E0 mtp:A1C0E0 mode:0 usb:0 tryToShare:0 state:IDLE
12-09 15:13:08.316: I/AutoMounter(11759): UpdateState: Volume sdcard is Mounted and inserted @ /mnt/shell/emulated/0 gen 1 locked 0 sharing x
12-09 15:13:14.986: V/EventHub(11759): /dev/input/event0 got: time=17686.995487, type=0, code=0, value=1
12-09 15:13:14.986: V/EventHub(11759): event time 17686995487000, now 17687069253629
12-09 15:13:14.986: V/EventHub(11759): /dev/input/event2 got: time=17687.065767, type=0, code=0, value=1
12-09 15:13:14.986: V/EventHub(11759): event time 17687065767000, now 17687069253629
12-09 15:13:14.986: V/EventHub(11759): /dev/input/event3 got: time=17687.065818, type=0, code=0, value=1
12-09 15:13:14.986: V/EventHub(11759): event time 17687065818000, now 17687069253629
12-09 15:13:14.986: V/EventHub(11759): /dev/input/event4 got: time=17687.066053, type=0, code=0, value=1
12-09 15:13:14.986: V/EventHub(11759): event time 17687066053000, now 17687069253629
12-09 15:13:15.276: E/ANDR-PERF-LOCK(26866): Failed to reset optimization for resource: 4 level: 0
12-09 15:13:15.286: D/qdhwcomposer(11759): hwc_blank: Unblanking display: 0
12-09 15:13:15.526: D/qdhwcomposer(11759): hwc_blank: Done unblanking display: 0
12-09 15:13:15.876: I/AutoMounter(11759): UpdateState: ums:A0C0E0 mtp:A1C0E0 mode:0 usb:1 tryToShare:0 state:IDLE
12-09 15:13:15.876: I/AutoMounter(11759): UpdateState: Volume sdcard is Mounted and inserted @ /mnt/shell/emulated/0 gen 1 locked 0 sharing x
12-09 15:13:42.506: E/ThermalEngine(193): TM Id 'battery_LCD_monitor' Sensor 'batt_therm' - alarm cleared 2 at 330.0 degC
12-09 15:13:42.506: E/ThermalEngine(193): override action 10000
12-09 15:13:42.506: E/ThermalEngine(193): Thermal-Server: Thermal received msg override 10000
12-09 15:13:42.506: E/ThermalEngine(193): override_notify : SS mode 1 override 10000
12-09 15:13:42.506: E/ThermalEngine(193): enable_threshold: tsens_tz_sensor3 (/sys/devices/virtual/thermal/thermal_zone3/trip_point_0_type)
12-09 15:13:42.506: E/ThermalEngine(193): enable_threshold: tsens_tz_sensor3 (/sys/devices/virtual/thermal/thermal_zone3/trip_point_1_type)
12-09 15:13:42.506: E/ThermalEngine(193): enable_threshold: tsens_tz_sensor8 (/sys/devices/virtual/thermal/thermal_zone8/trip_point_0_type)
12-09 15:13:42.506: E/ThermalEngine(193): enable_threshold: tsens_tz_sensor8 (/sys/devices/virtual/thermal/thermal_zone8/trip_point_1_type)
12-09 15:13:42.506: E/ThermalEngine(193): enable_threshold: tsens_tz_sensor7 (/sys/devices/virtual/thermal/thermal_zone7/trip_point_0_type)
12-09 15:13:42.506: E/ThermalEngine(193): enable_threshold: tsens_tz_sensor7 (/sys/devices/virtual/thermal/thermal_zone7/trip_point_1_type)
12-09 15:13:42.506: E/ThermalEngine(193): enable_threshold: tsens_tz_sensor6 (/sys/devices/virtual/thermal/thermal_zone6/trip_point_0_type)
12-09 15:13:42.506: E/ThermalEngine(193): enable_threshold: tsens_tz_sensor6 (/sys/devices/virtual/thermal/thermal_zone6/trip_point_1_type)
12-09 15:13:42.506: E/ThermalEngine(193): enable_threshold: tsens_tz_sensor5 (/sys/devices/virtual/thermal/thermal_zone5/trip_point_0_type)
12-09 15:13:42.506: E/ThermalEngine(193): enable_threshold: tsens_tz_sensor5 (/sys/devices/virtual/thermal/thermal_zone5/trip_point_1_type)
12-09 15:14:15.586: D/qdhwcomposer(11759): hwc_blank: Blanking display: 0
12-09 15:14:15.866: D/qdhwcomposer(11759): hwc_blank: Done blanking display: 0
12-09 15:14:15.866: E/ANDR-PERF-LOCK(26866): Failed to apply optimization for resource: 4 level: 0
12-09 15:14:15.946: E/qdhwcomposer(11759): Display is blanked - Cannot enable vsync
12-09 15:14:15.946: I/Gecko(11759): [Parent 11759] WARNING: Vsync status did not change.: file /Users/foxbrush/Projects/gecko-dev-appcache/gfx/thebes/VsyncSource.cpp, line 136
12-09 15:14:18.556: V/EventHub(11759): /dev/input/event0 got: time=17750.628220, type=1, code=116, value=1
12-09 15:14:18.556: V/EventHub(11759): event time 17750628220000, now 17750628545760
12-09 15:14:18.556: V/EventHub(11759): /dev/input/event0 got: time=17750.628263, type=0, code=0, value=0
12-09 15:14:18.556: V/EventHub(11759): event time 17750628263000, now 17750628545760
12-09 15:14:18.566: E/ANDR-PERF-LOCK(26866): Failed to reset optimization for resource: 4 level: 0
12-09 15:14:18.566: D/qdhwcomposer(11759): hwc_blank: Unblanking display: 0
12-09 15:14:18.686: V/EventHub(11759): /dev/input/event0 got: time=17750.758044, type=1, code=116, value=0
12-09 15:14:18.686: V/EventHub(11759): event time 17750758044000, now 17750758299110
12-09 15:14:18.686: V/EventHub(11759): /dev/input/event0 got: time=17750.758061, type=0, code=0, value=0
12-09 15:14:18.686: V/EventHub(11759): event time 17750758061000, now 17750758299110
12-09 15:14:18.796: D/qdhwcomposer(11759): hwc_blank: Done unblanking display: 0
12-09 15:14:45.936: V/EventHub(11759): /dev/input/event1 got: time=17778.014285, type=3, code=57, value=357
12-09 15:14:45.936: V/EventHub(11759): event time 17778014285000, now 17778017386395
12-09 15:14:45.936: V/EventHub(11759): /dev/input/event1 got: time=17778.014285, type=3, code=53, value=191
12-09 15:14:45.936: V/EventHub(11759): event time 17778014285000, now 17778017386395
12-09 15:14:45.936: V/EventHub(11759): /dev/input/event1 got: time=17778.014285, type=3, code=54, value=682
12-09 15:14:45.936: V/EventHub(11759): event time 17778014285000, now 17778017386395
12-09 15:14:45.936: V/EventHub(11759): /dev/input/event1 got: time=17778.014285, type=3, code=58, value=47
12-09 15:14:45.936: V/EventHub(11759): event time 17778014285000, now 17778017386395
12-09 15:14:45.936: V/EventHub(11759): /dev/input/event1 got: time=17778.014285, type=0, code=0, value=0
12-09 15:14:45.936: V/EventHub(11759): event time 17778014285000, now 17778017386395
12-09 15:14:45.946: I/Gecko(11759): [Parent 11759] WARNING: Found a non-root APZ with no handoff parent: file /Users/foxbrush/Projects/gecko-dev-appcache/gfx/layers/apz/src/APZCTreeManager.cpp, line 1561
12-09 15:14:46.026: V/EventHub(11759): /dev/input/event1 got: time=17778.096893, type=3, code=57, value=-1
12-09 15:14:46.026: V/EventHub(11759): event time 17778096893000, now 17778099376932
12-09 15:14:46.026: V/EventHub(11759): /dev/input/event1 got: time=17778.096893, type=0, code=0, value=0
12-09 15:14:46.026: V/EventHub(11759): event time 17778096893000, now 17778099376932
12-09 15:14:46.056: I/Gecko(11759): -*-*- Webapps.jsm : _readManifests of settings.gaiamobile.org
12-09 15:14:46.076: I/Gecko(11759): XXX FIXME : Dispatch a webapps-launch: undefined
12-09 15:14:46.826: I/Gecko(11759): XXX FIXME : Dispatch a mozChromeEvent: default-volume-channel-changed
12-09 15:14:46.866: I/Gecko(11759): XXX FIXME : Dispatch a mozFxAccountsChromeEvent: undefined
12-09 15:14:49.476: V/EventHub(11759): /dev/input/event1 got: time=17781.556793, type=3, code=57, value=358
12-09 15:14:49.476: V/EventHub(11759): event time 17781556793000, now 17781559317395
12-09 15:14:49.476: V/EventHub(11759): /dev/input/event1 got: time=17781.556793, type=3, code=53, value=538
12-09 15:14:49.476: V/EventHub(11759): event time 17781556793000, now 17781559317395
12-09 15:14:49.476: V/EventHub(11759): /dev/input/event1 got: time=17781.556793, type=3, code=54, value=1900
12-09 15:14:49.476: V/EventHub(11759): event time 17781556793000, now 17781559317395
12-09 15:14:49.476: V/EventHub(11759): /dev/input/event1 got: time=17781.556793, type=3, code=58, value=44
12-09 15:14:49.476: V/EventHub(11759): event time 17781556793000, now 17781559317395
12-09 15:14:49.486: V/EventHub(11759): /dev/input/event1 got: time=17781.556793, type=3, code=48, value=4
12-09 15:14:49.486: V/EventHub(11759): event time 17781556793000, now 17781559317395
12-09 15:14:49.486: V/EventHub(11759): /dev/input/event1 got: time=17781.556793, type=0, code=0, value=0
12-09 15:14:49.486: V/EventHub(11759): event time 17781556793000, now 17781559317395
12-09 15:14:49.566: V/EventHub(11759): /dev/input/event1 got: time=17781.639856, type=3, code=53, value=537
12-09 15:14:49.566: V/EventHub(11759): event time 17781639856000, now 17781642377865
12-09 15:14:49.566: V/EventHub(11759): /dev/input/event1 got: time=17781.639856, type=3, code=54, value=1901
12-09 15:14:49.566: V/EventHub(11759): event time 17781639856000, now 17781642377865
12-09 15:14:49.566: V/EventHub(11759): /dev/input/event1 got: time=17781.639856, type=3, code=58, value=34
12-09 15:14:49.566: V/EventHub(11759): event time 17781639856000, now 17781642377865
12-09 15:14:49.566: V/EventHub(11759): /dev/input/event1 got: time=17781.639856, type=0, code=0, value=0
12-09 15:14:49.566: V/EventHub(11759): event time 17781639856000, now 17781642377865
12-09 15:14:49.576: V/EventHub(11759): /dev/input/event1 got: time=17781.648183, type=3, code=57, value=-1
12-09 15:14:49.576: V/EventHub(11759): event time 17781648183000, now 17781650667917
12-09 15:14:49.576: V/EventHub(11759): /dev/input/event1 got: time=17781.648183, type=0, code=0, value=0
12-09 15:14:49.576: V/EventHub(11759): event time 17781648183000, now 17781650667917
12-09 15:14:49.686: I/Gecko(11759): [Parent 11759] WARNING: No Document in SetRequestContext; can not query loadgroup; sending reports may fail.: file /Users/foxbrush/Projects/gecko-dev-appcache/dom/security/nsCSPContext.cpp, line 603
12-09 15:14:49.696: I/Gecko(11759): [Parent 11759] WARNING: No Document in SetRequestContext; can not query loadgroup; sending reports may fail.: file /Users/foxbrush/Projects/gecko-dev-appcache/dom/security/nsCSPContext.cpp, line 603
12-09 15:14:50.246: I/Gecko(11759): XXX FIXME : Dispatch a mozChromeEvent: default-volume-channel-changed
12-09 15:14:51.006: V/EventHub(11759): /dev/input/event1 got: time=17783.077750, type=3, code=57, value=359
12-09 15:14:51.006: V/EventHub(11759): event time 17783077750000, now 17783080289635
12-09 15:14:51.006: V/EventHub(11759): /dev/input/event1 got: time=17783.077750, type=3, code=53, value=704
12-09 15:14:51.006: V/EventHub(11759): event time 17783077750000, now 17783080289635
12-09 15:14:51.006: V/EventHub(11759): /dev/input/event1 got: time=17783.077750, type=3, code=54, value=1538
12-09 15:14:51.006: V/EventHub(11759): event time 17783077750000, now 17783080289635
12-09 15:14:51.006: V/EventHub(11759): /dev/input/event1 got: time=17783.077750, type=3, code=58, value=37
12-09 15:14:51.006: V/EventHub(11759): event time 17783077750000, now 17783080289635
12-09 15:14:51.006: V/EventHub(11759): /dev/input/event1 got: time=17783.077750, type=3, code=48, value=3
12-09 15:14:51.006: V/EventHub(11759): event time 17783077750000, now 17783080289635
12-09 15:14:51.006: V/EventHub(11759): /dev/input/event1 got: time=17783.077750, type=0, code=0, value=0
12-09 15:14:51.006: V/EventHub(11759): event time 17783077750000, now 17783080289635
12-09 15:14:51.006: I/Gecko(11759): [Parent 11759] WARNING: Found a non-root APZ with no handoff parent: file /Users/foxbrush/Projects/gecko-dev-appcache/gfx/layers/apz/src/APZCTreeManager.cpp, line 1561
12-09 15:14:51.006: V/EventHub(11759): /dev/input/event1 got: time=17783.086142, type=3, code=54, value=1537
12-09 15:14:51.006: V/EventHub(11759): event time 17783086142000, now 17783088683280
12-09 15:14:51.006: V/EventHub(11759): /dev/input/event1 got: time=17783.086142, type=3, code=58, value=42
12-09 15:14:51.006: V/EventHub(11759): event time 17783086142000, now 17783088683280
12-09 15:14:51.006: V/EventHub(11759): /dev/input/event1 got: time=17783.086142, type=0, code=0, value=0
12-09 15:14:51.006: V/EventHub(11759): event time 17783086142000, now 17783088683280
12-09 15:14:51.016: V/EventHub(11759): /dev/input/event1 got: time=17783.094502, type=3, code=53, value=703
12-09 15:14:51.016: V/EventHub(11759): event time 17783094502000, now 17783097012916
12-09 15:14:51.016: V/EventHub(11759): /dev/input/event1 got: time=17783.094502, type=3, code=54, value=1534
12-09 15:14:51.016: V/EventHub(11759): event time 17783094502000, now 17783097012916
12-09 15:14:51.016: V/EventHub(11759): /dev/input/event1 got: time=17783.094502, type=0, code=0, value=0
12-09 15:14:51.016: V/EventHub(11759): event time 17783094502000, now 17783097012916
12-09 15:14:51.026: V/EventHub(11759): /dev/input/event1 got: time=17783.102938, type=3, code=53, value=702
12-09 15:14:51.026: V/EventHub(11759): event time 17783102938000, now 17783105472291
12-09 15:14:51.026: V/EventHub(11759): /dev/input/event1 got: time=17783.102938, type=3, code=54, value=1528
12-09 15:14:51.026: V/EventHub(11759): event time 17783102938000, now 17783105472291
12-09 15:14:51.026: V/EventHub(11759): /dev/input/event1 got: time=17783.102938, type=0, code=0, value=0
12-09 15:14:51.026: V/EventHub(11759): event time 17783102938000, now 17783105472291
12-09 15:14:51.036: V/EventHub(11759): /dev/input/event1 got: time=17783.111260, type=3, code=53, value=701
12-09 15:14:51.036: V/EventHub(11759): event time 17783111260000, now 17783113816770
12-09 15:14:51.036: V/EventHub(11759): /dev/input/event1 got: time=17783.111260, type=3, code=54, value=1518
12-09 15:14:51.036: V/EventHub(11759): event time 17783111260000, now 17783113816770
12-09 15:14:51.036: V/EventHub(11759): /dev/input/event1 got: time=17783.111260, type=3, code=58, value=44
12-09 15:14:51.036: V/EventHub(11759): event time 17783111260000, now 17783113816770
12-09 15:14:51.036: V/EventHub(11759): /dev/input/event1 got: time=17783.111260, type=0, code=0, value=0
12-09 15:14:51.036: V/EventHub(11759): event time 17783111260000, now 17783113816770
12-09 15:14:51.046: V/EventHub(11759): /dev/input/event1 got: time=17783.119683, type=3, code=53, value=699
12-09 15:14:51.046: V/EventHub(11759): event time 17783119683000, now 17783122201874
12-09 15:14:51.046: V/EventHub(11759): /dev/input/event1 got: time=17783.119683, type=3, code=54, value=1502
12-09 15:14:51.046: V/EventHub(11759): event time 17783119683000, now 17783122201874
12-09 15:14:51.046: V/EventHub(11759): /dev/input/event1 got: time=17783.119683, type=0, code=0, value=0
12-09 15:14:51.046: V/EventHub(11759): event time 17783119683000, now 17783122201874
12-09 15:14:51.056: V/EventHub(11759): /dev/input/event1 got: time=17783.128004, type=3, code=53, value=696
12-09 15:14:51.056: V/EventHub(11759): event time 17783128004000, now 17783130535989
12-09 15:14:51.056: V/EventHub(11759): /dev/input/event1 got: time=17783.128004, type=3, code=54, value=1481
12-09 15:14:51.056: V/EventHub(11759): event time 17783128004000, now 17783130535989
12-09 15:14:51.056: V/EventHub(11759): /dev/input/event1 got: time=17783.128004, type=0, code=0, value=0
12-09 15:14:51.056: V/EventHub(11759): event time 17783128004000, now 17783130535989
12-09 15:14:51.056: V/EventHub(11759): /dev/input/event1 got: time=17783.136476, type=3, code=53, value=693
12-09 15:14:51.056: V/EventHub(11759): event time 17783136476000, now 17783139033801
12-09 15:14:51.056: V/EventHub(11759): /dev/input/event1 got: time=17783.136476, type=3, code=54, value=1454
12-09 15:14:51.056: V/EventHub(11759): event time 17783136476000, now 17783139033801
12-09 15:14:51.056: V/EventHub(11759): /dev/input/event1 got: time=17783.136476, type=0, code=0, value=0
12-09 15:14:51.056: V/EventHub(11759): event time 17783136476000, now 17783139033801
12-09 15:14:51.066: V/EventHub(11759): /dev/input/event1 got: time=17783.144774, type=3, code=53, value=691
12-09 15:14:51.066: V/EventHub(11759): event time 17783144774000, now 17783147378384
12-09 15:14:51.066: V/EventHub(11759): /dev/input/event1 got: time=17783.144774, type=3, code=54, value=1421
12-09 15:14:51.066: V/EventHub(11759): event time 17783144774000, now 17783147378384
12-09 15:14:51.066: V/EventHub(11759): /dev/input/event1 got: time=17783.144774, type=0, code=0, value=0
12-09 15:14:51.066: V/EventHub(11759): event time 17783144774000, now 17783147378384
12-09 15:14:51.076: V/EventHub(11759): /dev/input/event1 got: time=17783.153116, type=3, code=53, value=689
12-09 15:14:51.076: V/EventHub(11759): event time 17783153116000, now 17783155679009
12-09 15:14:51.076: V/EventHub(11759): /dev/input/event1 got: time=17783.153116, type=3, code=54, value=1387
12-09 15:14:51.076: V/EventHub(11759): event time 17783153116000, now 17783155679009
12-09 15:14:51.076: V/EventHub(11759): /dev/input/event1 got: time=17783.153116, type=3, code=58, value=45
12-09 15:14:51.076: V/EventHub(11759): event time 17783153116000, now 17783155679009
12-09 15:14:51.076: V/EventHub(11759): /dev/input/event1 got: time=17783.153116, type=0, code=0, value=0
12-09 15:14:51.076: V/EventHub(11759): event time 17783153116000, now 17783155679009
12-09 15:14:51.086: V/EventHub(11759): /dev/input/event1 got: time=17783.161496, type=3, code=54, value=1348
12-09 15:14:51.086: V/EventHub(11759): event time 17783161496000, now 17783164076770
12-09 15:14:51.086: V/EventHub(11759): /dev/input/event1 got: time=17783.161496, type=0, code=0, value=0
12-09 15:14:51.086: V/EventHub(11759): event time 17783161496000, now 17783164076770
12-09 15:14:51.096: V/EventHub(11759): /dev/input/event1 got: time=17783.169873, type=3, code=53, value=690
12-09 15:14:51.096: V/EventHub(11759): event time 17783169873000, now 17783172458905
12-09 15:14:51.096: V/EventHub(11759): /dev/input/event1 got: time=17783.169873, type=3, code=54, value=1311
12-09 15:14:51.096: V/EventHub(11759): event time 17783169873000, now 17783172458905
12-09 15:14:51.096: V/EventHub(11759): /dev/input/event1 got: time=17783.169873, type=0, code=0, value=0
12-09 15:14:51.096: V/EventHub(11759): event time 17783169873000, now 17783172458905
12-09 15:14:51.106: V/EventHub(11759): /dev/input/event1 got: time=17783.178199, type=3, code=53, value=691
12-09 15:14:51.106: V/EventHub(11759): event time 17783178199000, now 17783180801562
12-09 15:14:51.106: V/EventHub(11759): /dev/input/event1 got: time=17783.178199, type=3, code=54, value=1271
12-09 15:14:51.106: V/EventHub(11759): event time 17783178199000, now 17783180801562
12-09 15:14:51.106: V/EventHub(11759): /dev/input/event1 got: time=17783.178199, type=3, code=58, value=47
12-09 15:14:51.106: V/EventHub(11759): event time 17783178199000, now 17783180801562
12-09 15:14:51.106: V/EventHub(11759): /dev/input/event1 got: time=17783.178199, type=3, code=48, value=4
12-09 15:14:51.106: V/EventHub(11759): event time 17783178199000, now 17783180801562
12-09 15:14:51.106: V/EventHub(11759): /dev/input/event1 got: time=17783.178199, type=0, code=0, value=0
12-09 15:14:51.106: V/EventHub(11759): event time 17783178199000, now 17783180801562
12-09 15:14:51.106: V/EventHub(11759): /dev/input/event1 got: time=17783.186642, type=3, code=53, value=694
12-09 15:14:51.106: V/EventHub(11759): event time 17783186642000, now 17783189270051
12-09 15:14:51.106: V/EventHub(11759): /dev/input/event1 got: time=17783.186642, type=3, code=54, value=1225
12-09 15:14:51.106: V/EventHub(11759): event time 17783186642000, now 17783189270051
12-09 15:14:51.106: V/EventHub(11759): /dev/input/event1 got: time=17783.186642, type=0, code=0, value=0
12-09 15:14:51.106: V/EventHub(11759): event time 17783186642000, now 17783189270051
12-09 15:14:51.116: V/EventHub(11759): /dev/input/event1 got: time=17783.194940, type=3, code=53, value=698
12-09 15:14:51.116: V/EventHub(11759): event time 17783194940000, now 17783197511926
12-09 15:14:51.116: V/EventHub(11759): /dev/input/event1 got: time=17783.194940, type=3, code=54, value=1179
12-09 15:14:51.116: V/EventHub(11759): event time 17783194940000, now 17783197511926
12-09 15:14:51.116: V/EventHub(11759): /dev/input/event1 got: time=17783.194940, type=0, code=0, value=0
12-09 15:14:51.116: V/EventHub(11759): event time 17783194940000, now 17783197511926
12-09 15:14:51.126: V/EventHub(11759): /dev/input/event1 got: time=17783.203275, type=3, code=53, value=701
12-09 15:14:51.126: V/EventHub(11759): event time 17783203275000, now 17783205937603
12-09 15:14:51.126: V/EventHub(11759): /dev/input/event1 got: time=17783.203275, type=3, code=54, value=1130
12-09 15:14:51.126: V/EventHub(11759): event time 17783203275000, now 17783205937603
12-09 15:14:51.126: V/EventHub(11759): /dev/input/event1 got: time=17783.203275, type=0, code=0, value=0
12-09 15:14:51.126: V/EventHub(11759): event time 17783203275000, now 17783205937603
12-09 15:14:51.136: V/EventHub(11759): /dev/input/event1 got: time=17783.211678, type=3, code=53, value=705
12-09 15:14:51.136: V/EventHub(11759): event time 17783211678000, now 17783214235520
12-09 15:14:51.136: V/EventHub(11759): /dev/input/event1 got: time=17783.211678, type=3, code=54, value=1077
12-09 15:14:51.136: V/EventHub(11759): event time 17783211678000, now 17783214235520
12-09 15:14:51.136: V/EventHub(11759): /dev/input/event1 got: time=17783.211678, type=0, code=0, value=0
12-09 15:14:51.136: V/EventHub(11759): event time 17783211678000, now 17783214235520
12-09 15:14:51.146: V/EventHub(11759): /dev/input/event1 got: time=17783.220068, type=3, code=53, value=710
12-09 15:14:51.146: V/EventHub(11759): event time 17783220068000, now 17783222591353
12-09 15:14:51.146: V/EventHub(11759): /dev/input/event1 got: time=17783.220068, type=3, code=54, value=1023
12-09 15:14:51.146: V/EventHub(11759): event time 17783220068000, now 17783222591353
12-09 15:14:51.146: V/EventHub(11759): /dev/input/event1 got: time=17783.220068, type=0, code=0, value=0
12-09 15:14:51.146: V/EventHub(11759): event time 17783220068000, now 17783222591353
12-09 15:14:51.156: V/EventHub(11759): /dev/input/event1 got: time=17783.228365, type=3, code=53, value=716
12-09 15:14:51.156: V/EventHub(11759): event time 17783228365000, now 17783230904062
12-09 15:14:51.156: V/EventHub(11759): /dev/input/event1 got: time=17783.228365, type=3, code=54, value=970
12-09 15:14:51.156: V/EventHub(11759): event time 17783228365000, now 17783230904062
12-09 15:14:51.156: V/EventHub(11759): /dev/input/event1 got: time=17783.228365, type=3, code=58, value=48
12-09 15:14:51.156: V/EventHub(11759): event time 17783228365000, now 17783230904062
12-09 15:14:51.156: V/EventHub(11759): /dev/input/event1 got: time=17783.228365, type=0, code=0, value=0
12-09 15:14:51.156: V/EventHub(11759): event time 17783228365000, now 17783230904062
12-09 15:14:51.156: V/EventHub(11759): /dev/input/event1 got: time=17783.236779, type=3, code=53, value=722
12-09 15:14:51.156: V/EventHub(11759): event time 17783236779000, now 17783239332603
12-09 15:14:51.156: V/EventHub(11759): /dev/input/event1 got: time=17783.236779, type=3, code=54, value=917
12-09 15:14:51.156: V/EventHub(11759): event time 17783236779000, now 17783239332603
12-09 15:14:51.156: V/EventHub(11759): /dev/input/event1 got: time=17783.236779, type=3, code=58, value=50
12-09 15:14:51.156: V/EventHub(11759): event time 17783236779000, now 17783239332603
12-09 15:14:51.156: V/EventHub(11759): /dev/input/event1 got: time=17783.236779, type=0, code=0, value=0
12-09 15:14:51.156: V/EventHub(11759): event time 17783236779000, now 17783239332603
12-09 15:14:51.166: V/EventHub(11759): /dev/input/event1 got: time=17783.245068, type=3, code=53, value=732
12-09 15:14:51.166: V/EventHub(11759): event time 17783245068000, now 17783247761301
12-09 15:14:51.166: V/EventHub(11759): /dev/input/event1 got: time=17783.245068, type=3, code=54, value=868
12-09 15:14:51.166: V/EventHub(11759): event time 17783245068000, now 17783247761301
12-09 15:14:51.166: V/EventHub(11759): /dev/input/event1 got: time=17783.245068, type=0, code=0, value=0
12-09 15:14:51.166: V/EventHub(11759): event time 17783245068000, now 17783247761301
12-09 15:14:51.176: V/EventHub(11759): /dev/input/event1 got: time=17783.253486, type=3, code=53, value=740
12-09 15:14:51.176: V/EventHub(11759): event time 17783253486000, now 17783256031666
12-09 15:14:51.176: V/EventHub(11759): /dev/input/event1 got: time=17783.253486, type=3, code=54, value=828
12-09 15:14:51.176: V/EventHub(11759): event time 17783253486000, now 17783256031666
12-09 15:14:51.176: V/EventHub(11759): /dev/input/event1 got: time=17783.253486, type=0, code=0, value=0
12-09 15:14:51.176: V/EventHub(11759): event time 17783253486000, now 17783256031666
12-09 15:14:51.186: V/EventHub(11759): /dev/input/event1 got: time=17783.261887, type=3, code=53, value=748
12-09 15:14:51.186: V/EventHub(11759): event time 17783261887000, now 17783264487187
12-09 15:14:51.186: V/EventHub(11759): /dev/input/event1 got: time=17783.261887, type=3, code=54, value=787
12-09 15:14:51.186: V/EventHub(11759): event time 17783261887000, now 17783264487187
12-09 15:14:51.186: V/EventHub(11759): /dev/input/event1 got: time=17783.261887, type=0, code=0, value=0
12-09 15:14:51.186: V/EventHub(11759): event time 17783261887000, now 17783264487187
12-09 15:14:51.196: V/EventHub(11759): /dev/input/event1 got: time=17783.270185, type=3, code=53, value=755
12-09 15:14:51.196: V/EventHub(11759): event time 17783270185000, now 17783272681978
12-09 15:14:51.196: V/EventHub(11759): /dev/input/event1 got: time=17783.270185, type=3, code=54, value=749
12-09 15:14:51.196: V/EventHub(11759): event time 17783270185000, now 17783272681978
12-09 15:14:51.196: V/EventHub(11759): /dev/input/event1 got: time=17783.270185, type=3, code=58, value=51
12-09 15:14:51.196: V/EventHub(11759): event time 17783270185000, now 17783272681978
12-09 15:14:51.196: V/EventHub(11759): /dev/input/event1 got: time=17783.270185, type=0, code=0, value=0
12-09 15:14:51.196: V/EventHub(11759): event time 17783270185000, now 17783272681978
12-09 15:14:51.206: V/EventHub(11759): /dev/input/event1 got: time=17783.278549, type=3, code=53, value=766
12-09 15:14:51.206: V/EventHub(11759): event time 17783278549000, now 17783281043333
12-09 15:14:51.206: V/EventHub(11759): /dev/input/event1 got: time=17783.278549, type=3, code=54, value=707
12-09 15:14:51.206: V/EventHub(11759): event time 17783278549000, now 17783281043333
12-09 15:14:51.206: V/EventHub(11759): /dev/input/event1 got: time=17783.278549, type=0, code=0, value=0
12-09 15:14:51.206: V/EventHub(11759): event time 17783278549000, now 17783281043333
12-09 15:14:51.206: V/EventHub(11759): /dev/input/event1 got: time=17783.286861, type=3, code=53, value=777
12-09 15:14:51.206: V/EventHub(11759): event time 17783286861000, now 17783289370311
12-09 15:14:51.206: V/EventHub(11759): /dev/input/event1 got: time=17783.286861, type=3, code=54, value=670
12-09 15:14:51.206: V/EventHub(11759): event time 17783286861000, now 17783289370311
12-09 15:14:51.206: V/EventHub(11759): /dev/input/event1 got: time=17783.286861, type=0, code=0, value=0
12-09 15:14:51.206: V/EventHub(11759): event time 17783286861000, now 17783289370311
12-09 15:14:51.216: V/EventHub(11759): /dev/input/event1 got: time=17783.294560, type=3, code=53, value=792
12-09 15:14:51.216: V/EventHub(11759): event time 17783294560000, now 17783297050780
12-09 15:14:51.216: V/EventHub(11759): /dev/input/event1 got: time=17783.294560, type=3, code=54, value=628
12-09 15:14:51.216: V/EventHub(11759): event time 17783294560000, now 17783297050780
12-09 15:14:51.216: V/EventHub(11759): /dev/input/event1 got: time=17783.294560, type=0, code=0, value=0
12-09 15:14:51.216: V/EventHub(11759): event time 17783294560000, now 17783297050780
12-09 15:14:51.226: V/EventHub(11759): /dev/input/event1 got: time=17783.302944, type=3, code=57, value=-1
12-09 15:14:51.226: V/EventHub(11759): event time 17783302944000, now 17783305495624
12-09 15:14:51.226: V/EventHub(11759): /dev/input/event1 got: time=17783.302944, type=0, code=0, value=0
12-09 15:14:51.226: V/EventHub(11759): event time 17783302944000, now 17783305495624
12-09 15:14:52.216: V/EventHub(11759): /dev/input/event1 got: time=17784.290900, type=3, code=57, value=360
12-09 15:14:52.216: V/EventHub(11759): event time 17784290900000, now 17784293468020
12-09 15:14:52.216: V/EventHub(11759): /dev/input/event1 got: time=17784.290900, type=3, code=53, value=751
12-09 15:14:52.216: V/EventHub(11759): event time 17784290900000, now 17784293468020
12-09 15:14:52.216: V/EventHub(11759): /dev/input/event1 got: time=17784.290900, type=3, code=54, value=1423
12-09 15:14:52.216: V/EventHub(11759): event time 17784290900000, now 17784293468020
12-09 15:14:52.216: V/EventHub(11759): /dev/input/event1 got: time=17784.290900, type=3, code=58, value=46
12-09 15:14:52.216: V/EventHub(11759): event time 17784290900000, now 17784293468020
12-09 15:14:52.216: V/EventHub(11759): /dev/input/event1 got: time=17784.290900, type=0, code=0, value=0
12-09 15:14:52.216: V/EventHub(11759): event time 17784290900000, now 17784293468020
12-09 15:14:52.226: V/EventHub(11759): /dev/input/event1 got: time=17784.299157, type=3, code=54, value=1419
12-09 15:14:52.226: V/EventHub(11759): event time 17784299157000, now 17784301644062
12-09 15:14:52.226: V/EventHub(11759): /dev/input/event1 got: time=17784.299157, type=0, code=0, value=0
12-09 15:14:52.226: V/EventHub(11759): event time 17784299157000, now 17784301644062
12-09 15:14:52.226: I/Gecko(11759): [Parent 11759] WARNING: Found a non-root APZ with no handoff parent: file /Users/foxbrush/Projects/gecko-dev-appcache/gfx/layers/apz/src/APZCTreeManager.cpp, line 1561
12-09 15:14:52.236: V/EventHub(11759): /dev/input/event1 got: time=17784.307630, type=3, code=54, value=1403
12-09 15:14:52.236: V/EventHub(11759): event time 17784307630000, now 17784310203905
12-09 15:14:52.236: V/EventHub(11759): /dev/input/event1 got: time=17784.307630, type=0, code=0, value=0
12-09 15:14:52.236: V/EventHub(11759): event time 17784307630000, now 17784310203905
12-09 15:14:52.236: V/EventHub(11759): /dev/input/event1 got: time=17784.315889, type=3, code=53, value=752
12-09 15:14:52.236: V/EventHub(11759): event time 17784315889000, now 17784318370728
12-09 15:14:52.236: V/EventHub(11759): /dev/input/event1 got: time=17784.315889, type=3, code=54, value=1368
12-09 15:14:52.236: V/EventHub(11759): event time 17784315889000, now 17784318370728
12-09 15:14:52.236: V/EventHub(11759): /dev/input/event1 got: time=17784.315889, type=0, code=0, value=0
12-09 15:14:52.236: V/EventHub(11759): event time 17784315889000, now 17784318370728
