12-09 15:16:17.316: V/EventHub(11759): /dev/input/event1 got: time=17869.396068, type=3, code=54, value=167
12-09 15:16:17.316: V/EventHub(11759): event time 17869396068000, now 17869398552518
12-09 15:16:17.316: V/EventHub(11759): /dev/input/event1 got: time=17869.396068, type=3, code=58, value=48
12-09 15:16:17.316: V/EventHub(11759): event time 17869396068000, now 17869398552518
12-09 15:16:17.316: V/EventHub(11759): /dev/input/event1 got: time=17869.396068, type=0, code=0, value=0
12-09 15:16:17.316: V/EventHub(11759): event time 17869396068000, now 17869398552518
12-09 15:16:17.366: V/EventHub(11759): /dev/input/event1 got: time=17869.437863, type=3, code=53, value=1008
12-09 15:16:17.366: V/EventHub(11759): event time 17869437863000, now 17869440344810
12-09 15:16:17.366: V/EventHub(11759): /dev/input/event1 got: time=17869.437863, type=0, code=0, value=0
12-09 15:16:17.366: V/EventHub(11759): event time 17869437863000, now 17869440344810
12-09 15:16:17.366: V/EventHub(11759): /dev/input/event1 got: time=17869.446213, type=3, code=53, value=1007
12-09 15:16:17.366: V/EventHub(11759): event time 17869446213000, now 17869448674028
12-09 15:16:17.366: V/EventHub(11759): /dev/input/event1 got: time=17869.446213, type=3, code=58, value=49
12-09 15:16:17.366: V/EventHub(11759): event time 17869446213000, now 17869448674028
12-09 15:16:17.366: V/EventHub(11759): /dev/input/event1 got: time=17869.446213, type=0, code=0, value=0
12-09 15:16:17.366: V/EventHub(11759): event time 17869446213000, now 17869448674028
12-09 15:16:17.386: V/EventHub(11759): /dev/input/event1 got: time=17869.462935, type=3, code=53, value=1006
12-09 15:16:17.386: V/EventHub(11759): event time 17869462935000, now 17869465414966
12-09 15:16:17.386: V/EventHub(11759): /dev/input/event1 got: time=17869.462935, type=0, code=0, value=0
12-09 15:16:17.386: V/EventHub(11759): event time 17869462935000, now 17869465414966
12-09 15:16:17.426: V/EventHub(11759): /dev/input/event1 got: time=17869.504139, type=3, code=57, value=-1
12-09 15:16:17.426: V/EventHub(11759): event time 17869504139000, now 17869506615018
12-09 15:16:17.426: V/EventHub(11759): /dev/input/event1 got: time=17869.504139, type=0, code=0, value=0
12-09 15:16:17.426: V/EventHub(11759): event time 17869504139000, now 17869506615018
12-09 15:16:17.476: I/Gecko(11759): XXX FIXME : Dispatch a mozChromeEvent: inputmethod-contextchange
12-09 15:16:18.166: I/wpa_supplicant(13855): wlan0: Trying to associate with 08:d0:9f:bf:ff:64 (SSID='Mozlando15' freq=2462 MHz)
12-09 15:16:18.276: I/wpa_supplicant(13855): wlan0: Associated with 08:d0:9f:bf:ff:64
12-09 15:16:18.296: I/wpa_supplicant(13855): wlan0: WPA: Key negotiation completed with 08:d0:9f:bf:ff:64 [PTK=CCMP GTK=CCMP]
12-09 15:16:18.296: I/wpa_supplicant(13855): wlan0: CTRL-EVENT-CONNECTED - Connection to 08:d0:9f:bf:ff:64 completed (auth) [id=3 id_str=]
12-09 15:16:18.456: I/Gecko(12651): [Child 12651] ###!!! ASSERTION: old rule tree still referenced: 'Not Reached', file /Users/foxbrush/Projects/gecko-dev-appcache/layout/style/nsStyleSet.cpp, line 2227
12-09 15:16:22.026: W/NetworkUtils(11759): Error (-3) occurred in CommandResult NetworkUtils::removeDefaultRouteLegacy(NetworkParams&) (/Users/foxbrush/Projects/gecko-dev-appcache/dom/system/gonk/NetworkUtils.cpp:2120)
12-09 15:16:22.116: E/NetworkUtils(11759): addHostRouteLegacy does not support empty gateway.
12-09 15:16:22.216: I/Gecko(11759): -*-*- Webapps.jsm : _readManifests of bookmark.gaiamobile.org
12-09 15:16:22.226: I/Gecko(11759): -*-*- Webapps.jsm : _readManifests of bookmark.gaiamobile.org
12-09 15:16:22.246: I/Gecko(11759): -*-*- Webapps.jsm : _readManifests of default_theme.gaiamobile.org
12-09 15:16:22.256: I/Gecko(11759): -*-*- Webapps.jsm : _readManifests of default_theme.gaiamobile.org
12-09 15:16:22.266: I/Gecko(11759): -*-*- Webapps.jsm : _readManifests of ftu.gaiamobile.org
12-09 15:16:22.276: I/Gecko(11759): -*-*- Webapps.jsm : _readManifests of ftu.gaiamobile.org
12-09 15:16:22.296: I/Gecko(11759): -*-*- Webapps.jsm : _readManifests of operatorvariant.gaiamobile.org
12-09 15:16:22.306: I/Gecko(11759): -*-*- Webapps.jsm : _readManifests of operatorvariant.gaiamobile.org
12-09 15:16:22.316: I/Gecko(11759): -*-*- Webapps.jsm : _readManifests of sync.gaiamobile.org
12-09 15:16:22.326: I/Gecko(11759): -*-*- Webapps.jsm : _readManifests of sync.gaiamobile.org
12-09 15:16:22.336: I/Gecko(11759): -*-*- Webapps.jsm : _readManifests of {ba786474-c50d-8549-98e7-38edfdd0ee09}
12-09 15:16:22.346: I/Gecko(11759): -*-*- Webapps.jsm : _readManifests of {ba786474-c50d-8549-98e7-38edfdd0ee09}
12-09 15:16:22.356: E/BandwidthController(172): No such iface wlan0 to delete
12-09 15:16:22.356: I/Gecko(11759): -*-*- Webapps.jsm : _readManifests of contacts-manager.gaiamobile.org
12-09 15:16:22.366: I/Gecko(11759): -*-*- Webapps.jsm : _readManifests of contacts-manager.gaiamobile.org
12-09 15:16:22.376: I/Gecko(11759): -*-*- Webapps.jsm : _readManifests of theme-test-1.gaiamobile.org
12-09 15:16:22.386: I/Gecko(11759): -*-*- Webapps.jsm : _readManifests of theme-test-1.gaiamobile.org
12-09 15:16:22.396: I/Gecko(11759): -*-*- Webapps.jsm : _readManifests of theme-test-2.gaiamobile.org
12-09 15:16:22.406: I/Gecko(11759): -*-*- Webapps.jsm : _readManifests of theme-test-2.gaiamobile.org
12-09 15:16:22.416: I/Gecko(11759): -*-*- Webapps.jsm : _readManifests of theme-test-3.gaiamobile.org
12-09 15:16:22.446: I/Gecko(11759): -*-*- Webapps.jsm : _readManifests of theme-test-3.gaiamobile.org
12-09 15:16:22.466: I/Gecko(11759): -*-*- Webapps.jsm : _readManifests of addon1.gaiamobile.org
12-09 15:16:22.476: E/Default Home Screen(12084): Content JS ERROR: Failed to retrieve icon [object DOMError]
12-09 15:16:22.476: E/Default Home Screen(12084):     at proto.refresh/handleError (app://homescreen.gaiamobile.org/shared/elements/gaia-site-icon/script.js:559:11)
12-09 15:16:22.486: I/Gecko(11759): -*-*- Webapps.jsm : _readManifests of addon1.gaiamobile.org
12-09 15:16:22.486: E/Default Home Screen(12084): Content JS ERROR: Failed to retrieve icon [object DOMError]
12-09 15:16:22.486: E/Default Home Screen(12084):     at proto.refresh/handleError (app://homescreen.gaiamobile.org/shared/elements/gaia-site-icon/script.js:559:11)
12-09 15:16:22.496: I/Gecko(11759): -*-*- Webapps.jsm : _readManifests of addon2.gaiamobile.org
12-09 15:16:22.506: E/Default Home Screen(12084): Content JS ERROR: Failed to retrieve icon [object DOMError]
12-09 15:16:22.506: E/Default Home Screen(12084):     at proto.refresh/handleError (app://homescreen.gaiamobile.org/shared/elements/gaia-site-icon/script.js:559:11)
12-09 15:16:22.506: I/Gecko(11759): -*-*- Webapps.jsm : _readManifests of addon2.gaiamobile.org
12-09 15:16:22.516: E/Default Home Screen(12084): Content JS ERROR: Failed to retrieve icon [object DOMError]
12-09 15:16:22.516: E/Default Home Screen(12084):     at proto.refresh/handleError (app://homescreen.gaiamobile.org/shared/elements/gaia-site-icon/script.js:559:11)
12-09 15:16:22.516: I/Gecko(11759): -*-*- Webapps.jsm : _readManifests of addon3.gaiamobile.org
12-09 15:16:22.526: I/Gecko(11759): -*-*- Webapps.jsm : _readManifests of addon3.gaiamobile.org
12-09 15:16:22.536: E/Default Home Screen(12084): Content JS ERROR: Failed to retrieve icon [object DOMError]
12-09 15:16:22.536: E/Default Home Screen(12084):     at proto.refresh/handleError (app://homescreen.gaiamobile.org/shared/elements/gaia-site-icon/script.js:559:11)
12-09 15:16:22.536: I/Gecko(11759): -*-*- Webapps.jsm : _readManifests of {0fc22fef-db95-1e40-83f9-75c110d46d9a}
12-09 15:16:22.546: I/Gecko(11759): -*-*- Webapps.jsm : _readManifests of {0fc22fef-db95-1e40-83f9-75c110d46d9a}
12-09 15:16:22.556: E/Default Home Screen(12084): Content JS ERROR: Failed to retrieve icon [object DOMError]
12-09 15:16:22.556: E/Default Home Screen(12084):     at proto.refresh/handleError (app://homescreen.gaiamobile.org/shared/elements/gaia-site-icon/script.js:559:11)
12-09 15:16:22.566: E/Default Home Screen(12084): Content JS ERROR: Failed to retrieve icon [object DOMError]
12-09 15:16:22.566: E/Default Home Screen(12084):     at proto.refresh/handleError (app://homescreen.gaiamobile.org/shared/elements/gaia-site-icon/script.js:559:11)
12-09 15:16:22.586: E/Default Home Screen(12084): Content JS ERROR: Failed to retrieve icon [object DOMError]
12-09 15:16:22.586: E/Default Home Screen(12084):     at proto.refresh/handleError (app://homescreen.gaiamobile.org/shared/elements/gaia-site-icon/script.js:559:11)
12-09 15:16:22.596: I/Gecko(11759): -*-*- Webapps.jsm : _readManifests of bookmark.gaiamobile.org
12-09 15:16:22.596: E/Default Home Screen(12084): Content JS ERROR: Failed to retrieve icon [object DOMError]
12-09 15:16:22.596: E/Default Home Screen(12084):     at proto.refresh/handleError (app://homescreen.gaiamobile.org/shared/elements/gaia-site-icon/script.js:559:11)
12-09 15:16:22.606: I/Gecko(11759): -*-*- Webapps.jsm : _readManifests of default_theme.gaiamobile.org
12-09 15:16:22.606: I/Gecko(11759): -*-*- Webapps.jsm : _readManifests of ftu.gaiamobile.org
12-09 15:16:22.616: E/Default Home Screen(12084): Content JS ERROR: Failed to retrieve icon [object DOMError]
12-09 15:16:22.616: E/Default Home Screen(12084):     at proto.refresh/handleError (app://homescreen.gaiamobile.org/shared/elements/gaia-site-icon/script.js:559:11)
12-09 15:16:22.616: I/Gecko(11759): -*-*- Webapps.jsm : _readManifests of operatorvariant.gaiamobile.org
12-09 15:16:22.626: I/Gecko(11759): -*-*- Webapps.jsm : _readManifests of sync.gaiamobile.org
12-09 15:16:22.636: I/Gecko(11759): -*-*- Webapps.jsm : _readManifests of {ba786474-c50d-8549-98e7-38edfdd0ee09}
12-09 15:16:22.646: E/Default Home Screen(12084): Content JS ERROR: Failed to retrieve icon [object DOMError]
12-09 15:16:22.646: E/Default Home Screen(12084):     at proto.refresh/handleError (app://homescreen.gaiamobile.org/shared/elements/gaia-site-icon/script.js:559:11)
12-09 15:16:22.646: I/Gecko(11759): -*-*- Webapps.jsm : _readManifests of contacts-manager.gaiamobile.org
12-09 15:16:22.656: I/Gecko(11759): -*-*- Webapps.jsm : _readManifests of theme-test-1.gaiamobile.org
12-09 15:16:22.656: E/Default Home Screen(12084): Content JS ERROR: Failed to retrieve icon [object DOMError]
12-09 15:16:22.656: E/Default Home Screen(12084):     at proto.refresh/handleError (app://homescreen.gaiamobile.org/shared/elements/gaia-site-icon/script.js:559:11)
12-09 15:16:22.666: I/Gecko(11759): -*-*- Webapps.jsm : _readManifests of theme-test-2.gaiamobile.org
12-09 15:16:22.676: I/Gecko(11759): -*-*- Webapps.jsm : _readManifests of theme-test-3.gaiamobile.org
12-09 15:16:22.686: I/Gecko(11759): -*-*- Webapps.jsm : _readManifests of addon1.gaiamobile.org
12-09 15:16:22.696: I/Gecko(11759): -*-*- Webapps.jsm : _readManifests of addon2.gaiamobile.org
12-09 15:16:22.706: I/Gecko(11759): -*-*- Webapps.jsm : _readManifests of addon3.gaiamobile.org
12-09 15:16:22.716: I/Gecko(11759): -*-*- Webapps.jsm : _readManifests of {0fc22fef-db95-1e40-83f9-75c110d46d9a}
12-09 15:16:21.675: I/Gecko(11759): AlarmService: _onSystemClockChanged
12-09 15:16:21.675: I/Gecko(11759): AlarmService: _restoreAlarmsFromDb()
12-09 15:16:21.685: E/Default Home Screen(12084): Content JS ERROR: Failed to load icon [object Event]
12-09 15:16:21.685: E/Default Home Screen(12084):     at proto._prepareIconLoader/this._image.onerror (app://homescreen.gaiamobile.org/shared/elements/gaia-site-icon/script.js:418:7)
12-09 15:16:21.795: I/Gecko(11759): AlarmService: Callback after getting alarms from database: []
12-09 15:16:21.795: I/Gecko(11759): AlarmService: Current alarm: null
12-09 15:16:21.795: I/Gecko(11759): AlarmService: Alarm queue: []
12-09 15:16:22.245: E/Default Home Screen(12084): Content JS ERROR: Failed to retrieve icon [object DOMError]
12-09 15:16:22.245: E/Default Home Screen(12084):     at proto.refresh/handleError (app://homescreen.gaiamobile.org/shared/elements/gaia-site-icon/script.js:559:11)
12-09 15:16:25.605: V/EventHub(11759): /dev/input/event1 got: time=17878.752467, type=3, code=57, value=387
12-09 15:16:25.605: V/EventHub(11759): event time 17878752467000, now 17878755799288
12-09 15:16:25.605: V/EventHub(11759): /dev/input/event1 got: time=17878.752467, type=3, code=53, value=553
12-09 15:16:25.605: V/EventHub(11759): event time 17878752467000, now 17878755799288
12-09 15:16:25.605: V/EventHub(11759): /dev/input/event1 got: time=17878.752467, type=3, code=54, value=1884
12-09 15:16:25.605: V/EventHub(11759): event time 17878752467000, now 17878755799288
12-09 15:16:25.605: V/EventHub(11759): /dev/input/event1 got: time=17878.752467, type=3, code=58, value=47
12-09 15:16:25.605: V/EventHub(11759): event time 17878752467000, now 17878755799288
12-09 15:16:25.605: V/EventHub(11759): /dev/input/event1 got: time=17878.752467, type=0, code=0, value=0
12-09 15:16:25.605: V/EventHub(11759): event time 17878752467000, now 17878755799288
12-09 15:16:25.735: V/EventHub(11759): /dev/input/event1 got: time=17878.885658, type=3, code=57, value=-1
12-09 15:16:25.735: V/EventHub(11759): event time 17878885658000, now 17878888571265
12-09 15:16:25.735: V/EventHub(11759): /dev/input/event1 got: time=17878.885658, type=0, code=0, value=0
12-09 15:16:25.735: V/EventHub(11759): event time 17878885658000, now 17878888571265
12-09 15:16:25.825: I/Gecko(11759): [Parent 11759] WARNING: No Document in SetRequestContext; can not query loadgroup; sending reports may fail.: file /Users/foxbrush/Projects/gecko-dev-appcache/dom/security/nsCSPContext.cpp, line 603
12-09 15:16:25.855: I/Gecko(11759): [Parent 11759] WARNING: No Document in SetRequestContext; can not query loadgroup; sending reports may fail.: file /Users/foxbrush/Projects/gecko-dev-appcache/dom/security/nsCSPContext.cpp, line 603
12-09 15:16:26.495: I/Gecko(11759): XXX FIXME : Dispatch a mozChromeEvent: default-volume-channel-changed
12-09 15:16:26.655: D/Default Home Screen(12084): Content JS DEBUG: Bug 1211266: getIcon retry 1 for http://fischerliu.net63.net/hostedappcache/manifest.webapp
12-09 15:16:26.655: D/Default Home Screen(12084):     at proto.refresh/getImage/</this._iconFetchTimeout< (app://homescreen.gaiamobile.org/shared/elements/gaia-site-icon/script.js:580:1)
12-09 15:16:26.675: I/Gecko(11759): -*-*- Webapps.jsm : _readManifests of {0fc22fef-db95-1e40-83f9-75c110d46d9a}
12-09 15:16:27.875: V/EventHub(11759): /dev/input/event1 got: time=17881.027184, type=3, code=57, value=388
12-09 15:16:27.875: V/EventHub(11759): event time 17881027184000, now 17881029682566
12-09 15:16:27.875: V/EventHub(11759): /dev/input/event1 got: time=17881.027184, type=3, code=53, value=586
12-09 15:16:27.885: V/EventHub(11759): event time 17881027184000, now 17881029682566
12-09 15:16:27.885: V/EventHub(11759): /dev/input/event1 got: time=17881.027184, type=3, code=54, value=1450
12-09 15:16:27.885: V/EventHub(11759): event time 17881027184000, now 17881029682566
12-09 15:16:27.885: V/EventHub(11759): /dev/input/event1 got: time=17881.027184, type=3, code=48, value=4
12-09 15:16:27.885: V/EventHub(11759): event time 17881027184000, now 17881029682566
12-09 15:16:27.885: V/EventHub(11759): /dev/input/event1 got: time=17881.027184, type=0, code=0, value=0
12-09 15:16:27.885: V/EventHub(11759): event time 17881027184000, now 17881029682566
12-09 15:16:27.885: I/Gecko(11759): [Parent 11759] WARNING: Found a non-root APZ with no handoff parent: file /Users/foxbrush/Projects/gecko-dev-appcache/gfx/layers/apz/src/APZCTreeManager.cpp, line 1561
12-09 15:16:27.895: V/EventHub(11759): /dev/input/event1 got: time=17881.035539, type=3, code=54, value=1447
12-09 15:16:27.895: V/EventHub(11759): event time 17881035539000, now 17881040324441
12-09 15:16:27.895: V/EventHub(11759): /dev/input/event1 got: time=17881.035539, type=0, code=0, value=0
12-09 15:16:27.895: V/EventHub(11759): event time 17881035539000, now 17881040324441
12-09 15:16:27.895: V/EventHub(11759): /dev/input/event1 got: time=17881.043905, type=3, code=54, value=1434
12-09 15:16:27.895: V/EventHub(11759): event time 17881043905000, now 17881046373139
12-09 15:16:27.895: V/EventHub(11759): /dev/input/event1 got: time=17881.043905, type=0, code=0, value=0
12-09 15:16:27.895: V/EventHub(11759): event time 17881043905000, now 17881046373139
12-09 15:16:27.905: V/EventHub(11759): /dev/input/event1 got: time=17881.052274, type=3, code=54, value=1407
12-09 15:16:27.905: V/EventHub(11759): event time 17881052274000, now 17881056543868
12-09 15:16:27.905: V/EventHub(11759): /dev/input/event1 got: time=17881.052274, type=0, code=0, value=0
12-09 15:16:27.905: V/EventHub(11759): event time 17881052274000, now 17881056543868
12-09 15:16:27.915: V/EventHub(11759): /dev/input/event1 got: time=17881.060629, type=3, code=53, value=589
12-09 15:16:27.915: V/EventHub(11759): event time 17881060629000, now 17881063894129
12-09 15:16:27.915: V/EventHub(11759): /dev/input/event1 got: time=17881.060629, type=3, code=54, value=1361
12-09 15:16:27.915: V/EventHub(11759): event time 17881060629000, now 17881063894129
12-09 15:16:27.915: V/EventHub(11759): /dev/input/event1 got: time=17881.060629, type=3, code=58, value=48
12-09 15:16:27.915: V/EventHub(11759): event time 17881060629000, now 17881063894129
12-09 15:16:27.915: V/EventHub(11759): /dev/input/event1 got: time=17881.060629, type=0, code=0, value=0
12-09 15:16:27.915: V/EventHub(11759): event time 17881060629000, now 17881063894129
12-09 15:16:27.925: V/EventHub(11759): /dev/input/event1 got: time=17881.069005, type=3, code=53, value=594
12-09 15:16:27.925: V/EventHub(11759): event time 17881069005000, now 17881075019858
12-09 15:16:27.925: V/EventHub(11759): /dev/input/event1 got: time=17881.069005, type=3, code=54, value=1300
12-09 15:16:27.925: V/EventHub(11759): event time 17881069005000, now 17881075019858
12-09 15:16:27.925: V/EventHub(11759): /dev/input/event1 got: time=17881.069005, type=0, code=0, value=0
12-09 15:16:27.925: V/EventHub(11759): event time 17881069005000, now 17881075019858
12-09 15:16:27.925: V/EventHub(11759): /dev/input/event1 got: time=17881.077443, type=3, code=53, value=603
12-09 15:16:27.935: V/EventHub(11759): event time 17881077443000, now 17881079912879
12-09 15:16:27.935: V/EventHub(11759): /dev/input/event1 got: time=17881.077443, type=3, code=54, value=1226
12-09 15:16:27.935: V/EventHub(11759): event time 17881077443000, now 17881079912879
12-09 15:16:27.935: V/EventHub(11759): /dev/input/event1 got: time=17881.077443, type=0, code=0, value=0
12-09 15:16:27.935: V/EventHub(11759): event time 17881077443000, now 17881079912879
12-09 15:16:27.935: V/EventHub(11759): /dev/input/event1 got: time=17881.085765, type=3, code=53, value=615
12-09 15:16:27.935: V/EventHub(11759): event time 17881085765000, now 17881088234858
12-09 15:16:27.935: V/EventHub(11759): /dev/input/event1 got: time=17881.085765, type=3, code=54, value=1146
12-09 15:16:27.935: V/EventHub(11759): event time 17881085765000, now 17881088234858
12-09 15:16:27.935: V/EventHub(11759): /dev/input/event1 got: time=17881.085765, type=0, code=0, value=0
12-09 15:16:27.935: V/EventHub(11759): event time 17881085765000, now 17881088234858
12-09 15:16:27.945: V/EventHub(11759): /dev/input/event1 got: time=17881.094086, type=3, code=53, value=629
12-09 15:16:27.945: V/EventHub(11759): event time 17881094086000, now 17881096548347
12-09 15:16:27.945: V/EventHub(11759): /dev/input/event1 got: time=17881.094086, type=3, code=54, value=1061
12-09 15:16:27.945: V/EventHub(11759): event time 17881094086000, now 17881096548347
12-09 15:16:27.945: V/EventHub(11759): /dev/input/event1 got: time=17881.094086, type=0, code=0, value=0
12-09 15:16:27.945: V/EventHub(11759): event time 17881094086000, now 17881096548347
12-09 15:16:27.955: V/EventHub(11759): /dev/input/event1 got: time=17881.102514, type=3, code=53, value=645
12-09 15:16:27.955: V/EventHub(11759): event time 17881102514000, now 17881104985327
12-09 15:16:27.955: V/EventHub(11759): /dev/input/event1 got: time=17881.102514, type=3, code=54, value=972
12-09 15:16:27.955: V/EventHub(11759): event time 17881102514000, now 17881104985327
12-09 15:16:27.955: V/EventHub(11759): /dev/input/event1 got: time=17881.102514, type=0, code=0, value=0
12-09 15:16:27.955: V/EventHub(11759): event time 17881102514000, now 17881104985327
12-09 15:16:27.965: V/EventHub(11759): /dev/input/event1 got: time=17881.110824, type=3, code=53, value=667
12-09 15:16:27.965: V/EventHub(11759): event time 17881110824000, now 17881113351473
12-09 15:16:27.965: V/EventHub(11759): /dev/input/event1 got: time=17881.110824, type=3, code=54, value=872
12-09 15:16:27.965: V/EventHub(11759): event time 17881110824000, now 17881113351473
12-09 15:16:27.965: V/EventHub(11759): /dev/input/event1 got: time=17881.110824, type=0, code=0, value=0
12-09 15:16:27.965: V/EventHub(11759): event time 17881110824000, now 17881113351473
12-09 15:16:27.975: V/EventHub(11759): /dev/input/event1 got: time=17881.119198, type=3, code=53, value=690
12-09 15:16:27.975: V/EventHub(11759): event time 17881119198000, now 17881122045275
12-09 15:16:27.975: V/EventHub(11759): /dev/input/event1 got: time=17881.119198, type=3, code=54, value=780
12-09 15:16:27.975: V/EventHub(11759): event time 17881119198000, now 17881122045275
12-09 15:16:27.975: V/EventHub(11759): /dev/input/event1 got: time=17881.119198, type=0, code=0, value=0
12-09 15:16:27.975: V/EventHub(11759): event time 17881119198000, now 17881122045275
12-09 15:16:27.975: V/EventHub(11759): /dev/input/event1 got: time=17881.127451, type=3, code=53, value=714
12-09 15:16:27.975: V/EventHub(11759): event time 17881127451000, now 17881129927879
12-09 15:16:27.985: V/EventHub(11759): /dev/input/event1 got: time=17881.127451, type=3, code=54, value=688
12-09 15:16:27.985: V/EventHub(11759): event time 17881127451000, now 17881129927879
12-09 15:16:27.985: V/EventHub(11759): /dev/input/event1 got: time=17881.127451, type=0, code=0, value=0
12-09 15:16:27.985: V/EventHub(11759): event time 17881127451000, now 17881129927879
12-09 15:16:27.985: V/EventHub(11759): /dev/input/event1 got: time=17881.135270, type=3, code=53, value=742
12-09 15:16:27.985: V/EventHub(11759): event time 17881135270000, now 17881137754962
12-09 15:16:27.985: V/EventHub(11759): /dev/input/event1 got: time=17881.135270, type=3, code=54, value=587
12-09 15:16:27.985: V/EventHub(11759): event time 17881135270000, now 17881137754962
12-09 15:16:27.985: V/EventHub(11759): /dev/input/event1 got: time=17881.135270, type=0, code=0, value=0
12-09 15:16:27.985: V/EventHub(11759): event time 17881135270000, now 17881137754962
12-09 15:16:27.995: V/EventHub(11759): /dev/input/event1 got: time=17881.143565, type=3, code=57, value=-1
12-09 15:16:27.995: V/EventHub(11759): event time 17881143565000, now 17881146036681
12-09 15:16:27.995: V/EventHub(11759): /dev/input/event1 got: time=17881.143565, type=0, code=0, value=0
12-09 15:16:27.995: V/EventHub(11759): event time 17881143565000, now 17881146036681
12-09 15:16:29.575: V/EventHub(11759): /dev/input/event1 got: time=17882.726555, type=3, code=57, value=389
12-09 15:16:29.575: V/EventHub(11759): event time 17882726555000, now 17882729043399
12-09 15:16:29.575: V/EventHub(11759): /dev/input/event1 got: time=17882.726555, type=3, code=53, value=520
12-09 15:16:29.575: V/EventHub(11759): event time 17882726555000, now 17882729043399
12-09 15:16:29.575: V/EventHub(11759): /dev/input/event1 got: time=17882.726555, type=3, code=54, value=1157
12-09 15:16:29.575: V/EventHub(11759): event time 17882726555000, now 17882729043399
12-09 15:16:29.575: V/EventHub(11759): /dev/input/event1 got: time=17882.726555, type=3, code=58, value=52
12-09 15:16:29.575: V/EventHub(11759): event time 17882726555000, now 17882729043399
12-09 15:16:29.575: V/EventHub(11759): /dev/input/event1 got: time=17882.726555, type=3, code=48, value=6
12-09 15:16:29.575: V/EventHub(11759): event time 17882726555000, now 17882729043399
12-09 15:16:29.585: V/EventHub(11759): /dev/input/event1 got: time=17882.726555, type=0, code=0, value=0
12-09 15:16:29.585: V/EventHub(11759): event time 17882726555000, now 17882729043399
12-09 15:16:29.585: I/Gecko(11759): [Parent 11759] WARNING: Found a non-root APZ with no handoff parent: file /Users/foxbrush/Projects/gecko-dev-appcache/gfx/layers/apz/src/APZCTreeManager.cpp, line 1561
12-09 15:16:29.595: V/EventHub(11759): /dev/input/event1 got: time=17882.742620, type=3, code=57, value=-1
12-09 15:16:29.595: V/EventHub(11759): event time 17882742620000, now 17882745142201
12-09 15:16:29.595: V/EventHub(11759): /dev/input/event1 got: time=17882.742620, type=0, code=0, value=0
12-09 15:16:29.595: V/EventHub(11759): event time 17882742620000, now 17882745142201
12-09 15:16:29.615: I/Gecko(11759): -*-*- Webapps.jsm : _readManifests of {0fc22fef-db95-1e40-83f9-75c110d46d9a}
12-09 15:16:29.615: I/Gecko(11759): XXX FIXME : Dispatch a webapps-launch: undefined
12-09 15:16:29.625: I/Gecko(11759): [Parent 11759] WARNING: NS_ENSURE_SUCCESS(rv, rv) failed with result 0x804B000A: file ../../../../../../Users/foxbrush/Projects/gecko-dev-appcache/dom/base/nsImageLoadingContent.cpp, line 788
12-09 15:16:29.725: I/Gecko(13700): ######################## extensions.js loaded
12-09 15:16:29.995: I/Gecko(11759): [Parent 11759] WARNING: Suboptimal indexes for the SQL statement 0xae5529e0 (http://mzl.la/1FuID0j).: file /Users/foxbrush/Projects/gecko-dev-appcache/storage/mozStoragePrivateHelpers.cpp, line 114
12-09 15:16:29.995: I/Gecko(11759): [Parent 11759] WARNING: Suboptimal indexes for the SQL statement 0xae552900 (http://mzl.la/1FuID0j).: file /Users/foxbrush/Projects/gecko-dev-appcache/storage/mozStoragePrivateHelpers.cpp, line 114
12-09 15:16:30.355: I/Gecko(13700): ++DOMWINDOW == 3 (0xaf974800) [pid = 13700] [serial = 3] [outer = 0xb0c9e800]
12-09 15:16:31.655: E/ThermalEngine(193): TM Id 'SKIN_THERMAL_management_1' Sensor 'xo_therm_pu2' - alarm raised 1 at 40.0 degC
12-09 15:16:31.655: E/ThermalEngine(193): ACTION: LCD - Setting max LCD brightness to 229
12-09 15:16:31.655: E/ThermalEngine(193): Setting curr LCD brightness to 255
12-09 15:16:31.665: I/Gecko(11759): [Parent 11759] WARNING: 'NS_FAILED(rv)', file /Users/foxbrush/Projects/gecko-dev-appcache/dom/base/URL.cpp, line 96
12-09 15:16:33.155: V/EventHub(11759): /dev/input/event1 got: time=17886.306059, type=3, code=57, value=390
12-09 15:16:33.155: V/EventHub(11759): event time 17886306059000, now 17886308575741
12-09 15:16:33.155: V/EventHub(11759): /dev/input/event1 got: time=17886.306059, type=3, code=53, value=915
12-09 15:16:33.155: V/EventHub(11759): event time 17886306059000, now 17886308575741
12-09 15:16:33.155: V/EventHub(11759): /dev/input/event1 got: time=17886.306059, type=3, code=54, value=654
12-09 15:16:33.155: V/EventHub(11759): event time 17886306059000, now 17886308575741
12-09 15:16:33.155: V/EventHub(11759): /dev/input/event1 got: time=17886.306059, type=3, code=58, value=46
12-09 15:16:33.155: V/EventHub(11759): event time 17886306059000, now 17886308575741
12-09 15:16:33.155: V/EventHub(11759): /dev/input/event1 got: time=17886.306059, type=3, code=48, value=4
12-09 15:16:33.155: V/EventHub(11759): event time 17886306059000, now 17886308575741
12-09 15:16:33.155: V/EventHub(11759): /dev/input/event1 got: time=17886.306059, type=0, code=0, value=0
12-09 15:16:33.155: V/EventHub(11759): event time 17886306059000, now 17886308575741
12-09 15:16:33.305: V/EventHub(11759): /dev/input/event1 got: time=17886.455907, type=3, code=54, value=653
12-09 15:16:33.305: V/EventHub(11759): event time 17886455907000, now 17886458398762
12-09 15:16:33.305: V/EventHub(11759): /dev/input/event1 got: time=17886.455907, type=0, code=0, value=0
12-09 15:16:33.305: V/EventHub(11759): event time 17886455907000, now 17886458398762
12-09 15:16:33.315: V/EventHub(11759): /dev/input/event1 got: time=17886.464211, type=3, code=57, value=-1
12-09 15:16:33.315: V/EventHub(11759): event time 17886464211000, now 17886466709335
12-09 15:16:33.315: V/EventHub(11759): /dev/input/event1 got: time=17886.464211, type=0, code=0, value=0
12-09 15:16:33.315: V/EventHub(11759): event time 17886464211000, now 17886466709335
12-09 15:16:33.455: I/Gecko(13700): --DOMWINDOW == 2 (0xafc70400) [pid = 13700] [serial = 2] [outer = 0x0] [url = about:blank]
12-09 15:16:33.485: E/Default Home Screen(12084): [JavaScript Error: "TypeError: image is null" {file: "app://homescreen.gaiamobile.org/shared/elements/gaia-site-icon/script.js" line: 571}]
12-09 15:16:33.635: W/TV marketplace(13700): [JavaScript Warning: "Use of getPreventDefault() is deprecated.  Use defaultPrevented instead." {file: "http://ajax.googleapis.com/ajax/libs/jquery/1.8.3/jquery.min.js" line: 2}]
12-09 15:16:34.595: V/EventHub(11759): /dev/input/event1 got: time=17887.744338, type=3, code=57, value=391
12-09 15:16:34.595: V/EventHub(11759): event time 17887744338000, now 17887747620897
12-09 15:16:34.605: V/EventHub(11759): /dev/input/event1 got: time=17887.744338, type=3, code=53, value=559
12-09 15:16:34.605: V/EventHub(11759): event time 17887744338000, now 17887747620897
12-09 15:16:34.605: V/EventHub(11759): /dev/input/event1 got: time=17887.744338, type=3, code=54, value=1890
12-09 15:16:34.605: V/EventHub(11759): event time 17887744338000, now 17887747620897
12-09 15:16:34.605: V/EventHub(11759): /dev/input/event1 got: time=17887.744338, type=3, code=48, value=5
12-09 15:16:34.605: V/EventHub(11759): event time 17887744338000, now 17887747620897
12-09 15:16:34.605: V/EventHub(11759): /dev/input/event1 got: time=17887.744338, type=0, code=0, value=0
12-09 15:16:34.605: V/EventHub(11759): event time 17887744338000, now 17887747620897
12-09 15:16:34.675: V/EventHub(11759): /dev/input/event1 got: time=17887.818840, type=3, code=54, value=1889
12-09 15:16:34.675: V/EventHub(11759): event time 17887818840000, now 17887821313762
12-09 15:16:34.675: V/EventHub(11759): /dev/input/event1 got: time=17887.818840, type=3, code=58, value=37
12-09 15:16:34.675: V/EventHub(11759): event time 17887818840000, now 17887821313762
12-09 15:16:34.675: V/EventHub(11759): /dev/input/event1 got: time=17887.818840, type=3, code=48, value=4
12-09 15:16:34.675: V/EventHub(11759): event time 17887818840000, now 17887821313762
12-09 15:16:34.675: V/EventHub(11759): /dev/input/event1 got: time=17887.818840, type=0, code=0, value=0
12-09 15:16:34.675: V/EventHub(11759): event time 17887818840000, now 17887821313762
12-09 15:16:34.675: V/EventHub(11759): /dev/input/event1 got: time=17887.827211, type=3, code=57, value=-1
12-09 15:16:34.675: V/EventHub(11759): event time 17887827211000, now 17887829674907
12-09 15:16:34.675: V/EventHub(11759): /dev/input/event1 got: time=17887.827211, type=0, code=0, value=0
12-09 15:16:34.675: V/EventHub(11759): event time 17887827211000, now 17887829674907
12-09 15:16:34.795: I/Gecko(11759): [Parent 11759] WARNING: No Document in SetRequestContext; can not query loadgroup; sending reports may fail.: file /Users/foxbrush/Projects/gecko-dev-appcache/dom/security/nsCSPContext.cpp, line 603
12-09 15:16:34.805: I/Gecko(11759): [Parent 11759] WARNING: No Document in SetRequestContext; can not query loadgroup; sending reports may fail.: file /Users/foxbrush/Projects/gecko-dev-appcache/dom/security/nsCSPContext.cpp, line 603
12-09 15:16:34.885: I/Gecko(11759): -*-*- Webapps.jsm : _readManifests of bluetooth.gaiamobile.org
12-09 15:16:35.395: I/Gecko(14146): [Child 14146] WARNING: NS_ENSURE_TRUE(XRE_IsParentProcess()) failed: file ../../../../../../Users/foxbrush/Projects/gecko-dev-appcache/dom/base/nsFrameMessageManager.cpp, line 1600
12-09 15:16:35.815: D/skia(13700): Running dynamic CPU feature detection
12-09 15:16:35.815: D/skia(13700): START /proc/cpuinfo:
12-09 15:16:35.815: D/skia(13700): Processor  : ARMv7 Processor rev 0 (v7l)
12-09 15:16:35.815: D/skia(13700): processor  : 0
12-09 15:16:35.815: D/skia(13700): BogoMIPS : 38.40
12-09 15:16:35.815: D/skia(13700): processor  : 1
12-09 15:16:35.815: D/skia(13700): BogoMIPS : 38.40
12-09 15:16:35.815: D/skia(13700): processor  : 2
12-09 15:16:35.815: D/skia(13700): BogoMIPS : 38.40
12-09 15:16:35.815: D/skia(13700): processor  : 3
12-09 15:16:35.815: D/skia(13700): BogoMIPS : 38.40
12-09 15:16:35.815: D/skia(13700): Features : swp half thumb fastmult vfp edsp neon vfpv3 tls vfpv4 idiva idivt
12-09 15:16:35.815: D/skia(13700): CPU implementer  : 0x51
12-09 15:16:35.815: D/skia(13700): CPU architecture: 7
12-09 15:16:35.815: D/skia(13700): CPU variant  : 0x2
12-09 15:16:35.815: D/skia(13700): CPU part : 0x06f
12-09 15:16:35.815: D/skia(13700): CPU revision : 0
12-09 15:16:35.815: D/skia(13700): Hardware : Qualcomm MSM 8974 HAMMERHEAD (Flattened Device Tree)
12-09 15:16:35.815: D/skia(13700): Revision : 000b
12-09 15:16:35.815: D/skia(13700): Serial   : 0000000000000000
12-09 15:16:35.815: D/skia(13700): END /proc/cpuinfo
12-09 15:16:35.815: D/skia(13700): Device supports ARM NEON instructions!
12-09 15:16:36.095: I/Gecko(14146): ++DOMWINDOW == 2 (0xafc5bc00) [pid = 14146] [serial = 2] [outer = 0xb0c9e800]
12-09 15:16:36.155: I/Gecko(14146): [Child 14146] WARNING: NS_ENSURE_TRUE(startupCache) failed: file /Users/foxbrush/Projects/gecko-dev-appcache/dom/xbl/nsXBLDocumentInfo.cpp, line 199
12-09 15:16:36.165: I/Gecko(14146): [Child 14146] WARNING: NS_ENSURE_TRUE(startupCache) failed: file /Users/foxbrush/Projects/gecko-dev-appcache/dom/xbl/nsXBLDocumentInfo.cpp, line 267
12-09 15:16:36.205: V/EventHub(11759): /dev/input/event1 got: time=17889.349653, type=3, code=57, value=392
12-09 15:16:36.205: V/EventHub(11759): event time 17889349653000, now 17889352251783
12-09 15:16:36.205: V/EventHub(11759): /dev/input/event1 got: time=17889.349653, type=3, code=53, value=885
12-09 15:16:36.205: V/EventHub(11759): event time 17889349653000, now 17889352251783
12-09 15:16:36.205: V/EventHub(11759): /dev/input/event1 got: time=17889.349653, type=3, code=54, value=1191
12-09 15:16:36.205: V/EventHub(11759): event time 17889349653000, now 17889352251783
12-09 15:16:36.205: V/EventHub(11759): /dev/input/event1 got: time=17889.349653, type=3, code=58, value=47
12-09 15:16:36.205: V/EventHub(11759): event time 17889349653000, now 17889352251783
12-09 15:16:36.205: V/EventHub(11759): /dev/input/event1 got: time=17889.349653, type=0, code=0, value=0
12-09 15:16:36.205: V/EventHub(11759): event time 17889349653000, now 17889352251783
12-09 15:16:36.205: I/Gecko(11759): [Parent 11759] WARNING: Found a non-root APZ with no handoff parent: file /Users/foxbrush/Projects/gecko-dev-appcache/gfx/layers/apz/src/APZCTreeManager.cpp, line 1561
12-09 15:16:36.335: V/EventHub(11759): /dev/input/event1 got: time=17889.482863, type=3, code=57, value=-1
12-09 15:16:36.335: V/EventHub(11759): event time 17889482863000, now 17889485397876
12-09 15:16:36.335: V/EventHub(11759): /dev/input/event1 got: time=17889.482863, type=0, code=0, value=0
12-09 15:16:36.335: V/EventHub(11759): event time 17889482863000, now 17889485397876
12-09 15:16:36.555: I/Gecko(11759): -*-*- Webapps.jsm : _readManifests of {5043b1b3-3f39-2344-871f-d3799c564717}
12-09 15:16:36.565: I/Gecko(11759): XXX FIXME : Dispatch a webapps-launch: undefined
12-09 15:16:36.565: I/Gecko(11759): [Parent 11759] WARNING: NS_ENSURE_SUCCESS(rv, rv) failed with result 0x804B000A: file ../../../../../../Users/foxbrush/Projects/gecko-dev-appcache/dom/base/nsImageLoadingContent.cpp, line 788
12-09 15:16:36.685: I/Gecko(14146): ######################## extensions.js loaded
12-09 15:16:36.905: I/Wikipedia(14146): PAC file installed from data: URI
12-09 15:16:36.995: I/Gecko(11759): [Parent 11759] WARNING: Suboptimal indexes for the SQL statement 0xae5529e0 (http://mzl.la/1FuID0j).: file /Users/foxbrush/Projects/gecko-dev-appcache/storage/mozStoragePrivateHelpers.cpp, line 114
12-09 15:16:36.995: I/Gecko(11759): [Parent 11759] WARNING: Suboptimal indexes for the SQL statement 0xae552900 (http://mzl.la/1FuID0j).: file /Users/foxbrush/Projects/gecko-dev-appcache/storage/mozStoragePrivateHelpers.cpp, line 114
12-09 15:16:37.485: I/Gecko(14146): ++DOMWINDOW == 3 (0xaf974800) [pid = 14146] [serial = 3] [outer = 0xb0c9e800]
12-09 15:16:37.515: I/Gecko(14146): [Child 14146] WARNING: Could not get disk status from nsIDiskSpaceWatcher: file /Users/foxbrush/Projects/gecko-dev-appcache/uriloader/prefetch/nsOfflineCacheUpdateService.cpp, line 336
12-09 15:16:38.215: W/Wikipedia(14146): [JavaScript Warning: "Expected media feature name but found 'touch-enabled'." {file: "https://bits.wikimedia.org/WikipediaMobileFirefoxOS/" line: 1 column: 59 source: "@font-face {font-family:"font";src:url("https://")}@media (touch-enabled),(-webkit-touch-enabled),(-moz-touch-enabled),(-o-touch-enabled),(-ms-touch-enabled),(modernizr){#touch{top:9px;position:absolute}}@media (transform-3d),(-webkit-transform-3d),(-moz-transform-3d),(-o-transform-3d),(-ms-transform-3d),(modernizr){#csstransforms3d{left:9px;position:absolute;height:3px;}}#generatedcontent:after{content:":)";visibility:hidden}"}]
12-09 15:16:38.215: W/Wikipedia(14146): [JavaScript Warning: "Expected media feature name but found '-webkit-touch-enabled'." {file: "https://bits.wikimedia.org/WikipediaMobileFirefoxOS/" line: 1 column: 75 source: "@font-face {font-family:"font";src:url("https://")}@media (touch-enabled),(-webkit-touch-enabled),(-moz-touch-enabled),(-o-touch-enabled),(-ms-touch-enabled),(modernizr){#touch{top:9px;position:absolute}}@media (transform-3d),(-webkit-transform-3d),(-moz-transform-3d),(-o-transform-3d),(-ms-transform-3d),(modernizr){#csstransforms3d{left:9px;position:absolute;height:3px;}}#generatedcontent:after{content:":)";visibility:hidden}"}]
12-09 15:16:38.215: W/Wikipedia(14146): [JavaScript Warning: "Expected media feature name but found '-o-touch-enabled'." {file: "https://bits.wikimedia.org/WikipediaMobileFirefoxOS/" line: 1 column: 120 source: "@font-face {font-family:"font";src:url("https://")}@media (touch-enabled),(-webkit-touch-enabled),(-moz-touch-enabled),(-o-touch-enabled),(-ms-touch-enabled),(modernizr){#touch{top:9px;position:absolute}}@media (transform-3d),(-webkit-transform-3d),(-moz-transform-3d),(-o-transform-3d),(-ms-transform-3d),(modernizr){#csstransforms3d{left:9px;position:absolute;height:3px;}}#generatedcontent:after{content:":)";visibility:hidden}"}]
12-09 15:16:38.215: W/Wikipedia(14146): [JavaScript Warning: "Expected media feature name but found '-ms-touch-enabled'." {file: "https://bits.wikimedia.org/WikipediaMobileFirefoxOS/" line: 1 column: 139 source: "@font-face {font-family:"font";src:url("https://")}@media (touch-enabled),(-webkit-touch-enabled),(-moz-touch-enabled),(-o-touch-enabled),(-ms-touch-enabled),(modernizr){#touch{top:9px;position:absolute}}@media (transform-3d),(-webkit-transform-3d),(-moz-transform-3d),(-o-transform-3d),(-ms-transform-3d),(modernizr){#csstransforms3d{left:9px;position:absolute;height:3px;}}#generatedcontent:after{content:":)";visibility:hidden}"}]
12-09 15:16:38.215: W/Wikipedia(14146): [JavaScript Warning: "Expected media feature name but found 'modernizr'." {file: "https://bits.wikimedia.org/WikipediaMobileFirefoxOS/" line: 1 column: 159 source: "@font-face {font-family:"font";src:url("https://")}@media (touch-enabled),(-webkit-touch-enabled),(-moz-touch-enabled),(-o-touch-enabled),(-ms-touch-enabled),(modernizr){#touch{top:9px;position:absolute}}@media (transform-3d),(-webkit-transform-3d),(-moz-transform-3d),(-o-transform-3d),(-ms-transform-3d),(modernizr){#csstransforms3d{left:9px;position:absolute;height:3px;}}#generatedcontent:after{content:":)";visibility:hidden}"}]
12-09 15:16:38.215: W/Wikipedia(14146): [JavaScript Warning: "Expected media feature name but found 'transform-3d'." {file: "https://bits.wikimedia.org/WikipediaMobileFirefoxOS/" line: 1 column: 212 source: "@font-face {font-family:"font";src:url("https://")}@media (touch-enabled),(-webkit-touch-enabled),(-moz-touch-enabled),(-o-touch-enabled),(-ms-touch-enabled),(modernizr){#touch{top:9px;position:absolute}}@media (transform-3d),(-webkit-transform-3d),(-moz-transform-3d),(-o-transform-3d),(-ms-transform-3d),(modernizr){#csstransforms3d{left:9px;position:absolute;height:3px;}}#generatedcontent:after{content:":)";visibility:hidden}"}]
12-09 15:16:38.215: W/Wikipedia(14146): [JavaScript Warning: "Expected media feature name but found '-webkit-transform-3d'." {file: "https://bits.wikimedia.org/WikipediaMobileFirefoxOS/" line: 1 column: 227 source: "@font-face {font-family:"font";src:url("https://")}@media (touch-enabled),(-webkit-touch-enabled),(-moz-touch-enabled),(-o-touch-enabled),(-ms-touch-enabled),(modernizr){#touch{top:9px;position:absolute}}@media (transform-3d),(-webkit-transform-3d),(-moz-transform-3d),(-o-transform-3d),(-ms-transform-3d),(modernizr){#csstransforms3d{left:9px;position:absolute;height:3px;}}#generatedcontent:after{content:":)";visibility:hidden}"}]
12-09 15:16:38.215: W/Wikipedia(14146): [JavaScript Warning: "Expected media feature name but found '-moz-transform-3d'." {file: "https://bits.wikimedia.org/WikipediaMobileFirefoxOS/" line: 1 column: 250 source: "@font-face {font-family:"font";src:url("https://")}@media (touch-enabled),(-webkit-touch-enabled),(-moz-touch-enabled),(-o-touch-enabled),(-ms-touch-enabled),(modernizr){#touch{top:9px;position:absolute}}@media (transform-3d),(-webkit-transform-3d),(-moz-transform-3d),(-o-transform-3d),(-ms-transform-3d),(modernizr){#csstransforms3d{left:9px;position:absolute;height:3px;}}#generatedcontent:after{content:":)";visibility:hidden}"}]
12-09 15:16:38.215: W/Wikipedia(14146): [JavaScript Warning: "Expected media feature name but found '-o-transform-3d'." {file: "https://bits.wikimedia.org/WikipediaMobileFirefoxOS/" line: 1 column: 270 source: "@font-face {font-family:"font";src:url("https://")}@media (touch-enabled),(-webkit-touch-enabled),(-moz-touch-enabled),(-o-touch-enabled),(-ms-touch-enabled),(modernizr){#touch{top:9px;position:absolute}}@media (transform-3d),(-webkit-transform-3d),(-moz-transform-3d),(-o-transform-3d),(-ms-transform-3d),(modernizr){#csstransforms3d{left:9px;position:absolute;height:3px;}}#generatedcontent:after{content:":)";visibility:hidden}"}]
12-09 15:16:38.215: W/Wikipedia(14146): [JavaScript Warning: "Expected media feature name but found '-ms-transform-3d'." {file: "https://bits.wikimedia.org/WikipediaMobileFirefoxOS/" line: 1 column: 288 source: "@font-face {font-family:"font";src:url("https://")}@media (touch-enabled),(-webkit-touch-enabled),(-moz-touch-enabled),(-o-touch-enabled),(-ms-touch-enabled),(modernizr){#touch{top:9px;position:absolute}}@media (transform-3d),(-webkit-transform-3d),(-moz-transform-3d),(-o-transform-3d),(-ms-transform-3d),(modernizr){#csstransforms3d{left:9px;position:absolute;height:3px;}}#generatedcontent:after{content:":)";visibility:hidden}"}]
12-09 15:16:38.215: W/Wikipedia(14146): [JavaScript Warning: "Expected media feature name but found 'modernizr'." {file: "https://bits.wikimedia.org/WikipediaMobileFirefoxOS/" line: 1 column: 307 source: "@font-face {font-family:"font";src:url("https://")}@media (touch-enabled),(-webkit-touch-enabled),(-moz-touch-enabled),(-o-touch-enabled),(-ms-touch-enabled),(modernizr){#touch{top:9px;position:absolute}}@media (transform-3d),(-webkit-transform-3d),(-moz-transform-3d),(-o-transform-3d),(-ms-transform-3d),(modernizr){#csstransforms3d{left:9px;position:absolute;height:3px;}}#generatedcontent:after{content:":)";visibility:hidden}"}]
12-09 15:16:38.375: I/Gecko(14146): Attempting load of libEGL.so
12-09 15:16:38.375: D/libEGL(14146): loaded /vendor/lib/egl/libEGL_adreno.so
12-09 15:16:38.375: D/libEGL(14146): loaded /vendor/lib/egl/libGLESv1_CM_adreno.so
12-09 15:16:38.375: D/libEGL(14146): loaded /vendor/lib/egl/libGLESv2_adreno.so
12-09 15:16:38.375: I/Adreno-EGL(14146): <qeglDrvAPI_eglInitialize:320>: EGL 1.4 QUALCOMM Build: I0404c4692afb8623f95c43aeb6d5e13ed4b30ddbDate: 11/06/13
12-09 15:16:38.395: I/Gecko(14146): Initializing context 0xaf2958b0 surface 0xaf2b4520 on display 0x1
12-09 15:16:38.435: W/Wikipedia(14146): [JavaScript Warning: "Unknown property '-moz-opacity'.  Declaration dropped." {file: "https://bits.wikimedia.org/WikipediaMobileFirefoxOS/" line: 0 column: 44 source: "opacity:.55;-webkit-opacity:.55;-moz-opacity:.55;-o-opacity:.55;-ms-opacity:.55;"}]
12-09 15:16:38.445: W/Wikipedia(14146): [JavaScript Warning: "Error in parsing value for 'background-image'.  Declaration dropped." {file: "https://bits.wikimedia.org/WikipediaMobileFirefoxOS/" line: 0 column: 17 source: "background-image:-webkit-gradient(linear,left top,right bottom,from(#9f9),to(white));background-image:linear-gradient(left top,#9f9, white);background-image:-webkit-linear-gradient(left top,#9f9, white);background-image:-moz-linear-gradient(left top,#9f9, white);background-image:-o-linear-gradient(left top,#9f9, white);background-image:-ms-linear-gradient(left top,#9f9, white);"}]
12-09 15:16:38.445: W/Wikipedia(14146): [JavaScript Warning: "Expected color but found 'left'.  Error in parsing value for 'background-image'.  Declaration dropped." {file: "https://bits.wikimedia.org/WikipediaMobileFirefoxOS/" line: 0 column: 118 source: "background-image:-webkit-gradient(linear,left top,right bottom,from(#9f9),to(white));background-image:linear-gradient(left top,#9f9, white);background-image:-webkit-linear-gradient(left top,#9f9, white);background-image:-moz-linear-gradient(left top,#9f9, white);background-image:-o-linear-gradient(left top,#9f9, white);background-image:-ms-linear-gradient(left top,#9f9, white);"}]
12-09 15:16:38.445: W/Wikipedia(14146): [JavaScript Warning: "Error in parsing value for 'background-image'.  Declaration dropped." {file: "https://bits.wikimedia.org/WikipediaMobileFirefoxOS/" line: 0 column: 157 source: "background-image:-webkit-gradient(linear,left top,right bottom,from(#9f9),to(white));background-image:linear-gradient(left top,#9f9, white);background-image:-webkit-linear-gradient(left top,#9f9, white);background-image:-moz-linear-gradient(left top,#9f9, white);background-image:-o-linear-gradient(left top,#9f9, white);background-image:-ms-linear-gradient(left top,#9f9, white);"}]
12-09 15:16:38.445: W/Wikipedia(14146): [JavaScript Warning: "Error in parsing value for 'background-image'.  Declaration dropped." {file: "https://bits.wikimedia.org/WikipediaMobileFirefoxOS/" line: 0 column: 280 source: "background-image:-webkit-gradient(linear,left top,right bottom,from(#9f9),to(white));background-image:linear-gradient(left top,#9f9, white);background-image:-webkit-linear-gradient(left top,#9f9, white);background-image:-moz-linear-gradient(left top,#9f9, white);background-image:-o-linear-gradient(left top,#9f9, white);background-image:-ms-linear-gradient(left top,#9f9, white);"}]
12-09 15:16:38.445: W/Wikipedia(14146): [JavaScript Warning: "Error in parsing value for 'background-image'.  Declaration dropped." {file: "https://bits.wikimedia.org/WikipediaMobileFirefoxOS/" line: 0 column: 338 source: "background-image:-webkit-gradient(linear,left top,right bottom,from(#9f9),to(white));background-image:linear-gradient(left top,#9f9, white);background-image:-webkit-linear-gradient(left top,#9f9, white);background-image:-moz-linear-gradient(left top,#9f9, white);background-image:-o-linear-gradient(left top,#9f9, white);background-image:-ms-linear-gradient(left top,#9f9, white);"}]
12-09 15:16:38.495: W/Wikipedia(14146): [JavaScript Warning: "Expected declaration but found '*'.  Skipped to next declaration." {file: "https://bits.wikimedia.org/WikipediaMobileFirefoxOS/css/defaults.css" line: 19 column: 46 source: "audio, canvas, video { display: inline-block; *display: inline; *zoom: 1; }"}]
12-09 15:16:38.495: W/Wikipedia(14146): [JavaScript Warning: "Expected declaration but found '*'.  Skipped to next declaration." {file: "https://bits.wikimedia.org/WikipediaMobileFirefoxOS/css/defaults.css" line: 19 column: 64 source: "audio, canvas, video { display: inline-block; *display: inline; *zoom: 1; }"}]
12-09 15:16:38.505: W/Wikipedia(14146): [JavaScript Warning: "Expected declaration but found '*'.  Skipped to next declaration." {file: "https://bits.wikimedia.org/WikipediaMobileFirefoxOS/css/defaults.css" line: 134 column: 20 source: "legend { border: 0; *margin-left: -7px; padding: 0; white-space: normal; }"}]
12-09 15:16:38.505: W/Wikipedia(14146): [JavaScript Warning: "Expected declaration but found '*'.  Skipped to next declaration." {file: "https://bits.wikimedia.org/WikipediaMobileFirefoxOS/css/defaults.css" line: 142 column: 88 source: "button, input, select, textarea { font-size: 100%; margin: 0; vertical-align: baseline; *vertical-align: middle; }"}]
12-09 15:16:38.505: W/Wikipedia(14146): [JavaScript Warning: "Expected declaration but found '*'.  Skipped to next declaration." {file: "https://bits.wikimedia.org/WikipediaMobileFirefoxOS/css/defaults.css" line: 156 column: 119 source: "button, input[type="button"], input[type="reset"], input[type="submit"] { cursor: pointer; -webkit-appearance: button; *overflow: visible; }"}]
12-09 15:16:38.505: W/Wikipedia(14146): [JavaScript Warning: "Expected declaration but found '*'.  Skipped to next declaration." {file: "https://bits.wikimedia.org/WikipediaMobileFirefoxOS/css/defaults.css" line: 168 column: 82 source: "input[type="checkbox"], input[type="radio"] { box-sizing: border-box; padding: 0; *width: 13px; *height: 13px; }"}]
12-09 15:16:38.505: W/Wikipedia(14146): [JavaScript Warning: "Expected declaration but found '*'.  Skipped to next declaration." {file: "https://bits.wikimedia.org/WikipediaMobileFirefoxOS/css/defaults.css" line: 168 column: 96 source: "input[type="checkbox"], input[type="radio"] { box-sizing: border-box; padding: 0; *width: 13px; *height: 13px; }"}]
