12-09 15:14:52.246: V/EventHub(11759): /dev/input/event1 got: time=17784.324287, type=3, code=53, value=755
12-09 15:14:52.246: V/EventHub(11759): event time 17784324287000, now 17784326766405
12-09 15:14:52.246: V/EventHub(11759): /dev/input/event1 got: time=17784.324287, type=3, code=54, value=1320
12-09 15:14:52.246: V/EventHub(11759): event time 17784324287000, now 17784326766405
12-09 15:14:52.246: V/EventHub(11759): /dev/input/event1 got: time=17784.324287, type=0, code=0, value=0
12-09 15:14:52.246: V/EventHub(11759): event time 17784324287000, now 17784326766405
12-09 15:14:52.256: V/EventHub(11759): /dev/input/event1 got: time=17784.332627, type=3, code=53, value=760
12-09 15:14:52.256: V/EventHub(11759): event time 17784332627000, now 17784335098801
12-09 15:14:52.256: V/EventHub(11759): /dev/input/event1 got: time=17784.332627, type=3, code=54, value=1262
12-09 15:14:52.256: V/EventHub(11759): event time 17784332627000, now 17784335098801
12-09 15:14:52.256: V/EventHub(11759): /dev/input/event1 got: time=17784.332627, type=0, code=0, value=0
12-09 15:14:52.256: V/EventHub(11759): event time 17784332627000, now 17784335098801
12-09 15:14:52.266: V/EventHub(11759): /dev/input/event1 got: time=17784.341002, type=3, code=53, value=766
12-09 15:14:52.266: V/EventHub(11759): event time 17784341002000, now 17784343481197
12-09 15:14:52.266: V/EventHub(11759): /dev/input/event1 got: time=17784.341002, type=3, code=54, value=1198
12-09 15:14:52.266: V/EventHub(11759): event time 17784341002000, now 17784343481197
12-09 15:14:52.266: V/EventHub(11759): /dev/input/event1 got: time=17784.341002, type=0, code=0, value=0
12-09 15:14:52.266: V/EventHub(11759): event time 17784341002000, now 17784343481197
12-09 15:14:52.276: V/EventHub(11759): /dev/input/event1 got: time=17784.349380, type=3, code=53, value=774
12-09 15:14:52.276: V/EventHub(11759): event time 17784349380000, now 17784351908697
12-09 15:14:52.276: V/EventHub(11759): /dev/input/event1 got: time=17784.349380, type=3, code=54, value=1128
12-09 15:14:52.276: V/EventHub(11759): event time 17784349380000, now 17784351908697
12-09 15:14:52.276: V/EventHub(11759): /dev/input/event1 got: time=17784.349380, type=0, code=0, value=0
12-09 15:14:52.276: V/EventHub(11759): event time 17784349380000, now 17784351908697
12-09 15:14:52.286: V/EventHub(11759): /dev/input/event1 got: time=17784.357745, type=3, code=53, value=783
12-09 15:14:52.286: V/EventHub(11759): event time 17784357745000, now 17784360248437
12-09 15:14:52.286: V/EventHub(11759): /dev/input/event1 got: time=17784.357745, type=3, code=54, value=1057
12-09 15:14:52.286: V/EventHub(11759): event time 17784357745000, now 17784360248437
12-09 15:14:52.286: V/EventHub(11759): /dev/input/event1 got: time=17784.357745, type=0, code=0, value=0
12-09 15:14:52.286: V/EventHub(11759): event time 17784357745000, now 17784360248437
12-09 15:14:52.286: V/EventHub(11759): /dev/input/event1 got: time=17784.366219, type=3, code=53, value=794
12-09 15:14:52.286: V/EventHub(11759): event time 17784366219000, now 17784368735832
12-09 15:14:52.286: V/EventHub(11759): /dev/input/event1 got: time=17784.366219, type=3, code=54, value=989
12-09 15:14:52.286: V/EventHub(11759): event time 17784366219000, now 17784368735832
12-09 15:14:52.286: V/EventHub(11759): /dev/input/event1 got: time=17784.366219, type=3, code=58, value=47
12-09 15:14:52.286: V/EventHub(11759): event time 17784366219000, now 17784368735832
12-09 15:14:52.286: V/EventHub(11759): /dev/input/event1 got: time=17784.366219, type=0, code=0, value=0
12-09 15:14:52.286: V/EventHub(11759): event time 17784366219000, now 17784368735832
12-09 15:14:52.296: V/EventHub(11759): /dev/input/event1 got: time=17784.374536, type=3, code=53, value=807
12-09 15:14:52.296: V/EventHub(11759): event time 17784374536000, now 17784377077707
12-09 15:14:52.296: V/EventHub(11759): /dev/input/event1 got: time=17784.374536, type=3, code=54, value=922
12-09 15:14:52.296: V/EventHub(11759): event time 17784374536000, now 17784377077707
12-09 15:14:52.296: V/EventHub(11759): /dev/input/event1 got: time=17784.374536, type=0, code=0, value=0
12-09 15:14:52.296: V/EventHub(11759): event time 17784374536000, now 17784377077707
12-09 15:14:52.306: V/EventHub(11759): /dev/input/event1 got: time=17784.382819, type=3, code=53, value=820
12-09 15:14:52.306: V/EventHub(11759): event time 17784382819000, now 17784385303228
12-09 15:14:52.306: V/EventHub(11759): /dev/input/event1 got: time=17784.382819, type=3, code=54, value=854
12-09 15:14:52.306: V/EventHub(11759): event time 17784382819000, now 17784385303228
12-09 15:14:52.306: V/EventHub(11759): /dev/input/event1 got: time=17784.382819, type=0, code=0, value=0
12-09 15:14:52.306: V/EventHub(11759): event time 17784382819000, now 17784385303228
12-09 15:14:52.316: V/EventHub(11759): /dev/input/event1 got: time=17784.390617, type=3, code=53, value=834
12-09 15:14:52.316: V/EventHub(11759): event time 17784390617000, now 17784393112759
12-09 15:14:52.316: V/EventHub(11759): /dev/input/event1 got: time=17784.390617, type=3, code=54, value=789
12-09 15:14:52.316: V/EventHub(11759): event time 17784390617000, now 17784393112759
12-09 15:14:52.316: V/EventHub(11759): /dev/input/event1 got: time=17784.390617, type=0, code=0, value=0
12-09 15:14:52.316: V/EventHub(11759): event time 17784390617000, now 17784393112759
12-09 15:14:52.326: V/EventHub(11759): /dev/input/event1 got: time=17784.398947, type=3, code=57, value=-1
12-09 15:14:52.326: V/EventHub(11759): event time 17784398947000, now 17784401433801
12-09 15:14:52.326: V/EventHub(11759): /dev/input/event1 got: time=17784.398947, type=0, code=0, value=0
12-09 15:14:52.326: V/EventHub(11759): event time 17784398947000, now 17784401433801
12-09 15:14:53.136: V/EventHub(11759): /dev/input/event1 got: time=17785.211618, type=3, code=57, value=361
12-09 15:14:53.136: V/EventHub(11759): event time 17785211618000, now 17785214317186
12-09 15:14:53.136: V/EventHub(11759): /dev/input/event1 got: time=17785.211618, type=3, code=53, value=543
12-09 15:14:53.136: V/EventHub(11759): event time 17785211618000, now 17785214317186
12-09 15:14:53.136: V/EventHub(11759): /dev/input/event1 got: time=17785.211618, type=3, code=54, value=1179
12-09 15:14:53.136: V/EventHub(11759): event time 17785211618000, now 17785214317186
12-09 15:14:53.136: V/EventHub(11759): /dev/input/event1 got: time=17785.211618, type=3, code=58, value=52
12-09 15:14:53.136: V/EventHub(11759): event time 17785211618000, now 17785214317186
12-09 15:14:53.136: V/EventHub(11759): /dev/input/event1 got: time=17785.211618, type=3, code=48, value=6
12-09 15:14:53.136: V/EventHub(11759): event time 17785211618000, now 17785214317186
12-09 15:14:53.136: V/EventHub(11759): /dev/input/event1 got: time=17785.211618, type=0, code=0, value=0
12-09 15:14:53.136: V/EventHub(11759): event time 17785211618000, now 17785214317186
12-09 15:14:53.136: I/Gecko(11759): [Parent 11759] WARNING: Found a non-root APZ with no handoff parent: file /Users/foxbrush/Projects/gecko-dev-appcache/gfx/layers/apz/src/APZCTreeManager.cpp, line 1561
12-09 15:14:53.226: V/EventHub(11759): /dev/input/event1 got: time=17785.302765, type=3, code=57, value=-1
12-09 15:14:53.226: V/EventHub(11759): event time 17785302765000, now 17785305250571
12-09 15:14:53.226: V/EventHub(11759): /dev/input/event1 got: time=17785.302765, type=0, code=0, value=0
12-09 15:14:53.226: V/EventHub(11759): event time 17785302765000, now 17785305250571
12-09 15:14:53.246: I/Gecko(11759): -*-*- Webapps.jsm : _readManifests of {0fc22fef-db95-1e40-83f9-75c110d46d9a}
12-09 15:14:53.256: I/Gecko(11759): XXX FIXME : Dispatch a webapps-launch: undefined
12-09 15:14:53.266: I/Gecko(11759): [Parent 11759] WARNING: NS_ENSURE_SUCCESS(rv, rv) failed with result 0x804B000A: file ../../../../../../Users/foxbrush/Projects/gecko-dev-appcache/dom/base/nsImageLoadingContent.cpp, line 788
12-09 15:14:53.356: I/Gecko(13114): ######################## extensions.js loaded
12-09 15:14:53.606: I/Gecko(11759): [Parent 11759] WARNING: Suboptimal indexes for the SQL statement 0xae5529e0 (http://mzl.la/1FuID0j).: file /Users/foxbrush/Projects/gecko-dev-appcache/storage/mozStoragePrivateHelpers.cpp, line 114
12-09 15:14:53.606: I/Gecko(11759): [Parent 11759] WARNING: Suboptimal indexes for the SQL statement 0xae552900 (http://mzl.la/1FuID0j).: file /Users/foxbrush/Projects/gecko-dev-appcache/storage/mozStoragePrivateHelpers.cpp, line 114
12-09 15:14:53.666: W/TV marketplace(13114): [JavaScript Warning: "Use of nsIFile in content process is deprecated." {file: "jar:file:///system/b2g/omni.ja!/components/DirectoryProvider.js" line: 81}]
12-09 15:14:53.726: I/Gecko(11759): ############ ErrorPage.js
12-09 15:14:53.726: I/Gecko(13114): ++DOMWINDOW == 3 (0xaf976000) [pid = 13114] [serial = 3] [outer = 0xb0c9e800]
12-09 15:14:53.756: I/Gecko(13114): ############ ErrorPage.js
12-09 15:14:53.796: I/Gecko(13114): [Child 13114] WARNING: NS_ENSURE_TRUE(ParseTypeAttribute(type, &version)) failed: file /Users/foxbrush/Projects/gecko-dev-appcache/dom/base/nsScriptLoader.cpp, line 509
12-09 15:14:53.796: I/Gecko(13114): [Child 13114] WARNING: NS_ENSURE_TRUE(ParseTypeAttribute(type, &version)) failed: file /Users/foxbrush/Projects/gecko-dev-appcache/dom/base/nsScriptLoader.cpp, line 509
12-09 15:14:53.796: I/Gecko(13114): [Child 13114] WARNING: NS_ENSURE_TRUE(ParseTypeAttribute(type, &version)) failed: file /Users/foxbrush/Projects/gecko-dev-appcache/dom/base/nsScriptLoader.cpp, line 509
12-09 15:14:54.026: I/Gecko(11759): [Parent 11759] WARNING: 'NS_FAILED(rv)', file /Users/foxbrush/Projects/gecko-dev-appcache/dom/base/URL.cpp, line 96
12-09 15:14:54.136: E/TV marketplace(13114): Content JS ERROR: net-error
12-09 15:14:54.136: E/TV marketplace(13114):     at initPage (about:neterror?e=netOffline&u=http%3A//fischerliu.net63.net/hostedappcache/&c=UTF-8&f=app&m=http%3A//fischerliu.net63.net/hostedappcache/manifest.webapp&d=Firefox%20is%20currently%20in%20offline%20mode%20and%20can%27t%20browse%20the%20Web.:1170:7002)
12-09 15:14:54.136: E/TV marketplace(13114):     at ee_emit (about:neterror?e=netOffline&u=http%3A//fischerliu.net63.net/hostedappcache/&c=UTF-8&f=app&m=http%3A//fischerliu.net63.net/hostedappcache/manifest.webapp&d=Firefox%20is%20currently%20in%20offline%20mode%20and%20can%27t%20browse%20the%20Web.:905:89)
12-09 15:14:54.136: E/TV marketplace(13114):     at setReady (about:neterror?e=netOffline&u=http%3A//fischerliu.net63.net/hostedappcache/&c=UTF-8&f=app&m=http%3A//fischerliu.net63.net/hostedappcache/manifest.webapp&d=Firefox%20is%20currently%20in%20offline%20mode%20and%20can%27t%20browse%20the%20Web.:1072:80)
12-09 15:14:54.136: E/TV marketplace(13114):     at onL10nLoaded (about:neterror?e=netOffline&u=http%3A//fischerliu.net63.net/hostedappcache/&c=UTF-8&f=app&m=http%3A//fischerliu.net63.net/hostedappcache/manifest.webapp&d=Firefox%20is%20curre
12-09 15:14:54.166: I/Gecko(11759): -*-*- Webapps.jsm : _readManifests of {0fc22fef-db95-1e40-83f9-75c110d46d9a}
12-09 15:14:56.146: V/EventHub(11759): /dev/input/event1 got: time=17788.220825, type=3, code=57, value=362
12-09 15:14:56.146: V/EventHub(11759): event time 17788220825000, now 17788224299839
12-09 15:14:56.146: V/EventHub(11759): /dev/input/event1 got: time=17788.220825, type=3, code=53, value=539
12-09 15:14:56.146: V/EventHub(11759): event time 17788220825000, now 17788224299839
12-09 15:14:56.146: V/EventHub(11759): /dev/input/event1 got: time=17788.220825, type=3, code=54, value=1897
12-09 15:14:56.146: V/EventHub(11759): event time 17788220825000, now 17788224299839
12-09 15:14:56.146: V/EventHub(11759): /dev/input/event1 got: time=17788.220825, type=3, code=58, value=46
12-09 15:14:56.146: V/EventHub(11759): event time 17788220825000, now 17788224299839
12-09 15:14:56.146: V/EventHub(11759): /dev/input/event1 got: time=17788.220825, type=3, code=48, value=5
12-09 15:14:56.146: V/EventHub(11759): event time 17788220825000, now 17788224299839
12-09 15:14:56.146: V/EventHub(11759): /dev/input/event1 got: time=17788.220825, type=0, code=0, value=0
12-09 15:14:56.146: V/EventHub(11759): event time 17788220825000, now 17788224299839
12-09 15:14:56.416: V/EventHub(11759): /dev/input/event1 got: time=17788.496243, type=3, code=54, value=1896
12-09 15:14:56.416: V/EventHub(11759): event time 17788496243000, now 17788498943070
12-09 15:14:56.416: V/EventHub(11759): /dev/input/event1 got: time=17788.496243, type=3, code=58, value=47
12-09 15:14:56.416: V/EventHub(11759): event time 17788496243000, now 17788498943070
12-09 15:14:56.426: V/EventHub(11759): /dev/input/event1 got: time=17788.496243, type=0, code=0, value=0
12-09 15:14:56.426: V/EventHub(11759): event time 17788496243000, now 17788498943070
12-09 15:14:56.426: V/EventHub(11759): /dev/input/event1 got: time=17788.504720, type=3, code=53, value=538
12-09 15:14:56.426: V/EventHub(11759): event time 17788504720000, now 17788508320205
12-09 15:14:56.436: V/EventHub(11759): /dev/input/event1 got: time=17788.504720, type=3, code=54, value=1895
12-09 15:14:56.436: V/EventHub(11759): event time 17788504720000, now 17788508320205
12-09 15:14:56.436: V/EventHub(11759): /dev/input/event1 got: time=17788.504720, type=0, code=0, value=0
12-09 15:14:56.436: V/EventHub(11759): event time 17788504720000, now 17788508320205
12-09 15:14:56.436: V/EventHub(11759): /dev/input/event1 got: time=17788.512867, type=3, code=54, value=1894
12-09 15:14:56.436: V/EventHub(11759): event time 17788512867000, now 17788515323799
12-09 15:14:56.436: V/EventHub(11759): /dev/input/event1 got: time=17788.512867, type=0, code=0, value=0
12-09 15:14:56.436: V/EventHub(11759): event time 17788512867000, now 17788515323799
12-09 15:14:56.446: V/EventHub(11759): /dev/input/event1 got: time=17788.521248, type=3, code=54, value=1893
12-09 15:14:56.446: V/EventHub(11759): event time 17788521248000, now 17788523706612
12-09 15:14:56.446: V/EventHub(11759): /dev/input/event1 got: time=17788.521248, type=0, code=0, value=0
12-09 15:14:56.446: V/EventHub(11759): event time 17788521248000, now 17788523706612
12-09 15:14:56.456: V/EventHub(11759): /dev/input/event1 got: time=17788.529569, type=3, code=54, value=1892
12-09 15:14:56.456: V/EventHub(11759): event time 17788529569000, now 17788532022133
12-09 15:14:56.456: V/EventHub(11759): /dev/input/event1 got: time=17788.529569, type=0, code=0, value=0
12-09 15:14:56.456: V/EventHub(11759): event time 17788529569000, now 17788532022133
12-09 15:14:56.466: V/EventHub(11759): /dev/input/event1 got: time=17788.537961, type=3, code=54, value=1891
12-09 15:14:56.466: V/EventHub(11759): event time 17788537961000, now 17788540429945
12-09 15:14:56.466: V/EventHub(11759): /dev/input/event1 got: time=17788.537961, type=0, code=0, value=0
12-09 15:14:56.466: V/EventHub(11759): event time 17788537961000, now 17788540429945
12-09 15:14:56.466: V/EventHub(11759): /dev/input/event1 got: time=17788.546279, type=3, code=54, value=1890
12-09 15:14:56.466: V/EventHub(11759): event time 17788546279000, now 17788548742966
12-09 15:14:56.466: V/EventHub(11759): /dev/input/event1 got: time=17788.546279, type=0, code=0, value=0
12-09 15:14:56.466: V/EventHub(11759): event time 17788546279000, now 17788548742966
12-09 15:14:56.476: V/EventHub(11759): /dev/input/event1 got: time=17788.554657, type=3, code=54, value=1889
12-09 15:14:56.476: V/EventHub(11759): event time 17788554657000, now 17788557123903
12-09 15:14:56.476: V/EventHub(11759): /dev/input/event1 got: time=17788.554657, type=0, code=0, value=0
12-09 15:14:56.476: V/EventHub(11759): event time 17788554657000, now 17788557123903
12-09 15:14:56.496: V/EventHub(11759): /dev/input/event1 got: time=17788.571425, type=3, code=54, value=1888
12-09 15:14:56.496: V/EventHub(11759): event time 17788571425000, now 17788574064112
12-09 15:14:56.496: V/EventHub(11759): /dev/input/event1 got: time=17788.571425, type=0, code=0, value=0
12-09 15:14:56.496: V/EventHub(11759): event time 17788571425000, now 17788574064112
12-09 15:14:56.516: V/EventHub(11759): /dev/input/event1 got: time=17788.588068, type=3, code=54, value=1887
12-09 15:14:56.516: V/EventHub(11759): event time 17788588068000, now 17788590526612
12-09 15:14:56.516: V/EventHub(11759): /dev/input/event1 got: time=17788.588068, type=0, code=0, value=0
12-09 15:14:56.516: V/EventHub(11759): event time 17788588068000, now 17788590526612
12-09 15:14:56.546: V/EventHub(11759): /dev/input/event1 got: time=17788.621497, type=3, code=54, value=1886
12-09 15:14:56.546: V/EventHub(11759): event time 17788621497000, now 17788623967080
12-09 15:14:56.546: V/EventHub(11759): /dev/input/event1 got: time=17788.621497, type=0, code=0, value=0
12-09 15:14:56.546: V/EventHub(11759): event time 17788621497000, now 17788623967080
12-09 15:14:56.616: V/EventHub(11759): /dev/input/event1 got: time=17788.688319, type=3, code=54, value=1885
12-09 15:14:56.616: V/EventHub(11759): event time 17788688319000, now 17788691078226
12-09 15:14:56.616: V/EventHub(11759): /dev/input/event1 got: time=17788.688319, type=0, code=0, value=0
12-09 15:14:56.616: V/EventHub(11759): event time 17788688319000, now 17788691078226
12-09 15:14:56.626: V/EventHub(11759): /dev/input/event1 got: time=17788.705021, type=3, code=54, value=1884
12-09 15:14:56.626: V/EventHub(11759): event time 17788705021000, now 17788707523382
12-09 15:14:56.626: V/EventHub(11759): /dev/input/event1 got: time=17788.705021, type=0, code=0, value=0
12-09 15:14:56.626: V/EventHub(11759): event time 17788705021000, now 17788707523382
12-09 15:14:56.706: V/EventHub(11759): /dev/input/event1 got: time=17788.780174, type=3, code=54, value=1883
12-09 15:14:56.706: V/EventHub(11759): event time 17788780174000, now 17788782671143
12-09 15:14:56.706: V/EventHub(11759): /dev/input/event1 got: time=17788.780174, type=3, code=58, value=48
12-09 15:14:56.706: V/EventHub(11759): event time 17788780174000, now 17788782671143
12-09 15:14:56.706: V/EventHub(11759): /dev/input/event1 got: time=17788.780174, type=0, code=0, value=0
12-09 15:14:56.706: V/EventHub(11759): event time 17788780174000, now 17788782671143
12-09 15:14:56.736: V/EventHub(11759): /dev/input/event1 got: time=17788.813655, type=3, code=54, value=1882
12-09 15:14:56.736: V/EventHub(11759): event time 17788813655000, now 17788816219528
12-09 15:14:56.736: V/EventHub(11759): /dev/input/event1 got: time=17788.813655, type=0, code=0, value=0
12-09 15:14:56.736: V/EventHub(11759): event time 17788813655000, now 17788816219528
12-09 15:14:56.776: V/EventHub(11759): /dev/input/event1 got: time=17788.855416, type=3, code=54, value=1881
12-09 15:14:56.776: V/EventHub(11759): event time 17788855416000, now 17788857994163
12-09 15:14:56.776: V/EventHub(11759): /dev/input/event1 got: time=17788.855416, type=0, code=0, value=0
12-09 15:14:56.776: V/EventHub(11759): event time 17788855416000, now 17788857994163
12-09 15:14:56.816: V/EventHub(11759): /dev/input/event1 got: time=17788.888831, type=3, code=54, value=1880
12-09 15:14:56.816: V/EventHub(11759): event time 17788888831000, now 17788891403487
12-09 15:14:56.816: V/EventHub(11759): /dev/input/event1 got: time=17788.888831, type=0, code=0, value=0
12-09 15:14:56.816: V/EventHub(11759): event time 17788888831000, now 17788891403487
12-09 15:14:56.956: D/skia(13114): Running dynamic CPU feature detection
12-09 15:14:56.956: D/skia(13114): START /proc/cpuinfo:
12-09 15:14:56.956: D/skia(13114): Processor  : ARMv7 Processor rev 0 (v7l)
12-09 15:14:56.956: D/skia(13114): processor  : 0
12-09 15:14:56.956: D/skia(13114): BogoMIPS : 38.40
12-09 15:14:56.956: D/skia(13114): processor  : 1
12-09 15:14:56.956: D/skia(13114): BogoMIPS : 38.40
12-09 15:14:56.956: D/skia(13114): processor  : 2
12-09 15:14:56.956: D/skia(13114): BogoMIPS : 38.40
12-09 15:14:56.956: D/skia(13114): processor  : 3
12-09 15:14:56.956: D/skia(13114): BogoMIPS : 38.40
12-09 15:14:56.956: D/skia(13114): Features : swp half thumb fastmult vfp edsp neon vfpv3 tls vfpv4 idiva idivt
12-09 15:14:56.956: D/skia(13114): CPU implementer  : 0x51
12-09 15:14:56.956: D/skia(13114): CPU architecture: 7
12-09 15:14:56.956: D/skia(13114): CPU variant  : 0x2
12-09 15:14:56.956: D/skia(13114): CPU part : 0x06f
12-09 15:14:56.956: D/skia(13114): CPU revision : 0
12-09 15:14:56.956: D/skia(13114): Hardware : Qualcomm MSM 8974 HAMMERHEAD (Flattened Device Tree)
12-09 15:14:56.956: D/skia(13114): Revision : 000b
12-09 15:14:56.956: D/skia(13114): Serial   : 0000000000000000
12-09 15:14:56.956: D/skia(13114): END /proc/cpuinfo
12-09 15:14:56.956: D/skia(13114): Device supports ARM NEON instructions!
12-09 15:14:57.566: I/Gecko(11759): [Parent 11759] WARNING: Remote iframe not rendered: file /Users/foxbrush/Projects/gecko-dev-appcache/layout/ipc/RenderFrameParent.cpp, line 373
12-09 15:14:57.626: I/Gecko(11759): [Parent 11759] WARNING: Remote iframe not rendered: file /Users/foxbrush/Projects/gecko-dev-appcache/layout/ipc/RenderFrameParent.cpp, line 373
12-09 15:14:57.696: V/EventHub(11759): /dev/input/event1 got: time=17789.774289, type=3, code=54, value=1879
12-09 15:14:57.696: V/EventHub(11759): event time 17789774289000, now 17789776918225
12-09 15:14:57.696: V/EventHub(11759): /dev/input/event1 got: time=17789.774289, type=0, code=0, value=0
12-09 15:14:57.696: V/EventHub(11759): event time 17789774289000, now 17789776918225
12-09 15:14:57.776: I/Gecko(11759): [Parent 11759] WARNING: Remote iframe not rendered: file /Users/foxbrush/Projects/gecko-dev-appcache/layout/ipc/RenderFrameParent.cpp, line 373
12-09 15:14:57.816: I/Gecko(11759): [Parent 11759] WARNING: Remote iframe not rendered: file /Users/foxbrush/Projects/gecko-dev-appcache/layout/ipc/RenderFrameParent.cpp, line 373
12-09 15:14:57.866: I/Gecko(11759): [Parent 11759] WARNING: Remote iframe not rendered: file /Users/foxbrush/Projects/gecko-dev-appcache/layout/ipc/RenderFrameParent.cpp, line 373
12-09 15:14:57.976: V/EventHub(11759): /dev/input/event1 got: time=17790.050161, type=3, code=54, value=1880
12-09 15:14:57.976: V/EventHub(11759): event time 17790050161000, now 17790052768902
12-09 15:14:57.976: V/EventHub(11759): /dev/input/event1 got: time=17790.050161, type=3, code=58, value=47
12-09 15:14:57.976: V/EventHub(11759): event time 17790050161000, now 17790052768902
12-09 15:14:57.976: V/EventHub(11759): /dev/input/event1 got: time=17790.050161, type=0, code=0, value=0
12-09 15:14:57.976: V/EventHub(11759): event time 17790050161000, now 17790052768902
12-09 15:14:57.986: V/EventHub(11759): /dev/input/event1 got: time=17790.058523, type=3, code=53, value=539
12-09 15:14:57.986: V/EventHub(11759): event time 17790058523000, now 17790061008486
12-09 15:14:57.986: V/EventHub(11759): /dev/input/event1 got: time=17790.058523, type=3, code=54, value=1881
12-09 15:14:57.986: V/EventHub(11759): event time 17790058523000, now 17790061008486
12-09 15:14:57.986: V/EventHub(11759): /dev/input/event1 got: time=17790.058523, type=0, code=0, value=0
12-09 15:14:57.986: V/EventHub(11759): event time 17790058523000, now 17790061008486
12-09 15:14:57.986: V/EventHub(11759): /dev/input/event1 got: time=17790.066343, type=3, code=53, value=540
12-09 15:14:57.986: V/EventHub(11759): event time 17790066343000, now 17790068874475
12-09 15:14:57.986: V/EventHub(11759): /dev/input/event1 got: time=17790.066343, type=3, code=54, value=1886
12-09 15:14:57.986: V/EventHub(11759): event time 17790066343000, now 17790068874475
12-09 15:14:57.986: V/EventHub(11759): /dev/input/event1 got: time=17790.066343, type=3, code=58, value=45
12-09 15:14:57.986: V/EventHub(11759): event time 17790066343000, now 17790068874475
12-09 15:14:57.986: V/EventHub(11759): /dev/input/event1 got: time=17790.066343, type=0, code=0, value=0
12-09 15:14:57.986: V/EventHub(11759): event time 17790066343000, now 17790068874475
12-09 15:14:57.996: V/EventHub(11759): /dev/input/event1 got: time=17790.074695, type=3, code=57, value=-1
12-09 15:14:57.996: V/EventHub(11759): event time 17790074695000, now 17790077192027
12-09 15:14:57.996: V/EventHub(11759): /dev/input/event1 got: time=17790.074695, type=0, code=0, value=0
12-09 15:14:57.996: V/EventHub(11759): event time 17790074695000, now 17790077192027
12-09 15:14:58.046: I/Gecko(11759): [Parent 11759] WARNING: 'NS_FAILED(rv)', file /Users/foxbrush/Projects/gecko-dev-appcache/dom/base/URL.cpp, line 96
12-09 15:14:58.056: W/GeckoConsole(11759): Content JS WARN: getSiteIconUrl failed to resolve an icon: http://fischerliu.net63.netdata:image/png;base64,PCFET0NUWVBFIGh0bWw+CjxodG1sPgo8aGVhZD4KCTx0aXRsZT5XZWIgaG9zdGluZywgZG9tYWluIG5hbWVzLCBWUFMgLSAwMDB3ZWJob3N0LmNvbTwvdGl0bGU+Cgk8bWV0YSBjaGFyc2V0PSJ1dGYtOCI+Cgk8bWV0YSBuYW1lPSJ2aWV3cG9ydCIgY29udGVudD0id2lkdGg9ZGV2aWNlLXdpZHRoLCBpbml0aWFsLXNjYWxlPTEuMCI+Cgk8dGl0bGU+MDAwV2ViaG9zdC5jb208L3RpdGxlPgoJPGxpbmsgbWVkaWE9ImFsbCIgcmVsPSJzdHlsZXNoZWV0IiBocmVmPSJjc3MvbWFpbi5jc3MiPgoKCTxzY3JpcHQgYXN5bmMgc3JjPSIvL3BhZ2VhZDIuZ29vZ2xlc3luZGljYXRpb24uY29tL3BhZ2VhZC9qcy9hZHNieWdvb2dsZS5qcyI+PC9zY3JpcHQ+Cgk8c2NyaXB0PgoJCShhZHNieWdvb2dsZSA9IHdpbmRvdy5hZHNieWdvb2dsZSB8fCBbXSkucHVzaCh7CgkJCWdvb2dsZV9hZF9jbGllbnQ6ICJjYS1wdWItNDg1MTAyNTg5MDUwMTQ0MyIsCgkJCWVuYWJsZV9wYWdlX2xldmVsX2FkczogdHJ1ZQoJCX0pOwoJPC9zY3JpcHQ+Cgo8L2hlYWQ+CjxzY3JpcHQgdHlwZT0idGV4dC9qYXZhc2NyaXB0Ij4KdmFyIGdhSnNIb3N0ID0gKCgiaHR0cHM6IiA9PSBkb2N1bWVudC5sb2NhdGlvbi5wcm90b2NvbCkgPyAiaHR0cHM6Ly9zc2wuIiA6ICJodHRwOi8vd3d3LiIpOwpkb2N1bWVudC53cml0ZSh1bmVzY2FwZSgiJTNDc2N
12-09 15:14:58.446: I/Gecko(11759): -*-*- Webapps.jsm : _readManifests of bluetooth.gaiamobile.org
12-09 15:14:58.696: V/EventHub(11759): /dev/input/event1 got: time=17790.769034, type=3, code=57, value=363
12-09 15:14:58.696: V/EventHub(11759): event time 17790769034000, now 17790771532861
12-09 15:14:58.696: V/EventHub(11759): /dev/input/event1 got: time=17790.769034, type=3, code=53, value=327
12-09 15:14:58.696: V/EventHub(11759): event time 17790769034000, now 17790771532861
12-09 15:14:58.696: V/EventHub(11759): /dev/input/event1 got: time=17790.769034, type=3, code=54, value=1313
12-09 15:14:58.696: V/EventHub(11759): event time 17790769034000, now 17790771532861
12-09 15:14:58.696: V/EventHub(11759): /dev/input/event1 got: time=17790.769034, type=3, code=58, value=49
12-09 15:14:58.696: V/EventHub(11759): event time 17790769034000, now 17790771532861
12-09 15:14:58.696: V/EventHub(11759): /dev/input/event1 got: time=17790.769034, type=0, code=0, value=0
12-09 15:14:58.696: V/EventHub(11759): event time 17790769034000, now 17790771532861
12-09 15:14:58.776: V/EventHub(11759): /dev/input/event1 got: time=17790.851976, type=3, code=57, value=-1
12-09 15:14:58.776: V/EventHub(11759): event time 17790851976000, now 17790854526246
12-09 15:14:58.776: V/EventHub(11759): /dev/input/event1 got: time=17790.851976, type=0, code=0, value=0
12-09 15:14:58.776: V/EventHub(11759): event time 17790851976000, now 17790854526246
12-09 15:14:58.786: I/Gecko(11759): [Parent 11759] WARNING: Found a non-root APZ with no handoff parent: file /Users/foxbrush/Projects/gecko-dev-appcache/gfx/layers/apz/src/APZCTreeManager.cpp, line 1561
12-09 15:14:58.896: I/Gecko(13590): [Child 13590] WARNING: NS_ENSURE_TRUE(XRE_IsParentProcess()) failed: file ../../../../../../Users/foxbrush/Projects/gecko-dev-appcache/dom/base/nsFrameMessageManager.cpp, line 1600
12-09 15:14:59.206: I/Gecko(13114): --DOCSHELL 0xb0c9e400 == 0 [pid = 13114] [id = 1]
12-09 15:14:59.306: I/Gecko(13590): ++DOMWINDOW == 2 (0xafc70400) [pid = 13590] [serial = 2] [outer = 0xb0c9e800]
12-09 15:14:59.376: I/Gecko(13590): [Child 13590] WARNING: NS_ENSURE_TRUE(startupCache) failed: file /Users/foxbrush/Projects/gecko-dev-appcache/dom/xbl/nsXBLDocumentInfo.cpp, line 199
12-09 15:14:59.386: I/Gecko(13590): [Child 13590] WARNING: NS_ENSURE_TRUE(startupCache) failed: file /Users/foxbrush/Projects/gecko-dev-appcache/dom/xbl/nsXBLDocumentInfo.cpp, line 267
12-09 15:14:59.396: I/GonkMemoryPressure(13114): Observed XPCOM shutdown.
12-09 15:14:59.406: I/Gecko(13114): [Child 13114] WARNING: NS_ENSURE_TRUE(context) failed: file /Users/foxbrush/Projects/gecko-dev-appcache/xpcom/threads/nsThread.cpp, line 769
12-09 15:14:59.406: I/Gecko(13114): [Child 13114] WARNING: NS_ENSURE_TRUE(context) failed: file /Users/foxbrush/Projects/gecko-dev-appcache/xpcom/threads/nsThread.cpp, line 769
12-09 15:14:59.406: I/Gecko(13114): [Child 13114] WARNING: NS_ENSURE_TRUE(context) failed: file /Users/foxbrush/Projects/gecko-dev-appcache/xpcom/threads/nsThread.cpp, line 769
12-09 15:14:59.726: I/Gecko(13114): --DOMWINDOW == 2 (0xafc6a400) [pid = 13114] [serial = 2] [outer = 0x0] [url = about:blank]
12-09 15:14:59.726: I/Gecko(13114): --DOMWINDOW == 1 (0xb0c9e800) [pid = 13114] [serial = 1] [outer = 0x0] [url = about:neterror?e=netOffline&u=http%3A//fischerliu.net63.net/hostedappcache/&c=UTF-8&f=app&m=http%3A//fischerliu.net63.net/hostedappcache/manifest.webapp&d=Firefox%20is%20currently%20in%20offline%20mode%20and%20can%27t%20browse%20the%20Web.]
12-09 15:14:59.736: I/Gecko(13114): --DOMWINDOW == 0 (0xaf976000) [pid = 13114] [serial = 3] [outer = 0x0] [url = about:neterror?e=netOffline&u=http%3A//fischerliu.net63.net/hostedappcache/&c=UTF-8&f=app&m=http%3A//fischerliu.net63.net/hostedappcache/manifest.webapp&d=Firefox%20is%20currently%20in%20offline%20mode%20and%20can%27t%20browse%20the%20Web.]
12-09 15:14:59.766: I/Gecko(13114): [Child 13114] WARNING: Extra shutdown CC: 'i < NORMAL_SHUTDOWN_COLLECTIONS', file /Users/foxbrush/Projects/gecko-dev-appcache/xpcom/base/nsCycleCollector.cpp, line 3557
12-09 15:14:59.836: I/Gecko(13114): [Child 13114] WARNING: Exiting child process early!: file /Users/foxbrush/Projects/gecko-dev-appcache/xpcom/build/XPCOMInit.cpp, line 1063
12-09 15:14:59.836: W/Nuwa(13114): Threads remaining at exit:
12-09 15:14:59.836: W/Nuwa(13114):   Chrome_ChildThr (origNativeThreadID=11865 recreatedNativeThreadID=13115)
12-09 15:14:59.836: W/Nuwa(13114):   ImageBridgeChil (origNativeThreadID=11939 recreatedNativeThreadID=13133)
12-09 15:14:59.836: W/Nuwa(13114):   BufferMgrChild (origNativeThreadID=11940 recreatedNativeThreadID=13134)
12-09 15:14:59.836: W/Nuwa(13114): total: 3 outstanding threads. Please fix them so they're destroyed before this point!
12-09 15:14:59.836: W/Nuwa(13114): note: sThreadCount=3, sThreadFreezeCount=19
12-09 15:15:00.006: I/(Preallocated app)(13590): PAC file installed from data: URI
12-09 15:15:00.096: V/EventHub(11759): /dev/input/event1 got: time=17792.173045, type=3, code=57, value=364
12-09 15:15:00.096: V/EventHub(11759): event time 17792173045000, now 17792175569944
12-09 15:15:00.096: V/EventHub(11759): /dev/input/event1 got: time=17792.173045, type=3, code=53, value=566
12-09 15:15:00.096: V/EventHub(11759): event time 17792173045000, now 17792175569944
12-09 15:15:00.096: V/EventHub(11759): /dev/input/event1 got: time=17792.173045, type=3, code=54, value=1881
12-09 15:15:00.096: V/EventHub(11759): event time 17792173045000, now 17792175569944
12-09 15:15:00.096: V/EventHub(11759): /dev/input/event1 got: time=17792.173045, type=3, code=58, value=47
12-09 15:15:00.096: V/EventHub(11759): event time 17792173045000, now 17792175569944
12-09 15:15:00.096: V/EventHub(11759): /dev/input/event1 got: time=17792.173045, type=0, code=0, value=0
12-09 15:15:00.096: V/EventHub(11759): event time 17792173045000, now 17792175569944
12-09 15:15:00.176: V/EventHub(11759): /dev/input/event1 got: time=17792.256023, type=3, code=57, value=-1
12-09 15:15:00.176: V/EventHub(11759): event time 17792256023000, now 17792258509683
12-09 15:15:00.176: V/EventHub(11759): /dev/input/event1 got: time=17792.256023, type=0, code=0, value=0
12-09 15:15:00.176: V/EventHub(11759): event time 17792256023000, now 17792258509683
12-09 15:15:00.416: I/Gecko(11759): [Parent 11759] WARNING: No Document in SetRequestContext; can not query loadgroup; sending reports may fail.: file /Users/foxbrush/Projects/gecko-dev-appcache/dom/security/nsCSPContext.cpp, line 603
12-09 15:15:00.436: I/Gecko(11759): [Parent 11759] WARNING: No Document in SetRequestContext; can not query loadgroup; sending reports may fail.: file /Users/foxbrush/Projects/gecko-dev-appcache/dom/security/nsCSPContext.cpp, line 603
12-09 15:15:00.436: I/Gecko(11759): [Parent 11759] WARNING: Unexpected timer!: file /Users/foxbrush/Projects/gecko-dev-appcache/dom/ipc/ProcessPriorityManager.cpp, line 1033
12-09 15:15:01.236: V/EventHub(11759): /dev/input/event1 got: time=17793.310121, type=3, code=57, value=365
12-09 15:15:01.236: V/EventHub(11759): event time 17793310121000, now 17793312637913
12-09 15:15:01.236: V/EventHub(11759): /dev/input/event1 got: time=17793.310121, type=3, code=53, value=910
12-09 15:15:01.236: V/EventHub(11759): event time 17793310121000, now 17793312637913
12-09 15:15:01.236: V/EventHub(11759): /dev/input/event1 got: time=17793.310121, type=3, code=54, value=1196
12-09 15:15:01.236: V/EventHub(11759): event time 17793310121000, now 17793312637913
12-09 15:15:01.236: V/EventHub(11759): /dev/input/event1 got: time=17793.310121, type=3, code=58, value=51
12-09 15:15:01.236: V/EventHub(11759): event time 17793310121000, now 17793312637913
12-09 15:15:01.236: V/EventHub(11759): /dev/input/event1 got: time=17793.310121, type=0, code=0, value=0
12-09 15:15:01.236: V/EventHub(11759): event time 17793310121000, now 17793312637913
12-09 15:15:01.236: I/Gecko(11759): [Parent 11759] WARNING: Found a non-root APZ with no handoff parent: file /Users/foxbrush/Projects/gecko-dev-appcache/gfx/layers/apz/src/APZCTreeManager.cpp, line 1561
12-09 15:15:01.256: V/EventHub(11759): /dev/input/event1 got: time=17793.335239, type=3, code=53, value=909
12-09 15:15:01.256: V/EventHub(11759): event time 17793335239000, now 17793337775256
12-09 15:15:01.256: V/EventHub(11759): /dev/input/event1 got: time=17793.335239, type=0, code=0, value=0
12-09 15:15:01.256: V/EventHub(11759): event time 17793335239000, now 17793337775256
12-09 15:15:01.266: V/EventHub(11759): /dev/input/event1 got: time=17793.343560, type=3, code=53, value=908
12-09 15:15:01.266: V/EventHub(11759): event time 17793343560000, now 17793346109266
12-09 15:15:01.266: V/EventHub(11759): /dev/input/event1 got: time=17793.343560, type=0, code=0, value=0
12-09 15:15:01.266: V/EventHub(11759): event time 17793343560000, now 17793346109266
12-09 15:15:01.276: V/EventHub(11759): /dev/input/event1 got: time=17793.351927, type=3, code=53, value=907
12-09 15:15:01.276: V/EventHub(11759): event time 17793351927000, now 17793354465308
12-09 15:15:01.276: V/EventHub(11759): /dev/input/event1 got: time=17793.351927, type=3, code=54, value=1195
12-09 15:15:01.276: V/EventHub(11759): event time 17793351927000, now 17793354465308
12-09 15:15:01.276: V/EventHub(11759): /dev/input/event1 got: time=17793.351927, type=0, code=0, value=0
12-09 15:15:01.276: V/EventHub(11759): event time 17793351927000, now 17793354465308
12-09 15:15:01.286: V/EventHub(11759): /dev/input/event1 got: time=17793.360293, type=3, code=53, value=906
12-09 15:15:01.286: V/EventHub(11759): event time 17793360293000, now 17793362822704
12-09 15:15:01.286: V/EventHub(11759): /dev/input/event1 got: time=17793.360293, type=3, code=58, value=52
12-09 15:15:01.286: V/EventHub(11759): event time 17793360293000, now 17793362822704
12-09 15:15:01.286: V/EventHub(11759): /dev/input/event1 got: time=17793.360293, type=0, code=0, value=0
12-09 15:15:01.286: V/EventHub(11759): event time 17793360293000, now 17793362822704
12-09 15:15:01.296: V/EventHub(11759): /dev/input/event1 got: time=17793.368668, type=3, code=53, value=905
12-09 15:15:01.296: V/EventHub(11759): event time 17793368668000, now 17793371206871
12-09 15:15:01.296: V/EventHub(11759): /dev/input/event1 got: time=17793.368668, type=0, code=0, value=0
12-09 15:15:01.296: V/EventHub(11759): event time 17793368668000, now 17793371206871
12-09 15:15:01.326: V/EventHub(11759): /dev/input/event1 got: time=17793.402085, type=3, code=53, value=906
12-09 15:15:01.326: V/EventHub(11759): event time 17793402085000, now 17793404661454
12-09 15:15:01.326: V/EventHub(11759): /dev/input/event1 got: time=17793.402085, type=0, code=0, value=0
12-09 15:15:01.326: V/EventHub(11759): event time 17793402085000, now 17793404661454
12-09 15:15:01.336: V/EventHub(11759): /dev/input/event1 got: time=17793.409786, type=3, code=53, value=908
12-09 15:15:01.336: V/EventHub(11759): event time 17793409786000, now 17793412313538
12-09 15:15:01.336: V/EventHub(11759): /dev/input/event1 got: time=17793.409786, type=3, code=54, value=1194
12-09 15:15:01.336: V/EventHub(11759): event time 17793409786000, now 17793412313538
12-09 15:15:01.336: V/EventHub(11759): /dev/input/event1 got: time=17793.409786, type=3, code=58, value=51
12-09 15:15:01.336: V/EventHub(11759): event time 17793409786000, now 17793412313538
12-09 15:15:01.336: V/EventHub(11759): /dev/input/event1 got: time=17793.409786, type=0, code=0, value=0
12-09 15:15:01.336: V/EventHub(11759): event time 17793409786000, now 17793412313538
12-09 15:15:01.346: V/EventHub(11759): /dev/input/event1 got: time=17793.418114, type=3, code=57, value=-1
12-09 15:15:01.346: V/EventHub(11759): event time 17793418114000, now 17793420616559
12-09 15:15:01.346: V/EventHub(11759): /dev/input/event1 got: time=17793.418114, type=0, code=0, value=0
12-09 15:15:01.346: V/EventHub(11759): event time 17793418114000, now 17793420616559
12-09 15:15:01.476: I/Gecko(11759): -*-*- Webapps.jsm : _readManifests of {5043b1b3-3f39-2344-871f-d3799c564717}
12-09 15:15:01.476: I/Gecko(11759): XXX FIXME : Dispatch a webapps-launch: undefined
12-09 15:15:01.486: I/Gecko(11759): [Parent 11759] WARNING: NS_ENSURE_SUCCESS(rv, rv) failed with result 0x804B000A: file ../../../../../../Users/foxbrush/Projects/gecko-dev-appcache/dom/base/nsImageLoadingContent.cpp, line 788
12-09 15:15:01.796: I/Gecko(13590): ######################## extensions.js loaded
12-09 15:15:01.846: I/Gecko(11759): [Parent 11759] WARNING: Suboptimal indexes for the SQL statement 0xae5529e0 (http://mzl.la/1FuID0j).: file /Users/foxbrush/Projects/gecko-dev-appcache/storage/mozStoragePrivateHelpers.cpp, line 114
12-09 15:15:01.846: I/Gecko(11759): [Parent 11759] WARNING: Suboptimal indexes for the SQL statement 0xae552900 (http://mzl.la/1FuID0j).: file /Users/foxbrush/Projects/gecko-dev-appcache/storage/mozStoragePrivateHelpers.cpp, line 114
12-09 15:15:01.886: W/Wikipedia(13590): [JavaScript Warning: "Use of nsIFile in content process is deprecated." {file: "jar:file:///system/b2g/omni.ja!/components/DirectoryProvider.js" line: 81}]
12-09 15:15:01.926: I/Gecko(13590): ++DOMWINDOW == 3 (0xaf97a400) [pid = 13590] [serial = 3] [outer = 0xb0c9e800]
12-09 15:15:01.956: I/Gecko(13590): ############ ErrorPage.js
12-09 15:15:01.986: I/Gecko(13590): [Child 13590] WARNING: NS_ENSURE_TRUE(ParseTypeAttribute(type, &version)) failed: file /Users/foxbrush/Projects/gecko-dev-appcache/dom/base/nsScriptLoader.cpp, line 509
12-09 15:15:01.986: I/Gecko(13590): [Child 13590] WARNING: NS_ENSURE_TRUE(ParseTypeAttribute(type, &version)) failed: file /Users/foxbrush/Projects/gecko-dev-appcache/dom/base/nsScriptLoader.cpp, line 509
12-09 15:15:01.986: I/Gecko(13590): [Child 13590] WARNING: NS_ENSURE_TRUE(ParseTypeAttribute(type, &version)) failed: file /Users/foxbrush/Projects/gecko-dev-appcache/dom/base/nsScriptLoader.cpp, line 509
12-09 15:15:02.186: I/Gecko(11759): [Parent 11759] WARNING: 'NS_FAILED(rv)', file /Users/foxbrush/Projects/gecko-dev-appcache/dom/base/URL.cpp, line 96
12-09 15:15:02.316: E/Wikipedia(13590): Content JS ERROR: net-error
12-09 15:15:02.316: E/Wikipedia(13590):     at initPage (about:neterror?e=netOffline&u=https%3A//bits.wikimedia.org/WikipediaMobileFirefoxOS/&c=UTF-8&f=app&m=https%3A//bits.wikimedia.org/WikipediaMobileFirefoxOS/manifest.webapp&d=Firefox%20is%20currently%20in%20offline%20mode%20and%20can%27t%20browse%20the%20Web.:1170:7002)
12-09 15:15:02.316: E/Wikipedia(13590):     at ee_emit (about:neterror?e=netOffline&u=https%3A//bits.wikimedia.org/WikipediaMobileFirefoxOS/&c=UTF-8&f=app&m=https%3A//bits.wikimedia.org/WikipediaMobileFirefoxOS/manifest.webapp&d=Firefox%20is%20currently%20in%20offline%20mode%20and%20can%27t%20browse%20the%20Web.:905:89)
12-09 15:15:02.316: E/Wikipedia(13590):     at setReady (about:neterror?e=netOffline&u=https%3A//bits.wikimedia.org/WikipediaMobileFirefoxOS/&c=UTF-8&f=app&m=https%3A//bits.wikimedia.org/WikipediaMobileFirefoxOS/manifest.webapp&d=Firefox%20is%20currently%20in%20offline%20mode%20and%20can%27t%20browse%20the%20Web.:1072:80)
12-09 15:15:02.316: E/Wikipedia(13590):     at onL10nLoaded (about:neterror?e=netOffline&u=https%3A//bits.wikimedia.org/WikipediaMobileFirefoxOS/&c=UTF-8&f=app&m=https%3A//bits.wikim
12-09 15:15:02.336: I/Gecko(11759): -*-*- Webapps.jsm : _readManifests of {5043b1b3-3f39-2344-871f-d3799c564717}
12-09 15:15:04.476: V/EventHub(11759): /dev/input/event1 got: time=17796.552631, type=3, code=57, value=366
12-09 15:15:04.476: V/EventHub(11759): event time 17796552631000, now 17796555133639
12-09 15:15:04.476: V/EventHub(11759): /dev/input/event1 got: time=17796.552631, type=3, code=53, value=568
12-09 15:15:04.476: V/EventHub(11759): event time 17796552631000, now 17796555133639
12-09 15:15:04.476: V/EventHub(11759): /dev/input/event1 got: time=17796.552631, type=3, code=54, value=1874
12-09 15:15:04.476: V/EventHub(11759): event time 17796552631000, now 17796555133639
12-09 15:15:04.476: V/EventHub(11759): /dev/input/event1 got: time=17796.552631, type=3, code=58, value=46
12-09 15:15:04.476: V/EventHub(11759): event time 17796552631000, now 17796555133639
12-09 15:15:04.476: V/EventHub(11759): /dev/input/event1 got: time=17796.552631, type=3, code=48, value=4
12-09 15:15:04.476: V/EventHub(11759): event time 17796552631000, now 17796555133639
12-09 15:15:04.476: V/EventHub(11759): /dev/input/event1 got: time=17796.552631, type=0, code=0, value=0
12-09 15:15:04.476: V/EventHub(11759): event time 17796552631000, now 17796555133639
12-09 15:15:04.646: V/EventHub(11759): /dev/input/event1 got: time=17796.719762, type=3, code=54, value=1873
12-09 15:15:04.646: V/EventHub(11759): event time 17796719762000, now 17796722251661
12-09 15:15:04.646: V/EventHub(11759): /dev/input/event1 got: time=17796.719762, type=3, code=58, value=49
12-09 15:15:04.646: V/EventHub(11759): event time 17796719762000, now 17796722251661
12-09 15:15:04.646: V/EventHub(11759): /dev/input/event1 got: time=17796.719762, type=3, code=48, value=5
12-09 15:15:04.646: V/EventHub(11759): event time 17796719762000, now 17796722251661
12-09 15:15:04.646: V/EventHub(11759): /dev/input/event1 got: time=17796.719762, type=0, code=0, value=0
12-09 15:15:04.646: V/EventHub(11759): event time 17796719762000, now 17796722251661
12-09 15:15:04.656: V/EventHub(11759): /dev/input/event1 got: time=17796.728165, type=3, code=54, value=1872
12-09 15:15:04.656: V/EventHub(11759): event time 17796728165000, now 17796730635723
12-09 15:15:04.656: V/EventHub(11759): /dev/input/event1 got: time=17796.728165, type=0, code=0, value=0
12-09 15:15:04.656: V/EventHub(11759): event time 17796728165000, now 17796730635723
12-09 15:15:04.656: V/EventHub(11759): /dev/input/event1 got: time=17796.736440, type=3, code=54, value=1871
12-09 15:15:04.656: V/EventHub(11759): event time 17796736440000, now 17796738915150
12-09 15:15:04.656: V/EventHub(11759): /dev/input/event1 got: time=17796.736440, type=3, code=58, value=48
12-09 15:15:04.656: V/EventHub(11759): event time 17796736440000, now 17796738915150
12-09 15:15:04.656: V/EventHub(11759): /dev/input/event1 got: time=17796.736440, type=0, code=0, value=0
12-09 15:15:04.656: V/EventHub(11759): event time 17796736440000, now 17796738915150
12-09 15:15:04.666: V/EventHub(11759): /dev/input/event1 got: time=17796.744899, type=3, code=54, value=1870
12-09 15:15:04.666: V/EventHub(11759): event time 17796744899000, now 17796747389733
12-09 15:15:04.666: V/EventHub(11759): /dev/input/event1 got: time=17796.744899, type=3, code=58, value=49
12-09 15:15:04.666: V/EventHub(11759): event time 17796744899000, now 17796747389733
12-09 15:15:04.666: V/EventHub(11759): /dev/input/event1 got: time=17796.744899, type=0, code=0, value=0
12-09 15:15:04.666: V/EventHub(11759): event time 17796744899000, now 17796747389733
12-09 15:15:04.676: V/EventHub(11759): /dev/input/event1 got: time=17796.753238, type=3, code=54, value=1869
12-09 15:15:04.676: V/EventHub(11759): event time 17796753238000, now 17796755921556
12-09 15:15:04.676: V/EventHub(11759): /dev/input/event1 got: time=17796.753238, type=3, code=58, value=48
12-09 15:15:04.676: V/EventHub(11759): event time 17796753238000, now 17796755921556
12-09 15:15:04.676: V/EventHub(11759): /dev/input/event1 got: time=17796.753238, type=0, code=0, value=0
12-09 15:15:04.676: V/EventHub(11759): event time 17796753238000, now 17796755921556
12-09 15:15:04.686: V/EventHub(11759): /dev/input/event1 got: time=17796.761575, type=3, code=54, value=1868
12-09 15:15:04.686: V/EventHub(11759): event time 17796761575000, now 17796764035463
12-09 15:15:04.686: V/EventHub(11759): /dev/input/event1 got: time=17796.761575, type=3, code=58, value=49
12-09 15:15:04.686: V/EventHub(11759): event time 17796761575000, now 17796764035463
12-09 15:15:04.686: V/EventHub(11759): /dev/input/event1 got: time=17796.761575, type=0, code=0, value=0
12-09 15:15:04.686: V/EventHub(11759): event time 17796761575000, now 17796764035463
12-09 15:15:04.696: V/EventHub(11759): /dev/input/event1 got: time=17796.769895, type=3, code=54, value=1867
12-09 15:15:04.696: V/EventHub(11759): event time 17796769895000, now 17796772368119
12-09 15:15:04.696: V/EventHub(11759): /dev/input/event1 got: time=17796.769895, type=0, code=0, value=0
12-09 15:15:04.696: V/EventHub(11759): event time 17796769895000, now 17796772368119
12-09 15:15:04.706: V/EventHub(11759): /dev/input/event1 got: time=17796.778293, type=3, code=54, value=1866
12-09 15:15:04.706: V/EventHub(11759): event time 17796778293000, now 17796780750723
12-09 15:15:04.706: V/EventHub(11759): /dev/input/event1 got: time=17796.778293, type=0, code=0, value=0
12-09 15:15:04.706: V/EventHub(11759): event time 17796778293000, now 17796780750723
12-09 15:15:04.756: V/EventHub(11759): /dev/input/event1 got: time=17796.828431, type=3, code=54, value=1865
12-09 15:15:04.756: V/EventHub(11759): event time 17796828431000, now 17796830905671
12-09 15:15:04.756: V/EventHub(11759): /dev/input/event1 got: time=17796.828431, type=0, code=0, value=0
12-09 15:15:04.756: V/EventHub(11759): event time 17796828431000, now 17796830905671
12-09 15:15:04.816: V/EventHub(11759): /dev/input/event1 got: time=17796.886889, type=3, code=54, value=1864
12-09 15:15:04.816: V/EventHub(11759): event time 17796886889000, now 17796897713483
12-09 15:15:04.816: V/EventHub(11759): /dev/input/event1 got: time=17796.886889, type=0, code=0, value=0
12-09 15:15:04.816: V/EventHub(11759): event time 17796886889000, now 17796897713483
12-09 15:15:05.206: I/Gecko(11759): [Parent 11759] WARNING: NS_ENSURE_TRUE(IsEditableInternal()) failed: file /Users/foxbrush/Projects/gecko-dev-appcache/dom/base/FragmentOrElement.cpp, line 242
12-09 15:15:05.326: D/skia(13590): Running dynamic CPU feature detection
12-09 15:15:05.326: D/skia(13590): START /proc/cpuinfo:
12-09 15:15:05.326: D/skia(13590): Processor  : ARMv7 Processor rev 0 (v7l)
12-09 15:15:05.326: D/skia(13590): processor  : 0
12-09 15:15:05.326: D/skia(13590): BogoMIPS : 38.40
12-09 15:15:05.326: D/skia(13590): processor  : 1
12-09 15:15:05.326: D/skia(13590): BogoMIPS : 38.40
12-09 15:15:05.326: D/skia(13590): processor  : 2
12-09 15:15:05.326: D/skia(13590): BogoMIPS : 38.40
12-09 15:15:05.326: D/skia(13590): processor  : 3
12-09 15:15:05.326: D/skia(13590): BogoMIPS : 38.40
12-09 15:15:05.326: D/skia(13590): Features : swp half thumb fastmult vfp edsp neon vfpv3 tls vfpv4 idiva idivt
12-09 15:15:05.326: D/skia(13590): CPU implementer  : 0x51
12-09 15:15:05.326: D/skia(13590): CPU architecture: 7
12-09 15:15:05.326: D/skia(13590): CPU variant  : 0x2
12-09 15:15:05.326: D/skia(13590): CPU part : 0x06f
12-09 15:15:05.326: D/skia(13590): CPU revision : 0
12-09 15:15:05.326: D/skia(13590): Hardware : Qualcomm MSM 8974 HAMMERHEAD (Flattened Device Tree)
12-09 15:15:05.326: D/skia(13590): Revision : 000b
12-09 15:15:05.326: D/skia(13590): Serial   : 0000000000000000
12-09 15:15:05.326: D/skia(13590): END /proc/cpuinfo
12-09 15:15:05.326: D/skia(13590): Device supports ARM NEON instructions!
12-09 15:15:05.676: V/EventHub(11759): /dev/input/event1 got: time=17797.747647, type=3, code=53, value=569
12-09 15:15:05.676: V/EventHub(11759): event time 17797747647000, now 17797750297024
12-09 15:15:05.676: V/EventHub(11759): /dev/input/event1 got: time=17797.747647, type=3, code=58, value=50
12-09 15:15:05.676: V/EventHub(11759): event time 17797747647000, now 17797750297024
12-09 15:15:05.676: V/EventHub(11759): /dev/input/event1 got: time=17797.747647, type=0, code=0, value=0
12-09 15:15:05.676: V/EventHub(11759): event time 17797747647000, now 17797750297024
12-09 15:15:05.896: I/Gecko(11759): [Parent 11759] WARNING: Remote iframe not rendered: file /Users/foxbrush/Projects/gecko-dev-appcache/layout/ipc/RenderFrameParent.cpp, line 373
12-09 15:15:06.016: I/Gecko(11759): [Parent 11759] WARNING: Remote iframe not rendered: file /Users/foxbrush/Projects/gecko-dev-appcache/layout/ipc/RenderFrameParent.cpp, line 373
12-09 15:15:06.086: I/Gecko(11759): [Parent 11759] WARNING: Remote iframe not rendered: file /Users/foxbrush/Projects/gecko-dev-appcache/layout/ipc/RenderFrameParent.cpp, line 373
12-09 15:15:06.106: V/EventHub(11759): /dev/input/event1 got: time=17798.182156, type=3, code=53, value=570
12-09 15:15:06.106: V/EventHub(11759): event time 17798182156000, now 17798184768899
12-09 15:15:06.106: V/EventHub(11759): /dev/input/event1 got: time=17798.182156, type=0, code=0, value=0
12-09 15:15:06.106: V/EventHub(11759): event time 17798182156000, now 17798184768899
